1444019 openat(AT_FDCWD</home/heathledger/Documents/ioi/repos/ioi>, "/etc/ld.so.cache", O_RDONLY|O_CLOEXEC) = 3</etc/ld.so.cache>
1444019 close(3</etc/ld.so.cache>)      = 0
1444019 openat(AT_FDCWD</home/heathledger/Documents/ioi/repos/ioi>, "/lib/x86_64-linux-gnu/libgcc_s.so.1", O_RDONLY|O_CLOEXEC) = 3</usr/lib/x86_64-linux-gnu/libgcc_s.so.1>
1444019 close(3</usr/lib/x86_64-linux-gnu/libgcc_s.so.1>) = 0
1444019 openat(AT_FDCWD</home/heathledger/Documents/ioi/repos/ioi>, "/lib/x86_64-linux-gnu/libc.so.6", O_RDONLY|O_CLOEXEC) = 3</usr/lib/x86_64-linux-gnu/libc.so.6>
1444019 close(3</usr/lib/x86_64-linux-gnu/libc.so.6>) = 0
1444019 openat(AT_FDCWD</home/heathledger/Documents/ioi/repos/ioi>, "/proc/self/maps", O_RDONLY|O_CLOEXEC) = 3</proc/1444019/maps>
1444019 close(3</proc/1444019/maps>)    = 0
1444019 openat(AT_FDCWD</home/heathledger/Documents/ioi/repos/ioi>, "/usr/share/terminfo/l/linux", O_RDONLY|O_CLOEXEC) = 3</usr/share/terminfo/l/linux>
1444019 close(3</usr/share/terminfo/l/linux>) = 0
1444019 openat(AT_FDCWD</home/heathledger/Documents/ioi/repos/ioi>, "/proc/self/cgroup", O_RDONLY|O_CLOEXEC) = 3</proc/1444019/cgroup>
1444019 close(3</proc/1444019/cgroup>)  = 0
1444019 openat(AT_FDCWD</home/heathledger/Documents/ioi/repos/ioi>, "/sys/fs/cgroup/user.slice/user-1000.slice/user@1000.service/app.slice/app-org.chromium.Chromium-101080.scope/cpu.max", O_RDONLY|O_CLOEXEC) = -1 ENOENT (No such file or directory)
1444019 openat(AT_FDCWD</home/heathledger/Documents/ioi/repos/ioi>, "/sys/fs/cgroup/user.slice/user-1000.slice/user@1000.service/app.slice/cpu.max", O_RDONLY|O_CLOEXEC) = 3</sys/fs/cgroup/user.slice/user-1000.slice/user@1000.service/app.slice/cpu.max>
1444019 close(3</sys/fs/cgroup/user.slice/user-1000.slice/user@1000.service/app.slice/cpu.max>) = 0
1444019 openat(AT_FDCWD</home/heathledger/Documents/ioi/repos/ioi>, "/sys/fs/cgroup/user.slice/user-1000.slice/user@1000.service/cpu.max", O_RDONLY|O_CLOEXEC) = 3</sys/fs/cgroup/user.slice/user-1000.slice/user@1000.service/cpu.max>
1444019 close(3</sys/fs/cgroup/user.slice/user-1000.slice/user@1000.service/cpu.max>) = 0
1444019 openat(AT_FDCWD</home/heathledger/Documents/ioi/repos/ioi>, "/sys/fs/cgroup/user.slice/user-1000.slice/cpu.max", O_RDONLY|O_CLOEXEC) = 3</sys/fs/cgroup/user.slice/user-1000.slice/cpu.max>
1444019 close(3</sys/fs/cgroup/user.slice/user-1000.slice/cpu.max>) = 0
1444019 openat(AT_FDCWD</home/heathledger/Documents/ioi/repos/ioi>, "/sys/fs/cgroup/user.slice/cpu.max", O_RDONLY|O_CLOEXEC) = 3</sys/fs/cgroup/user.slice/cpu.max>
1444019 close(3</sys/fs/cgroup/user.slice/cpu.max>) = 0
1444019 openat(AT_FDCWD</home/heathledger/Documents/ioi/repos/ioi>, "/sys/fs/cgroup/cpu.max", O_RDONLY|O_CLOEXEC) = -1 ENOENT (No such file or directory)
1444019 write(1</home/heathledger/Documents/ioi/repos/ioi/internal-docs/architecture/protocols/aft/evidence/m17q-r1-endpoint-reservation-2026-09-06/final-syscalls/test.log>, "\nrunning 1 test\n", 16) = 16
1444019 openat(AT_FDCWD</home/heathledger/Documents/ioi/repos/ioi>, "/proc/self/cgroup", O_RDONLY|O_CLOEXEC) = 3</proc/1444019/cgroup>
1444019 close(3</proc/1444019/cgroup>)  = 0
1444019 openat(AT_FDCWD</home/heathledger/Documents/ioi/repos/ioi>, "/sys/fs/cgroup/user.slice/user-1000.slice/user@1000.service/app.slice/app-org.chromium.Chromium-101080.scope/cpu.max", O_RDONLY|O_CLOEXEC) = -1 ENOENT (No such file or directory)
1444019 openat(AT_FDCWD</home/heathledger/Documents/ioi/repos/ioi>, "/sys/fs/cgroup/user.slice/user-1000.slice/user@1000.service/app.slice/cpu.max", O_RDONLY|O_CLOEXEC) = 3</sys/fs/cgroup/user.slice/user-1000.slice/user@1000.service/app.slice/cpu.max>
1444019 close(3</sys/fs/cgroup/user.slice/user-1000.slice/user@1000.service/app.slice/cpu.max>) = 0
1444019 openat(AT_FDCWD</home/heathledger/Documents/ioi/repos/ioi>, "/sys/fs/cgroup/user.slice/user-1000.slice/user@1000.service/cpu.max", O_RDONLY|O_CLOEXEC) = 3</sys/fs/cgroup/user.slice/user-1000.slice/user@1000.service/cpu.max>
1444019 close(3</sys/fs/cgroup/user.slice/user-1000.slice/user@1000.service/cpu.max>) = 0
1444019 openat(AT_FDCWD</home/heathledger/Documents/ioi/repos/ioi>, "/sys/fs/cgroup/user.slice/user-1000.slice/cpu.max", O_RDONLY|O_CLOEXEC) = 3</sys/fs/cgroup/user.slice/user-1000.slice/cpu.max>
1444019 close(3</sys/fs/cgroup/user.slice/user-1000.slice/cpu.max>) = 0
1444019 openat(AT_FDCWD</home/heathledger/Documents/ioi/repos/ioi>, "/sys/fs/cgroup/user.slice/cpu.max", O_RDONLY|O_CLOEXEC) = 3</sys/fs/cgroup/user.slice/cpu.max>
1444019 close(3</sys/fs/cgroup/user.slice/cpu.max>) = 0
1444019 openat(AT_FDCWD</home/heathledger/Documents/ioi/repos/ioi>, "/sys/fs/cgroup/cpu.max", O_RDONLY|O_CLOEXEC) = -1 ENOENT (No such file or directory)
1444020 openat(AT_FDCWD</home/heathledger/Documents/ioi/repos/ioi>, "/tmp/.tmpwUu51z/resource.lock", O_RDWR|O_CREAT|O_NOFOLLOW|O_CLOEXEC, 0600) = 3</tmp/.tmpwUu51z/resource.lock>
1444020 fsync(3</tmp/.tmpwUu51z/resource.lock>) = 0
1444020 close(3</tmp/.tmpwUu51z/resource.lock>) = 0
1444020 openat(AT_FDCWD</home/heathledger/Documents/ioi/repos/ioi>, "/tmp/.tmpwUu51z/records", O_RDONLY|O_CLOEXEC) = 3</tmp/.tmpwUu51z/records>
1444020 fsync(3</tmp/.tmpwUu51z/records>) = 0
1444020 close(3</tmp/.tmpwUu51z/records>) = 0
1444020 openat(AT_FDCWD</home/heathledger/Documents/ioi/repos/ioi>, "/tmp/.tmpwUu51z", O_RDONLY|O_CLOEXEC) = 3</tmp/.tmpwUu51z>
1444020 fsync(3</tmp/.tmpwUu51z>)       = 0
1444020 close(3</tmp/.tmpwUu51z>)       = 0
1444020 openat(AT_FDCWD</home/heathledger/Documents/ioi/repos/ioi>, "/tmp", O_RDONLY|O_CLOEXEC) = 3</tmp>
1444020 fsync(3</tmp>)                  = 0
1444020 close(3</tmp>)                  = 0
1444020 openat(AT_FDCWD</home/heathledger/Documents/ioi/repos/ioi>, "/", O_RDONLY|O_CLOEXEC) = 3</>
1444020 fsync(3</>)                     = 0
1444020 close(3</>)                     = 0
1444020 openat(AT_FDCWD</home/heathledger/Documents/ioi/repos/ioi>, "/tmp/.tmpwUu51z/resource.lock", O_RDWR|O_NOFOLLOW|O_CLOEXEC) = 3</tmp/.tmpwUu51z/resource.lock>
1444020 openat(AT_FDCWD</home/heathledger/Documents/ioi/repos/ioi>, "/tmp/.tmpwUu51z/records/b7152008cde8bb92263053413d6ba78f1b7a36ecde6fd42ddf1e6a0f1667edfd.json", O_RDWR|O_NOFOLLOW|O_CLOEXEC) = -1 ENOENT (No such file or directory)
1444020 openat(AT_FDCWD</home/heathledger/Documents/ioi/repos/ioi>, "/tmp/.tmpwUu51z/records/.b7152008cde8bb92263053413d6ba78f1b7a36ecde6fd42ddf1e6a0f1667edfd.json.prepared", O_RDWR|O_NOFOLLOW|O_CLOEXEC) = -1 ENOENT (No such file or directory)
1444020 close(3</tmp/.tmpwUu51z/resource.lock>) = 0
1444020 openat(AT_FDCWD</home/heathledger/Documents/ioi/repos/ioi>, "/tmp/.tmpwUu51z/resource.lock", O_RDWR|O_CREAT|O_NOFOLLOW|O_CLOEXEC, 0600) = 3</tmp/.tmpwUu51z/resource.lock>
1444020 fsync(3</tmp/.tmpwUu51z/resource.lock>) = 0
1444020 close(3</tmp/.tmpwUu51z/resource.lock>) = 0
1444020 openat(AT_FDCWD</home/heathledger/Documents/ioi/repos/ioi>, "/tmp/.tmpwUu51z/records", O_RDONLY|O_CLOEXEC) = 3</tmp/.tmpwUu51z/records>
1444020 fsync(3</tmp/.tmpwUu51z/records>) = 0
1444020 close(3</tmp/.tmpwUu51z/records>) = 0
1444020 openat(AT_FDCWD</home/heathledger/Documents/ioi/repos/ioi>, "/tmp/.tmpwUu51z", O_RDONLY|O_CLOEXEC) = 3</tmp/.tmpwUu51z>
1444020 fsync(3</tmp/.tmpwUu51z>)       = 0
1444020 close(3</tmp/.tmpwUu51z>)       = 0
1444020 openat(AT_FDCWD</home/heathledger/Documents/ioi/repos/ioi>, "/tmp", O_RDONLY|O_CLOEXEC) = 3</tmp>
1444020 fsync(3</tmp>)                  = 0
1444020 close(3</tmp>)                  = 0
1444020 openat(AT_FDCWD</home/heathledger/Documents/ioi/repos/ioi>, "/", O_RDONLY|O_CLOEXEC) = 3</>
1444020 fsync(3</>)                     = 0
1444020 close(3</>)                     = 0
1444020 openat(AT_FDCWD</home/heathledger/Documents/ioi/repos/ioi>, "/tmp/.tmpwUu51z/resource.lock", O_RDWR|O_NOFOLLOW|O_CLOEXEC) = 3</tmp/.tmpwUu51z/resource.lock>
1444020 openat(AT_FDCWD</home/heathledger/Documents/ioi/repos/ioi>, "/tmp/.tmpwUu51z/records/b7152008cde8bb92263053413d6ba78f1b7a36ecde6fd42ddf1e6a0f1667edfd.json", O_RDWR|O_NOFOLLOW|O_CLOEXEC) = -1 ENOENT (No such file or directory)
1444020 openat(AT_FDCWD</home/heathledger/Documents/ioi/repos/ioi>, "/tmp/.tmpwUu51z/records/.b7152008cde8bb92263053413d6ba78f1b7a36ecde6fd42ddf1e6a0f1667edfd.json.prepared", O_RDWR|O_CREAT|O_NOFOLLOW|O_CLOEXEC, 0600) = 4</tmp/.tmpwUu51z/records/.b7152008cde8bb92263053413d6ba78f1b7a36ecde6fd42ddf1e6a0f1667edfd.json.prepared>
1444020 fallocate(4</tmp/.tmpwUu51z/records/.b7152008cde8bb92263053413d6ba78f1b7a36ecde6fd42ddf1e6a0f1667edfd.json.prepared>, FALLOC_FL_KEEP_SIZE, 0, 81920) = 0
1444020 fsync(4</tmp/.tmpwUu51z/records/.b7152008cde8bb92263053413d6ba78f1b7a36ecde6fd42ddf1e6a0f1667edfd.json.prepared>) = 0
1444020 openat(AT_FDCWD</home/heathledger/Documents/ioi/repos/ioi>, "/tmp/.tmpwUu51z/records", O_RDONLY|O_CLOEXEC) = 5</tmp/.tmpwUu51z/records>
1444020 fsync(5</tmp/.tmpwUu51z/records>) = 0
1444020 close(5</tmp/.tmpwUu51z/records>) = 0
1444020 openat(AT_FDCWD</home/heathledger/Documents/ioi/repos/ioi>, "/tmp/.tmpwUu51z", O_RDONLY|O_CLOEXEC) = 5</tmp/.tmpwUu51z>
1444020 fsync(5</tmp/.tmpwUu51z>)       = 0
1444020 close(5</tmp/.tmpwUu51z>)       = 0
1444020 openat(AT_FDCWD</home/heathledger/Documents/ioi/repos/ioi>, "/tmp", O_RDONLY|O_CLOEXEC) = 5</tmp>
1444020 fsync(5</tmp>)                  = 0
1444020 close(5</tmp>)                  = 0
1444020 openat(AT_FDCWD</home/heathledger/Documents/ioi/repos/ioi>, "/", O_RDONLY|O_CLOEXEC) = 5</>
1444020 fsync(5</>)                     = 0
1444020 close(5</>)                     = 0
1444020 close(4</tmp/.tmpwUu51z/records/.b7152008cde8bb92263053413d6ba78f1b7a36ecde6fd42ddf1e6a0f1667edfd.json.prepared>) = 0
1444020 close(3</tmp/.tmpwUu51z/resource.lock>) = 0
1444020 openat(AT_FDCWD</home/heathledger/Documents/ioi/repos/ioi>, "/tmp/.tmpwUu51z/records/.b7152008cde8bb92263053413d6ba78f1b7a36ecde6fd42ddf1e6a0f1667edfd.json.prepared", O_RDONLY|O_CLOEXEC) = 3</tmp/.tmpwUu51z/records/.b7152008cde8bb92263053413d6ba78f1b7a36ecde6fd42ddf1e6a0f1667edfd.json.prepared>
1444020 write(2</home/heathledger/Documents/ioi/repos/ioi/internal-docs/architecture/protocols/aft/evidence/m17q-r1-endpoint-reservation-2026-09-06/final-syscalls/test.log>, "AFT_ENDPOINT_LIVE_BEGIN\n", 24) = 24
1444020 openat(AT_FDCWD</home/heathledger/Documents/ioi/repos/ioi>, "/tmp/.tmpwUu51z/resource.lock", O_RDWR|O_NOFOLLOW|O_CLOEXEC) = 4</tmp/.tmpwUu51z/resource.lock>
1444020 openat(AT_FDCWD</home/heathledger/Documents/ioi/repos/ioi>, "/tmp/.tmpwUu51z/records/b7152008cde8bb92263053413d6ba78f1b7a36ecde6fd42ddf1e6a0f1667edfd.json", O_RDWR|O_NOFOLLOW|O_CLOEXEC) = -1 ENOENT (No such file or directory)
1444020 openat(AT_FDCWD</home/heathledger/Documents/ioi/repos/ioi>, "/tmp/.tmpwUu51z/records/.b7152008cde8bb92263053413d6ba78f1b7a36ecde6fd42ddf1e6a0f1667edfd.json.prepared", O_RDWR|O_NOFOLLOW|O_CLOEXEC) = 5</tmp/.tmpwUu51z/records/.b7152008cde8bb92263053413d6ba78f1b7a36ecde6fd42ddf1e6a0f1667edfd.json.prepared>
1444020 write(5</tmp/.tmpwUu51z/records/.b7152008cde8bb92263053413d6ba78f1b7a36ecde6fd42ddf1e6a0f1667edfd.json.prepared>, "{\"evidence\":[123,34,115,105,103,110,97,116,117,114,101,95,98,97,115,101,54,52,34,58,34,47,105,82,89,53,54,56,119,99,70,122,117,106,66,86,77,78,74,122,117,52,106,48,86,88,75,99,84,54,51,115,80,122,70,55,113,70,48,54,108,111,118,102,81,55,57,79,118,55,87,50,"..., 19272) = 19272
1444020 fsync(5</tmp/.tmpwUu51z/records/.b7152008cde8bb92263053413d6ba78f1b7a36ecde6fd42ddf1e6a0f1667edfd.json.prepared>) = 0
1444020 rename("/tmp/.tmpwUu51z/records/.b7152008cde8bb92263053413d6ba78f1b7a36ecde6fd42ddf1e6a0f1667edfd.json.prepared", "/tmp/.tmpwUu51z/records/b7152008cde8bb92263053413d6ba78f1b7a36ecde6fd42ddf1e6a0f1667edfd.json") = 0
1444020 openat(AT_FDCWD</home/heathledger/Documents/ioi/repos/ioi>, "/tmp/.tmpwUu51z/records", O_RDONLY|O_CLOEXEC) = 6</tmp/.tmpwUu51z/records>
1444020 fsync(6</tmp/.tmpwUu51z/records>) = 0
1444020 close(6</tmp/.tmpwUu51z/records>) = 0
1444020 close(5</tmp/.tmpwUu51z/records/b7152008cde8bb92263053413d6ba78f1b7a36ecde6fd42ddf1e6a0f1667edfd.json>) = 0
1444020 close(4</tmp/.tmpwUu51z/resource.lock>) = 0
1444020 write(2</home/heathledger/Documents/ioi/repos/ioi/internal-docs/architecture/protocols/aft/evidence/m17q-r1-endpoint-reservation-2026-09-06/final-syscalls/test.log>, "AFT_ENDPOINT_LIVE_END\n", 22) = 22
1444020 openat(AT_FDCWD</home/heathledger/Documents/ioi/repos/ioi>, "/tmp/.tmpwUu51z/records/b7152008cde8bb92263053413d6ba78f1b7a36ecde6fd42ddf1e6a0f1667edfd.json", O_RDONLY|O_CLOEXEC) = 4</tmp/.tmpwUu51z/records/b7152008cde8bb92263053413d6ba78f1b7a36ecde6fd42ddf1e6a0f1667edfd.json>
1444020 close(4</tmp/.tmpwUu51z/records/b7152008cde8bb92263053413d6ba78f1b7a36ecde6fd42ddf1e6a0f1667edfd.json>) = 0
1444020 openat(AT_FDCWD</home/heathledger/Documents/ioi/repos/ioi>, "/tmp/.tmpwUu51z/resource.lock", O_RDWR|O_NOFOLLOW|O_CLOEXEC) = 4</tmp/.tmpwUu51z/resource.lock>
1444020 openat(AT_FDCWD</home/heathledger/Documents/ioi/repos/ioi>, "/tmp/.tmpwUu51z/records/b7152008cde8bb92263053413d6ba78f1b7a36ecde6fd42ddf1e6a0f1667edfd.json", O_RDWR|O_NOFOLLOW|O_CLOEXEC) = 5</tmp/.tmpwUu51z/records/b7152008cde8bb92263053413d6ba78f1b7a36ecde6fd42ddf1e6a0f1667edfd.json>
1444020 close(5</tmp/.tmpwUu51z/records/b7152008cde8bb92263053413d6ba78f1b7a36ecde6fd42ddf1e6a0f1667edfd.json>) = 0
1444020 close(4</tmp/.tmpwUu51z/resource.lock>) = 0
1444020 openat(AT_FDCWD</home/heathledger/Documents/ioi/repos/ioi>, "/tmp/.tmpwUu51z/records/b7152008cde8bb92263053413d6ba78f1b7a36ecde6fd42ddf1e6a0f1667edfd.json", O_RDONLY|O_CLOEXEC) = 4</tmp/.tmpwUu51z/records/b7152008cde8bb92263053413d6ba78f1b7a36ecde6fd42ddf1e6a0f1667edfd.json>
1444020 close(4</tmp/.tmpwUu51z/records/b7152008cde8bb92263053413d6ba78f1b7a36ecde6fd42ddf1e6a0f1667edfd.json>) = 0
1444020 openat(AT_FDCWD</home/heathledger/Documents/ioi/repos/ioi>, "/tmp/.tmpwUu51z/records/.b7152008cde8bb92263053413d6ba78f1b7a36ecde6fd42ddf1e6a0f1667edfd.json.prepared", O_WRONLY|O_CREAT|O_TRUNC|O_CLOEXEC, 0666) = 4</tmp/.tmpwUu51z/records/.b7152008cde8bb92263053413d6ba78f1b7a36ecde6fd42ddf1e6a0f1667edfd.json.prepared>
1444020 write(4</tmp/.tmpwUu51z/records/.b7152008cde8bb92263053413d6ba78f1b7a36ecde6fd42ddf1e6a0f1667edfd.json.prepared>, "interrupted spare", 17) = 17
1444020 close(4</tmp/.tmpwUu51z/records/.b7152008cde8bb92263053413d6ba78f1b7a36ecde6fd42ddf1e6a0f1667edfd.json.prepared>) = 0
1444020 openat(AT_FDCWD</home/heathledger/Documents/ioi/repos/ioi>, "/tmp/.tmpwUu51z/resource.lock", O_RDWR|O_NOFOLLOW|O_CLOEXEC) = 4</tmp/.tmpwUu51z/resource.lock>
1444020 openat(AT_FDCWD</home/heathledger/Documents/ioi/repos/ioi>, "/tmp/.tmpwUu51z/records/b7152008cde8bb92263053413d6ba78f1b7a36ecde6fd42ddf1e6a0f1667edfd.json", O_RDWR|O_NOFOLLOW|O_CLOEXEC) = 5</tmp/.tmpwUu51z/records/b7152008cde8bb92263053413d6ba78f1b7a36ecde6fd42ddf1e6a0f1667edfd.json>
1444020 close(5</tmp/.tmpwUu51z/records/b7152008cde8bb92263053413d6ba78f1b7a36ecde6fd42ddf1e6a0f1667edfd.json>) = 0
1444020 close(4</tmp/.tmpwUu51z/resource.lock>) = 0
1444020 openat(AT_FDCWD</home/heathledger/Documents/ioi/repos/ioi>, "/tmp/.tmpwUu51z/records/.b7152008cde8bb92263053413d6ba78f1b7a36ecde6fd42ddf1e6a0f1667edfd.json.prepared", O_RDONLY|O_CLOEXEC) = 4</tmp/.tmpwUu51z/records/.b7152008cde8bb92263053413d6ba78f1b7a36ecde6fd42ddf1e6a0f1667edfd.json.prepared>
1444020 close(4</tmp/.tmpwUu51z/records/.b7152008cde8bb92263053413d6ba78f1b7a36ecde6fd42ddf1e6a0f1667edfd.json.prepared>) = 0
1444020 openat(AT_FDCWD</home/heathledger/Documents/ioi/repos/ioi>, "/tmp/.tmpwUu51z/resource.lock", O_RDWR|O_NOFOLLOW|O_CLOEXEC) = 4</tmp/.tmpwUu51z/resource.lock>
1444020 openat(AT_FDCWD</home/heathledger/Documents/ioi/repos/ioi>, "/tmp/.tmpwUu51z/records/b7152008cde8bb92263053413d6ba78f1b7a36ecde6fd42ddf1e6a0f1667edfd.json", O_RDWR|O_NOFOLLOW|O_CLOEXEC) = 5</tmp/.tmpwUu51z/records/b7152008cde8bb92263053413d6ba78f1b7a36ecde6fd42ddf1e6a0f1667edfd.json>
1444020 close(5</tmp/.tmpwUu51z/records/b7152008cde8bb92263053413d6ba78f1b7a36ecde6fd42ddf1e6a0f1667edfd.json>) = 0
1444020 close(4</tmp/.tmpwUu51z/resource.lock>) = 0
1444020 openat(AT_FDCWD</home/heathledger/Documents/ioi/repos/ioi>, "/tmp/.tmpwUu51z/resource.lock", O_RDWR|O_NOFOLLOW|O_CLOEXEC) = 4</tmp/.tmpwUu51z/resource.lock>
1444020 openat(AT_FDCWD</home/heathledger/Documents/ioi/repos/ioi>, "/tmp/.tmpwUu51z/records/b7152008cde8bb92263053413d6ba78f1b7a36ecde6fd42ddf1e6a0f1667edfd.json", O_RDWR|O_NOFOLLOW|O_CLOEXEC) = 5</tmp/.tmpwUu51z/records/b7152008cde8bb92263053413d6ba78f1b7a36ecde6fd42ddf1e6a0f1667edfd.json>
1444020 close(5</tmp/.tmpwUu51z/records/b7152008cde8bb92263053413d6ba78f1b7a36ecde6fd42ddf1e6a0f1667edfd.json>) = 0
1444020 close(4</tmp/.tmpwUu51z/resource.lock>) = 0
1444020 openat(AT_FDCWD</home/heathledger/Documents/ioi/repos/ioi>, "/tmp/.tmpwUu51z/records/b7152008cde8bb92263053413d6ba78f1b7a36ecde6fd42ddf1e6a0f1667edfd.json", O_RDONLY|O_CLOEXEC) = 4</tmp/.tmpwUu51z/records/b7152008cde8bb92263053413d6ba78f1b7a36ecde6fd42ddf1e6a0f1667edfd.json>
1444020 close(4</tmp/.tmpwUu51z/records/b7152008cde8bb92263053413d6ba78f1b7a36ecde6fd42ddf1e6a0f1667edfd.json>) = 0
1444020 openat(AT_FDCWD</home/heathledger/Documents/ioi/repos/ioi>, "/tmp/.tmpwUu51z/resource.lock", O_RDWR|O_CREAT|O_NOFOLLOW|O_CLOEXEC, 0600) = 4</tmp/.tmpwUu51z/resource.lock>
1444020 fsync(4</tmp/.tmpwUu51z/resource.lock>) = 0
1444020 close(4</tmp/.tmpwUu51z/resource.lock>) = 0
1444020 openat(AT_FDCWD</home/heathledger/Documents/ioi/repos/ioi>, "/tmp/.tmpwUu51z/records", O_RDONLY|O_CLOEXEC) = 4</tmp/.tmpwUu51z/records>
1444020 fsync(4</tmp/.tmpwUu51z/records>) = 0
1444020 close(4</tmp/.tmpwUu51z/records>) = 0
1444020 openat(AT_FDCWD</home/heathledger/Documents/ioi/repos/ioi>, "/tmp/.tmpwUu51z", O_RDONLY|O_CLOEXEC) = 4</tmp/.tmpwUu51z>
1444020 fsync(4</tmp/.tmpwUu51z>)       = 0
1444020 close(4</tmp/.tmpwUu51z>)       = 0
1444020 openat(AT_FDCWD</home/heathledger/Documents/ioi/repos/ioi>, "/tmp", O_RDONLY|O_CLOEXEC) = 4</tmp>
1444020 fsync(4</tmp>)                  = 0
1444020 close(4</tmp>)                  = 0
1444020 openat(AT_FDCWD</home/heathledger/Documents/ioi/repos/ioi>, "/", O_RDONLY|O_CLOEXEC) = 4</>
1444020 fsync(4</>)                     = 0
1444020 close(4</>)                     = 0
1444020 openat(AT_FDCWD</home/heathledger/Documents/ioi/repos/ioi>, "/tmp/.tmpwUu51z/resource.lock", O_RDWR|O_NOFOLLOW|O_CLOEXEC) = 4</tmp/.tmpwUu51z/resource.lock>
1444020 openat(AT_FDCWD</home/heathledger/Documents/ioi/repos/ioi>, "/tmp/.tmpwUu51z/records/b7152008cde8bb92263053413d6ba78f1b7a36ecde6fd42ddf1e6a0f1667edfd.json", O_RDWR|O_NOFOLLOW|O_CLOEXEC) = 5</tmp/.tmpwUu51z/records/b7152008cde8bb92263053413d6ba78f1b7a36ecde6fd42ddf1e6a0f1667edfd.json>
1444020 close(5</tmp/.tmpwUu51z/records/b7152008cde8bb92263053413d6ba78f1b7a36ecde6fd42ddf1e6a0f1667edfd.json>) = 0
1444020 openat(AT_FDCWD</home/heathledger/Documents/ioi/repos/ioi>, "/proc/sys/vm/overcommit_memory", O_RDONLY|O_CLOEXEC) = 5</proc/sys/vm/overcommit_memory>
1444020 close(5</proc/sys/vm/overcommit_memory>) = 0
1444020 close(4</tmp/.tmpwUu51z/resource.lock>) = 0
1444020 openat(AT_FDCWD</home/heathledger/Documents/ioi/repos/ioi>, "/tmp/.tmpwUu51z/records/b7152008cde8bb92263053413d6ba78f1b7a36ecde6fd42ddf1e6a0f1667edfd.json", O_WRONLY|O_CREAT|O_TRUNC|O_CLOEXEC, 0666) = 4</tmp/.tmpwUu51z/records/b7152008cde8bb92263053413d6ba78f1b7a36ecde6fd42ddf1e6a0f1667edfd.json>
1444020 write(4</tmp/.tmpwUu51z/records/b7152008cde8bb92263053413d6ba78f1b7a36ecde6fd42ddf1e6a0f1667edfd.json>, "corrupt active", 14) = 14
1444020 close(4</tmp/.tmpwUu51z/records/b7152008cde8bb92263053413d6ba78f1b7a36ecde6fd42ddf1e6a0f1667edfd.json>) = 0
1444020 openat(AT_FDCWD</home/heathledger/Documents/ioi/repos/ioi>, "/tmp/.tmpwUu51z/resource.lock", O_RDWR|O_NOFOLLOW|O_CLOEXEC) = 4</tmp/.tmpwUu51z/resource.lock>
1444020 openat(AT_FDCWD</home/heathledger/Documents/ioi/repos/ioi>, "/tmp/.tmpwUu51z/records/b7152008cde8bb92263053413d6ba78f1b7a36ecde6fd42ddf1e6a0f1667edfd.json", O_RDWR|O_NOFOLLOW|O_CLOEXEC) = 5</tmp/.tmpwUu51z/records/b7152008cde8bb92263053413d6ba78f1b7a36ecde6fd42ddf1e6a0f1667edfd.json>
1444020 close(5</tmp/.tmpwUu51z/records/b7152008cde8bb92263053413d6ba78f1b7a36ecde6fd42ddf1e6a0f1667edfd.json>) = 0
1444020 close(4</tmp/.tmpwUu51z/resource.lock>) = 0
1444020 openat(AT_FDCWD</home/heathledger/Documents/ioi/repos/ioi>, "/tmp/.tmpwUu51z/resource.lock", O_RDWR|O_NOFOLLOW|O_CLOEXEC) = 4</tmp/.tmpwUu51z/resource.lock>
1444020 openat(AT_FDCWD</home/heathledger/Documents/ioi/repos/ioi>, "/tmp/.tmpwUu51z/records/b7152008cde8bb92263053413d6ba78f1b7a36ecde6fd42ddf1e6a0f1667edfd.json", O_RDWR|O_NOFOLLOW|O_CLOEXEC) = 5</tmp/.tmpwUu51z/records/b7152008cde8bb92263053413d6ba78f1b7a36ecde6fd42ddf1e6a0f1667edfd.json>
1444020 close(5</tmp/.tmpwUu51z/records/b7152008cde8bb92263053413d6ba78f1b7a36ecde6fd42ddf1e6a0f1667edfd.json>) = 0
1444020 close(4</tmp/.tmpwUu51z/resource.lock>) = 0
1444020 openat(AT_FDCWD</home/heathledger/Documents/ioi/repos/ioi>, "/tmp/.tmpwUu51z/records/b7152008cde8bb92263053413d6ba78f1b7a36ecde6fd42ddf1e6a0f1667edfd.json", O_RDONLY|O_CLOEXEC) = 4</tmp/.tmpwUu51z/records/b7152008cde8bb92263053413d6ba78f1b7a36ecde6fd42ddf1e6a0f1667edfd.json>
1444020 close(4</tmp/.tmpwUu51z/records/b7152008cde8bb92263053413d6ba78f1b7a36ecde6fd42ddf1e6a0f1667edfd.json>) = 0
1444020 openat(AT_FDCWD</home/heathledger/Documents/ioi/repos/ioi>, "/tmp/.tmpwUu51z/records/.b7152008cde8bb92263053413d6ba78f1b7a36ecde6fd42ddf1e6a0f1667edfd.json.prepared", O_RDONLY|O_CLOEXEC) = 4</tmp/.tmpwUu51z/records/.b7152008cde8bb92263053413d6ba78f1b7a36ecde6fd42ddf1e6a0f1667edfd.json.prepared>
1444020 close(4</tmp/.tmpwUu51z/records/.b7152008cde8bb92263053413d6ba78f1b7a36ecde6fd42ddf1e6a0f1667edfd.json.prepared>) = 0
1444020 close(3</tmp/.tmpwUu51z/records/b7152008cde8bb92263053413d6ba78f1b7a36ecde6fd42ddf1e6a0f1667edfd.json>) = 0
1444020 openat(AT_FDCWD</home/heathledger/Documents/ioi/repos/ioi>, "/tmp/.tmpwUu51z", O_RDONLY|O_NOFOLLOW|O_CLOEXEC|O_DIRECTORY) = 3</tmp/.tmpwUu51z>
1444020 openat(3</tmp/.tmpwUu51z>, "records", O_RDONLY|O_NOFOLLOW|O_CLOEXEC|O_DIRECTORY) = 4</tmp/.tmpwUu51z/records>
1444020 close(4</tmp/.tmpwUu51z/records>) = 0
1444020 close(3</tmp/.tmpwUu51z>)       = 0
1444020 +++ exited with 0 +++
1444019 write(1</home/heathledger/Documents/ioi/repos/ioi/internal-docs/architecture/protocols/aft/evidence/m17q-r1-endpoint-reservation-2026-09-06/final-syscalls/test.log>, "test consequence::tests::online_pq_endpoint_consumes_reserved_inode_and_retains_active_authority ... ", 101) = 101
1444019 write(1</home/heathledger/Documents/ioi/repos/ioi/internal-docs/architecture/protocols/aft/evidence/m17q-r1-endpoint-reservation-2026-09-06/final-syscalls/test.log>, "ok", 2) = 2
1444019 write(1</home/heathledger/Documents/ioi/repos/ioi/internal-docs/architecture/protocols/aft/evidence/m17q-r1-endpoint-reservation-2026-09-06/final-syscalls/test.log>, "\n", 1) = 1
1444019 write(1</home/heathledger/Documents/ioi/repos/ioi/internal-docs/architecture/protocols/aft/evidence/m17q-r1-endpoint-reservation-2026-09-06/final-syscalls/test.log>, "\n", 1) = 1
1444019 write(1</home/heathledger/Documents/ioi/repos/ioi/internal-docs/architecture/protocols/aft/evidence/m17q-r1-endpoint-reservation-2026-09-06/final-syscalls/test.log>, "test result: ", 13) = 13
1444019 write(1</home/heathledger/Documents/ioi/repos/ioi/internal-docs/architecture/protocols/aft/evidence/m17q-r1-endpoint-reservation-2026-09-06/final-syscalls/test.log>, "ok", 2) = 2
1444019 write(1</home/heathledger/Documents/ioi/repos/ioi/internal-docs/architecture/protocols/aft/evidence/m17q-r1-endpoint-reservation-2026-09-06/final-syscalls/test.log>, ". 1 passed; 0 failed; 0 ignored; 0 measured; 114 filtered out", 61) = 61
1444019 write(1</home/heathledger/Documents/ioi/repos/ioi/internal-docs/architecture/protocols/aft/evidence/m17q-r1-endpoint-reservation-2026-09-06/final-syscalls/test.log>, "; finished in 3.64s", 19) = 19
1444019 write(1</home/heathledger/Documents/ioi/repos/ioi/internal-docs/architecture/protocols/aft/evidence/m17q-r1-endpoint-reservation-2026-09-06/final-syscalls/test.log>, "\n\n", 2) = 2
1444019 +++ exited with 0 +++
