
> @ioi/hypervisor-app@0.1.0 prebuild
> npm run build --workspace=@ioi/workspace-substrate --if-present && npm run build --workspace=@ioi/hypervisor-workbench --if-present && npm run build --workspace=@ioi/wallet-sdk --if-present


> @ioi/workspace-substrate@0.1.0 build
> tsc && vite build

vite v6.4.1 building for production...
transforming...
✓ 2586 modules transformed.
rendering chunks...

[vite:dts] Start generate declaration files...
computing gzip size...
[vite:dts] Declaration files built in 3635ms.

dist/assets/_commonjsHelpers-C6fGbg64.js          0.14 kB
dist/assets/main2-sF9s4X6q.js                    18.21 kB
dist/assets/main-DQT3JUac.js                     95.57 kB
dist/assets/worker-Byz9coiK.js                  290.10 kB
dist/assets/editor.worker-CblDWydW.js           447.38 kB
dist/assets/worker-0_oIJ-XP.js                1,178.22 kB
dist/workspace-substrate.css                    646.44 kB │ gzip:   207.24 kB
dist/_commonjsHelpers-C6fGbg64.js                 0.14 kB │ gzip:     0.14 kB
dist/_commonjsHelpers-DlqOxNOD.js                 0.14 kB │ gzip:     0.14 kB
dist/_.contribution-COqOAh95.js                   0.25 kB │ gzip:     0.17 kB
dist/addon-fit-CCCQwO7F.js                        1.78 kB │ gzip:     0.75 kB
dist/main2-sF9s4X6q.js                           18.21 kB │ gzip:     5.11 kB
dist/layout.contribution.linux-Bi17HDfY.js       23.88 kB │ gzip:     3.14 kB
dist/layout.contribution.darwin-kaltKxAu.js      58.38 kB │ gzip:     5.41 kB
dist/layout.contribution.win-p5m7uBV2.js         95.07 kB │ gzip:     6.30 kB
dist/main-DQT3JUac.js                            95.57 kB │ gzip:    20.68 kB
dist/index.es.js                                214.10 kB │ gzip:    77.92 kB
dist/iconv-lite-umd-Bb-71s_6.js                 326.87 kB │ gzip:   182.19 kB
dist/xterm-BQOHjt37.js                          406.17 kB │ gzip:    90.41 kB
dist/index-CBChxs2e.js                          819.68 kB │ gzip:   144.68 kB
dist/additionalExtensions-itXmCb87.js        13,355.37 kB │ gzip: 3,419.11 kB
dist/codeOss-BT9BURXt.js                     21,367.38 kB │ gzip: 5,302.44 kB
No name was provided for external module "react/jsx-runtime" in "output.globals" – guessing "jsxRuntime".
No name was provided for external module "clsx" in "output.globals" – guessing "clsx".
dist/workspace-substrate.css     646.44 kB │ gzip:   207.24 kB
dist/index.umd.js             33,621.31 kB │ gzip: 8,975.99 kB
✓ built in 43.52s

> @ioi/hypervisor-workbench@0.1.0 build
> tsc && vite build

vite v5.4.21 building for production...
transforming...
✓ 1767 modules transformed.
rendering chunks...

[vite:dts] Start generate declaration files...
computing gzip size...
[vite:dts] Declaration files built in 13746ms.

dist/style.css      135.63 kB │ gzip:    19.10 kB
dist/index.es.js  7,555.23 kB │ gzip: 1,032.21 kB
No name was provided for external module "react/jsx-runtime" in "output.globals" – guessing "jsxRuntime".
No name was provided for external module "zustand" in "output.globals" – guessing "zustand".
dist/style.css       135.63 kB │ gzip:  19.10 kB
dist/index.umd.js  5,352.99 kB │ gzip: 883.91 kB
✓ built in 20.21s

> @ioi/wallet-sdk@0.1.0 build
> npm run build --workspace=@ioi/wallet-protocol && tsc -p tsconfig.json


> @ioi/wallet-protocol@0.1.0 build
> tsc -p tsconfig.json


> @ioi/hypervisor-app@0.1.0 build
> tsc && vite build

vite v6.4.1 building for production...
transforming...
✓ 224 modules transformed.
rendering chunks...
computing gzip size...
dist/index.html                                                   6.89 kB │ gzip:     1.89 kB
dist/assets/ABCDiatypeMono-Regular-Bpu3WZA6.woff2                23.45 kB
dist/assets/ABCDiatypeMono-Medium-DuuJF661.woff2                 23.73 kB
dist/assets/ABCDiatype-Regular-BWt-_oa3.woff2                    56.66 kB
dist/assets/ABCDiatype-Bold-CsvZGP0s.woff2                       63.66 kB
dist/assets/ABCDiatype-Medium-BfDQwenK.woff2                     68.05 kB
dist/assets/main-BqvSUbIc.css                                   796.27 kB │ gzip:   230.85 kB
dist/assets/_commonjsHelpers-DlqOxNOD-BC8KDfbh.js                 0.12 kB │ gzip:     0.12 kB
dist/assets/_commonjsHelpers-C6fGbg64-BC8KDfbh.js                 0.12 kB │ gzip:     0.12 kB
dist/assets/_.contribution-COqOAh95-D2fbWsTR.js                   0.19 kB │ gzip:     0.15 kB
dist/assets/addon-fit-CCCQwO7F-DrdEkuBN.js                        1.60 kB │ gzip:     0.72 kB
dist/assets/index-DgM0W5k5.js                                     2.29 kB │ gzip:     1.17 kB
dist/assets/main2-sF9s4X6q-DuoG53NV.js                           11.49 kB │ gzip:     4.45 kB
dist/assets/layout.contribution.linux-Bi17HDfY-BQQV0xHl.js       17.07 kB │ gzip:     2.94 kB
dist/assets/layout.contribution.darwin-kaltKxAu-cU27LS9c.js      42.35 kB │ gzip:     5.06 kB
dist/assets/main-DQT3JUac-BlgG0KFW.js                            61.78 kB │ gzip:    18.13 kB
dist/assets/layout.contribution.win-p5m7uBV2-CS6XvNvY.js         68.17 kB │ gzip:     5.64 kB
dist/assets/iconv-lite-umd-Bb-71s_6-B6ySyzfy.js                 297.97 kB │ gzip:   180.00 kB
dist/assets/xterm-BQOHjt37-BRvTP278.js                          332.61 kB │ gzip:    84.15 kB
dist/assets/index-CBChxs2e-so9ZJpqO.js                          335.68 kB │ gzip:   119.81 kB
dist/assets/main-CafVZ-Tz.js                                    781.18 kB │ gzip:   235.90 kB
dist/assets/additionalExtensions-itXmCb87-BBrqekRp.js        13,318.07 kB │ gzip: 3,416.89 kB
dist/assets/codeOss-BT9BURXt-DhxVBz7d.js                     18,949.20 kB │ gzip: 5,075.32 kB

(!) Some chunks are larger than 500 kB after minification. Consider:
- Using dynamic import() to code-split the application
- Use build.rollupOptions.output.manualChunks to improve chunking: https://rollupjs.org/configuration-options/#output-manualchunks
- Adjust chunk size limit for this warning via build.chunkSizeWarningLimit.
✓ built in 15.37s
