   Compiling proc-macro2 v1.0.106
   Compiling unicode-ident v1.0.24
   Compiling memchr v2.8.0
   Compiling smallvec v1.15.1
   Compiling futures-io v0.3.32
   Compiling serde_core v1.0.228
   Compiling bytes v1.11.1
   Compiling stable_deref_trait v1.2.1
   Compiling log v0.4.29
   Compiling quote v1.0.44
   Compiling zerocopy v0.8.39
   Compiling serde v1.0.228
   Compiling tracing-core v0.1.36
   Compiling either v1.15.0
   Compiling base64 v0.22.1
   Compiling dunce v1.0.5
   Compiling nix v0.26.4
   Compiling winnow v0.7.14
   Compiling serde_json v1.0.149
   Compiling itertools v0.14.0
   Compiling simd-adler32 v0.3.8
   Compiling arrayvec v0.7.6
   Compiling hashbrown v0.14.5
   Compiling linux-raw-sys v0.11.0
   Compiling rustix v1.1.3
   Compiling aws-lc-sys v0.37.1
   Compiling parking_lot_core v0.9.12
   Compiling dcrypt-algorithms v4.0.1
   Compiling miniz_oxide v0.8.9
   Compiling rayon v1.11.0
   Compiling parking_lot v0.12.5
   Compiling core2 v0.4.0
   Compiling aho-corasick v1.1.4
   Compiling http v0.2.12
   Compiling dashmap v5.5.3
   Compiling flate2 v1.1.9
   Compiling syn v2.0.116
   Compiling multihash v0.19.3
   Compiling const_format_proc_macros v0.2.34
   Compiling zip v0.6.6
   Compiling http-body v0.4.6
   Compiling const_format v0.2.35
   Compiling regex-automata v0.4.14
   Compiling toml_parser v1.0.8+spec-1.1.0
   Compiling bitflags v2.11.0
   Compiling serde_bytes v0.11.19
   Compiling toml_edit v0.23.10+spec-1.0.0
   Compiling dcrypt-kem v4.0.1
   Compiling dcrypt-sign v4.0.1
   Compiling dcrypt-symmetric v4.0.1
   Compiling dcrypt-pke v4.0.1
   Compiling proc-macro-crate v3.4.0
   Compiling ppv-lite86 v0.2.21
   Compiling rand_chacha v0.3.1
   Compiling rand_chacha v0.9.0
   Compiling rand v0.9.2
   Compiling regex v1.12.3
   Compiling dcrypt-hybrid v4.0.1
   Compiling rand v0.8.5
   Compiling tempfile v3.25.0
   Compiling dcrypt v4.0.1
   Compiling synstructure v0.13.2
   Compiling serde_derive_internals v0.29.1
   Compiling futures-macro v0.3.32
   Compiling zerofrom-derive v0.1.6
   Compiling yoke-derive v0.8.1
   Compiling zerovec-derive v0.11.2
   Compiling displaydoc v0.2.5
   Compiling zeroize_derive v1.4.3
   Compiling thiserror-impl v1.0.69
   Compiling tokio-macros v2.4.0
   Compiling tracing-attributes v0.1.31
   Compiling serde_derive v1.0.228
   Compiling thiserror-impl v2.0.18
   Compiling curve25519-dalek-derive v0.1.1
   Compiling pin-project-internal v1.1.10
   Compiling data-encoding-macro-internal v0.1.17
   Compiling match-lookup v0.1.2
   Compiling libp2p-swarm-derive v0.34.2
   Compiling async-trait v0.1.89
   Compiling openssl-macros v0.1.1
   Compiling prometheus-client-derive-encode v0.4.2
   Compiling enum-as-inner v0.6.1
   Compiling parity-scale-codec-derive v3.7.5
   Compiling schemars_derive v0.8.22
   Compiling openssl v0.10.75
   Compiling base256emoji v1.0.2
   Compiling prometheus-client v0.22.3
   Compiling impl-trait-for-tuples v0.2.3
   Compiling data-encoding-macro v0.1.19
   Compiling prost-derive v0.13.5
   Compiling multibase v0.9.2
   Compiling tokio v1.42.0
   Compiling zeroize v1.8.2
   Compiling ts-rs-macros v12.0.1
   Compiling curve25519-dalek v4.1.3
   Compiling rustls-pki-types v1.14.0
   Compiling futures-util v0.3.32
   Compiling thiserror v1.0.69
   Compiling zerofrom v0.1.6
   Compiling pin-project v1.1.10
   Compiling netlink-packet-utils v0.5.2
   Compiling yoke v0.8.1
   Compiling tracing v0.1.44
   Compiling thiserror v2.0.18
   Compiling netlink-packet-core v0.7.0
   Compiling zerovec v0.11.5
   Compiling zerotrie v0.2.3
   Compiling prost v0.13.5
   Compiling netlink-packet-route v0.17.1
   Compiling ts-rs v12.0.1
   Compiling ed25519-dalek v2.2.0
   Compiling x25519-dalek v2.0.1
   Compiling aws-lc-rs v1.15.4
   Compiling rustls v0.23.36
   Compiling libp2p-identity v0.2.13
   Compiling tinystr v0.8.2
   Compiling potential_utf v0.1.4
   Compiling icu_collections v2.1.1
   Compiling icu_locale_core v2.1.1
   Compiling icu_provider v2.1.1
   Compiling native-tls v0.2.18
   Compiling parity-scale-codec v3.7.5
   Compiling bcs v0.1.6
   Compiling serde_jcs v0.1.0
   Compiling schemars v0.8.22
   Compiling serde_urlencoded v0.7.1
   Compiling icu_normalizer v2.1.1
   Compiling icu_properties v2.1.2
   Compiling rustls-webpki v0.103.9
   Compiling futures-executor v0.3.32
   Compiling asynchronous-codec v0.7.0
   Compiling futures-bounded v0.2.4
   Compiling futures v0.3.32
   Compiling quick-protobuf-codec v0.3.1
   Compiling rw-stream-sink v0.4.0
   Compiling multistream-select v0.13.0
   Compiling yamux v0.13.8
   Compiling yamux v0.12.1
   Compiling futures-ticker v0.0.3
   Compiling idna_adapter v1.2.1
   Compiling idna v1.1.0
   Compiling url v2.5.8
   Compiling netlink-sys v0.8.8
   Compiling tokio-util v0.7.17
   Compiling tokio-native-tls v0.3.1
   Compiling netlink-proto v0.11.5
   Compiling multiaddr v0.18.2
   Compiling hickory-proto v0.24.4
   Compiling rtnetlink v0.13.1
   Compiling h2 v0.3.27
   Compiling libp2p-core v0.41.3
   Compiling if-watch v3.2.1
   Compiling libp2p-swarm v0.44.2
   Compiling libp2p-yamux v0.45.2
   Compiling libp2p-tcp v0.41.0
   Compiling libp2p-noise v0.44.0
   Compiling tokio-rustls v0.26.4
   Compiling libp2p-allow-block-list v0.3.0
   Compiling libp2p-gossipsub v0.46.1
   Compiling libp2p-mdns v0.45.1
   Compiling libp2p-request-response v0.26.3
   Compiling libp2p-identify v0.44.2
   Compiling libp2p-connection-limits v0.3.1
   Compiling hyper v0.14.32
   Compiling libp2p v0.53.2
   Compiling hyper-tls v0.5.0
   Compiling ioi-types v0.1.0 (/tmp/ioi-m17q-daybreak.u6nAwg/review-clone/crates/types)
   Compiling reqwest v0.11.27
warning: structure field `runtimeTruthSource` should have a snake case name
    --> crates/types/src/app/generated/architecture_contracts.rs:5223:9
     |
5223 |     pub runtimeTruthSource: Option<GoalRunV1RuntimeTruthSource>,
     |         ^^^^^^^^^^^^^^^^^^ help: convert the identifier to snake case: `runtime_truth_source`
     |
     = note: `#[warn(non_snake_case)]` (part of `#[warn(nonstandard_style)]`) on by default

warning: structure field `runtimeTruthSource` should have a snake case name
    --> crates/types/src/app/generated/architecture_contracts.rs:9220:9
     |
9220 |     pub runtimeTruthSource: ArtifactAvailabilityIncidentOperationV1Run...
     |         ^^^^^^^^^^^^^^^^^^ help: convert the identifier to snake case: `runtime_truth_source`

warning: structure field `agentgresTruthSource` should have a snake case name
    --> crates/types/src/app/generated/architecture_contracts.rs:9221:9
     |
9221 |     pub agentgresTruthSource: ArtifactAvailabilityIncidentOperationV1A...
     |         ^^^^^^^^^^^^^^^^^^^^ help: convert the identifier to snake case: `agentgres_truth_source`

warning: structure field `runtimeTruthSource` should have a snake case name
    --> crates/types/src/app/generated/architecture_contracts.rs:9480:9
     |
9480 |     pub runtimeTruthSource: ArtifactAvailabilityIncidentV1RuntimeTruth...
     |         ^^^^^^^^^^^^^^^^^^ help: convert the identifier to snake case: `runtime_truth_source`

warning: structure field `runtimeTruthSource` should have a snake case name
    --> crates/types/src/app/generated/architecture_contracts.rs:9718:9
     |
9718 |     pub runtimeTruthSource: ArtifactAvailabilityIncidentV1AgentgresOpe...
     |         ^^^^^^^^^^^^^^^^^^ help: convert the identifier to snake case: `runtime_truth_source`

warning: structure field `agentgresTruthSource` should have a snake case name
    --> crates/types/src/app/generated/architecture_contracts.rs:9719:9
     |
9719 |     pub agentgresTruthSource: ArtifactAvailabilityIncidentV1AgentgresO...
     |         ^^^^^^^^^^^^^^^^^^^^ help: convert the identifier to snake case: `agentgres_truth_source`

warning: structure field `requiresDaemonGate` should have a snake case name
     --> crates/types/src/app/generated/architecture_contracts.rs:26731:9
      |
26731 |     pub requiresDaemonGate: HarnessSessionBindingAdmissionV1RequiresD...
      |         ^^^^^^^^^^^^^^^^^^ help: convert the identifier to snake case: `requires_daemon_gate`

warning: structure field `runtimeTruthSource` should have a snake case name
     --> crates/types/src/app/generated/architecture_contracts.rs:26732:9
      |
26732 |     pub runtimeTruthSource: HarnessSessionBindingAdmissionV1RuntimeTr...
      |         ^^^^^^^^^^^^^^^^^^ help: convert the identifier to snake case: `runtime_truth_source`

warning: structure field `runtimeTruthSource` should have a snake case name
     --> crates/types/src/app/generated/architecture_contracts.rs:27154:9
      |
27154 |     pub runtimeTruthSource: HarnessSessionBindingV1RuntimeTruthSource,
      |         ^^^^^^^^^^^^^^^^^^ help: convert the identifier to snake case: `runtime_truth_source`

warning: structure field `requiresDaemonGate` should have a snake case name
     --> crates/types/src/app/generated/architecture_contracts.rs:27566:9
      |
27566 |     pub requiresDaemonGate: HarnessSessionReadinessV1RequiresDaemonGate,
      |         ^^^^^^^^^^^^^^^^^^ help: convert the identifier to snake case: `requires_daemon_gate`

warning: structure field `runtimeTruthSource` should have a snake case name
     --> crates/types/src/app/generated/architecture_contracts.rs:27567:9
      |
27567 |     pub runtimeTruthSource: HarnessSessionReadinessV1RuntimeTruthSource,
      |         ^^^^^^^^^^^^^^^^^^ help: convert the identifier to snake case: `runtime_truth_source`

warning: structure field `requiresDaemonGate` should have a snake case name
     --> crates/types/src/app/generated/architecture_contracts.rs:27844:9
      |
27844 |     pub requiresDaemonGate: HarnessSessionSpawnV1RequiresDaemonGate,
      |         ^^^^^^^^^^^^^^^^^^ help: convert the identifier to snake case: `requires_daemon_gate`

warning: structure field `runtimeTruthSource` should have a snake case name
     --> crates/types/src/app/generated/architecture_contracts.rs:27845:9
      |
27845 |     pub runtimeTruthSource: HarnessSessionSpawnV1RuntimeTruthSource,
      |         ^^^^^^^^^^^^^^^^^^ help: convert the identifier to snake case: `runtime_truth_source`

warning: structure field `requiresDaemonGate` should have a snake case name
     --> crates/types/src/app/generated/architecture_contracts.rs:28316:9
      |
28316 |     pub requiresDaemonGate: HarnessSessionTerminalAttachV1RequiresDae...
      |         ^^^^^^^^^^^^^^^^^^ help: convert the identifier to snake case: `requires_daemon_gate`

warning: structure field `runtimeTruthSource` should have a snake case name
     --> crates/types/src/app/generated/architecture_contracts.rs:28317:9
      |
28317 |     pub runtimeTruthSource: HarnessSessionTerminalAttachV1RuntimeTrut...
      |         ^^^^^^^^^^^^^^^^^^ help: convert the identifier to snake case: `runtime_truth_source`

warning: structure field `runtimeTruthSource` should have a snake case name
     --> crates/types/src/app/generated/architecture_contracts.rs:28756:9
      |
28756 |     pub runtimeTruthSource:
      |         ^^^^^^^^^^^^^^^^^^ help: convert the identifier to snake case: `runtime_truth_source`

warning: structure field `requiresDaemonGate` should have a snake case name
     --> crates/types/src/app/generated/architecture_contracts.rs:31709:9
      |
31709 |     pub requiresDaemonGate: HypervisorSessionLaunchRecipeAdmissionV1R...
      |         ^^^^^^^^^^^^^^^^^^ help: convert the identifier to snake case: `requires_daemon_gate`

warning: structure field `runtimeTruthSource` should have a snake case name
     --> crates/types/src/app/generated/architecture_contracts.rs:31710:9
      |
31710 |     pub runtimeTruthSource: HypervisorSessionLaunchRecipeAdmissionV1R...
      |         ^^^^^^^^^^^^^^^^^^ help: convert the identifier to snake case: `runtime_truth_source`

warning: structure field `runtimeTruthSource` should have a snake case name
     --> crates/types/src/app/generated/architecture_contracts.rs:93444:9
      |
93444 |     pub runtimeTruthSource: ManagedWorkerInstanceStateV1LastTransitio...
      |         ^^^^^^^^^^^^^^^^^^ help: convert the identifier to snake case: `runtime_truth_source`

   Compiling ioi-api v0.1.0 (/tmp/ioi-m17q-daybreak.u6nAwg/review-clone/crates/api)
warning: `ioi-types` (lib) generated 19 warnings
   Compiling ioi-crypto v0.1.0 (/tmp/ioi-m17q-daybreak.u6nAwg/review-clone/crates/crypto)
   Compiling ioi-finality v0.1.0 (/tmp/ioi-m17q-daybreak.u6nAwg/review-clone/crates/ioi-finality)
   Compiling agentgres v0.1.0 (/tmp/ioi-m17q-daybreak.u6nAwg/review-clone/crates/agentgres)
warning: unused doc comment
   --> crates/agentgres/src/event_stream.rs:229:1
    |
229 | / /// Confirm the substrate log is durable on disk.
230 | | ///
231 | | /// The fault-injection hook travels WITH the discipline: a durability
232 | | /// confirmation whose failure path is unreachable in test is a confi...
...   |
235 | | /// pre-lift implementation so the M4 fault-injection proofs keep exe...
236 | | /// this exact path.
    | |_-------------------^
    |   |
    |   rustdoc does not generate documentation for macro invocations
    |
    = help: to document an item produced by a macro, the macro must produce the documentation as part of its expansion
    = note: `#[warn(unused_doc_comments)]` (part of `#[warn(unused)]`) on by default

warning: `agentgres` (lib) generated 1 warning
warning: `agentgres` (lib test) generated 1 warning (1 duplicate)
    Finished `test` profile [unoptimized + debuginfo] target(s) in 2m 28s
     Running unittests src/lib.rs (target/debug/deps/agentgres-0c1f695b4e5fe2c4)

running 14 tests
test consequence::tests::unsupported_resource_cannot_authorize_irreversible_at_most_once_policy ... ok
test consequence::tests::authorization_token_and_both_fence_forms_fail_closed ... ok
test consequence::tests::forged_resource_evidence_cannot_create_transferable_attribution ... ok
test consequence::tests::ambiguous_result_reconciles_same_key_without_blind_replay ... ok
test consequence::tests::query_unanimity_effect_requires_matching_immediate_online_authorization ... ok
test consequence::tests::receipt_commits_intent_outcome_and_reconciliation_evidence ... ok
test consequence::tests::clear_execution_and_duplicate_delivery_mutate_the_resource_once ... ok
test consequence::tests::crash_after_external_call_recovers_by_lookup_and_never_calls_twice ... ok
test consequence::tests::reconciliation_is_bounded_and_never_becomes_mutation_authority ... ok
test consequence::tests::ambiguity_is_not_attributed_but_signed_contradiction_is_transferable ... ok
test consequence::tests::runtime_traces_conform_to_the_formal_clear_and_ambiguous_paths ... ok
test consequence::tests::permanently_stalled_seal_domain_does_not_block_unrelated_effects ... ok
test consequence::tests::every_persistence_and_invocation_boundary_is_restart_safe ... ok
test consequence::tests::durable_pq_register_is_cross_instance_at_most_once_and_evidence_verified ... ok

test result: ok. 14 passed; 0 failed; 0 ignored; 0 measured; 87 filtered out; finished in 3.45s

     Running unittests src/bin/bench.rs (target/debug/deps/substrate_bench-d75e9f33ef35cb17)

running 0 tests

test result: ok. 0 passed; 0 failed; 0 ignored; 0 measured; 0 filtered out; finished in 0.00s

     Running unittests src/bin/parity.rs (target/debug/deps/substrate_parity-a5a43088b662f742)

running 0 tests

test result: ok. 0 passed; 0 failed; 0 ignored; 0 measured; 0 filtered out; finished in 0.00s

     Running unittests src/bin/replica.rs (target/debug/deps/substrate_replica-23d9c0efd2999dd2)

running 0 tests

test result: ok. 0 passed; 0 failed; 0 ignored; 0 measured; 0 filtered out; finished in 0.00s

     Running unittests src/bin/shadow.rs (target/debug/deps/substrate_shadow-16332adb9fb504d1)

running 0 tests

test result: ok. 0 passed; 0 failed; 0 ignored; 0 measured; 0 filtered out; finished in 0.00s

