   Compiling proc-macro2 v1.0.106
   Compiling quote v1.0.44
   Compiling unicode-ident v1.0.24
   Compiling cfg-if v1.0.4
   Compiling libc v0.2.182
   Compiling serde_core v1.0.228
   Compiling version_check v0.9.5
   Compiling serde v1.0.228
   Compiling memchr v2.8.0
   Compiling value-bag v1.12.0
   Compiling pin-project-lite v0.2.16
   Compiling autocfg v1.5.0
   Compiling smallvec v1.15.1
   Compiling futures-core v0.3.32
   Compiling once_cell v1.21.3
   Compiling futures-io v0.3.32
   Compiling typenum v1.20.1
   Compiling zerocopy v0.8.39
   Compiling slab v0.4.12
   Compiling futures-sink v0.3.32
   Compiling shlex v1.3.0
   Compiling parking_lot_core v0.9.12
   Compiling find-msvc-tools v0.1.9
   Compiling scopeguard v1.2.0
   Compiling stable_deref_trait v1.2.1
   Compiling futures-task v0.3.32
   Compiling futures-channel v0.3.32
   Compiling subtle v2.6.1
   Compiling itoa v1.0.17
   Compiling log v0.4.29
   Compiling lock_api v0.4.14
   Compiling bitflags v1.3.2
   Compiling crossbeam-utils v0.8.21
   Compiling generic-array v0.14.9
   Compiling anyhow v1.0.101
   Compiling syn v1.0.109
   Compiling byteorder v1.5.0
   Compiling thiserror v1.0.69
   Compiling tracing-core v0.1.36
   Compiling cpufeatures v0.2.17
   Compiling percent-encoding v2.3.2
   Compiling writeable v0.6.2
   Compiling static_assertions v1.1.0
   Compiling litemap v0.8.1
   Compiling icu_properties_data v2.1.2
   Compiling icu_normalizer_data v2.1.1
   Compiling thiserror v2.0.18
   Compiling either v1.15.0
   Compiling pkg-config v0.3.32
   Compiling fnv v1.0.7
   Compiling form_urlencoded v1.2.2
   Compiling utf8_iter v1.0.4
   Compiling equivalent v1.0.2
   Compiling core2 v0.4.0
   Compiling semver v1.0.27
   Compiling arrayvec v0.7.6
   Compiling libm v0.2.16
   Compiling getrandom v0.3.4
   Compiling num-traits v0.2.19
   Compiling hashbrown v0.16.1
   Compiling allocator-api2 v0.2.21
   Compiling paste v1.0.15
   Compiling vcpkg v0.2.15
   Compiling zmij v1.0.21
   Compiling rustc_version v0.4.1
   Compiling data-encoding v2.10.0
   Compiling serde_json v1.0.149
   Compiling httparse v1.10.1
   Compiling getrandom v0.1.16
   Compiling parking v2.2.1
   Compiling syn v2.0.116
   Compiling concurrent-queue v2.5.0
   Compiling hex v0.4.3
   Compiling rustversion v1.0.22
   Compiling unsigned-varint v0.8.0
   Compiling signature v2.2.0
   Compiling quick-protobuf v0.8.1
   Compiling curve25519-dalek v4.1.3
   Compiling futures-timer v3.0.3
   Compiling ed25519 v2.2.3
   Compiling heck v0.5.0
   Compiling crypto-common v0.1.6
   Compiling block-buffer v0.10.4
   Compiling const-str v0.4.3
   Compiling indexmap v2.13.0
   Compiling jobserver v0.1.34
   Compiling ryu v1.0.23
   Compiling multihash v0.19.3
   Compiling base-x v0.2.11
   Compiling digest v0.10.7
   Compiling simd-adler32 v0.3.8
   Compiling bs58 v0.5.1
   Compiling memoffset v0.7.1
   Compiling fastrand v2.3.0
   Compiling web-time v1.1.0
   Compiling siphasher v0.3.11
   Compiling unsigned-varint v0.7.2
   Compiling arrayref v0.3.9
   Compiling tower-service v0.3.3
   Compiling cc v1.2.56
   Compiling sha2 v0.10.9
   Compiling hmac v0.12.1
   Compiling atomic-waker v1.1.2
   Compiling void v1.0.2
   Compiling adler2 v2.0.1
   Compiling crc32fast v1.5.0
   Compiling lazy_static v1.5.0
   Compiling getrandom v0.2.17
   Compiling hkdf v0.12.4
   Compiling aho-corasick v1.1.4
   Compiling ahash v0.8.12
   Compiling encoding_rs v0.8.35
   Compiling regex-syntax v0.8.9
   Compiling miniz_oxide v0.8.9
   Compiling openssl v0.10.75
   Compiling foreign-types-shared v0.1.1
   Compiling rustix v1.1.3
   Compiling event-listener v5.4.1
   Compiling foreign-types v0.3.2
   Compiling rand_core v0.6.4
   Compiling httpdate v1.0.3
   Compiling foldhash v0.1.5
   Compiling linux-raw-sys v0.11.0
   Compiling errno v0.3.14
   Compiling socket2 v0.5.10
   Compiling mio v1.1.1
   Compiling parking_lot v0.12.5
   Compiling signal-hook-registry v1.4.8
   Compiling nix v0.26.4
   Compiling base64 v0.22.1
   Compiling mime v0.3.17
   Compiling dtoa v1.0.11
   Compiling native-tls v0.2.18
   Compiling flate2 v1.1.9
   Compiling event-listener-strategy v0.5.4
   Compiling hashbrown v0.15.5
   Compiling futures-lite v2.6.1
   Compiling bytemuck v1.25.0
   Compiling bitflags v2.11.0
   Compiling dcrypt-internal v4.0.1
   Compiling openssl-probe v0.2.1
   Compiling cmake v0.1.57
   Compiling crossbeam-epoch v0.9.18
   Compiling instant v0.1.13
   Compiling tinyvec_macros v0.1.1
   Compiling dcrypt-api v4.0.1
   Compiling rayon-core v1.13.0
   Compiling fs_extra v1.3.0
   Compiling tinyvec v1.10.0
   Compiling rand_core v0.9.5
   Compiling ipnet v2.11.0
   Compiling dcrypt-common v4.0.1
   Compiling crossbeam-deque v0.8.6
   Compiling async-task v4.7.1
   Compiling dcrypt-params v4.0.1
   Compiling untrusted v0.9.0
   Compiling event-listener v2.5.3
   Compiling dcrypt-algorithms v4.0.1
   Compiling num-integer v0.1.46
   Compiling lru v0.12.5
   Compiling async-channel v2.5.0
   Compiling openssl-sys v0.9.111
   Compiling ring v0.17.14
   Compiling base64 v0.21.7
   Compiling proc-macro-hack v0.5.20+deprecated
   Compiling try-lock v0.2.5
   Compiling piper v0.2.4
   Compiling winnow v0.7.14
   Compiling want v0.3.1
   Compiling siphasher v1.0.2
   Compiling new_debug_unreachable v1.0.6
   Compiling rand_core v0.5.1
   Compiling blocking v1.6.2
   Compiling phf_shared v0.11.3
   Compiling snow v0.9.6
   Compiling prometheus-client v0.22.3
   Compiling nohash-hasher v0.2.0
   Compiling regex-automata v0.4.14
   Compiling rayon v1.11.0
   Compiling toml_datetime v0.7.5+spec-1.1.0
   Compiling async-executor v1.14.0
   Compiling unicode-xid v0.2.6
   Compiling dunce v1.0.5
   Compiling pin-utils v0.1.0
   Compiling const_format_proc_macros v0.2.34
   Compiling aws-lc-sys v0.37.1
   Compiling rand_pcg v0.2.1
   Compiling parity-scale-codec v3.7.5
   Compiling itertools v0.14.0
   Compiling async-io v2.6.0
   Compiling prettyplease v0.2.37
   Compiling schemars v0.8.22
   Compiling sync_wrapper v0.1.2
   Compiling hex_fmt v0.3.0
   Compiling serde_bytes v0.11.19
   Compiling phf_shared v0.8.0
   Compiling getrandom v0.4.1
   Compiling waker-fn v1.2.0
   Compiling dyn-clone v1.0.20
   Compiling fastrand v1.9.0
   Compiling ryu-js v0.2.2
   Compiling byte-slice-cast v1.2.3
   Compiling const_format v0.2.35
   Compiling synstructure v0.13.2
   Compiling serde_derive_internals v0.29.1
   Compiling io-lifetimes v1.0.11
   Compiling futures-lite v1.13.0
   Compiling rustls-pemfile v1.0.4
   Compiling num-bigint v0.4.6
   Compiling async-lock v3.4.2
   Compiling nom v8.0.0
   Compiling polling v2.8.0
   Compiling ahash v0.7.8
   Compiling termcolor v1.4.1
   Compiling aws-lc-rs v1.15.4
   Compiling opaque-debug v0.3.1
   Compiling rustix v0.37.28
   Compiling tower-layer v0.3.3
   Compiling async-lock v2.8.0
   Compiling zip v0.6.6
   Compiling async-io v1.13.0
   Compiling standback v0.2.17
   Compiling toml_datetime v0.6.11
   Compiling winnow v0.5.40
   Compiling linux-raw-sys v0.3.8
   Compiling socket2 v0.4.10
   Compiling cipher v0.2.5
   Compiling itertools v0.12.1
   Compiling utf-8 v0.7.6
   Compiling dcrypt-sign v4.0.1
   Compiling dcrypt-kem v4.0.1
   Compiling dcrypt-symmetric v4.0.1
   Compiling dcrypt-pke v4.0.1
   Compiling lexical-core v0.7.6
   Compiling hashbrown v0.12.3
   Compiling async-attributes v1.1.2
   Compiling num-rational v0.4.2
   Compiling zvariant_utils v1.0.1
   Compiling async-channel v1.9.0
   Compiling symphonia-core v0.5.5
   Compiling phf_shared v0.10.0
   Compiling serde_derive v1.0.228
   Compiling zerocopy-derive v0.8.39
   Compiling futures-macro v0.3.32
   Compiling zerofrom-derive v0.1.6
   Compiling yoke-derive v0.8.1
   Compiling tokio-macros v2.4.0
   Compiling thiserror-impl v1.0.69
   Compiling zerovec-derive v0.11.2
   Compiling tracing-attributes v0.1.31
   Compiling displaydoc v0.2.5
   Compiling futures-util v0.3.32
   Compiling thiserror-impl v2.0.18
   Compiling zeroize_derive v1.4.3
   Compiling pin-project-internal v1.1.10
   Compiling async-trait v0.1.89
   Compiling curve25519-dalek-derive v0.1.1
   Compiling zerofrom v0.1.6
   Compiling match-lookup v0.1.2
   Compiling yoke v0.8.1
   Compiling data-encoding-macro-internal v0.1.17
   Compiling openssl-macros v0.1.1
   Compiling zerovec v0.11.5
   Compiling zerotrie v0.2.3
   Compiling zeroize v1.8.2
   Compiling base256emoji v1.0.2
   Compiling netlink-packet-utils v0.5.2
   Compiling data-encoding-macro v0.1.19
   Compiling libp2p-swarm-derive v0.34.2
   Compiling regex v1.12.3
   Compiling multibase v0.9.2
   Compiling tracing v0.1.44
   Compiling netlink-packet-core v0.7.0
   Compiling prometheus-client-derive-encode v0.4.2
   Compiling enum-as-inner v0.6.1
   Compiling polling v3.11.0
   Compiling pin-project v1.1.10
   Compiling netlink-packet-route v0.17.1
   Compiling dcrypt-hybrid v4.0.1
   Compiling prost-derive v0.13.5
   Compiling impl-trait-for-tuples v0.2.3
   Compiling tinystr v0.8.2
   Compiling potential_utf v0.1.4
   Compiling schemars_derive v0.8.22
   Compiling icu_locale_core v2.1.1
   Compiling icu_collections v2.1.1
   Compiling dcrypt v4.0.1
   Compiling rustls-pki-types v1.14.0
   Compiling equator-macro v0.4.2
   Compiling ts-rs-macros v12.0.1
   Compiling ed25519-dalek v2.2.0
   Compiling x25519-dalek v2.0.1
   Compiling equator v0.4.2
   Compiling async-signal v0.2.13
   Compiling toml_parser v1.0.8+spec-1.1.0
   Compiling toml_edit v0.19.15
   Compiling aligned-vec v0.6.4
   Compiling icu_provider v2.1.1
   Compiling async-process v2.5.0
   Compiling async-global-executor v2.4.1
   Compiling v_frame v0.3.9
   Compiling toml_edit v0.23.10+spec-1.0.0
   Compiling prost-derive v0.12.6
   Compiling icu_properties v2.1.2
   Compiling icu_normalizer v2.1.1
   Compiling digest v0.9.0
   Compiling futures-executor v0.3.32
   Compiling futures-bounded v0.2.4
   Compiling universal-hash v0.4.0
   Compiling bytes v1.11.1
   Compiling serde_urlencoded v0.7.1
   Compiling futures v0.3.32
   Compiling rw-stream-sink v0.4.0
   Compiling futures-ticker v0.0.3
   Compiling serde_jcs v0.1.0
   Compiling proc-macro-crate v3.4.0
   Compiling bcs v0.1.6
   Compiling kv-log-macro v1.0.7
   Compiling indexmap v1.9.3
   Compiling nom v5.1.3
   Compiling as-slice v0.2.1
   Compiling arrayvec v0.5.2
   Compiling rustls v0.23.36
   Compiling tokio v1.42.0
   Compiling multistream-select v0.13.0
   Compiling http v0.2.12
   Compiling asynchronous-codec v0.7.0
   Compiling prost v0.13.5
   Compiling ppv-lite86 v0.2.21
   Compiling idna_adapter v1.2.1
   Compiling proc-macro-crate v1.3.1
   Compiling http v1.4.0
   Compiling parity-scale-codec-derive v3.7.5
   Compiling idna v1.1.0
   Compiling quick-protobuf-codec v0.3.1
   Compiling const_fn v0.4.11
   Compiling hashbrown v0.14.5
   Compiling precomputed-hash v0.1.1
   Compiling rand_chacha v0.3.1
   Compiling rand_chacha v0.9.0
   Compiling weezl v0.1.12
   Compiling rustix v0.38.44
   Compiling ts-rs v12.0.1
   Compiling av-scenechange v0.14.1
   Compiling cpuid-bool v0.2.0
   Compiling glob v0.3.3
   Compiling built v0.8.0
   Compiling polyval v0.4.5
   Compiling rand v0.8.5
   Compiling url v2.5.8
   Compiling rand v0.9.2
   Compiling clang-sys v1.8.1
   Compiling http-body v0.4.6
   Compiling dashmap v5.5.3
   Compiling http-body v1.0.1
   Compiling rav1e v0.8.1
   Compiling aligned v0.4.3
   Compiling async-std v1.13.2
   Compiling profiling-procmacros v1.0.17
   Compiling arg_enum_proc_macro v0.3.4
   Compiling enumflags2_derive v0.7.12
   Compiling time-macros-impl v0.1.2
   Compiling aes-soft v0.6.4
   Compiling sha1 v0.10.6
   Compiling libp2p-identity v0.2.13
   Compiling yamux v0.13.8
   Compiling hickory-proto v0.24.4
   Compiling yamux v0.12.1
   Compiling crypto-mac v0.10.0
   Compiling time v0.2.27
   Compiling object v0.37.3
   Compiling mac v0.1.1
   Compiling y4m v0.8.0
   Compiling quick-error v2.0.1
   Compiling linux-raw-sys v0.4.15
   Compiling multiaddr v0.18.2
   Compiling pastey v0.1.1
   Compiling time-macros v0.1.1
   Compiling futf v0.1.5
   Compiling enumflags2 v0.7.12
   Compiling hmac v0.10.1
   Compiling aes v0.6.0
   Compiling profiling v1.0.17
   Compiling zvariant_derive v3.15.2
   Compiling ghash v0.3.1
   Compiling half v2.7.1
   Compiling av1-grain v0.2.5
   Compiling libp2p-core v0.41.3
   Compiling symphonia-metadata v0.5.5
   Compiling fax_derive v0.2.0
   Compiling num-derive v0.4.2
   Compiling ctr v0.6.0
   Compiling num-complex v0.4.6
   Compiling aead v0.3.2
   Compiling block-buffer v0.9.0
   Compiling simd_helpers v0.1.0
   Compiling bitstream-io v4.9.0
   Compiling async-fs v1.6.0
   Compiling cookie v0.14.4
   Compiling zune-core v0.4.12
   Compiling base64 v0.13.1
   Compiling matchit v0.7.3
   Compiling noop_proc_macro v0.3.0
   Compiling imgref v1.12.0
   Compiling minimal-lexical v0.2.1
   Compiling zune-jpeg v0.4.21
   Compiling zvariant v3.15.2
   Compiling fax v0.2.6
   Compiling loop9 v0.1.5
   Compiling prost v0.12.6
   Compiling libp2p-yamux v0.45.2
   Compiling nom v7.1.3
   Compiling sha2 v0.9.9
   Compiling aes-gcm v0.8.0
   Compiling libp2p-noise v0.44.0
   Compiling rand_chacha v0.2.2
   Compiling tendril v0.4.3
   Compiling hkdf v0.10.0
   Compiling string_cache v0.8.9
   Compiling cssparser-macros v0.6.1
   Compiling pxfm v0.1.27
   Compiling dtoa-short v0.3.5
   Compiling fdeflate v0.3.7
   Compiling zune-inflate v0.2.54
   Compiling block-padding v0.3.3
   Compiling avif-serialize v0.8.8
   Compiling libloading v0.8.9
   Compiling powerfmt v0.2.0
   Compiling zune-core v0.5.1
   Compiling time-core v0.1.2
   Compiling fixedbitset v0.4.2
   Compiling byteorder-lite v0.1.0
   Compiling lebe v0.5.3
   Compiling http-types v2.12.0
   Compiling bit_field v0.10.3
   Compiling bindgen v0.71.1
   Compiling num-conv v0.1.0
   Compiling color_quant v1.1.0
   Compiling rgb v0.8.52
   Compiling petgraph v0.6.5
   Compiling tempfile v3.25.0
   Compiling time-macros v0.2.19
   Compiling zune-jpeg v0.5.12
   Compiling exr v1.74.0
   Compiling gif v0.14.1
   Compiling deranged v0.3.11
   Compiling png v0.18.1
   Compiling image-webp v0.2.4
   Compiling inout v0.1.4
   Compiling cexpr v0.6.0
   Compiling rand v0.7.3
   Compiling tiff v0.10.3
   Compiling prost-types v0.12.6
   Compiling tokio-util v0.7.17
   Compiling libp2p-swarm v0.44.2
   Compiling netlink-sys v0.8.8
   Compiling tokio-native-tls v0.3.1
   Compiling zbus_macros v3.15.2
   Compiling netlink-proto v0.11.5
   Compiling http-body-util v0.1.3
   Compiling serde_qs v0.8.5
   Compiling async-recursion v1.1.1
   Compiling serde_repr v0.1.20
   Compiling ptr_meta_derive v0.1.4
   Compiling rtnetlink v0.13.1
   Compiling derivative v2.2.0
   Compiling h2 v0.3.27
   Compiling tower v0.4.13
   Compiling async-broadcast v0.5.1
   Compiling qoi v0.4.1
   Compiling axum-core v0.3.4
   Compiling xdg-home v1.3.0
   Compiling quick-xml v0.30.0
   Compiling itertools v0.13.0
   Compiling maybe-rayon v0.1.1
   Compiling zbus_names v2.6.1
   Compiling moxcms v0.7.11
   Compiling ordered-stream v0.2.0
   Compiling multimap v0.10.1
   Compiling sync_wrapper v1.0.2
   Compiling libp2p-connection-limits v0.3.1
   Compiling libp2p-gossipsub v0.46.1
   Compiling libp2p-allow-block-list v0.3.0
   Compiling libp2p-identify v0.44.2
   Compiling libp2p-request-response v0.26.3
   Compiling ar_archive_writer v0.5.1
   Compiling ttf-parser v0.25.1
   Compiling unicase v2.9.0
   Compiling convert_case v0.4.0
   Compiling rustc-hash v2.1.1
   Compiling protobuf v2.28.0
   Compiling bytecheck v0.6.12
   Compiling infer v0.2.3
   Compiling cfg_aliases v0.2.1
   Compiling procfs v0.16.0
   Compiling nix v0.30.1
   Compiling phf_generator v0.8.0
   Compiling phf_generator v0.11.3
   Compiling phf_generator v0.10.0
   Compiling phf_codegen v0.8.0
   Compiling phf_macros v0.8.0
   Compiling derive_more v0.99.20
   Compiling string_cache_codegen v0.5.4
   Compiling phf_codegen v0.10.0
   Compiling time v0.3.37
   Compiling mime_guess v2.0.5
   Compiling xcb v1.7.0
   Compiling prost-build v0.12.6
   Compiling psm v0.1.30
   Compiling ptr_meta v0.1.4
   Compiling hyper v1.8.1
   Compiling markup5ever v0.10.1
   Compiling zbus v3.15.2
   Compiling cipher v0.4.4
   Compiling phf v0.8.0
   Compiling config v0.10.1
   Compiling symphonia-utils-xiph v0.5.5
   Compiling cssparser v0.27.2
   Compiling bytecheck_derive v0.6.12
   Compiling async-dup v1.2.4
   Compiling libsqlite3-sys v0.30.1
   Compiling procfs-core v0.16.0
   Compiling safe_arch v0.7.4
   Compiling axum v0.6.20
   Compiling num_cpus v1.17.0
   Compiling crossbeam-queue v0.3.12
   Compiling libdbus-sys v0.2.7
   Compiling fxhash v0.2.1
   Compiling matrixmultiply v0.3.10
   Compiling memoffset v0.6.5
   Compiling simdutf8 v0.1.5
   Compiling cfg_aliases v0.1.1
   Compiling strength_reduce v0.2.4
   Compiling prometheus v0.13.4
   Compiling rend v0.4.2
   Compiling transpose v0.2.3
   Compiling nix v0.28.0
   Compiling deadpool v0.7.0
   Compiling async-h1 v2.3.4
   Compiling hyper v0.14.32
   Compiling wide v0.7.33
   Compiling hyper-util v0.1.20
   Compiling phf v0.10.1
   Compiling tonic-build v0.11.0
   Compiling if-watch v3.2.1
   Compiling markup5ever v0.11.0
   Compiling selectors v0.22.0
   Compiling phf_macros v0.11.3
   Compiling libp2p-mdns v0.45.1
   Compiling libp2p-tcp v0.41.0
   Compiling axum-core v0.4.5
   Compiling tower v0.5.3
   Compiling tokio-io-timeout v1.2.1
   Compiling async-native-tls v0.3.3
   Compiling tracing-serde v0.2.0
   Compiling chromiumoxide_types v0.5.2
   Compiling matchers v0.2.0
   Compiling async-stream-impl v0.3.6
   Compiling html5ever v0.25.2
   Compiling primal-check v0.3.4
   Compiling libp2p v0.53.2
   Compiling stacker v0.1.23
   Compiling approx v0.5.1
   Compiling serde_path_to_error v0.1.20
   Compiling sharded-slab v0.1.7
   Compiling tracing-log v0.2.0
   Compiling thread_local v1.1.9
   Compiling ioi-types v0.1.0 (/tmp/ioi-m17q-daybreak.u6nAwg/review-clone/crates/types)
   Compiling rkyv v0.7.46
   Compiling redb v1.5.2
   Compiling nu-ansi-term v0.50.3
   Compiling matches v0.1.10
   Compiling itoa v0.4.8
   Compiling rawpointer v0.2.1
   Compiling heck v0.4.1
   Compiling ab_glyph_rasterizer v0.1.10
   Compiling option-ext v0.2.0
   Compiling nodrop v0.1.14
   Compiling ravif v0.12.0
   Compiling servo_arc v0.1.1
   Compiling dirs-sys v0.4.1
   Compiling tracing-subscriber v0.3.22
   Compiling chromiumoxide_pdl v0.5.2
   Compiling simba v0.8.1
   Compiling axum v0.7.9
   Compiling async-stream v0.3.6
   Compiling rustfft v6.4.1
   Compiling ioi-ipc v0.2.0 (/tmp/ioi-m17q-daybreak.u6nAwg/review-clone/crates/ipc)
   Compiling http-client v6.5.3
   Compiling phf v0.11.3
   Compiling whisper-rs-sys v0.14.1
   Compiling owned_ttf_parser v0.25.1
   Compiling selectors v0.25.0
   Compiling tower-http v0.5.2
   Compiling tokio-stream v0.1.18
   Compiling tungstenite v0.20.1
   Compiling hashlink v0.9.1
   Compiling hyper-tls v0.5.0
   Compiling reqwest v0.11.27
   Compiling hyper-timeout v0.4.1
   Compiling atspi-common v0.3.0
   Compiling bincode v1.3.3
   Compiling gethostname v1.1.0
   Compiling html5ever v0.26.0
   Compiling rkyv_derive v0.7.46
   Compiling num-iter v0.1.45
   Compiling unicode-normalization v0.1.25
   Compiling image v0.25.9
   Compiling lzma-sys v0.1.20
   Compiling memmap2 v0.8.0
   Compiling home v0.5.12
   Compiling thin-slice v0.1.1
   Compiling unicode-bidi v0.3.18
   Compiling pom v1.1.0
   Compiling fallible-iterator v0.3.0
   Compiling bytecount v0.6.9
   Compiling xkeysym v0.2.1
   Compiling rust_decimal v1.42.1
   Compiling fallible-streaming-iterator v0.1.9
   Compiling ttf-parser v0.15.2
   Compiling seahash v4.1.0
   Compiling x11rb-protocol v0.13.2
   Compiling unicode-properties v0.1.4
   Compiling stringprep v0.1.5
   Compiling nalgebra v0.32.6
   Compiling xkbcommon v0.7.0
   Compiling rustdct v0.7.1
   Compiling nom_locate v5.0.0
   Compiling which v4.4.2
   Compiling ioi-telemetry v0.1.0 (/tmp/ioi-m17q-daybreak.u6nAwg/review-clone/crates/telemetry)
   Compiling num v0.4.3
   Compiling async-tungstenite v0.23.0
   Compiling ab_glyph v0.2.32
   Compiling nix v0.23.2
   Compiling dbus v0.9.10
   Compiling atspi-proxies v0.3.0
   Compiling owned_ttf_parser v0.15.2
   Compiling tonic v0.11.0
   Compiling os_info v3.14.0
   Compiling surf v2.3.2
   Compiling cssparser v0.31.2
   Compiling chromiumoxide_cdp v0.5.2
   Compiling directories v5.0.1
   Compiling cbc v0.1.2
   Compiling ecb v0.1.2
   Compiling aes v0.8.4
   Compiling sysinfo v0.32.1
   Compiling rand_distr v0.4.3
   Compiling webpki-roots v1.0.6
   Compiling filedescriptor v0.8.3
   Compiling serial2 v0.2.34
   Compiling md-5 v0.10.6
   Compiling atspi-connection v0.3.0
   Compiling x11rb v0.13.2
   Compiling servo_arc v0.3.0
   Compiling extended v0.1.0
   Compiling downcast-rs v1.2.1
   Compiling whisper-rs v0.15.1
   Compiling shell-words v1.1.1
   Compiling same-file v1.0.6
   Compiling unicode-width v0.2.2
   Compiling unsafe-libyaml v0.2.11
   Compiling iana-time-zone v0.1.65
   Compiling rangemap v1.7.1
   Compiling getopts v0.2.24
   Compiling lopdf v0.38.0
   Compiling walkdir v2.5.0
   Compiling serde_yaml_ng v0.10.0
   Compiling chrono v0.4.43
   Compiling portable-pty v0.9.0
   Compiling arboard v3.6.1
   Compiling symphonia-format-riff v0.5.5
   Compiling atspi v0.19.0
   Compiling image_hasher v2.0.0
   Compiling xcap v0.0.14 (/tmp/ioi-m17q-daybreak.u6nAwg/review-clone/third_party/cargo-patches/xcap-0.0.14)
   Compiling shared_memory v0.12.4
   Compiling webpki-roots v0.26.11
   Compiling chromiumoxide_fetcher v0.5.3
   Compiling chumsky v0.9.3
   Compiling rusttype v0.9.3
   Compiling kuchiki v0.8.1
   Compiling imageproc v0.25.0
   Compiling enigo v0.2.1
   Compiling type1-encoding-parser v0.1.1
   Compiling adobe-cmap-parser v0.4.1
   Compiling active-win-pos-rs v0.8.4
   Compiling uuid v1.21.0
   Compiling symphonia-format-mkv v0.5.5
   Compiling symphonia-codec-vorbis v0.5.5
   Compiling symphonia-format-isomp4 v0.5.5
   Compiling symphonia-format-ogg v0.5.5
   Compiling imap-proto v0.10.2 (/tmp/ioi-m17q-daybreak.u6nAwg/review-clone/third_party/cargo-patches/imap-proto-0.10.2)
   Compiling symphonia-bundle-mp3 v0.5.5
   Compiling serde_spanned v0.6.9
   Compiling rustls-pemfile v2.2.0
   Compiling symphonia-codec-aac v0.5.5
   Compiling xattr v1.6.1
   Compiling euclid v0.20.14
   Compiling email-encoding v0.4.1
   Compiling arc-swap v1.8.2
   Compiling fs2 v0.4.3
   Compiling socket2 v0.6.2
   Compiling wait-timeout v0.2.1
   Compiling filetime v0.2.27
   Compiling hostname v0.4.2
   Compiling html2md-rs v0.10.2
   Compiling bufstream v0.1.4
   Compiling email_address v0.2.9
   Compiling postscript v0.14.1
   Compiling cff-parser v0.1.0
   Compiling toml_write v0.1.2
   Compiling ego-tree v0.6.3
   Compiling quoted_printable v0.5.1
   Compiling accesskit v0.16.3
   Compiling scraper v0.18.1
   Compiling lettre v0.11.19
   Compiling pdf-extract v0.10.0
   Compiling imap v2.4.1
   Compiling tar v0.4.44
   Compiling symphonia v0.5.5
   Compiling xz2 v0.1.7
   Compiling fd-lock v4.0.4
   Compiling ioi-macros v0.1.0 (/tmp/ioi-m17q-daybreak.u6nAwg/review-clone/crates/macros)
   Compiling dotenvy v0.15.7
   Compiling zk-types v0.1.0 (/tmp/ioi-m17q-daybreak.u6nAwg/review-clone/crates/plugins/zk-types)
   Compiling bs58 v0.4.0
   Compiling toml_edit v0.22.27
   Compiling toml v0.8.23
   Compiling rustls-webpki v0.103.9
   Compiling tokio-rustls v0.26.4
   Compiling rusqlite v0.32.1
   Compiling ioi-memory v0.1.0 (/tmp/ioi-m17q-daybreak.u6nAwg/review-clone/crates/memory)
   Compiling chromiumoxide v0.5.7
warning: structure field `runtimeTruthSource` should have a snake case name
    --> crates/types/src/app/generated/architecture_contracts.rs:5223:9
     |
5223 |     pub runtimeTruthSource: Option<GoalRunV1RuntimeTruthSource>,
     |         ^^^^^^^^^^^^^^^^^^ help: convert the identifier to snake case: `runtime_truth_source`
     |
     = note: `#[warn(non_snake_case)]` (part of `#[warn(nonstandard_style)]`) on by default

warning: structure field `runtimeTruthSource` should have a snake case name
    --> crates/types/src/app/generated/architecture_contracts.rs:9220:9
     |
9220 |     pub runtimeTruthSource: ArtifactAvailabilityIncidentOperationV1Run...
     |         ^^^^^^^^^^^^^^^^^^ help: convert the identifier to snake case: `runtime_truth_source`

warning: structure field `agentgresTruthSource` should have a snake case name
    --> crates/types/src/app/generated/architecture_contracts.rs:9221:9
     |
9221 |     pub agentgresTruthSource: ArtifactAvailabilityIncidentOperationV1A...
     |         ^^^^^^^^^^^^^^^^^^^^ help: convert the identifier to snake case: `agentgres_truth_source`

warning: structure field `runtimeTruthSource` should have a snake case name
    --> crates/types/src/app/generated/architecture_contracts.rs:9480:9
     |
9480 |     pub runtimeTruthSource: ArtifactAvailabilityIncidentV1RuntimeTruth...
     |         ^^^^^^^^^^^^^^^^^^ help: convert the identifier to snake case: `runtime_truth_source`

warning: structure field `runtimeTruthSource` should have a snake case name
    --> crates/types/src/app/generated/architecture_contracts.rs:9718:9
     |
9718 |     pub runtimeTruthSource: ArtifactAvailabilityIncidentV1AgentgresOpe...
     |         ^^^^^^^^^^^^^^^^^^ help: convert the identifier to snake case: `runtime_truth_source`

warning: structure field `agentgresTruthSource` should have a snake case name
    --> crates/types/src/app/generated/architecture_contracts.rs:9719:9
     |
9719 |     pub agentgresTruthSource: ArtifactAvailabilityIncidentV1AgentgresO...
     |         ^^^^^^^^^^^^^^^^^^^^ help: convert the identifier to snake case: `agentgres_truth_source`

warning: structure field `requiresDaemonGate` should have a snake case name
     --> crates/types/src/app/generated/architecture_contracts.rs:26731:9
      |
26731 |     pub requiresDaemonGate: HarnessSessionBindingAdmissionV1RequiresD...
      |         ^^^^^^^^^^^^^^^^^^ help: convert the identifier to snake case: `requires_daemon_gate`

warning: structure field `runtimeTruthSource` should have a snake case name
     --> crates/types/src/app/generated/architecture_contracts.rs:26732:9
      |
26732 |     pub runtimeTruthSource: HarnessSessionBindingAdmissionV1RuntimeTr...
      |         ^^^^^^^^^^^^^^^^^^ help: convert the identifier to snake case: `runtime_truth_source`

warning: structure field `runtimeTruthSource` should have a snake case name
     --> crates/types/src/app/generated/architecture_contracts.rs:27154:9
      |
27154 |     pub runtimeTruthSource: HarnessSessionBindingV1RuntimeTruthSource,
      |         ^^^^^^^^^^^^^^^^^^ help: convert the identifier to snake case: `runtime_truth_source`

warning: structure field `requiresDaemonGate` should have a snake case name
     --> crates/types/src/app/generated/architecture_contracts.rs:27566:9
      |
27566 |     pub requiresDaemonGate: HarnessSessionReadinessV1RequiresDaemonGate,
      |         ^^^^^^^^^^^^^^^^^^ help: convert the identifier to snake case: `requires_daemon_gate`

warning: structure field `runtimeTruthSource` should have a snake case name
     --> crates/types/src/app/generated/architecture_contracts.rs:27567:9
      |
27567 |     pub runtimeTruthSource: HarnessSessionReadinessV1RuntimeTruthSource,
      |         ^^^^^^^^^^^^^^^^^^ help: convert the identifier to snake case: `runtime_truth_source`

warning: structure field `requiresDaemonGate` should have a snake case name
     --> crates/types/src/app/generated/architecture_contracts.rs:27844:9
      |
27844 |     pub requiresDaemonGate: HarnessSessionSpawnV1RequiresDaemonGate,
      |         ^^^^^^^^^^^^^^^^^^ help: convert the identifier to snake case: `requires_daemon_gate`

warning: structure field `runtimeTruthSource` should have a snake case name
     --> crates/types/src/app/generated/architecture_contracts.rs:27845:9
      |
27845 |     pub runtimeTruthSource: HarnessSessionSpawnV1RuntimeTruthSource,
      |         ^^^^^^^^^^^^^^^^^^ help: convert the identifier to snake case: `runtime_truth_source`

warning: structure field `requiresDaemonGate` should have a snake case name
     --> crates/types/src/app/generated/architecture_contracts.rs:28316:9
      |
28316 |     pub requiresDaemonGate: HarnessSessionTerminalAttachV1RequiresDae...
      |         ^^^^^^^^^^^^^^^^^^ help: convert the identifier to snake case: `requires_daemon_gate`

warning: structure field `runtimeTruthSource` should have a snake case name
     --> crates/types/src/app/generated/architecture_contracts.rs:28317:9
      |
28317 |     pub runtimeTruthSource: HarnessSessionTerminalAttachV1RuntimeTrut...
      |         ^^^^^^^^^^^^^^^^^^ help: convert the identifier to snake case: `runtime_truth_source`

warning: structure field `runtimeTruthSource` should have a snake case name
     --> crates/types/src/app/generated/architecture_contracts.rs:28756:9
      |
28756 |     pub runtimeTruthSource:
      |         ^^^^^^^^^^^^^^^^^^ help: convert the identifier to snake case: `runtime_truth_source`

warning: structure field `requiresDaemonGate` should have a snake case name
     --> crates/types/src/app/generated/architecture_contracts.rs:31709:9
      |
31709 |     pub requiresDaemonGate: HypervisorSessionLaunchRecipeAdmissionV1R...
      |         ^^^^^^^^^^^^^^^^^^ help: convert the identifier to snake case: `requires_daemon_gate`

warning: structure field `runtimeTruthSource` should have a snake case name
     --> crates/types/src/app/generated/architecture_contracts.rs:31710:9
      |
31710 |     pub runtimeTruthSource: HypervisorSessionLaunchRecipeAdmissionV1R...
      |         ^^^^^^^^^^^^^^^^^^ help: convert the identifier to snake case: `runtime_truth_source`

warning: structure field `runtimeTruthSource` should have a snake case name
     --> crates/types/src/app/generated/architecture_contracts.rs:93444:9
      |
93444 |     pub runtimeTruthSource: ManagedWorkerInstanceStateV1LastTransitio...
      |         ^^^^^^^^^^^^^^^^^^ help: convert the identifier to snake case: `runtime_truth_source`

   Compiling ioi-api v0.1.0 (/tmp/ioi-m17q-daybreak.u6nAwg/review-clone/crates/api)
   Compiling ioi-pii v0.1.0 (/tmp/ioi-m17q-daybreak.u6nAwg/review-clone/crates/pii)
   Compiling ioi-crypto v0.1.0 (/tmp/ioi-m17q-daybreak.u6nAwg/review-clone/crates/crypto)
   Compiling ioi-storage v0.1.0 (/tmp/ioi-m17q-daybreak.u6nAwg/review-clone/crates/storage)
   Compiling zk-driver-succinct v0.1.0 (/tmp/ioi-m17q-daybreak.u6nAwg/review-clone/crates/plugins/zk-driver-succinct)
   Compiling ioi-system v0.1.0 (/tmp/ioi-m17q-daybreak.u6nAwg/review-clone/crates/system)
warning: unused variable: `public_inputs`
   --> crates/plugins/zk-driver-succinct/src/lib.rs:121:9
    |
121 |         public_inputs: &CanonicalCollapseContinuityPublicInputs,
    |         ^^^^^^^^^^^^^ help: if this is intentional, prefix it with an underscore: `_public_inputs`
    |
    = note: `#[warn(unused_variables)]` (part of `#[warn(unused)]`) on by default

warning: `zk-driver-succinct` (lib) generated 1 warning (run `cargo fix --lib -p zk-driver-succinct` to apply 1 suggestion)
   Compiling ioi-finality v0.1.0 (/tmp/ioi-m17q-daybreak.u6nAwg/review-clone/crates/ioi-finality)
   Compiling ioi-state v0.1.0 (/tmp/ioi-m17q-daybreak.u6nAwg/review-clone/crates/state)
   Compiling ioi-drivers v0.1.0 (/tmp/ioi-m17q-daybreak.u6nAwg/review-clone/crates/drivers)
   Compiling agentgres v0.1.0 (/tmp/ioi-m17q-daybreak.u6nAwg/review-clone/crates/agentgres)
warning: unused doc comment
   --> crates/agentgres/src/event_stream.rs:229:1
    |
229 | / /// Confirm the substrate log is durable on disk.
230 | | ///
231 | | /// The fault-injection hook travels WITH the discipline: a durability
232 | | /// confirmation whose failure path is unreachable in test is a confi...
...   |
235 | | /// pre-lift implementation so the M4 fault-injection proofs keep exe...
236 | | /// this exact path.
    | |_-------------------^
    |   |
    |   rustdoc does not generate documentation for macro invocations
    |
    = help: to document an item produced by a macro, the macro must produce the documentation as part of its expansion
    = note: `#[warn(unused_doc_comments)]` (part of `#[warn(unused)]`) on by default

   Compiling ioi-client v0.2.0 (/tmp/ioi-m17q-daybreak.u6nAwg/review-clone/crates/client)
   Compiling ioi-services v0.1.0 (/tmp/ioi-m17q-daybreak.u6nAwg/review-clone/crates/services)
warning: unused imports: `chat_reply_looks_like_source_candidate_list`, `chat_reply_looks_like_tool_plan`, and `workspace_chat_reply_looks_terminal`
  --> crates/services/src/agentic/runtime/service/tool_execution/processing/phases/execute_tool_phase/tool_outcome.rs:23:5
   |
23 |     chat_reply_looks_like_source_candidate_list, chat_reply_looks_like_tool_plan,
   |     ^^^^^^^^^^^^^^^^^^^^^^^^^^^^^^^^^^^^^^^^^^^  ^^^^^^^^^^^^^^^^^^^^^^^^^^^^^^^
24 |     file_mutation_policy_action_report_candidate, goal_requires_fresh_retrieval_bef...
25 |     source_candidate_chat_reply_blocker, workspace_chat_reply_looks_terminal,
   |                                          ^^^^^^^^^^^^^^^^^^^^^^^^^^^^^^^^^^^
   |
   = note: `#[warn(unused_imports)]` (part of `#[warn(unused)]`) on by default

warning: unused imports: `HandoverAcceptance` and `HandoverApproval`
   --> crates/services/src/guardian_registry/mod.rs:107:55
    |
107 | ...dianWitnessSet, HandoverAcceptance, HandoverApproval,
    |                    ^^^^^^^^^^^^^^^^^^  ^^^^^^^^^^^^^^^^

warning: unused import: `require_identity`
 --> crates/services/src/wallet_network/handlers/identity.rs:6:46
  |
6 |     is_encrypted_secret_payload, load_typed, require_identity, store_typed,
  |                                              ^^^^^^^^^^^^^^^^

warning: `agentgres` (lib) generated 1 warning
warning: `ioi-types` (lib) generated 19 warnings
warning: function `append_event_line` is never used
   --> crates/services/src/agentic/runtime/event_log_bridge.rs:233:4
    |
233 | fn append_event_line(state_dir: &str, event_stream_id: &str, event: &Va...
    |    ^^^^^^^^^^^^^^^^^
    |
    = note: `#[warn(dead_code)]` (part of `#[warn(unused)]`) on by default

warning: method `to_value` is never used
   --> crates/services/src/agentic/runtime/kernel/repository_workflow.rs:195:8
    |
194 | impl RepositoryWorkflowProjectionRecord {
    | --------------------------------------- method in this implementation
195 |     fn to_value(&self) -> Value {
    |        ^^^^^^^^

warning: function `set_array_strings` is never used
   --> crates/services/src/agentic/runtime/kernel/runtime_conversation_artifact_control.rs:570:4
    |
570 | fn set_array_strings(value: &mut Value, key: &str, values: &[String]) {
    |    ^^^^^^^^^^^^^^^^^

warning: method `to_value` is never used
   --> crates/services/src/agentic/runtime/kernel/runtime_lifecycle.rs:196:8
    |
195 | impl RuntimeLifecycleProjectionRecord {
    | ------------------------------------- method in this implementation
196 |     fn to_value(&self) -> Value {
    |        ^^^^^^^^

warning: method `to_value` is never used
   --> crates/services/src/agentic/runtime/kernel/runtime_mcp_serve.rs:635:8
    |
634 | impl RuntimeMcpServeToolCallPlanRecord {
    | -------------------------------------- method in this implementation
635 |     fn to_value(&self) -> Value {
    |        ^^^^^^^^

warning: method `to_value` is never used
   --> crates/services/src/agentic/runtime/kernel/runtime_mcp_serve.rs:664:8
    |
663 | impl RuntimeMcpServeToolResultProjectionRecord {
    | ---------------------------------------------- method in this implementation
664 |     fn to_value(&self) -> Value {
    |        ^^^^^^^^

warning: method `to_value` is never used
   --> crates/services/src/agentic/runtime/kernel/runtime_tool_catalog.rs:144:8
    |
143 | impl RuntimeToolCatalogProjectionRecord {
    | --------------------------------------- method in this implementation
144 |     fn to_value(&self) -> Value {
    |        ^^^^^^^^

warning: method `to_value` is never used
   --> crates/services/src/agentic/runtime/kernel/skill_hook_registry.rs:137:8
    |
136 | impl SkillHookRegistryProjectionRecord {
    | -------------------------------------- method in this implementation
137 |     fn to_value(&self) -> Value {
    |        ^^^^^^^^

warning: function `require_identity` is never used
  --> crates/services/src/wallet_network/support.rs:25:15
   |
25 | pub(super) fn require_identity(state: &dyn StateAccess) -> Result<VaultI...
   |               ^^^^^^^^^^^^^^^^

   Compiling ioi-tx v0.1.0 (/tmp/ioi-m17q-daybreak.u6nAwg/review-clone/crates/tx)
warning: `ioi-services` (lib) generated 12 warnings (run `cargo fix --lib -p ioi-services` to apply 3 suggestions)
   Compiling ioi-consensus v0.1.0 (/tmp/ioi-m17q-daybreak.u6nAwg/review-clone/crates/consensus)
warning: variable does not need to be mutable
 --> crates/consensus/src/aft/guardian_majority/pacemaker/tests.rs:6:9
  |
6 |     let mut pm = Pacemaker::new(Duration::from_millis(100));
  |         ----^^
  |         |
  |         help: remove this `mut`
  |
  = note: `#[warn(unused_mut)]` (part of `#[warn(unused)]`) on by default

warning: function `pq_fallback_trigger` is never used
   --> crates/consensus/src/aft/guardian_majority/tests_parts/authenticated_runtime.rs:306:4
    |
306 | fn pq_fallback_trigger(
    |    ^^^^^^^^^^^^^^^^^^^
    |
    = note: `#[warn(dead_code)]` (part of `#[warn(unused)]`) on by default

warning: `ioi-consensus` (lib test) generated 2 warnings (run `cargo fix --lib -p ioi-consensus --tests` to apply 1 suggestion)
    Finished `release` profile [optimized] target(s) in 13m 44s
     Running unittests src/lib.rs (target/release/deps/ioi_consensus-a011458398746cb6)

running 1 test
test aft::query_unanimity::tests::m16q_profiles_mldsa_signing_and_durable_write_before_reply has been running for over 60 seconds
[M16Q-COMPONENTS] schema=ioi.aft.m16q.component-timing.v1 fields=samples,min_us,p50_us,p95_us,p99_us,max_us mldsa44_sign_4096b=[256, 169204, 248829, 285280, 309834, 322687] durable_write_before_reply_hash_signer=[256, 20674, 40341, 55181, 575570, 743711] durable_write_before_reply_mldsa44=[256, 188106, 298091, 350685, 568642, 666662] durability=file_sync_all+atomic_rename+parent_directory_sync+separately_anchored_second_atomic_persist
test aft::query_unanimity::tests::m16q_profiles_mldsa_signing_and_durable_write_before_reply ... ok

test result: ok. 1 passed; 0 failed; 0 ignored; 0 measured; 240 filtered out; finished in 151.69s

