   Compiling typenum v1.20.1
   Compiling zerocopy-derive v0.8.39
   Compiling cmov v0.5.4
   Compiling getrandom v0.4.1
   Compiling rand_core v0.10.1
   Compiling const-oid v0.10.2
   Compiling keccak v0.2.2
   Compiling num-traits v0.2.19
   Compiling cpufeatures v0.3.1
   Compiling sponge-cursor v0.1.0
   Compiling ctutils v0.4.2
   Compiling tempfile v3.25.0
   Compiling generic-array v0.14.9
   Compiling hybrid-array v0.4.14
   Compiling zerocopy v0.8.39
   Compiling block-buffer v0.10.4
   Compiling crypto-common v0.1.6
   Compiling digest v0.10.7
   Compiling curve25519-dalek v4.1.3
   Compiling hmac v0.12.1
   Compiling sha2 v0.10.9
   Compiling block-buffer v0.12.1
   Compiling crypto-common v0.2.2
   Compiling module-lattice v0.2.3
   Compiling hkdf v0.12.4
   Compiling der v0.8.1
   Compiling digest v0.11.3
   Compiling signature v3.0.0
   Compiling sha3 v0.11.0
   Compiling hmac v0.13.0
   Compiling sha2 v0.11.0
   Compiling shake v0.1.0
   Compiling ed25519-dalek v2.2.0
   Compiling x25519-dalek v2.0.1
   Compiling spki v0.8.0
   Compiling pkcs8 v0.11.0
   Compiling ml-dsa v0.1.1
   Compiling ppv-lite86 v0.2.21
   Compiling slh-dsa v0.2.0-rc.5
   Compiling rand_chacha v0.3.1
   Compiling rand_chacha v0.9.0
   Compiling rand v0.8.5
   Compiling rand v0.9.2
   Compiling libp2p-identity v0.2.13
   Compiling hickory-proto v0.24.4
   Compiling yamux v0.12.1
   Compiling yamux v0.13.8
   Compiling multiaddr v0.18.2
   Compiling libp2p-core v0.41.3
   Compiling libp2p-swarm v0.44.2
   Compiling libp2p-yamux v0.45.2
   Compiling libp2p-noise v0.44.0
   Compiling libp2p-tcp v0.41.0
   Compiling libp2p-allow-block-list v0.3.0
   Compiling libp2p-identify v0.44.2
   Compiling libp2p-request-response v0.26.3
   Compiling libp2p-gossipsub v0.46.1
   Compiling libp2p-connection-limits v0.3.1
   Compiling libp2p-mdns v0.45.1
   Compiling libp2p v0.53.2
   Compiling ioi-types v0.1.0 (/tmp/ioi-m17q-daybreak.u6nAwg/review-clone/crates/types)
warning: structure field `runtimeTruthSource` should have a snake case name
    --> crates/types/src/app/generated/architecture_contracts.rs:5223:9
     |
5223 |     pub runtimeTruthSource: Option<GoalRunV1RuntimeTruthSource>,
     |         ^^^^^^^^^^^^^^^^^^ help: convert the identifier to snake case: `runtime_truth_source`
     |
     = note: `#[warn(non_snake_case)]` (part of `#[warn(nonstandard_style)]`) on by default

warning: structure field `runtimeTruthSource` should have a snake case name
    --> crates/types/src/app/generated/architecture_contracts.rs:9220:9
     |
9220 |     pub runtimeTruthSource: ArtifactAvailabilityIncidentOperationV1Run...
     |         ^^^^^^^^^^^^^^^^^^ help: convert the identifier to snake case: `runtime_truth_source`

warning: structure field `agentgresTruthSource` should have a snake case name
    --> crates/types/src/app/generated/architecture_contracts.rs:9221:9
     |
9221 |     pub agentgresTruthSource: ArtifactAvailabilityIncidentOperationV1A...
     |         ^^^^^^^^^^^^^^^^^^^^ help: convert the identifier to snake case: `agentgres_truth_source`

warning: structure field `runtimeTruthSource` should have a snake case name
    --> crates/types/src/app/generated/architecture_contracts.rs:9480:9
     |
9480 |     pub runtimeTruthSource: ArtifactAvailabilityIncidentV1RuntimeTruth...
     |         ^^^^^^^^^^^^^^^^^^ help: convert the identifier to snake case: `runtime_truth_source`

warning: structure field `runtimeTruthSource` should have a snake case name
    --> crates/types/src/app/generated/architecture_contracts.rs:9718:9
     |
9718 |     pub runtimeTruthSource: ArtifactAvailabilityIncidentV1AgentgresOpe...
     |         ^^^^^^^^^^^^^^^^^^ help: convert the identifier to snake case: `runtime_truth_source`

warning: structure field `agentgresTruthSource` should have a snake case name
    --> crates/types/src/app/generated/architecture_contracts.rs:9719:9
     |
9719 |     pub agentgresTruthSource: ArtifactAvailabilityIncidentV1AgentgresO...
     |         ^^^^^^^^^^^^^^^^^^^^ help: convert the identifier to snake case: `agentgres_truth_source`

warning: structure field `requiresDaemonGate` should have a snake case name
     --> crates/types/src/app/generated/architecture_contracts.rs:26731:9
      |
26731 |     pub requiresDaemonGate: HarnessSessionBindingAdmissionV1RequiresD...
      |         ^^^^^^^^^^^^^^^^^^ help: convert the identifier to snake case: `requires_daemon_gate`

warning: structure field `runtimeTruthSource` should have a snake case name
     --> crates/types/src/app/generated/architecture_contracts.rs:26732:9
      |
26732 |     pub runtimeTruthSource: HarnessSessionBindingAdmissionV1RuntimeTr...
      |         ^^^^^^^^^^^^^^^^^^ help: convert the identifier to snake case: `runtime_truth_source`

warning: structure field `runtimeTruthSource` should have a snake case name
     --> crates/types/src/app/generated/architecture_contracts.rs:27154:9
      |
27154 |     pub runtimeTruthSource: HarnessSessionBindingV1RuntimeTruthSource,
      |         ^^^^^^^^^^^^^^^^^^ help: convert the identifier to snake case: `runtime_truth_source`

warning: structure field `requiresDaemonGate` should have a snake case name
     --> crates/types/src/app/generated/architecture_contracts.rs:27566:9
      |
27566 |     pub requiresDaemonGate: HarnessSessionReadinessV1RequiresDaemonGate,
      |         ^^^^^^^^^^^^^^^^^^ help: convert the identifier to snake case: `requires_daemon_gate`

warning: structure field `runtimeTruthSource` should have a snake case name
     --> crates/types/src/app/generated/architecture_contracts.rs:27567:9
      |
27567 |     pub runtimeTruthSource: HarnessSessionReadinessV1RuntimeTruthSource,
      |         ^^^^^^^^^^^^^^^^^^ help: convert the identifier to snake case: `runtime_truth_source`

warning: structure field `requiresDaemonGate` should have a snake case name
     --> crates/types/src/app/generated/architecture_contracts.rs:27844:9
      |
27844 |     pub requiresDaemonGate: HarnessSessionSpawnV1RequiresDaemonGate,
      |         ^^^^^^^^^^^^^^^^^^ help: convert the identifier to snake case: `requires_daemon_gate`

warning: structure field `runtimeTruthSource` should have a snake case name
     --> crates/types/src/app/generated/architecture_contracts.rs:27845:9
      |
27845 |     pub runtimeTruthSource: HarnessSessionSpawnV1RuntimeTruthSource,
      |         ^^^^^^^^^^^^^^^^^^ help: convert the identifier to snake case: `runtime_truth_source`

warning: structure field `requiresDaemonGate` should have a snake case name
     --> crates/types/src/app/generated/architecture_contracts.rs:28316:9
      |
28316 |     pub requiresDaemonGate: HarnessSessionTerminalAttachV1RequiresDae...
      |         ^^^^^^^^^^^^^^^^^^ help: convert the identifier to snake case: `requires_daemon_gate`

warning: structure field `runtimeTruthSource` should have a snake case name
     --> crates/types/src/app/generated/architecture_contracts.rs:28317:9
      |
28317 |     pub runtimeTruthSource: HarnessSessionTerminalAttachV1RuntimeTrut...
      |         ^^^^^^^^^^^^^^^^^^ help: convert the identifier to snake case: `runtime_truth_source`

warning: structure field `runtimeTruthSource` should have a snake case name
     --> crates/types/src/app/generated/architecture_contracts.rs:28756:9
      |
28756 |     pub runtimeTruthSource:
      |         ^^^^^^^^^^^^^^^^^^ help: convert the identifier to snake case: `runtime_truth_source`

warning: structure field `requiresDaemonGate` should have a snake case name
     --> crates/types/src/app/generated/architecture_contracts.rs:31709:9
      |
31709 |     pub requiresDaemonGate: HypervisorSessionLaunchRecipeAdmissionV1R...
      |         ^^^^^^^^^^^^^^^^^^ help: convert the identifier to snake case: `requires_daemon_gate`

warning: structure field `runtimeTruthSource` should have a snake case name
     --> crates/types/src/app/generated/architecture_contracts.rs:31710:9
      |
31710 |     pub runtimeTruthSource: HypervisorSessionLaunchRecipeAdmissionV1R...
      |         ^^^^^^^^^^^^^^^^^^ help: convert the identifier to snake case: `runtime_truth_source`

warning: structure field `runtimeTruthSource` should have a snake case name
     --> crates/types/src/app/generated/architecture_contracts.rs:93444:9
      |
93444 |     pub runtimeTruthSource: ManagedWorkerInstanceStateV1LastTransitio...
      |         ^^^^^^^^^^^^^^^^^^ help: convert the identifier to snake case: `runtime_truth_source`

   Compiling ioi-api v0.1.0 (/tmp/ioi-m17q-daybreak.u6nAwg/review-clone/crates/api)
warning: `ioi-types` (lib) generated 19 warnings
   Compiling ioi-crypto v0.1.0 (/tmp/ioi-m17q-daybreak.u6nAwg/review-clone/crates/crypto)
   Compiling ioi-finality v0.1.0 (/tmp/ioi-m17q-daybreak.u6nAwg/review-clone/crates/ioi-finality)
    Finished `test` profile [unoptimized + debuginfo] target(s) in 2m 29s
     Running unittests src/lib.rs (target/debug/deps/ioi_finality-0bf27bf6b91415f9)

running 5 tests
test portable_assurance::tests::complete_receipt_verifies_from_canonical_bytes_without_runtime_state has been running for over 60 seconds
test portable_assurance::tests::mutations_of_every_major_constituent_are_rejected has been running for over 60 seconds
test portable_assurance::tests::self_nominated_signer_roots_and_policy_are_not_authority has been running for over 60 seconds
test portable_assurance::tests::unknown_versions_algorithms_transforms_and_noncanonical_bytes_fail_closed has been running for over 60 seconds
test portable_assurance::tests::validly_reenveloped_inner_and_guarantee_vector_forgeries_refuse has been running for over 60 seconds
test portable_assurance::tests::mutations_of_every_major_constituent_are_rejected ... ok
test portable_assurance::tests::complete_receipt_verifies_from_canonical_bytes_without_runtime_state ... ok
test portable_assurance::tests::unknown_versions_algorithms_transforms_and_noncanonical_bytes_fail_closed ... ok
test portable_assurance::tests::self_nominated_signer_roots_and_policy_are_not_authority ... ok
test portable_assurance::tests::validly_reenveloped_inner_and_guarantee_vector_forgeries_refuse ... ok

test result: ok. 5 passed; 0 failed; 0 ignored; 0 measured; 52 filtered out; finished in 343.91s

