census OK: 75 modules = 62 executed + 13 manifest-marked (manual)
(* fingerprints file ".tlacache/QuvAnchoredReservationProof.tlaps/fingerprints" removed *)
(* created new ".tlacache/QuvAnchoredReservationProof.tlaps/QuvAnchoredReservationProof.thy" *)
(* fingerprints written in ".tlacache/QuvAnchoredReservationProof.tlaps/fingerprints" *)
File "./QuvAnchoredReservationProof.tla", line 1, character 1 to line 16, character 77:
[INFO]: All 10 obligations proved.
TLC2 Version 2026.08.11.125311 (rev: 0894c34)
Warning: Please run the Java VM, which executes TLC with a throughput optimized garbage collector, by passing the "-XX:+UseParallelGC" property.
(Use the -nowarning option to disable this warning.)
Running breadth-first search Model-Checking with fp 29 and seed -8357951005322930523 with 1 worker on 24 cores with 24000MB heap and 64MB offheap memory [pid: 3779065] (Linux 6.17.9-76061709-generic amd64, Ubuntu 21.0.10 64bit, MSBDiskFPSet, DiskStateQueue).
Parsing file /home/heathledger/Documents/ioi/repos/ioi/internal-docs/architecture/protocols/aft/formal/resource_profile/QuvAnchoredReservation.tla
Parsing file /tmp/tlc-13350787833171876739/Integers.tla (jar:file:/home/heathledger/Documents/ioi/repos/ioi/.internal/formal-cache/tools/tla/tla2tools.jar!/tla2sany/StandardModules/Integers.tla)
Parsing file /tmp/tlc-13350787833171876739/_TLCTrace.tla (jar:file:/home/heathledger/Documents/ioi/repos/ioi/.internal/formal-cache/tools/tla/tla2tools.jar!/tla2sany/StandardModules/_TLCTrace.tla)
Parsing file /tmp/tlc-13350787833171876739/Naturals.tla (jar:file:/home/heathledger/Documents/ioi/repos/ioi/.internal/formal-cache/tools/tla/tla2tools.jar!/tla2sany/StandardModules/Naturals.tla)
Parsing file /tmp/tlc-13350787833171876739/TLC.tla (jar:file:/home/heathledger/Documents/ioi/repos/ioi/.internal/formal-cache/tools/tla/tla2tools.jar!/tla2sany/StandardModules/TLC.tla)
Parsing file /tmp/tlc-13350787833171876739/TLCExt.tla (jar:file:/home/heathledger/Documents/ioi/repos/ioi/.internal/formal-cache/tools/tla/tla2tools.jar!/tla2sany/StandardModules/TLCExt.tla)
Parsing file /tmp/tlc-13350787833171876739/Sequences.tla (jar:file:/home/heathledger/Documents/ioi/repos/ioi/.internal/formal-cache/tools/tla/tla2tools.jar!/tla2sany/StandardModules/Sequences.tla)
Parsing file /tmp/tlc-13350787833171876739/FiniteSets.tla (jar:file:/home/heathledger/Documents/ioi/repos/ioi/.internal/formal-cache/tools/tla/tla2tools.jar!/tla2sany/StandardModules/FiniteSets.tla)
Semantic processing of module Naturals
Semantic processing of module Integers
Semantic processing of module Sequences
Semantic processing of module FiniteSets
Semantic processing of module TLC
Semantic processing of module TLCExt
Semantic processing of module _TLCTrace
Semantic processing of module QuvAnchoredReservation
Linting of module TLCExt
Linting of module _TLCTrace
Linting of module QuvAnchoredReservation
Starting... (2026-09-05 21:41:43)
Computing initial states...
Finished computing initial states: 1 distinct state generated at 2026-09-05 21:41:43.
Model checking completed. No error has been found.
  Estimates of the probability that TLC did not check all reachable states
  because two distinct states had the same fingerprint:
  calculated (optimistic):  val = 7.8E-17
76 states generated, 36 distinct states found, 0 states left on queue.
The depth of the complete state graph search is 14.
The average outdegree of the complete state graph is 1 (minimum is 0, the maximum 2 and the 95th percentile is 2).
Finished in 00s at (2026-09-05 21:41:43)
TLC2 Version 2026.08.11.125311 (rev: 0894c34)
Warning: Please run the Java VM, which executes TLC with a throughput optimized garbage collector, by passing the "-XX:+UseParallelGC" property.
(Use the -nowarning option to disable this warning.)
Running breadth-first search Model-Checking with fp 112 and seed 9013971914554997728 with 1 worker on 24 cores with 24000MB heap and 64MB offheap memory [pid: 3779235] (Linux 6.17.9-76061709-generic amd64, Ubuntu 21.0.10 64bit, MSBDiskFPSet, DiskStateQueue).
Parsing file /tmp/tmp.LV7yatfWpe/QuvAnchoredReservation.tla
Parsing file /tmp/tlc-8002913166491504238/Integers.tla (jar:file:/home/heathledger/Documents/ioi/repos/ioi/.internal/formal-cache/tools/tla/tla2tools.jar!/tla2sany/StandardModules/Integers.tla)
Parsing file /tmp/tlc-8002913166491504238/_TLCTrace.tla (jar:file:/home/heathledger/Documents/ioi/repos/ioi/.internal/formal-cache/tools/tla/tla2tools.jar!/tla2sany/StandardModules/_TLCTrace.tla)
Parsing file /tmp/tlc-8002913166491504238/Naturals.tla (jar:file:/home/heathledger/Documents/ioi/repos/ioi/.internal/formal-cache/tools/tla/tla2tools.jar!/tla2sany/StandardModules/Naturals.tla)
Parsing file /tmp/tlc-8002913166491504238/TLC.tla (jar:file:/home/heathledger/Documents/ioi/repos/ioi/.internal/formal-cache/tools/tla/tla2tools.jar!/tla2sany/StandardModules/TLC.tla)
Parsing file /tmp/tlc-8002913166491504238/TLCExt.tla (jar:file:/home/heathledger/Documents/ioi/repos/ioi/.internal/formal-cache/tools/tla/tla2tools.jar!/tla2sany/StandardModules/TLCExt.tla)
Parsing file /tmp/tlc-8002913166491504238/Sequences.tla (jar:file:/home/heathledger/Documents/ioi/repos/ioi/.internal/formal-cache/tools/tla/tla2tools.jar!/tla2sany/StandardModules/Sequences.tla)
Parsing file /tmp/tlc-8002913166491504238/FiniteSets.tla (jar:file:/home/heathledger/Documents/ioi/repos/ioi/.internal/formal-cache/tools/tla/tla2tools.jar!/tla2sany/StandardModules/FiniteSets.tla)
Semantic processing of module Naturals
Semantic processing of module Integers
Semantic processing of module Sequences
Semantic processing of module FiniteSets
Semantic processing of module TLC
Semantic processing of module TLCExt
Semantic processing of module _TLCTrace
Semantic processing of module QuvAnchoredReservation
Linting of module TLCExt
Linting of module _TLCTrace
Linting of module QuvAnchoredReservation
Starting... (2026-09-05 21:41:43)
Computing initial states...
Finished computing initial states: 1 distinct state generated at 2026-09-05 21:41:43.
Error: Invariant AnchorBacked is violated.
Error: The behavior up to this point is:
State 1: <Initial predicate>
/\ replied = 0
/\ record = 0
/\ durableRecord = 0
/\ phase = "Idle"
/\ memory = 0
/\ persistedAnchor = 0
/\ activeAnchor = 0

State 2: <PrepareRecord line 8, col 18 to line 10, col 95 of module QuvAnchoredReservation>
/\ replied = 0
/\ record = 1
/\ durableRecord = 0
/\ phase = "RecordWriting"
/\ memory = 0
/\ persistedAnchor = 0
/\ activeAnchor = 0

State 3: <Exchange line 18, col 13 to line 20, col 84 of module QuvAnchoredReservation>
/\ replied = 0
/\ record = 1
/\ durableRecord = 0
/\ phase = "Exchanged"
/\ memory = 0
/\ persistedAnchor = 0
/\ activeAnchor = 1

5 states generated, 5 distinct states found, 2 states left on queue.
The depth of the complete state graph search is 3.
Finished in 00s at (2026-09-05 21:41:43)
Trace exploration spec path: ./QuvAnchoredReservation_TTrace_1788658903.tla
expected counterexample observed: QuvAnchoredReservation.tla: Invariant AnchorBacked is violated
TLC2 Version 2026.08.11.125311 (rev: 0894c34)
Warning: Please run the Java VM, which executes TLC with a throughput optimized garbage collector, by passing the "-XX:+UseParallelGC" property.
(Use the -nowarning option to disable this warning.)
Running breadth-first search Model-Checking with fp 90 and seed -1641880752949782685 with 1 worker on 24 cores with 24000MB heap and 64MB offheap memory [pid: 3779273] (Linux 6.17.9-76061709-generic amd64, Ubuntu 21.0.10 64bit, MSBDiskFPSet, DiskStateQueue).
Parsing file /tmp/tmp.fr97fcZvgD/QuvAnchoredReservation.tla
Parsing file /tmp/tlc-1444794418463467871/Integers.tla (jar:file:/home/heathledger/Documents/ioi/repos/ioi/.internal/formal-cache/tools/tla/tla2tools.jar!/tla2sany/StandardModules/Integers.tla)
Parsing file /tmp/tlc-1444794418463467871/_TLCTrace.tla (jar:file:/home/heathledger/Documents/ioi/repos/ioi/.internal/formal-cache/tools/tla/tla2tools.jar!/tla2sany/StandardModules/_TLCTrace.tla)
Parsing file /tmp/tlc-1444794418463467871/Naturals.tla (jar:file:/home/heathledger/Documents/ioi/repos/ioi/.internal/formal-cache/tools/tla/tla2tools.jar!/tla2sany/StandardModules/Naturals.tla)
Parsing file /tmp/tlc-1444794418463467871/TLC.tla (jar:file:/home/heathledger/Documents/ioi/repos/ioi/.internal/formal-cache/tools/tla/tla2tools.jar!/tla2sany/StandardModules/TLC.tla)
Parsing file /tmp/tlc-1444794418463467871/TLCExt.tla (jar:file:/home/heathledger/Documents/ioi/repos/ioi/.internal/formal-cache/tools/tla/tla2tools.jar!/tla2sany/StandardModules/TLCExt.tla)
Parsing file /tmp/tlc-1444794418463467871/Sequences.tla (jar:file:/home/heathledger/Documents/ioi/repos/ioi/.internal/formal-cache/tools/tla/tla2tools.jar!/tla2sany/StandardModules/Sequences.tla)
Parsing file /tmp/tlc-1444794418463467871/FiniteSets.tla (jar:file:/home/heathledger/Documents/ioi/repos/ioi/.internal/formal-cache/tools/tla/tla2tools.jar!/tla2sany/StandardModules/FiniteSets.tla)
Semantic processing of module Naturals
Semantic processing of module Integers
Semantic processing of module Sequences
Semantic processing of module FiniteSets
Semantic processing of module TLC
Semantic processing of module TLCExt
Semantic processing of module _TLCTrace
Semantic processing of module QuvAnchoredReservation
Linting of module TLCExt
Linting of module _TLCTrace
Linting of module QuvAnchoredReservation
Starting... (2026-09-05 21:41:44)
Computing initial states...
Finished computing initial states: 1 distinct state generated at 2026-09-05 21:41:44.
Error: Invariant ReplyBacked is violated.
Error: The behavior up to this point is:
State 1: <Initial predicate>
/\ replied = 0
/\ record = 0
/\ durableRecord = 0
/\ phase = "Idle"
/\ memory = 0
/\ persistedAnchor = 0
/\ activeAnchor = 0

State 2: <PrepareRecord line 8, col 18 to line 10, col 95 of module QuvAnchoredReservation>
/\ replied = 0
/\ record = 1
/\ durableRecord = 0
/\ phase = "RecordWriting"
/\ memory = 0
/\ persistedAnchor = 0
/\ activeAnchor = 0

State 3: <SyncRecord line 11, col 15 to line 13, col 85 of module QuvAnchoredReservation>
/\ replied = 0
/\ record = 1
/\ durableRecord = 1
/\ phase = "RecordDurable"
/\ memory = 0
/\ persistedAnchor = 0
/\ activeAnchor = 0

State 4: <Reply line 24, col 10 to line 26, col 78 of module QuvAnchoredReservation>
/\ replied = 1
/\ record = 1
/\ durableRecord = 1
/\ phase = "Idle"
/\ memory = 1
/\ persistedAnchor = 0
/\ activeAnchor = 0

9 states generated, 6 distinct states found, 1 states left on queue.
The depth of the complete state graph search is 4.
Finished in 00s at (2026-09-05 21:41:44)
Trace exploration spec path: ./QuvAnchoredReservation_TTrace_1788658903.tla
expected counterexample observed: QuvAnchoredReservation.tla: Invariant ReplyBacked is violated
