2381181 openat(AT_FDCWD</home/heathledger/Documents/ioi/repos/ioi>, "/etc/ld.so.cache", O_RDONLY|O_CLOEXEC) = 3</etc/ld.so.cache>
2381181 close(3</etc/ld.so.cache>)      = 0
2381181 openat(AT_FDCWD</home/heathledger/Documents/ioi/repos/ioi>, "/lib/x86_64-linux-gnu/libgcc_s.so.1", O_RDONLY|O_CLOEXEC) = 3</usr/lib/x86_64-linux-gnu/libgcc_s.so.1>
2381181 close(3</usr/lib/x86_64-linux-gnu/libgcc_s.so.1>) = 0
2381181 openat(AT_FDCWD</home/heathledger/Documents/ioi/repos/ioi>, "/lib/x86_64-linux-gnu/libc.so.6", O_RDONLY|O_CLOEXEC) = 3</usr/lib/x86_64-linux-gnu/libc.so.6>
2381181 close(3</usr/lib/x86_64-linux-gnu/libc.so.6>) = 0
2381181 openat(AT_FDCWD</home/heathledger/Documents/ioi/repos/ioi>, "/proc/self/maps", O_RDONLY|O_CLOEXEC) = 3</proc/2381181/maps>
2381181 close(3</proc/2381181/maps>)    = 0
2381181 openat(AT_FDCWD</home/heathledger/Documents/ioi/repos/ioi>, "/usr/share/terminfo/l/linux", O_RDONLY|O_CLOEXEC) = 3</usr/share/terminfo/l/linux>
2381181 close(3</usr/share/terminfo/l/linux>) = 0
2381181 openat(AT_FDCWD</home/heathledger/Documents/ioi/repos/ioi>, "/proc/self/cgroup", O_RDONLY|O_CLOEXEC) = 3</proc/2381181/cgroup>
2381181 close(3</proc/2381181/cgroup>)  = 0
2381181 openat(AT_FDCWD</home/heathledger/Documents/ioi/repos/ioi>, "/sys/fs/cgroup/user.slice/user-1000.slice/user@1000.service/app.slice/app-org.chromium.Chromium-101080.scope/cpu.max", O_RDONLY|O_CLOEXEC) = -1 ENOENT (No such file or directory)
2381181 openat(AT_FDCWD</home/heathledger/Documents/ioi/repos/ioi>, "/sys/fs/cgroup/user.slice/user-1000.slice/user@1000.service/app.slice/cpu.max", O_RDONLY|O_CLOEXEC) = 3</sys/fs/cgroup/user.slice/user-1000.slice/user@1000.service/app.slice/cpu.max>
2381181 close(3</sys/fs/cgroup/user.slice/user-1000.slice/user@1000.service/app.slice/cpu.max>) = 0
2381181 openat(AT_FDCWD</home/heathledger/Documents/ioi/repos/ioi>, "/sys/fs/cgroup/user.slice/user-1000.slice/user@1000.service/cpu.max", O_RDONLY|O_CLOEXEC) = 3</sys/fs/cgroup/user.slice/user-1000.slice/user@1000.service/cpu.max>
2381181 close(3</sys/fs/cgroup/user.slice/user-1000.slice/user@1000.service/cpu.max>) = 0
2381181 openat(AT_FDCWD</home/heathledger/Documents/ioi/repos/ioi>, "/sys/fs/cgroup/user.slice/user-1000.slice/cpu.max", O_RDONLY|O_CLOEXEC) = 3</sys/fs/cgroup/user.slice/user-1000.slice/cpu.max>
2381181 close(3</sys/fs/cgroup/user.slice/user-1000.slice/cpu.max>) = 0
2381181 openat(AT_FDCWD</home/heathledger/Documents/ioi/repos/ioi>, "/sys/fs/cgroup/user.slice/cpu.max", O_RDONLY|O_CLOEXEC) = 3</sys/fs/cgroup/user.slice/cpu.max>
2381181 close(3</sys/fs/cgroup/user.slice/cpu.max>) = 0
2381181 openat(AT_FDCWD</home/heathledger/Documents/ioi/repos/ioi>, "/sys/fs/cgroup/cpu.max", O_RDONLY|O_CLOEXEC) = -1 ENOENT (No such file or directory)
2381181 write(1</home/heathledger/Documents/ioi/repos/ioi/internal-docs/architecture/protocols/aft/evidence/m17q-r1-consequence-profile-2026-09-06/initialized-endpoint/final-syscalls/test.log>, "\nrunning 1 test\n", 16) = 16
2381181 openat(AT_FDCWD</home/heathledger/Documents/ioi/repos/ioi>, "/proc/self/cgroup", O_RDONLY|O_CLOEXEC) = 3</proc/2381181/cgroup>
2381181 close(3</proc/2381181/cgroup>)  = 0
2381181 openat(AT_FDCWD</home/heathledger/Documents/ioi/repos/ioi>, "/sys/fs/cgroup/user.slice/user-1000.slice/user@1000.service/app.slice/app-org.chromium.Chromium-101080.scope/cpu.max", O_RDONLY|O_CLOEXEC) = -1 ENOENT (No such file or directory)
2381181 openat(AT_FDCWD</home/heathledger/Documents/ioi/repos/ioi>, "/sys/fs/cgroup/user.slice/user-1000.slice/user@1000.service/app.slice/cpu.max", O_RDONLY|O_CLOEXEC) = 3</sys/fs/cgroup/user.slice/user-1000.slice/user@1000.service/app.slice/cpu.max>
2381181 close(3</sys/fs/cgroup/user.slice/user-1000.slice/user@1000.service/app.slice/cpu.max>) = 0
2381181 openat(AT_FDCWD</home/heathledger/Documents/ioi/repos/ioi>, "/sys/fs/cgroup/user.slice/user-1000.slice/user@1000.service/cpu.max", O_RDONLY|O_CLOEXEC) = 3</sys/fs/cgroup/user.slice/user-1000.slice/user@1000.service/cpu.max>
2381181 close(3</sys/fs/cgroup/user.slice/user-1000.slice/user@1000.service/cpu.max>) = 0
2381181 openat(AT_FDCWD</home/heathledger/Documents/ioi/repos/ioi>, "/sys/fs/cgroup/user.slice/user-1000.slice/cpu.max", O_RDONLY|O_CLOEXEC) = 3</sys/fs/cgroup/user.slice/user-1000.slice/cpu.max>
2381181 close(3</sys/fs/cgroup/user.slice/user-1000.slice/cpu.max>) = 0
2381181 openat(AT_FDCWD</home/heathledger/Documents/ioi/repos/ioi>, "/sys/fs/cgroup/user.slice/cpu.max", O_RDONLY|O_CLOEXEC) = 3</sys/fs/cgroup/user.slice/cpu.max>
2381181 close(3</sys/fs/cgroup/user.slice/cpu.max>) = 0
2381181 openat(AT_FDCWD</home/heathledger/Documents/ioi/repos/ioi>, "/sys/fs/cgroup/cpu.max", O_RDONLY|O_CLOEXEC) = -1 ENOENT (No such file or directory)
2381182 openat(AT_FDCWD</home/heathledger/Documents/ioi/repos/ioi>, "/tmp/.tmpjSIW8e/resource.lock", O_RDWR|O_CREAT|O_NOFOLLOW|O_CLOEXEC, 0600) = 3</tmp/.tmpjSIW8e/resource.lock>
2381182 fsync(3</tmp/.tmpjSIW8e/resource.lock>) = 0
2381182 close(3</tmp/.tmpjSIW8e/resource.lock>) = 0
2381182 openat(AT_FDCWD</home/heathledger/Documents/ioi/repos/ioi>, "/tmp/.tmpjSIW8e/records", O_RDONLY|O_CLOEXEC) = 3</tmp/.tmpjSIW8e/records>
2381182 fsync(3</tmp/.tmpjSIW8e/records>) = 0
2381182 close(3</tmp/.tmpjSIW8e/records>) = 0
2381182 openat(AT_FDCWD</home/heathledger/Documents/ioi/repos/ioi>, "/tmp/.tmpjSIW8e", O_RDONLY|O_CLOEXEC) = 3</tmp/.tmpjSIW8e>
2381182 fsync(3</tmp/.tmpjSIW8e>)       = 0
2381182 close(3</tmp/.tmpjSIW8e>)       = 0
2381182 openat(AT_FDCWD</home/heathledger/Documents/ioi/repos/ioi>, "/tmp", O_RDONLY|O_CLOEXEC) = 3</tmp>
2381182 fsync(3</tmp>)                  = 0
2381182 close(3</tmp>)                  = 0
2381182 openat(AT_FDCWD</home/heathledger/Documents/ioi/repos/ioi>, "/", O_RDONLY|O_CLOEXEC) = 3</>
2381182 fsync(3</>)                     = 0
2381182 close(3</>)                     = 0
2381182 openat(AT_FDCWD</home/heathledger/Documents/ioi/repos/ioi>, "/tmp/.tmpjSIW8e/resource.lock", O_RDWR|O_NOFOLLOW|O_CLOEXEC) = 3</tmp/.tmpjSIW8e/resource.lock>
2381182 openat(AT_FDCWD</home/heathledger/Documents/ioi/repos/ioi>, "/tmp/.tmpjSIW8e/records/b7152008cde8bb92263053413d6ba78f1b7a36ecde6fd42ddf1e6a0f1667edfd.json", O_RDWR|O_NOFOLLOW|O_CLOEXEC) = -1 ENOENT (No such file or directory)
2381182 openat(AT_FDCWD</home/heathledger/Documents/ioi/repos/ioi>, "/tmp/.tmpjSIW8e/records/.b7152008cde8bb92263053413d6ba78f1b7a36ecde6fd42ddf1e6a0f1667edfd.json.prepared", O_RDWR|O_NOFOLLOW|O_CLOEXEC) = -1 ENOENT (No such file or directory)
2381182 close(3</tmp/.tmpjSIW8e/resource.lock>) = 0
2381182 openat(AT_FDCWD</home/heathledger/Documents/ioi/repos/ioi>, "/tmp/.tmpjSIW8e/resource.lock", O_RDWR|O_CREAT|O_NOFOLLOW|O_CLOEXEC, 0600) = 3</tmp/.tmpjSIW8e/resource.lock>
2381182 fsync(3</tmp/.tmpjSIW8e/resource.lock>) = 0
2381182 close(3</tmp/.tmpjSIW8e/resource.lock>) = 0
2381182 openat(AT_FDCWD</home/heathledger/Documents/ioi/repos/ioi>, "/tmp/.tmpjSIW8e/records", O_RDONLY|O_CLOEXEC) = 3</tmp/.tmpjSIW8e/records>
2381182 fsync(3</tmp/.tmpjSIW8e/records>) = 0
2381182 close(3</tmp/.tmpjSIW8e/records>) = 0
2381182 openat(AT_FDCWD</home/heathledger/Documents/ioi/repos/ioi>, "/tmp/.tmpjSIW8e", O_RDONLY|O_CLOEXEC) = 3</tmp/.tmpjSIW8e>
2381182 fsync(3</tmp/.tmpjSIW8e>)       = 0
2381182 close(3</tmp/.tmpjSIW8e>)       = 0
2381182 openat(AT_FDCWD</home/heathledger/Documents/ioi/repos/ioi>, "/tmp", O_RDONLY|O_CLOEXEC) = 3</tmp>
2381182 fsync(3</tmp>)                  = 0
2381182 close(3</tmp>)                  = 0
2381182 openat(AT_FDCWD</home/heathledger/Documents/ioi/repos/ioi>, "/", O_RDONLY|O_CLOEXEC) = 3</>
2381182 fsync(3</>)                     = 0
2381182 close(3</>)                     = 0
2381182 openat(AT_FDCWD</home/heathledger/Documents/ioi/repos/ioi>, "/tmp/.tmpjSIW8e/resource.lock", O_RDWR|O_NOFOLLOW|O_CLOEXEC) = 3</tmp/.tmpjSIW8e/resource.lock>
2381182 openat(AT_FDCWD</home/heathledger/Documents/ioi/repos/ioi>, "/tmp/.tmpjSIW8e/records/b7152008cde8bb92263053413d6ba78f1b7a36ecde6fd42ddf1e6a0f1667edfd.json", O_RDWR|O_NOFOLLOW|O_CLOEXEC) = -1 ENOENT (No such file or directory)
2381182 openat(AT_FDCWD</home/heathledger/Documents/ioi/repos/ioi>, "/tmp/.tmpjSIW8e/records/.b7152008cde8bb92263053413d6ba78f1b7a36ecde6fd42ddf1e6a0f1667edfd.json.prepared", O_RDWR|O_CREAT|O_NOFOLLOW|O_CLOEXEC, 0600) = 4</tmp/.tmpjSIW8e/records/.b7152008cde8bb92263053413d6ba78f1b7a36ecde6fd42ddf1e6a0f1667edfd.json.prepared>
2381182 fallocate(4</tmp/.tmpjSIW8e/records/.b7152008cde8bb92263053413d6ba78f1b7a36ecde6fd42ddf1e6a0f1667edfd.json.prepared>, FALLOC_FL_KEEP_SIZE, 0, 81920) = 0
2381182 write(4</tmp/.tmpjSIW8e/records/.b7152008cde8bb92263053413d6ba78f1b7a36ecde6fd42ddf1e6a0f1667edfd.json.prepared>, "                                                                                                                                                                                                                                                                "..., 8192) = 8192
2381182 write(4</tmp/.tmpjSIW8e/records/.b7152008cde8bb92263053413d6ba78f1b7a36ecde6fd42ddf1e6a0f1667edfd.json.prepared>, "                                                                                                                                                                                                                                                                "..., 8192) = 8192
2381182 write(4</tmp/.tmpjSIW8e/records/.b7152008cde8bb92263053413d6ba78f1b7a36ecde6fd42ddf1e6a0f1667edfd.json.prepared>, "                                                                                                                                                                                                                                                                "..., 8192) = 8192
2381182 write(4</tmp/.tmpjSIW8e/records/.b7152008cde8bb92263053413d6ba78f1b7a36ecde6fd42ddf1e6a0f1667edfd.json.prepared>, "                                                                                                                                                                                                                                                                "..., 8192) = 8192
2381182 write(4</tmp/.tmpjSIW8e/records/.b7152008cde8bb92263053413d6ba78f1b7a36ecde6fd42ddf1e6a0f1667edfd.json.prepared>, "                                                                                                                                                                                                                                                                "..., 8192) = 8192
2381182 write(4</tmp/.tmpjSIW8e/records/.b7152008cde8bb92263053413d6ba78f1b7a36ecde6fd42ddf1e6a0f1667edfd.json.prepared>, "                                                                                                                                                                                                                                                                "..., 8192) = 8192
2381182 write(4</tmp/.tmpjSIW8e/records/.b7152008cde8bb92263053413d6ba78f1b7a36ecde6fd42ddf1e6a0f1667edfd.json.prepared>, "                                                                                                                                                                                                                                                                "..., 8192) = 8192
2381182 write(4</tmp/.tmpjSIW8e/records/.b7152008cde8bb92263053413d6ba78f1b7a36ecde6fd42ddf1e6a0f1667edfd.json.prepared>, "                                                                                                                                                                                                                                                                "..., 8192) = 8192
2381182 write(4</tmp/.tmpjSIW8e/records/.b7152008cde8bb92263053413d6ba78f1b7a36ecde6fd42ddf1e6a0f1667edfd.json.prepared>, "                                                                                                                                                                                                                                                                "..., 8192) = 8192
2381182 write(4</tmp/.tmpjSIW8e/records/.b7152008cde8bb92263053413d6ba78f1b7a36ecde6fd42ddf1e6a0f1667edfd.json.prepared>, "                                                                                                                                                                                                                                                                "..., 8192) = 8192
2381182 fsync(4</tmp/.tmpjSIW8e/records/.b7152008cde8bb92263053413d6ba78f1b7a36ecde6fd42ddf1e6a0f1667edfd.json.prepared>) = 0
2381182 openat(AT_FDCWD</home/heathledger/Documents/ioi/repos/ioi>, "/tmp/.tmpjSIW8e/records", O_RDONLY|O_CLOEXEC) = 5</tmp/.tmpjSIW8e/records>
2381182 fsync(5</tmp/.tmpjSIW8e/records>) = 0
2381182 close(5</tmp/.tmpjSIW8e/records>) = 0
2381182 openat(AT_FDCWD</home/heathledger/Documents/ioi/repos/ioi>, "/tmp/.tmpjSIW8e", O_RDONLY|O_CLOEXEC) = 5</tmp/.tmpjSIW8e>
2381182 fsync(5</tmp/.tmpjSIW8e>)       = 0
2381182 close(5</tmp/.tmpjSIW8e>)       = 0
2381182 openat(AT_FDCWD</home/heathledger/Documents/ioi/repos/ioi>, "/tmp", O_RDONLY|O_CLOEXEC) = 5</tmp>
2381182 fsync(5</tmp>)                  = 0
2381182 close(5</tmp>)                  = 0
2381182 openat(AT_FDCWD</home/heathledger/Documents/ioi/repos/ioi>, "/", O_RDONLY|O_CLOEXEC) = 5</>
2381182 fsync(5</>)                     = 0
2381182 close(5</>)                     = 0
2381182 close(4</tmp/.tmpjSIW8e/records/.b7152008cde8bb92263053413d6ba78f1b7a36ecde6fd42ddf1e6a0f1667edfd.json.prepared>) = 0
2381182 close(3</tmp/.tmpjSIW8e/resource.lock>) = 0
2381182 openat(AT_FDCWD</home/heathledger/Documents/ioi/repos/ioi>, "/tmp/.tmpjSIW8e/records/.b7152008cde8bb92263053413d6ba78f1b7a36ecde6fd42ddf1e6a0f1667edfd.json.prepared", O_RDONLY|O_CLOEXEC) = 3</tmp/.tmpjSIW8e/records/.b7152008cde8bb92263053413d6ba78f1b7a36ecde6fd42ddf1e6a0f1667edfd.json.prepared>
2381182 write(2</home/heathledger/Documents/ioi/repos/ioi/internal-docs/architecture/protocols/aft/evidence/m17q-r1-consequence-profile-2026-09-06/initialized-endpoint/final-syscalls/test.log>, "AFT_ENDPOINT_LIVE_BEGIN\n", 24) = 24
2381182 openat(AT_FDCWD</home/heathledger/Documents/ioi/repos/ioi>, "/tmp/.tmpjSIW8e/resource.lock", O_RDWR|O_NOFOLLOW|O_CLOEXEC) = 4</tmp/.tmpjSIW8e/resource.lock>
2381182 openat(AT_FDCWD</home/heathledger/Documents/ioi/repos/ioi>, "/tmp/.tmpjSIW8e/records/b7152008cde8bb92263053413d6ba78f1b7a36ecde6fd42ddf1e6a0f1667edfd.json", O_RDWR|O_NOFOLLOW|O_CLOEXEC) = -1 ENOENT (No such file or directory)
2381182 openat(AT_FDCWD</home/heathledger/Documents/ioi/repos/ioi>, "/tmp/.tmpjSIW8e/records/.b7152008cde8bb92263053413d6ba78f1b7a36ecde6fd42ddf1e6a0f1667edfd.json.prepared", O_RDWR|O_NOFOLLOW|O_CLOEXEC) = 5</tmp/.tmpjSIW8e/records/.b7152008cde8bb92263053413d6ba78f1b7a36ecde6fd42ddf1e6a0f1667edfd.json.prepared>
2381182 write(5</tmp/.tmpjSIW8e/records/.b7152008cde8bb92263053413d6ba78f1b7a36ecde6fd42ddf1e6a0f1667edfd.json.prepared>, "{\"evidence\":[123,34,115,105,103,110,97,116,117,114,101,95,98,97,115,101,54,52,34,58,34,111,100,106,80,109,110,78,53,57,54,114,109,71,50,102,48,122,53,43,90,69,89,105,65,121,51,74,72,78,50,102,47,87,88,49,117,97,113,109,65,111,110,84,89,113,108,66,89,108,76"..., 19219) = 19219
2381182 fsync(5</tmp/.tmpjSIW8e/records/.b7152008cde8bb92263053413d6ba78f1b7a36ecde6fd42ddf1e6a0f1667edfd.json.prepared>) = 0
2381182 rename("/tmp/.tmpjSIW8e/records/.b7152008cde8bb92263053413d6ba78f1b7a36ecde6fd42ddf1e6a0f1667edfd.json.prepared", "/tmp/.tmpjSIW8e/records/b7152008cde8bb92263053413d6ba78f1b7a36ecde6fd42ddf1e6a0f1667edfd.json") = 0
2381182 openat(AT_FDCWD</home/heathledger/Documents/ioi/repos/ioi>, "/tmp/.tmpjSIW8e/records", O_RDONLY|O_CLOEXEC) = 6</tmp/.tmpjSIW8e/records>
2381182 fsync(6</tmp/.tmpjSIW8e/records>) = 0
2381182 close(6</tmp/.tmpjSIW8e/records>) = 0
2381182 close(5</tmp/.tmpjSIW8e/records/b7152008cde8bb92263053413d6ba78f1b7a36ecde6fd42ddf1e6a0f1667edfd.json>) = 0
2381182 close(4</tmp/.tmpjSIW8e/resource.lock>) = 0
2381182 write(2</home/heathledger/Documents/ioi/repos/ioi/internal-docs/architecture/protocols/aft/evidence/m17q-r1-consequence-profile-2026-09-06/initialized-endpoint/final-syscalls/test.log>, "AFT_ENDPOINT_LIVE_END\n", 22) = 22
2381182 openat(AT_FDCWD</home/heathledger/Documents/ioi/repos/ioi>, "/tmp/.tmpjSIW8e/records/b7152008cde8bb92263053413d6ba78f1b7a36ecde6fd42ddf1e6a0f1667edfd.json", O_RDONLY|O_CLOEXEC) = 4</tmp/.tmpjSIW8e/records/b7152008cde8bb92263053413d6ba78f1b7a36ecde6fd42ddf1e6a0f1667edfd.json>
2381182 close(4</tmp/.tmpjSIW8e/records/b7152008cde8bb92263053413d6ba78f1b7a36ecde6fd42ddf1e6a0f1667edfd.json>) = 0
2381182 openat(AT_FDCWD</home/heathledger/Documents/ioi/repos/ioi>, "/tmp/.tmpjSIW8e/resource.lock", O_RDWR|O_NOFOLLOW|O_CLOEXEC) = 4</tmp/.tmpjSIW8e/resource.lock>
2381182 openat(AT_FDCWD</home/heathledger/Documents/ioi/repos/ioi>, "/tmp/.tmpjSIW8e/records/b7152008cde8bb92263053413d6ba78f1b7a36ecde6fd42ddf1e6a0f1667edfd.json", O_RDWR|O_NOFOLLOW|O_CLOEXEC) = 5</tmp/.tmpjSIW8e/records/b7152008cde8bb92263053413d6ba78f1b7a36ecde6fd42ddf1e6a0f1667edfd.json>
2381182 close(5</tmp/.tmpjSIW8e/records/b7152008cde8bb92263053413d6ba78f1b7a36ecde6fd42ddf1e6a0f1667edfd.json>) = 0
2381182 close(4</tmp/.tmpjSIW8e/resource.lock>) = 0
2381182 openat(AT_FDCWD</home/heathledger/Documents/ioi/repos/ioi>, "/tmp/.tmpjSIW8e/records/b7152008cde8bb92263053413d6ba78f1b7a36ecde6fd42ddf1e6a0f1667edfd.json", O_RDONLY|O_CLOEXEC) = 4</tmp/.tmpjSIW8e/records/b7152008cde8bb92263053413d6ba78f1b7a36ecde6fd42ddf1e6a0f1667edfd.json>
2381182 close(4</tmp/.tmpjSIW8e/records/b7152008cde8bb92263053413d6ba78f1b7a36ecde6fd42ddf1e6a0f1667edfd.json>) = 0
2381182 openat(AT_FDCWD</home/heathledger/Documents/ioi/repos/ioi>, "/tmp/.tmpjSIW8e/records/.b7152008cde8bb92263053413d6ba78f1b7a36ecde6fd42ddf1e6a0f1667edfd.json.prepared", O_WRONLY|O_CREAT|O_TRUNC|O_CLOEXEC, 0666) = 4</tmp/.tmpjSIW8e/records/.b7152008cde8bb92263053413d6ba78f1b7a36ecde6fd42ddf1e6a0f1667edfd.json.prepared>
2381182 write(4</tmp/.tmpjSIW8e/records/.b7152008cde8bb92263053413d6ba78f1b7a36ecde6fd42ddf1e6a0f1667edfd.json.prepared>, "interrupted spare", 17) = 17
2381182 close(4</tmp/.tmpjSIW8e/records/.b7152008cde8bb92263053413d6ba78f1b7a36ecde6fd42ddf1e6a0f1667edfd.json.prepared>) = 0
2381182 openat(AT_FDCWD</home/heathledger/Documents/ioi/repos/ioi>, "/tmp/.tmpjSIW8e/resource.lock", O_RDWR|O_NOFOLLOW|O_CLOEXEC) = 4</tmp/.tmpjSIW8e/resource.lock>
2381182 openat(AT_FDCWD</home/heathledger/Documents/ioi/repos/ioi>, "/tmp/.tmpjSIW8e/records/b7152008cde8bb92263053413d6ba78f1b7a36ecde6fd42ddf1e6a0f1667edfd.json", O_RDWR|O_NOFOLLOW|O_CLOEXEC) = 5</tmp/.tmpjSIW8e/records/b7152008cde8bb92263053413d6ba78f1b7a36ecde6fd42ddf1e6a0f1667edfd.json>
2381182 close(5</tmp/.tmpjSIW8e/records/b7152008cde8bb92263053413d6ba78f1b7a36ecde6fd42ddf1e6a0f1667edfd.json>) = 0
2381182 close(4</tmp/.tmpjSIW8e/resource.lock>) = 0
2381182 openat(AT_FDCWD</home/heathledger/Documents/ioi/repos/ioi>, "/tmp/.tmpjSIW8e/records/.b7152008cde8bb92263053413d6ba78f1b7a36ecde6fd42ddf1e6a0f1667edfd.json.prepared", O_RDONLY|O_CLOEXEC) = 4</tmp/.tmpjSIW8e/records/.b7152008cde8bb92263053413d6ba78f1b7a36ecde6fd42ddf1e6a0f1667edfd.json.prepared>
2381182 close(4</tmp/.tmpjSIW8e/records/.b7152008cde8bb92263053413d6ba78f1b7a36ecde6fd42ddf1e6a0f1667edfd.json.prepared>) = 0
2381182 openat(AT_FDCWD</home/heathledger/Documents/ioi/repos/ioi>, "/tmp/.tmpjSIW8e/resource.lock", O_RDWR|O_NOFOLLOW|O_CLOEXEC) = 4</tmp/.tmpjSIW8e/resource.lock>
2381182 openat(AT_FDCWD</home/heathledger/Documents/ioi/repos/ioi>, "/tmp/.tmpjSIW8e/records/b7152008cde8bb92263053413d6ba78f1b7a36ecde6fd42ddf1e6a0f1667edfd.json", O_RDWR|O_NOFOLLOW|O_CLOEXEC) = 5</tmp/.tmpjSIW8e/records/b7152008cde8bb92263053413d6ba78f1b7a36ecde6fd42ddf1e6a0f1667edfd.json>
2381182 close(5</tmp/.tmpjSIW8e/records/b7152008cde8bb92263053413d6ba78f1b7a36ecde6fd42ddf1e6a0f1667edfd.json>) = 0
2381182 close(4</tmp/.tmpjSIW8e/resource.lock>) = 0
2381182 openat(AT_FDCWD</home/heathledger/Documents/ioi/repos/ioi>, "/tmp/.tmpjSIW8e/resource.lock", O_RDWR|O_NOFOLLOW|O_CLOEXEC) = 4</tmp/.tmpjSIW8e/resource.lock>
2381182 openat(AT_FDCWD</home/heathledger/Documents/ioi/repos/ioi>, "/tmp/.tmpjSIW8e/records/b7152008cde8bb92263053413d6ba78f1b7a36ecde6fd42ddf1e6a0f1667edfd.json", O_RDWR|O_NOFOLLOW|O_CLOEXEC) = 5</tmp/.tmpjSIW8e/records/b7152008cde8bb92263053413d6ba78f1b7a36ecde6fd42ddf1e6a0f1667edfd.json>
2381182 close(5</tmp/.tmpjSIW8e/records/b7152008cde8bb92263053413d6ba78f1b7a36ecde6fd42ddf1e6a0f1667edfd.json>) = 0
2381182 close(4</tmp/.tmpjSIW8e/resource.lock>) = 0
2381182 openat(AT_FDCWD</home/heathledger/Documents/ioi/repos/ioi>, "/tmp/.tmpjSIW8e/records/b7152008cde8bb92263053413d6ba78f1b7a36ecde6fd42ddf1e6a0f1667edfd.json", O_RDONLY|O_CLOEXEC) = 4</tmp/.tmpjSIW8e/records/b7152008cde8bb92263053413d6ba78f1b7a36ecde6fd42ddf1e6a0f1667edfd.json>
2381182 close(4</tmp/.tmpjSIW8e/records/b7152008cde8bb92263053413d6ba78f1b7a36ecde6fd42ddf1e6a0f1667edfd.json>) = 0
2381182 openat(AT_FDCWD</home/heathledger/Documents/ioi/repos/ioi>, "/tmp/.tmpjSIW8e/resource.lock", O_RDWR|O_CREAT|O_NOFOLLOW|O_CLOEXEC, 0600) = 4</tmp/.tmpjSIW8e/resource.lock>
2381182 fsync(4</tmp/.tmpjSIW8e/resource.lock>) = 0
2381182 close(4</tmp/.tmpjSIW8e/resource.lock>) = 0
2381182 openat(AT_FDCWD</home/heathledger/Documents/ioi/repos/ioi>, "/tmp/.tmpjSIW8e/records", O_RDONLY|O_CLOEXEC) = 4</tmp/.tmpjSIW8e/records>
2381182 fsync(4</tmp/.tmpjSIW8e/records>) = 0
2381182 close(4</tmp/.tmpjSIW8e/records>) = 0
2381182 openat(AT_FDCWD</home/heathledger/Documents/ioi/repos/ioi>, "/tmp/.tmpjSIW8e", O_RDONLY|O_CLOEXEC) = 4</tmp/.tmpjSIW8e>
2381182 fsync(4</tmp/.tmpjSIW8e>)       = 0
2381182 close(4</tmp/.tmpjSIW8e>)       = 0
2381182 openat(AT_FDCWD</home/heathledger/Documents/ioi/repos/ioi>, "/tmp", O_RDONLY|O_CLOEXEC) = 4</tmp>
2381182 fsync(4</tmp>)                  = 0
2381182 close(4</tmp>)                  = 0
2381182 openat(AT_FDCWD</home/heathledger/Documents/ioi/repos/ioi>, "/", O_RDONLY|O_CLOEXEC) = 4</>
2381182 fsync(4</>)                     = 0
2381182 close(4</>)                     = 0
2381182 openat(AT_FDCWD</home/heathledger/Documents/ioi/repos/ioi>, "/tmp/.tmpjSIW8e/resource.lock", O_RDWR|O_NOFOLLOW|O_CLOEXEC) = 4</tmp/.tmpjSIW8e/resource.lock>
2381182 openat(AT_FDCWD</home/heathledger/Documents/ioi/repos/ioi>, "/tmp/.tmpjSIW8e/records/b7152008cde8bb92263053413d6ba78f1b7a36ecde6fd42ddf1e6a0f1667edfd.json", O_RDWR|O_NOFOLLOW|O_CLOEXEC) = 5</tmp/.tmpjSIW8e/records/b7152008cde8bb92263053413d6ba78f1b7a36ecde6fd42ddf1e6a0f1667edfd.json>
2381182 close(5</tmp/.tmpjSIW8e/records/b7152008cde8bb92263053413d6ba78f1b7a36ecde6fd42ddf1e6a0f1667edfd.json>) = 0
2381182 close(4</tmp/.tmpjSIW8e/resource.lock>) = 0
2381182 openat(AT_FDCWD</home/heathledger/Documents/ioi/repos/ioi>, "/tmp/.tmpjSIW8e/records/b7152008cde8bb92263053413d6ba78f1b7a36ecde6fd42ddf1e6a0f1667edfd.json", O_WRONLY|O_CREAT|O_TRUNC|O_CLOEXEC, 0666) = 4</tmp/.tmpjSIW8e/records/b7152008cde8bb92263053413d6ba78f1b7a36ecde6fd42ddf1e6a0f1667edfd.json>
2381182 write(4</tmp/.tmpjSIW8e/records/b7152008cde8bb92263053413d6ba78f1b7a36ecde6fd42ddf1e6a0f1667edfd.json>, "corrupt active", 14) = 14
2381182 close(4</tmp/.tmpjSIW8e/records/b7152008cde8bb92263053413d6ba78f1b7a36ecde6fd42ddf1e6a0f1667edfd.json>) = 0
2381182 openat(AT_FDCWD</home/heathledger/Documents/ioi/repos/ioi>, "/tmp/.tmpjSIW8e/resource.lock", O_RDWR|O_NOFOLLOW|O_CLOEXEC) = 4</tmp/.tmpjSIW8e/resource.lock>
2381182 openat(AT_FDCWD</home/heathledger/Documents/ioi/repos/ioi>, "/tmp/.tmpjSIW8e/records/b7152008cde8bb92263053413d6ba78f1b7a36ecde6fd42ddf1e6a0f1667edfd.json", O_RDWR|O_NOFOLLOW|O_CLOEXEC) = 5</tmp/.tmpjSIW8e/records/b7152008cde8bb92263053413d6ba78f1b7a36ecde6fd42ddf1e6a0f1667edfd.json>
2381182 close(5</tmp/.tmpjSIW8e/records/b7152008cde8bb92263053413d6ba78f1b7a36ecde6fd42ddf1e6a0f1667edfd.json>) = 0
2381182 close(4</tmp/.tmpjSIW8e/resource.lock>) = 0
2381182 openat(AT_FDCWD</home/heathledger/Documents/ioi/repos/ioi>, "/tmp/.tmpjSIW8e/resource.lock", O_RDWR|O_NOFOLLOW|O_CLOEXEC) = 4</tmp/.tmpjSIW8e/resource.lock>
2381182 openat(AT_FDCWD</home/heathledger/Documents/ioi/repos/ioi>, "/tmp/.tmpjSIW8e/records/b7152008cde8bb92263053413d6ba78f1b7a36ecde6fd42ddf1e6a0f1667edfd.json", O_RDWR|O_NOFOLLOW|O_CLOEXEC) = 5</tmp/.tmpjSIW8e/records/b7152008cde8bb92263053413d6ba78f1b7a36ecde6fd42ddf1e6a0f1667edfd.json>
2381182 close(5</tmp/.tmpjSIW8e/records/b7152008cde8bb92263053413d6ba78f1b7a36ecde6fd42ddf1e6a0f1667edfd.json>) = 0
2381182 close(4</tmp/.tmpjSIW8e/resource.lock>) = 0
2381182 openat(AT_FDCWD</home/heathledger/Documents/ioi/repos/ioi>, "/tmp/.tmpjSIW8e/records/b7152008cde8bb92263053413d6ba78f1b7a36ecde6fd42ddf1e6a0f1667edfd.json", O_RDONLY|O_CLOEXEC) = 4</tmp/.tmpjSIW8e/records/b7152008cde8bb92263053413d6ba78f1b7a36ecde6fd42ddf1e6a0f1667edfd.json>
2381182 close(4</tmp/.tmpjSIW8e/records/b7152008cde8bb92263053413d6ba78f1b7a36ecde6fd42ddf1e6a0f1667edfd.json>) = 0
2381182 openat(AT_FDCWD</home/heathledger/Documents/ioi/repos/ioi>, "/tmp/.tmpjSIW8e/records/.b7152008cde8bb92263053413d6ba78f1b7a36ecde6fd42ddf1e6a0f1667edfd.json.prepared", O_RDONLY|O_CLOEXEC) = 4</tmp/.tmpjSIW8e/records/.b7152008cde8bb92263053413d6ba78f1b7a36ecde6fd42ddf1e6a0f1667edfd.json.prepared>
2381182 close(4</tmp/.tmpjSIW8e/records/.b7152008cde8bb92263053413d6ba78f1b7a36ecde6fd42ddf1e6a0f1667edfd.json.prepared>) = 0
2381182 openat(AT_FDCWD</home/heathledger/Documents/ioi/repos/ioi>, "/proc/sys/vm/overcommit_memory", O_RDONLY|O_CLOEXEC) = 4</proc/sys/vm/overcommit_memory>
2381182 close(4</proc/sys/vm/overcommit_memory>) = 0
2381182 close(3</tmp/.tmpjSIW8e/records/b7152008cde8bb92263053413d6ba78f1b7a36ecde6fd42ddf1e6a0f1667edfd.json>) = 0
2381182 openat(AT_FDCWD</home/heathledger/Documents/ioi/repos/ioi>, "/tmp/.tmpjSIW8e", O_RDONLY|O_NOFOLLOW|O_CLOEXEC|O_DIRECTORY) = 3</tmp/.tmpjSIW8e>
2381182 openat(3</tmp/.tmpjSIW8e>, "records", O_RDONLY|O_NOFOLLOW|O_CLOEXEC|O_DIRECTORY) = 4</tmp/.tmpjSIW8e/records>
2381182 close(4</tmp/.tmpjSIW8e/records>) = 0
2381182 close(3</tmp/.tmpjSIW8e>)       = 0
2381182 +++ exited with 0 +++
2381181 write(1</home/heathledger/Documents/ioi/repos/ioi/internal-docs/architecture/protocols/aft/evidence/m17q-r1-consequence-profile-2026-09-06/initialized-endpoint/final-syscalls/test.log>, "test consequence::tests::online_pq_endpoint_consumes_reserved_inode_and_retains_active_authority ... ", 101) = 101
2381181 write(1</home/heathledger/Documents/ioi/repos/ioi/internal-docs/architecture/protocols/aft/evidence/m17q-r1-consequence-profile-2026-09-06/initialized-endpoint/final-syscalls/test.log>, "ok", 2) = 2
2381181 write(1</home/heathledger/Documents/ioi/repos/ioi/internal-docs/architecture/protocols/aft/evidence/m17q-r1-consequence-profile-2026-09-06/initialized-endpoint/final-syscalls/test.log>, "\n", 1) = 1
2381181 write(1</home/heathledger/Documents/ioi/repos/ioi/internal-docs/architecture/protocols/aft/evidence/m17q-r1-consequence-profile-2026-09-06/initialized-endpoint/final-syscalls/test.log>, "\n", 1) = 1
2381181 write(1</home/heathledger/Documents/ioi/repos/ioi/internal-docs/architecture/protocols/aft/evidence/m17q-r1-consequence-profile-2026-09-06/initialized-endpoint/final-syscalls/test.log>, "test result: ", 13) = 13
2381181 write(1</home/heathledger/Documents/ioi/repos/ioi/internal-docs/architecture/protocols/aft/evidence/m17q-r1-consequence-profile-2026-09-06/initialized-endpoint/final-syscalls/test.log>, "ok", 2) = 2
2381181 write(1</home/heathledger/Documents/ioi/repos/ioi/internal-docs/architecture/protocols/aft/evidence/m17q-r1-consequence-profile-2026-09-06/initialized-endpoint/final-syscalls/test.log>, ". 1 passed; 0 failed; 0 ignored; 0 measured; 116 filtered out", 61) = 61
2381181 write(1</home/heathledger/Documents/ioi/repos/ioi/internal-docs/architecture/protocols/aft/evidence/m17q-r1-consequence-profile-2026-09-06/initialized-endpoint/final-syscalls/test.log>, "; finished in 3.55s", 19) = 19
2381181 write(1</home/heathledger/Documents/ioi/repos/ioi/internal-docs/architecture/protocols/aft/evidence/m17q-r1-consequence-profile-2026-09-06/initialized-endpoint/final-syscalls/test.log>, "\n\n", 2) = 2
2381181 +++ exited with 0 +++
