TLC2 Version 2026.08.11.125311 (rev: 0894c34)
Running breadth-first search Model-Checking with fp 93 and seed -8394843674330778378 with 6 workers on 24 cores with 10923MB heap and 64MB offheap memory [pid: 1560665] (Linux 6.17.9-76061709-generic amd64, Ubuntu 21.0.10 64bit, MSBDiskFPSet, DiskStateQueue).
Linting of module TLCExt
Linting of module _TLCTrace
Linting of module QuvEndToEndRefinement
Starting... (2026-09-06 06:17:27)
Computing initial states...
Finished computing initial states: 1 distinct state generated at 2026-09-06 06:17:27.
Error: Invariant NoConflictingAccepts is violated.
Error: The behavior up to this point is:
State 1: <Initial predicate>
/\ height = 0
/\ boundary = (m1 :> FALSE @@ m2 :> FALSE)
/\ op = ( m1 :>
      [ root |-> "r0",
        dom |-> d1,
        slot |-> 0,
        pred |-> "init",
        value |-> "X",
        start |-> 0,
        rid |-> "ra",
        replies |->
            ( m1 :> [cands |-> {}, first |-> "none", kind |-> "none"] @@
              m2 :> [cands |-> {}, first |-> "none", kind |-> "none"] ) ] @@
  m2 :>
      [ root |-> "r0",
        dom |-> d1,
        slot |-> 0,
        pred |-> "init",
        value |-> "X",
        start |-> 0,
        rid |-> "ra",
        replies |->
            ( m1 :> [cands |-> {}, first |-> "none", kind |-> "none"] @@
              m2 :> [cands |-> {}, first |-> "none", kind |-> "none"] ) ] )
/\ accepted = (m1 :> {} @@ m2 :> {})
/\ now = 0
/\ inflight = ( m1 :> [dom |-> d1, slot |-> 0, rid |-> "ra", claimed |-> FALSE] @@
  m2 :> [dom |-> d1, slot |-> 0, rid |-> "ra", claimed |-> FALSE] )
/\ claims = (m1 :> {} @@ m2 :> {})
/\ gateLive = (m1 :> FALSE @@ m2 :> FALSE)
/\ register = {}
/\ activeRoot = (m1 :> "r0" @@ m2 :> "r0")
/\ crashed = (m1 :> FALSE @@ m2 :> FALSE)
/\ gate = (m1 :> FALSE @@ m2 :> FALSE)
/\ authGen = (m1 :> 0 @@ m2 :> 0)
/\ anchor = ( m1 :>
      ( [root |-> "r0", dom |-> d1, slot |-> 1, pred |-> "any"] :>
            [cands |-> {}, first |-> "none"] ) @@
  m2 :>
      ( [root |-> "r0", dom |-> d1, slot |-> 1, pred |-> "any"] :>
            [cands |-> {}, first |-> "none"] ) )
/\ anchorGen = (m1 :> 0 @@ m2 :> 0)
/\ lateClaim = (m1 :> FALSE @@ m2 :> FALSE)
/\ calls = (m1 :> ([dom |-> d1, slot |-> 1] :> 0) @@ m2 :> ([dom |-> d1, slot |-> 1] :> 0))
/\ staged = ( m1 :>
      [ gen |-> 0,
        auth |-> FALSE,
        content |->
            ( [root |-> "r0", dom |-> d1, slot |-> 1, pred |-> "any"] :>
                  [cands |-> {}, first |-> "none"] ),
        exec |-> m1,
        key |-> [root |-> "r0", dom |-> d1, slot |-> 1, pred |-> "any"],
        req |->
            [ root |-> "r0",
              dom |-> d1,
              slot |-> 0,
              pred |-> "init",
              value |-> "X",
              start |-> 0 ] ] @@
  m2 :>
      [ gen |-> 0,
        auth |-> FALSE,
        content |->
            ( [root |-> "r0", dom |-> d1, slot |-> 1, pred |-> "any"] :>
                  [cands |-> {}, first |-> "none"] ),
        exec |-> m1,
        key |-> [root |-> "r0", dom |-> d1, slot |-> 1, pred |-> "any"],
        req |->
            [ root |-> "r0",
              dom |-> d1,
              slot |-> 0,
              pred |-> "init",
              value |-> "X",
              start |-> 0 ] ] )
/\ grant = ( m1 :>
      [ root |-> "r0",
        dom |-> d1,
        slot |-> 0,
        pred |-> "init",
        value |-> "X",
        rid |-> "ra",
        expires |-> 0,
        height |-> 0 ] @@
  m2 :>
      [ root |-> "r0",
        dom |-> d1,
        slot |-> 0,
        pred |-> "init",
        value |-> "X",
        rid |-> "ra",
        expires |-> 0,
        height |-> 0 ] )
/\ bytes = (m1 :> FALSE @@ m2 :> FALSE)
/\ head = (m1 :> (d1 :> <<>>) @@ m2 :> (d1 :> <<>>))

State 2: <AdvanceHeight line 145, col 5 to line 146, col 46 of module QuvEndToEndRefinement>
/\ height = 1
/\ boundary = (m1 :> FALSE @@ m2 :> FALSE)
/\ op = ( m1 :>
      [ root |-> "r0",
        dom |-> d1,
        slot |-> 0,
        pred |-> "init",
        value |-> "X",
        start |-> 0,
        rid |-> "ra",
        replies |->
            ( m1 :> [cands |-> {}, first |-> "none", kind |-> "none"] @@
              m2 :> [cands |-> {}, first |-> "none", kind |-> "none"] ) ] @@
  m2 :>
      [ root |-> "r0",
        dom |-> d1,
        slot |-> 0,
        pred |-> "init",
        value |-> "X",
        start |-> 0,
        rid |-> "ra",
        replies |->
            ( m1 :> [cands |-> {}, first |-> "none", kind |-> "none"] @@
              m2 :> [cands |-> {}, first |-> "none", kind |-> "none"] ) ] )
/\ accepted = (m1 :> {} @@ m2 :> {})
/\ now = 0
/\ inflight = ( m1 :> [dom |-> d1, slot |-> 0, rid |-> "ra", claimed |-> FALSE] @@
  m2 :> [dom |-> d1, slot |-> 0, rid |-> "ra", claimed |-> FALSE] )
/\ claims = (m1 :> {} @@ m2 :> {})
/\ gateLive = (m1 :> FALSE @@ m2 :> FALSE)
/\ register = {}
/\ activeRoot = (m1 :> "r0" @@ m2 :> "r0")
/\ crashed = (m1 :> FALSE @@ m2 :> FALSE)
/\ gate = (m1 :> FALSE @@ m2 :> FALSE)
/\ authGen = (m1 :> 0 @@ m2 :> 0)
/\ anchor = ( m1 :>
      ( [root |-> "r0", dom |-> d1, slot |-> 1, pred |-> "any"] :>
            [cands |-> {}, first |-> "none"] ) @@
  m2 :>
      ( [root |-> "r0", dom |-> d1, slot |-> 1, pred |-> "any"] :>
            [cands |-> {}, first |-> "none"] ) )
/\ anchorGen = (m1 :> 0 @@ m2 :> 0)
/\ lateClaim = (m1 :> FALSE @@ m2 :> FALSE)
/\ calls = (m1 :> ([dom |-> d1, slot |-> 1] :> 0) @@ m2 :> ([dom |-> d1, slot |-> 1] :> 0))
/\ staged = ( m1 :>
      [ gen |-> 0,
        auth |-> FALSE,
        content |->
            ( [root |-> "r0", dom |-> d1, slot |-> 1, pred |-> "any"] :>
                  [cands |-> {}, first |-> "none"] ),
        exec |-> m1,
        key |-> [root |-> "r0", dom |-> d1, slot |-> 1, pred |-> "any"],
        req |->
            [ root |-> "r0",
              dom |-> d1,
              slot |-> 0,
              pred |-> "init",
              value |-> "X",
              start |-> 0 ] ] @@
  m2 :>
      [ gen |-> 0,
        auth |-> FALSE,
        content |->
            ( [root |-> "r0", dom |-> d1, slot |-> 1, pred |-> "any"] :>
                  [cands |-> {}, first |-> "none"] ),
        exec |-> m1,
        key |-> [root |-> "r0", dom |-> d1, slot |-> 1, pred |-> "any"],
        req |->
            [ root |-> "r0",
              dom |-> d1,
              slot |-> 0,
              pred |-> "init",
              value |-> "X",
              start |-> 0 ] ] )
/\ grant = ( m1 :>
      [ root |-> "r0",
        dom |-> d1,
        slot |-> 0,
        pred |-> "init",
        value |-> "X",
        rid |-> "ra",
        expires |-> 0,
        height |-> 0 ] @@
  m2 :>
      [ root |-> "r0",
        dom |-> d1,
        slot |-> 0,
        pred |-> "init",
        value |-> "X",
        rid |-> "ra",
        expires |-> 0,
        height |-> 0 ] )
/\ bytes = (m1 :> FALSE @@ m2 :> FALSE)
/\ head = (m1 :> (d1 :> <<>>) @@ m2 :> (d1 :> <<>>))

State 3: <Tick line 139, col 5 to line 143, col 49 of module QuvEndToEndRefinement>
/\ height = 1
/\ boundary = (m1 :> FALSE @@ m2 :> FALSE)
/\ op = ( m1 :>
      [ root |-> "r0",
        dom |-> d1,
        slot |-> 0,
        pred |-> "init",
        value |-> "X",
        start |-> 0,
        rid |-> "ra",
        replies |->
            ( m1 :> [cands |-> {}, first |-> "none", kind |-> "none"] @@
              m2 :> [cands |-> {}, first |-> "none", kind |-> "none"] ) ] @@
  m2 :>
      [ root |-> "r0",
        dom |-> d1,
        slot |-> 0,
        pred |-> "init",
        value |-> "X",
        start |-> 0,
        rid |-> "ra",
        replies |->
            ( m1 :> [cands |-> {}, first |-> "none", kind |-> "none"] @@
              m2 :> [cands |-> {}, first |-> "none", kind |-> "none"] ) ] )
/\ accepted = (m1 :> {} @@ m2 :> {})
/\ now = 1
/\ inflight = ( m1 :> [dom |-> d1, slot |-> 0, rid |-> "ra", claimed |-> FALSE] @@
  m2 :> [dom |-> d1, slot |-> 0, rid |-> "ra", claimed |-> FALSE] )
/\ claims = (m1 :> {} @@ m2 :> {})
/\ gateLive = (m1 :> FALSE @@ m2 :> FALSE)
/\ register = {}
/\ activeRoot = (m1 :> "r0" @@ m2 :> "r0")
/\ crashed = (m1 :> FALSE @@ m2 :> FALSE)
/\ gate = (m1 :> FALSE @@ m2 :> FALSE)
/\ authGen = (m1 :> 0 @@ m2 :> 0)
/\ anchor = ( m1 :>
      ( [root |-> "r0", dom |-> d1, slot |-> 1, pred |-> "any"] :>
            [cands |-> {}, first |-> "none"] ) @@
  m2 :>
      ( [root |-> "r0", dom |-> d1, slot |-> 1, pred |-> "any"] :>
            [cands |-> {}, first |-> "none"] ) )
/\ anchorGen = (m1 :> 0 @@ m2 :> 0)
/\ lateClaim = (m1 :> FALSE @@ m2 :> FALSE)
/\ calls = (m1 :> ([dom |-> d1, slot |-> 1] :> 0) @@ m2 :> ([dom |-> d1, slot |-> 1] :> 0))
/\ staged = ( m1 :>
      [ gen |-> 0,
        auth |-> FALSE,
        content |->
            ( [root |-> "r0", dom |-> d1, slot |-> 1, pred |-> "any"] :>
                  [cands |-> {}, first |-> "none"] ),
        exec |-> m1,
        key |-> [root |-> "r0", dom |-> d1, slot |-> 1, pred |-> "any"],
        req |->
            [ root |-> "r0",
              dom |-> d1,
              slot |-> 0,
              pred |-> "init",
              value |-> "X",
              start |-> 0 ] ] @@
  m2 :>
      [ gen |-> 0,
        auth |-> FALSE,
        content |->
            ( [root |-> "r0", dom |-> d1, slot |-> 1, pred |-> "any"] :>
                  [cands |-> {}, first |-> "none"] ),
        exec |-> m1,
        key |-> [root |-> "r0", dom |-> d1, slot |-> 1, pred |-> "any"],
        req |->
            [ root |-> "r0",
              dom |-> d1,
              slot |-> 0,
              pred |-> "init",
              value |-> "X",
              start |-> 0 ] ] )
/\ grant = ( m1 :>
      [ root |-> "r0",
        dom |-> d1,
        slot |-> 0,
        pred |-> "init",
        value |-> "X",
        rid |-> "ra",
        expires |-> 0,
        height |-> 0 ] @@
  m2 :>
      [ root |-> "r0",
        dom |-> d1,
        slot |-> 0,
        pred |-> "init",
        value |-> "X",
        rid |-> "ra",
        expires |-> 0,
        height |-> 0 ] )
/\ bytes = (m1 :> FALSE @@ m2 :> FALSE)
/\ head = (m1 :> (d1 :> <<>>) @@ m2 :> (d1 :> <<>>))

State 4: <Next line 438, col 16 to line 439, col 54 of module QuvEndToEndRefinement>
/\ height = 1
/\ boundary = (m1 :> FALSE @@ m2 :> FALSE)
/\ op = ( m1 :>
      [ root |-> "r0",
        dom |-> d1,
        slot |-> 1,
        pred |-> "init",
        value |-> "X",
        start |-> 1,
        rid |-> "ra",
        replies |->
            ( m1 :> [cands |-> {}, first |-> "none", kind |-> "none"] @@
              m2 :> [cands |-> {}, first |-> "none", kind |-> "none"] ) ] @@
  m2 :>
      [ root |-> "r0",
        dom |-> d1,
        slot |-> 0,
        pred |-> "init",
        value |-> "X",
        start |-> 0,
        rid |-> "ra",
        replies |->
            ( m1 :> [cands |-> {}, first |-> "none", kind |-> "none"] @@
              m2 :> [cands |-> {}, first |-> "none", kind |-> "none"] ) ] )
/\ accepted = (m1 :> {} @@ m2 :> {})
/\ now = 1
/\ inflight = ( m1 :> [dom |-> d1, slot |-> 0, rid |-> "ra", claimed |-> FALSE] @@
  m2 :> [dom |-> d1, slot |-> 0, rid |-> "ra", claimed |-> FALSE] )
/\ claims = (m1 :> {} @@ m2 :> {})
/\ gateLive = (m1 :> FALSE @@ m2 :> FALSE)
/\ register = {}
/\ activeRoot = (m1 :> "r0" @@ m2 :> "r0")
/\ crashed = (m1 :> FALSE @@ m2 :> FALSE)
/\ gate = (m1 :> FALSE @@ m2 :> FALSE)
/\ authGen = (m1 :> 0 @@ m2 :> 0)
/\ anchor = ( m1 :>
      ( [root |-> "r0", dom |-> d1, slot |-> 1, pred |-> "any"] :>
            [cands |-> {}, first |-> "none"] ) @@
  m2 :>
      ( [root |-> "r0", dom |-> d1, slot |-> 1, pred |-> "any"] :>
            [cands |-> {}, first |-> "none"] ) )
/\ anchorGen = (m1 :> 0 @@ m2 :> 0)
/\ lateClaim = (m1 :> FALSE @@ m2 :> FALSE)
/\ calls = (m1 :> ([dom |-> d1, slot |-> 1] :> 0) @@ m2 :> ([dom |-> d1, slot |-> 1] :> 0))
/\ staged = ( m1 :>
      [ gen |-> 0,
        auth |-> FALSE,
        content |->
            ( [root |-> "r0", dom |-> d1, slot |-> 1, pred |-> "any"] :>
                  [cands |-> {}, first |-> "none"] ),
        exec |-> m1,
        key |-> [root |-> "r0", dom |-> d1, slot |-> 1, pred |-> "any"],
        req |->
            [ root |-> "r0",
              dom |-> d1,
              slot |-> 0,
              pred |-> "init",
              value |-> "X",
              start |-> 0 ] ] @@
  m2 :>
      [ gen |-> 0,
        auth |-> FALSE,
        content |->
            ( [root |-> "r0", dom |-> d1, slot |-> 1, pred |-> "any"] :>
                  [cands |-> {}, first |-> "none"] ),
        exec |-> m1,
        key |-> [root |-> "r0", dom |-> d1, slot |-> 1, pred |-> "any"],
        req |->
            [ root |-> "r0",
              dom |-> d1,
              slot |-> 0,
              pred |-> "init",
              value |-> "X",
              start |-> 0 ] ] )
/\ grant = ( m1 :>
      [ root |-> "r0",
        dom |-> d1,
        slot |-> 0,
        pred |-> "init",
        value |-> "X",
        rid |-> "ra",
        expires |-> 0,
        height |-> 0 ] @@
  m2 :>
      [ root |-> "r0",
        dom |-> d1,
        slot |-> 0,
        pred |-> "init",
        value |-> "X",
        rid |-> "ra",
        expires |-> 0,
        height |-> 0 ] )
/\ bytes = (m1 :> FALSE @@ m2 :> FALSE)
/\ head = (m1 :> (d1 :> <<>>) @@ m2 :> (d1 :> <<>>))

State 5: <Record(m1,m1) line 184, col 5 to line 211, col 48 of module QuvEndToEndRefinement>
/\ height = 1
/\ boundary = (m1 :> FALSE @@ m2 :> FALSE)
/\ op = ( m1 :>
      [ root |-> "r0",
        dom |-> d1,
        slot |-> 1,
        pred |-> "init",
        value |-> "X",
        start |-> 1,
        rid |-> "ra",
        replies |->
            ( m1 :> [cands |-> {}, first |-> "none", kind |-> "none"] @@
              m2 :> [cands |-> {}, first |-> "none", kind |-> "none"] ) ] @@
  m2 :>
      [ root |-> "r0",
        dom |-> d1,
        slot |-> 0,
        pred |-> "init",
        value |-> "X",
        start |-> 0,
        rid |-> "ra",
        replies |->
            ( m1 :> [cands |-> {}, first |-> "none", kind |-> "none"] @@
              m2 :> [cands |-> {}, first |-> "none", kind |-> "none"] ) ] )
/\ accepted = (m1 :> {} @@ m2 :> {})
/\ now = 1
/\ inflight = ( m1 :> [dom |-> d1, slot |-> 0, rid |-> "ra", claimed |-> FALSE] @@
  m2 :> [dom |-> d1, slot |-> 0, rid |-> "ra", claimed |-> FALSE] )
/\ claims = (m1 :> {} @@ m2 :> {})
/\ gateLive = (m1 :> FALSE @@ m2 :> FALSE)
/\ register = {}
/\ activeRoot = (m1 :> "r0" @@ m2 :> "r0")
/\ crashed = (m1 :> FALSE @@ m2 :> FALSE)
/\ gate = (m1 :> FALSE @@ m2 :> FALSE)
/\ authGen = (m1 :> 1 @@ m2 :> 0)
/\ anchor = ( m1 :>
      ( [root |-> "r0", dom |-> d1, slot |-> 1, pred |-> "any"] :>
            [cands |-> {}, first |-> "none"] ) @@
  m2 :>
      ( [root |-> "r0", dom |-> d1, slot |-> 1, pred |-> "any"] :>
            [cands |-> {}, first |-> "none"] ) )
/\ anchorGen = (m1 :> 0 @@ m2 :> 0)
/\ lateClaim = (m1 :> FALSE @@ m2 :> FALSE)
/\ calls = (m1 :> ([dom |-> d1, slot |-> 1] :> 0) @@ m2 :> ([dom |-> d1, slot |-> 1] :> 0))
/\ staged = ( m1 :>
      [ gen |-> 1,
        auth |-> TRUE,
        content |->
            ( [root |-> "r0", dom |-> d1, slot |-> 1, pred |-> "any"] :>
                  [cands |-> {"X"}, first |-> "X"] ),
        exec |-> m1,
        key |-> [root |-> "r0", dom |-> d1, slot |-> 1, pred |-> "any"],
        req |->
            [ root |-> "r0",
              dom |-> d1,
              slot |-> 1,
              pred |-> "init",
              value |-> "X",
              start |-> 1 ] ] @@
  m2 :>
      [ gen |-> 0,
        auth |-> FALSE,
        content |->
            ( [root |-> "r0", dom |-> d1, slot |-> 1, pred |-> "any"] :>
                  [cands |-> {}, first |-> "none"] ),
        exec |-> m1,
        key |-> [root |-> "r0", dom |-> d1, slot |-> 1, pred |-> "any"],
        req |->
            [ root |-> "r0",
              dom |-> d1,
              slot |-> 0,
              pred |-> "init",
              value |-> "X",
              start |-> 0 ] ] )
/\ grant = ( m1 :>
      [ root |-> "r0",
        dom |-> d1,
        slot |-> 0,
        pred |-> "init",
        value |-> "X",
        rid |-> "ra",
        expires |-> 0,
        height |-> 0 ] @@
  m2 :>
      [ root |-> "r0",
        dom |-> d1,
        slot |-> 0,
        pred |-> "init",
        value |-> "X",
        rid |-> "ra",
        expires |-> 0,
        height |-> 0 ] )
/\ bytes = (m1 :> FALSE @@ m2 :> FALSE)
/\ head = (m1 :> (d1 :> <<>>) @@ m2 :> (d1 :> <<>>))

State 6: <Commit(m1) line 217, col 5 to line 231, col 47 of module QuvEndToEndRefinement>
/\ height = 1
/\ boundary = (m1 :> FALSE @@ m2 :> FALSE)
/\ op = ( m1 :>
      [ root |-> "r0",
        dom |-> d1,
        slot |-> 1,
        pred |-> "init",
        value |-> "X",
        start |-> 1,
        rid |-> "ra",
        replies |->
            ( m1 :> [cands |-> {"X"}, first |-> "X", kind |-> "snapshot"] @@
              m2 :> [cands |-> {}, first |-> "none", kind |-> "none"] ) ] @@
  m2 :>
      [ root |-> "r0",
        dom |-> d1,
        slot |-> 0,
        pred |-> "init",
        value |-> "X",
        start |-> 0,
        rid |-> "ra",
        replies |->
            ( m1 :> [cands |-> {}, first |-> "none", kind |-> "none"] @@
              m2 :> [cands |-> {}, first |-> "none", kind |-> "none"] ) ] )
/\ accepted = (m1 :> {} @@ m2 :> {})
/\ now = 1
/\ inflight = ( m1 :> [dom |-> d1, slot |-> 0, rid |-> "ra", claimed |-> FALSE] @@
  m2 :> [dom |-> d1, slot |-> 0, rid |-> "ra", claimed |-> FALSE] )
/\ claims = (m1 :> {} @@ m2 :> {})
/\ gateLive = (m1 :> FALSE @@ m2 :> FALSE)
/\ register = {}
/\ activeRoot = (m1 :> "r0" @@ m2 :> "r0")
/\ crashed = (m1 :> FALSE @@ m2 :> FALSE)
/\ gate = (m1 :> FALSE @@ m2 :> FALSE)
/\ authGen = (m1 :> 1 @@ m2 :> 0)
/\ anchor = ( m1 :>
      ( [root |-> "r0", dom |-> d1, slot |-> 1, pred |-> "any"] :>
            [cands |-> {"X"}, first |-> "X"] ) @@
  m2 :>
      ( [root |-> "r0", dom |-> d1, slot |-> 1, pred |-> "any"] :>
            [cands |-> {}, first |-> "none"] ) )
/\ anchorGen = (m1 :> 1 @@ m2 :> 0)
/\ lateClaim = (m1 :> FALSE @@ m2 :> FALSE)
/\ calls = (m1 :> ([dom |-> d1, slot |-> 1] :> 0) @@ m2 :> ([dom |-> d1, slot |-> 1] :> 0))
/\ staged = ( m1 :>
      [ gen |-> 0,
        auth |-> FALSE,
        content |->
            ( [root |-> "r0", dom |-> d1, slot |-> 1, pred |-> "any"] :>
                  [cands |-> {}, first |-> "none"] ),
        exec |-> m1,
        key |-> [root |-> "r0", dom |-> d1, slot |-> 1, pred |-> "any"],
        req |->
            [ root |-> "r0",
              dom |-> d1,
              slot |-> 0,
              pred |-> "init",
              value |-> "X",
              start |-> 0 ] ] @@
  m2 :>
      [ gen |-> 0,
        auth |-> FALSE,
        content |->
            ( [root |-> "r0", dom |-> d1, slot |-> 1, pred |-> "any"] :>
                  [cands |-> {}, first |-> "none"] ),
        exec |-> m1,
        key |-> [root |-> "r0", dom |-> d1, slot |-> 1, pred |-> "any"],
        req |->
            [ root |-> "r0",
              dom |-> d1,
              slot |-> 0,
              pred |-> "init",
              value |-> "X",
              start |-> 0 ] ] )
/\ grant = ( m1 :>
      [ root |-> "r0",
        dom |-> d1,
        slot |-> 0,
        pred |-> "init",
        value |-> "X",
        rid |-> "ra",
        expires |-> 0,
        height |-> 0 ] @@
  m2 :>
      [ root |-> "r0",
        dom |-> d1,
        slot |-> 0,
        pred |-> "init",
        value |-> "X",
        rid |-> "ra",
        expires |-> 0,
        height |-> 0 ] )
/\ bytes = (m1 :> FALSE @@ m2 :> FALSE)
/\ head = (m1 :> (d1 :> <<>>) @@ m2 :> (d1 :> <<>>))

State 7: <Decide(m1) line 286, col 5 to line 305, col 88 of module QuvEndToEndRefinement>
/\ height = 1
/\ boundary = (m1 :> FALSE @@ m2 :> FALSE)
/\ op = ( m1 :>
      [ root |-> "r0",
        dom |-> d1,
        slot |-> 0,
        pred |-> "init",
        value |-> "X",
        start |-> 0,
        rid |-> "ra",
        replies |->
            ( m1 :> [cands |-> {}, first |-> "none", kind |-> "none"] @@
              m2 :> [cands |-> {}, first |-> "none", kind |-> "none"] ) ] @@
  m2 :>
      [ root |-> "r0",
        dom |-> d1,
        slot |-> 0,
        pred |-> "init",
        value |-> "X",
        start |-> 0,
        rid |-> "ra",
        replies |->
            ( m1 :> [cands |-> {}, first |-> "none", kind |-> "none"] @@
              m2 :> [cands |-> {}, first |-> "none", kind |-> "none"] ) ] )
/\ accepted = ( m1 :>
      { [ root |-> "r0",
          dom |-> d1,
          slot |-> 1,
          pred |-> "init",
          value |-> "X" ] } @@
  m2 :> {} )
/\ now = 1
/\ inflight = ( m1 :> [dom |-> d1, slot |-> 0, rid |-> "ra", claimed |-> FALSE] @@
  m2 :> [dom |-> d1, slot |-> 0, rid |-> "ra", claimed |-> FALSE] )
/\ claims = (m1 :> {} @@ m2 :> {})
/\ gateLive = (m1 :> FALSE @@ m2 :> FALSE)
/\ register = {}
/\ activeRoot = (m1 :> "r0" @@ m2 :> "r0")
/\ crashed = (m1 :> FALSE @@ m2 :> FALSE)
/\ gate = (m1 :> FALSE @@ m2 :> FALSE)
/\ authGen = (m1 :> 1 @@ m2 :> 0)
/\ anchor = ( m1 :>
      ( [root |-> "r0", dom |-> d1, slot |-> 1, pred |-> "any"] :>
            [cands |-> {"X"}, first |-> "X"] ) @@
  m2 :>
      ( [root |-> "r0", dom |-> d1, slot |-> 1, pred |-> "any"] :>
            [cands |-> {}, first |-> "none"] ) )
/\ anchorGen = (m1 :> 1 @@ m2 :> 0)
/\ lateClaim = (m1 :> FALSE @@ m2 :> FALSE)
/\ calls = (m1 :> ([dom |-> d1, slot |-> 1] :> 0) @@ m2 :> ([dom |-> d1, slot |-> 1] :> 0))
/\ staged = ( m1 :>
      [ gen |-> 0,
        auth |-> FALSE,
        content |->
            ( [root |-> "r0", dom |-> d1, slot |-> 1, pred |-> "any"] :>
                  [cands |-> {}, first |-> "none"] ),
        exec |-> m1,
        key |-> [root |-> "r0", dom |-> d1, slot |-> 1, pred |-> "any"],
        req |->
            [ root |-> "r0",
              dom |-> d1,
              slot |-> 0,
              pred |-> "init",
              value |-> "X",
              start |-> 0 ] ] @@
  m2 :>
      [ gen |-> 0,
        auth |-> FALSE,
        content |->
            ( [root |-> "r0", dom |-> d1, slot |-> 1, pred |-> "any"] :>
                  [cands |-> {}, first |-> "none"] ),
        exec |-> m1,
        key |-> [root |-> "r0", dom |-> d1, slot |-> 1, pred |-> "any"],
        req |->
            [ root |-> "r0",
              dom |-> d1,
              slot |-> 0,
              pred |-> "init",
              value |-> "X",
              start |-> 0 ] ] )
/\ grant = ( m1 :>
      [ root |-> "r0",
        dom |-> d1,
        slot |-> 1,
        pred |-> "init",
        value |-> "X",
        rid |-> "ra",
        expires |-> 2,
        height |-> 1 ] @@
  m2 :>
      [ root |-> "r0",
        dom |-> d1,
        slot |-> 0,
        pred |-> "init",
        value |-> "X",
        rid |-> "ra",
        expires |-> 0,
        height |-> 0 ] )
/\ bytes = (m1 :> FALSE @@ m2 :> FALSE)
/\ head = (m1 :> (d1 :> <<>>) @@ m2 :> (d1 :> <<>>))

State 8: <Next line 438, col 16 to line 439, col 54 of module QuvEndToEndRefinement>
/\ height = 1
/\ boundary = (m1 :> FALSE @@ m2 :> FALSE)
/\ op = ( m1 :>
      [ root |-> "r0",
        dom |-> d1,
        slot |-> 0,
        pred |-> "init",
        value |-> "X",
        start |-> 0,
        rid |-> "ra",
        replies |->
            ( m1 :> [cands |-> {}, first |-> "none", kind |-> "none"] @@
              m2 :> [cands |-> {}, first |-> "none", kind |-> "none"] ) ] @@
  m2 :>
      [ root |-> "r0",
        dom |-> d1,
        slot |-> 1,
        pred |-> "init",
        value |-> "Y",
        start |-> 1,
        rid |-> "ra",
        replies |->
            ( m1 :> [cands |-> {}, first |-> "none", kind |-> "none"] @@
              m2 :> [cands |-> {}, first |-> "none", kind |-> "none"] ) ] )
/\ accepted = ( m1 :>
      { [ root |-> "r0",
          dom |-> d1,
          slot |-> 1,
          pred |-> "init",
          value |-> "X" ] } @@
  m2 :> {} )
/\ now = 1
/\ inflight = ( m1 :> [dom |-> d1, slot |-> 0, rid |-> "ra", claimed |-> FALSE] @@
  m2 :> [dom |-> d1, slot |-> 0, rid |-> "ra", claimed |-> FALSE] )
/\ claims = (m1 :> {} @@ m2 :> {})
/\ gateLive = (m1 :> FALSE @@ m2 :> FALSE)
/\ register = {}
/\ activeRoot = (m1 :> "r0" @@ m2 :> "r0")
/\ crashed = (m1 :> FALSE @@ m2 :> FALSE)
/\ gate = (m1 :> FALSE @@ m2 :> FALSE)
/\ authGen = (m1 :> 1 @@ m2 :> 0)
/\ anchor = ( m1 :>
      ( [root |-> "r0", dom |-> d1, slot |-> 1, pred |-> "any"] :>
            [cands |-> {"X"}, first |-> "X"] ) @@
  m2 :>
      ( [root |-> "r0", dom |-> d1, slot |-> 1, pred |-> "any"] :>
            [cands |-> {}, first |-> "none"] ) )
/\ anchorGen = (m1 :> 1 @@ m2 :> 0)
/\ lateClaim = (m1 :> FALSE @@ m2 :> FALSE)
/\ calls = (m1 :> ([dom |-> d1, slot |-> 1] :> 0) @@ m2 :> ([dom |-> d1, slot |-> 1] :> 0))
/\ staged = ( m1 :>
      [ gen |-> 0,
        auth |-> FALSE,
        content |->
            ( [root |-> "r0", dom |-> d1, slot |-> 1, pred |-> "any"] :>
                  [cands |-> {}, first |-> "none"] ),
        exec |-> m1,
        key |-> [root |-> "r0", dom |-> d1, slot |-> 1, pred |-> "any"],
        req |->
            [ root |-> "r0",
              dom |-> d1,
              slot |-> 0,
              pred |-> "init",
              value |-> "X",
              start |-> 0 ] ] @@
  m2 :>
      [ gen |-> 0,
        auth |-> FALSE,
        content |->
            ( [root |-> "r0", dom |-> d1, slot |-> 1, pred |-> "any"] :>
                  [cands |-> {}, first |-> "none"] ),
        exec |-> m1,
        key |-> [root |-> "r0", dom |-> d1, slot |-> 1, pred |-> "any"],
        req |->
            [ root |-> "r0",
              dom |-> d1,
              slot |-> 0,
              pred |-> "init",
              value |-> "X",
              start |-> 0 ] ] )
/\ grant = ( m1 :>
      [ root |-> "r0",
        dom |-> d1,
        slot |-> 1,
        pred |-> "init",
        value |-> "X",
        rid |-> "ra",
        expires |-> 2,
        height |-> 1 ] @@
  m2 :>
      [ root |-> "r0",
        dom |-> d1,
        slot |-> 0,
        pred |-> "init",
        value |-> "X",
        rid |-> "ra",
        expires |-> 0,
        height |-> 0 ] )
/\ bytes = (m1 :> FALSE @@ m2 :> FALSE)
/\ head = (m1 :> (d1 :> <<>>) @@ m2 :> (d1 :> <<>>))

State 9: <Record(m2,m2) line 184, col 5 to line 211, col 48 of module QuvEndToEndRefinement>
/\ height = 1
/\ boundary = (m1 :> FALSE @@ m2 :> FALSE)
/\ op = ( m1 :>
      [ root |-> "r0",
        dom |-> d1,
        slot |-> 0,
        pred |-> "init",
        value |-> "X",
        start |-> 0,
        rid |-> "ra",
        replies |->
            ( m1 :> [cands |-> {}, first |-> "none", kind |-> "none"] @@
              m2 :> [cands |-> {}, first |-> "none", kind |-> "none"] ) ] @@
  m2 :>
      [ root |-> "r0",
        dom |-> d1,
        slot |-> 1,
        pred |-> "init",
        value |-> "Y",
        start |-> 1,
        rid |-> "ra",
        replies |->
            ( m1 :> [cands |-> {}, first |-> "none", kind |-> "none"] @@
              m2 :> [cands |-> {}, first |-> "none", kind |-> "none"] ) ] )
/\ accepted = ( m1 :>
      { [ root |-> "r0",
          dom |-> d1,
          slot |-> 1,
          pred |-> "init",
          value |-> "X" ] } @@
  m2 :> {} )
/\ now = 1
/\ inflight = ( m1 :> [dom |-> d1, slot |-> 0, rid |-> "ra", claimed |-> FALSE] @@
  m2 :> [dom |-> d1, slot |-> 0, rid |-> "ra", claimed |-> FALSE] )
/\ claims = (m1 :> {} @@ m2 :> {})
/\ gateLive = (m1 :> FALSE @@ m2 :> FALSE)
/\ register = {}
/\ activeRoot = (m1 :> "r0" @@ m2 :> "r0")
/\ crashed = (m1 :> FALSE @@ m2 :> FALSE)
/\ gate = (m1 :> FALSE @@ m2 :> FALSE)
/\ authGen = (m1 :> 1 @@ m2 :> 1)
/\ anchor = ( m1 :>
      ( [root |-> "r0", dom |-> d1, slot |-> 1, pred |-> "any"] :>
            [cands |-> {"X"}, first |-> "X"] ) @@
  m2 :>
      ( [root |-> "r0", dom |-> d1, slot |-> 1, pred |-> "any"] :>
            [cands |-> {}, first |-> "none"] ) )
/\ anchorGen = (m1 :> 1 @@ m2 :> 0)
/\ lateClaim = (m1 :> FALSE @@ m2 :> FALSE)
/\ calls = (m1 :> ([dom |-> d1, slot |-> 1] :> 0) @@ m2 :> ([dom |-> d1, slot |-> 1] :> 0))
/\ staged = ( m1 :>
      [ gen |-> 0,
        auth |-> FALSE,
        content |->
            ( [root |-> "r0", dom |-> d1, slot |-> 1, pred |-> "any"] :>
                  [cands |-> {}, first |-> "none"] ),
        exec |-> m1,
        key |-> [root |-> "r0", dom |-> d1, slot |-> 1, pred |-> "any"],
        req |->
            [ root |-> "r0",
              dom |-> d1,
              slot |-> 0,
              pred |-> "init",
              value |-> "X",
              start |-> 0 ] ] @@
  m2 :>
      [ gen |-> 1,
        auth |-> TRUE,
        content |->
            ( [root |-> "r0", dom |-> d1, slot |-> 1, pred |-> "any"] :>
                  [cands |-> {"Y"}, first |-> "Y"] ),
        exec |-> m2,
        key |-> [root |-> "r0", dom |-> d1, slot |-> 1, pred |-> "any"],
        req |->
            [ root |-> "r0",
              dom |-> d1,
              slot |-> 1,
              pred |-> "init",
              value |-> "Y",
              start |-> 1 ] ] )
/\ grant = ( m1 :>
      [ root |-> "r0",
        dom |-> d1,
        slot |-> 1,
        pred |-> "init",
        value |-> "X",
        rid |-> "ra",
        expires |-> 2,
        height |-> 1 ] @@
  m2 :>
      [ root |-> "r0",
        dom |-> d1,
        slot |-> 0,
        pred |-> "init",
        value |-> "X",
        rid |-> "ra",
        expires |-> 0,
        height |-> 0 ] )
/\ bytes = (m1 :> FALSE @@ m2 :> FALSE)
/\ head = (m1 :> (d1 :> <<>>) @@ m2 :> (d1 :> <<>>))

State 10: <Commit(m2) line 217, col 5 to line 231, col 47 of module QuvEndToEndRefinement>
/\ height = 1
/\ boundary = (m1 :> FALSE @@ m2 :> FALSE)
/\ op = ( m1 :>
      [ root |-> "r0",
        dom |-> d1,
        slot |-> 0,
        pred |-> "init",
        value |-> "X",
        start |-> 0,
        rid |-> "ra",
        replies |->
            ( m1 :> [cands |-> {}, first |-> "none", kind |-> "none"] @@
              m2 :> [cands |-> {}, first |-> "none", kind |-> "none"] ) ] @@
  m2 :>
      [ root |-> "r0",
        dom |-> d1,
        slot |-> 1,
        pred |-> "init",
        value |-> "Y",
        start |-> 1,
        rid |-> "ra",
        replies |->
            ( m1 :> [cands |-> {}, first |-> "none", kind |-> "none"] @@
              m2 :> [cands |-> {"Y"}, first |-> "Y", kind |-> "snapshot"] ) ] )
/\ accepted = ( m1 :>
      { [ root |-> "r0",
          dom |-> d1,
          slot |-> 1,
          pred |-> "init",
          value |-> "X" ] } @@
  m2 :> {} )
/\ now = 1
/\ inflight = ( m1 :> [dom |-> d1, slot |-> 0, rid |-> "ra", claimed |-> FALSE] @@
  m2 :> [dom |-> d1, slot |-> 0, rid |-> "ra", claimed |-> FALSE] )
/\ claims = (m1 :> {} @@ m2 :> {})
/\ gateLive = (m1 :> FALSE @@ m2 :> FALSE)
/\ register = {}
/\ activeRoot = (m1 :> "r0" @@ m2 :> "r0")
/\ crashed = (m1 :> FALSE @@ m2 :> FALSE)
/\ gate = (m1 :> FALSE @@ m2 :> FALSE)
/\ authGen = (m1 :> 1 @@ m2 :> 1)
/\ anchor = ( m1 :>
      ( [root |-> "r0", dom |-> d1, slot |-> 1, pred |-> "any"] :>
            [cands |-> {"X"}, first |-> "X"] ) @@
  m2 :>
      ( [root |-> "r0", dom |-> d1, slot |-> 1, pred |-> "any"] :>
            [cands |-> {"Y"}, first |-> "Y"] ) )
/\ anchorGen = (m1 :> 1 @@ m2 :> 1)
/\ lateClaim = (m1 :> FALSE @@ m2 :> FALSE)
/\ calls = (m1 :> ([dom |-> d1, slot |-> 1] :> 0) @@ m2 :> ([dom |-> d1, slot |-> 1] :> 0))
/\ staged = ( m1 :>
      [ gen |-> 0,
        auth |-> FALSE,
        content |->
            ( [root |-> "r0", dom |-> d1, slot |-> 1, pred |-> "any"] :>
                  [cands |-> {}, first |-> "none"] ),
        exec |-> m1,
        key |-> [root |-> "r0", dom |-> d1, slot |-> 1, pred |-> "any"],
        req |->
            [ root |-> "r0",
              dom |-> d1,
              slot |-> 0,
              pred |-> "init",
              value |-> "X",
              start |-> 0 ] ] @@
  m2 :>
      [ gen |-> 0,
        auth |-> FALSE,
        content |->
            ( [root |-> "r0", dom |-> d1, slot |-> 1, pred |-> "any"] :>
                  [cands |-> {}, first |-> "none"] ),
        exec |-> m1,
        key |-> [root |-> "r0", dom |-> d1, slot |-> 1, pred |-> "any"],
        req |->
            [ root |-> "r0",
              dom |-> d1,
              slot |-> 0,
              pred |-> "init",
              value |-> "X",
              start |-> 0 ] ] )
/\ grant = ( m1 :>
      [ root |-> "r0",
        dom |-> d1,
        slot |-> 1,
        pred |-> "init",
        value |-> "X",
        rid |-> "ra",
        expires |-> 2,
        height |-> 1 ] @@
  m2 :>
      [ root |-> "r0",
        dom |-> d1,
        slot |-> 0,
        pred |-> "init",
        value |-> "X",
        rid |-> "ra",
        expires |-> 0,
        height |-> 0 ] )
/\ bytes = (m1 :> FALSE @@ m2 :> FALSE)
/\ head = (m1 :> (d1 :> <<>>) @@ m2 :> (d1 :> <<>>))

State 11: <Decide(m2) line 286, col 5 to line 305, col 88 of module QuvEndToEndRefinement>
/\ height = 1
/\ boundary = (m1 :> FALSE @@ m2 :> FALSE)
/\ op = ( m1 :>
      [ root |-> "r0",
        dom |-> d1,
        slot |-> 0,
        pred |-> "init",
        value |-> "X",
        start |-> 0,
        rid |-> "ra",
        replies |->
            ( m1 :> [cands |-> {}, first |-> "none", kind |-> "none"] @@
              m2 :> [cands |-> {}, first |-> "none", kind |-> "none"] ) ] @@
  m2 :>
      [ root |-> "r0",
        dom |-> d1,
        slot |-> 0,
        pred |-> "init",
        value |-> "X",
        start |-> 0,
        rid |-> "ra",
        replies |->
            ( m1 :> [cands |-> {}, first |-> "none", kind |-> "none"] @@
              m2 :> [cands |-> {}, first |-> "none", kind |-> "none"] ) ] )
/\ accepted = ( m1 :>
      { [ root |-> "r0",
          dom |-> d1,
          slot |-> 1,
          pred |-> "init",
          value |-> "X" ] } @@
  m2 :>
      { [ root |-> "r0",
          dom |-> d1,
          slot |-> 1,
          pred |-> "init",
          value |-> "Y" ] } )
/\ now = 1
/\ inflight = ( m1 :> [dom |-> d1, slot |-> 0, rid |-> "ra", claimed |-> FALSE] @@
  m2 :> [dom |-> d1, slot |-> 0, rid |-> "ra", claimed |-> FALSE] )
/\ claims = (m1 :> {} @@ m2 :> {})
/\ gateLive = (m1 :> FALSE @@ m2 :> FALSE)
/\ register = {}
/\ activeRoot = (m1 :> "r0" @@ m2 :> "r0")
/\ crashed = (m1 :> FALSE @@ m2 :> FALSE)
/\ gate = (m1 :> FALSE @@ m2 :> FALSE)
/\ authGen = (m1 :> 1 @@ m2 :> 1)
/\ anchor = ( m1 :>
      ( [root |-> "r0", dom |-> d1, slot |-> 1, pred |-> "any"] :>
            [cands |-> {"X"}, first |-> "X"] ) @@
  m2 :>
      ( [root |-> "r0", dom |-> d1, slot |-> 1, pred |-> "any"] :>
            [cands |-> {"Y"}, first |-> "Y"] ) )
/\ anchorGen = (m1 :> 1 @@ m2 :> 1)
/\ lateClaim = (m1 :> FALSE @@ m2 :> FALSE)
/\ calls = (m1 :> ([dom |-> d1, slot |-> 1] :> 0) @@ m2 :> ([dom |-> d1, slot |-> 1] :> 0))
/\ staged = ( m1 :>
      [ gen |-> 0,
        auth |-> FALSE,
        content |->
            ( [root |-> "r0", dom |-> d1, slot |-> 1, pred |-> "any"] :>
                  [cands |-> {}, first |-> "none"] ),
        exec |-> m1,
        key |-> [root |-> "r0", dom |-> d1, slot |-> 1, pred |-> "any"],
        req |->
            [ root |-> "r0",
              dom |-> d1,
              slot |-> 0,
              pred |-> "init",
              value |-> "X",
              start |-> 0 ] ] @@
  m2 :>
      [ gen |-> 0,
        auth |-> FALSE,
        content |->
            ( [root |-> "r0", dom |-> d1, slot |-> 1, pred |-> "any"] :>
                  [cands |-> {}, first |-> "none"] ),
        exec |-> m1,
        key |-> [root |-> "r0", dom |-> d1, slot |-> 1, pred |-> "any"],
        req |->
            [ root |-> "r0",
              dom |-> d1,
              slot |-> 0,
              pred |-> "init",
              value |-> "X",
              start |-> 0 ] ] )
/\ grant = ( m1 :>
      [ root |-> "r0",
        dom |-> d1,
        slot |-> 1,
        pred |-> "init",
        value |-> "X",
        rid |-> "ra",
        expires |-> 2,
        height |-> 1 ] @@
  m2 :>
      [ root |-> "r0",
        dom |-> d1,
        slot |-> 1,
        pred |-> "init",
        value |-> "Y",
        rid |-> "ra",
        expires |-> 2,
        height |-> 1 ] )
/\ bytes = (m1 :> FALSE @@ m2 :> FALSE)
/\ head = (m1 :> (d1 :> <<>>) @@ m2 :> (d1 :> <<>>))

115170 states generated, 37814 distinct states found, 20336 states left on queue.
The depth of the complete state graph search is 11.
Finished in 02s at (2026-09-06 06:17:29)
Trace exploration spec path: ./QuvEndToEndRefinement_TTrace_1788689847.tla
