TLC2 Version 2026.08.11.125311 (rev: 0894c34)
Running breadth-first search Model-Checking with fp 126 and seed 529609728388361474 with 6 workers on 24 cores with 10923MB heap and 64MB offheap memory [pid: 1553797] (Linux 6.17.9-76061709-generic amd64, Ubuntu 21.0.10 64bit, MSBDiskFPSet, DiskStateQueue).
Linting of module TLCExt
Linting of module _TLCTrace
Linting of module QuvEndToEndRefinement
Starting... (2026-09-06 06:17:03)
Computing initial states...
Finished computing initial states: 1 distinct state generated at 2026-09-06 06:17:03.
Error: Invariant NoExecutedSecondSlot is violated.
Error: The behavior up to this point is:
State 1: <Initial predicate>
/\ height = 0
/\ boundary = (m1 :> FALSE)
/\ op = ( m1 :>
      [ root |-> "r0",
        dom |-> d1,
        slot |-> 0,
        pred |-> "init",
        value |-> "X",
        start |-> 0,
        rid |-> "ra",
        replies |->
            (m1 :> [cands |-> {}, first |-> "none", kind |-> "none"]) ] )
/\ accepted = (m1 :> {})
/\ now = 0
/\ inflight = (m1 :> [dom |-> d1, slot |-> 0, rid |-> "ra", claimed |-> FALSE])
/\ claims = (m1 :> {})
/\ gateLive = (m1 :> FALSE)
/\ register = {}
/\ activeRoot = (m1 :> "r0")
/\ crashed = (m1 :> FALSE)
/\ gate = (m1 :> FALSE)
/\ authGen = (m1 :> 0)
/\ anchor = ( m1 :>
      ( [root |-> "r0", dom |-> d1, slot |-> 1, pred |-> "any"] :>
            [cands |-> {}, first |-> "none"] @@
        [root |-> "r0", dom |-> d1, slot |-> 2, pred |-> "any"] :>
            [cands |-> {}, first |-> "none"] ) )
/\ anchorGen = (m1 :> 0)
/\ lateClaim = (m1 :> FALSE)
/\ calls = (m1 :> ([dom |-> d1, slot |-> 1] :> 0 @@ [dom |-> d1, slot |-> 2] :> 0))
/\ staged = ( m1 :>
      [ gen |-> 0,
        auth |-> FALSE,
        content |->
            ( [root |-> "r0", dom |-> d1, slot |-> 1, pred |-> "any"] :>
                  [cands |-> {}, first |-> "none"] @@
              [root |-> "r0", dom |-> d1, slot |-> 2, pred |-> "any"] :>
                  [cands |-> {}, first |-> "none"] ),
        exec |-> m1,
        key |-> [root |-> "r0", dom |-> d1, slot |-> 1, pred |-> "any"],
        req |->
            [ root |-> "r0",
              dom |-> d1,
              slot |-> 0,
              pred |-> "init",
              value |-> "X",
              start |-> 0 ] ] )
/\ grant = ( m1 :>
      [ root |-> "r0",
        dom |-> d1,
        slot |-> 0,
        pred |-> "init",
        value |-> "X",
        rid |-> "ra",
        expires |-> 0,
        height |-> 0 ] )
/\ bytes = (m1 :> FALSE)
/\ head = (m1 :> (d1 :> <<>>))

State 2: <Next line 438, col 16 to line 439, col 54 of module QuvEndToEndRefinement>
/\ height = 0
/\ boundary = (m1 :> FALSE)
/\ op = ( m1 :>
      [ root |-> "r0",
        dom |-> d1,
        slot |-> 1,
        pred |-> "init",
        value |-> "X",
        start |-> 0,
        rid |-> "ra",
        replies |->
            (m1 :> [cands |-> {}, first |-> "none", kind |-> "none"]) ] )
/\ accepted = (m1 :> {})
/\ now = 0
/\ inflight = (m1 :> [dom |-> d1, slot |-> 0, rid |-> "ra", claimed |-> FALSE])
/\ claims = (m1 :> {})
/\ gateLive = (m1 :> FALSE)
/\ register = {}
/\ activeRoot = (m1 :> "r0")
/\ crashed = (m1 :> FALSE)
/\ gate = (m1 :> FALSE)
/\ authGen = (m1 :> 0)
/\ anchor = ( m1 :>
      ( [root |-> "r0", dom |-> d1, slot |-> 1, pred |-> "any"] :>
            [cands |-> {}, first |-> "none"] @@
        [root |-> "r0", dom |-> d1, slot |-> 2, pred |-> "any"] :>
            [cands |-> {}, first |-> "none"] ) )
/\ anchorGen = (m1 :> 0)
/\ lateClaim = (m1 :> FALSE)
/\ calls = (m1 :> ([dom |-> d1, slot |-> 1] :> 0 @@ [dom |-> d1, slot |-> 2] :> 0))
/\ staged = ( m1 :>
      [ gen |-> 0,
        auth |-> FALSE,
        content |->
            ( [root |-> "r0", dom |-> d1, slot |-> 1, pred |-> "any"] :>
                  [cands |-> {}, first |-> "none"] @@
              [root |-> "r0", dom |-> d1, slot |-> 2, pred |-> "any"] :>
                  [cands |-> {}, first |-> "none"] ),
        exec |-> m1,
        key |-> [root |-> "r0", dom |-> d1, slot |-> 1, pred |-> "any"],
        req |->
            [ root |-> "r0",
              dom |-> d1,
              slot |-> 0,
              pred |-> "init",
              value |-> "X",
              start |-> 0 ] ] )
/\ grant = ( m1 :>
      [ root |-> "r0",
        dom |-> d1,
        slot |-> 0,
        pred |-> "init",
        value |-> "X",
        rid |-> "ra",
        expires |-> 0,
        height |-> 0 ] )
/\ bytes = (m1 :> FALSE)
/\ head = (m1 :> (d1 :> <<>>))

State 3: <Tick line 139, col 5 to line 143, col 49 of module QuvEndToEndRefinement>
/\ height = 0
/\ boundary = (m1 :> FALSE)
/\ op = ( m1 :>
      [ root |-> "r0",
        dom |-> d1,
        slot |-> 1,
        pred |-> "init",
        value |-> "X",
        start |-> 0,
        rid |-> "ra",
        replies |->
            (m1 :> [cands |-> {}, first |-> "none", kind |-> "none"]) ] )
/\ accepted = (m1 :> {})
/\ now = 1
/\ inflight = (m1 :> [dom |-> d1, slot |-> 0, rid |-> "ra", claimed |-> FALSE])
/\ claims = (m1 :> {})
/\ gateLive = (m1 :> FALSE)
/\ register = {}
/\ activeRoot = (m1 :> "r0")
/\ crashed = (m1 :> FALSE)
/\ gate = (m1 :> FALSE)
/\ authGen = (m1 :> 0)
/\ anchor = ( m1 :>
      ( [root |-> "r0", dom |-> d1, slot |-> 1, pred |-> "any"] :>
            [cands |-> {}, first |-> "none"] @@
        [root |-> "r0", dom |-> d1, slot |-> 2, pred |-> "any"] :>
            [cands |-> {}, first |-> "none"] ) )
/\ anchorGen = (m1 :> 0)
/\ lateClaim = (m1 :> FALSE)
/\ calls = (m1 :> ([dom |-> d1, slot |-> 1] :> 0 @@ [dom |-> d1, slot |-> 2] :> 0))
/\ staged = ( m1 :>
      [ gen |-> 0,
        auth |-> FALSE,
        content |->
            ( [root |-> "r0", dom |-> d1, slot |-> 1, pred |-> "any"] :>
                  [cands |-> {}, first |-> "none"] @@
              [root |-> "r0", dom |-> d1, slot |-> 2, pred |-> "any"] :>
                  [cands |-> {}, first |-> "none"] ),
        exec |-> m1,
        key |-> [root |-> "r0", dom |-> d1, slot |-> 1, pred |-> "any"],
        req |->
            [ root |-> "r0",
              dom |-> d1,
              slot |-> 0,
              pred |-> "init",
              value |-> "X",
              start |-> 0 ] ] )
/\ grant = ( m1 :>
      [ root |-> "r0",
        dom |-> d1,
        slot |-> 0,
        pred |-> "init",
        value |-> "X",
        rid |-> "ra",
        expires |-> 0,
        height |-> 0 ] )
/\ bytes = (m1 :> FALSE)
/\ head = (m1 :> (d1 :> <<>>))

State 4: <Record(m1,m1) line 184, col 5 to line 211, col 48 of module QuvEndToEndRefinement>
/\ height = 0
/\ boundary = (m1 :> FALSE)
/\ op = ( m1 :>
      [ root |-> "r0",
        dom |-> d1,
        slot |-> 1,
        pred |-> "init",
        value |-> "X",
        start |-> 0,
        rid |-> "ra",
        replies |->
            (m1 :> [cands |-> {}, first |-> "none", kind |-> "none"]) ] )
/\ accepted = (m1 :> {})
/\ now = 1
/\ inflight = (m1 :> [dom |-> d1, slot |-> 0, rid |-> "ra", claimed |-> FALSE])
/\ claims = (m1 :> {})
/\ gateLive = (m1 :> FALSE)
/\ register = {}
/\ activeRoot = (m1 :> "r0")
/\ crashed = (m1 :> FALSE)
/\ gate = (m1 :> FALSE)
/\ authGen = (m1 :> 1)
/\ anchor = ( m1 :>
      ( [root |-> "r0", dom |-> d1, slot |-> 1, pred |-> "any"] :>
            [cands |-> {}, first |-> "none"] @@
        [root |-> "r0", dom |-> d1, slot |-> 2, pred |-> "any"] :>
            [cands |-> {}, first |-> "none"] ) )
/\ anchorGen = (m1 :> 0)
/\ lateClaim = (m1 :> FALSE)
/\ calls = (m1 :> ([dom |-> d1, slot |-> 1] :> 0 @@ [dom |-> d1, slot |-> 2] :> 0))
/\ staged = ( m1 :>
      [ gen |-> 1,
        auth |-> TRUE,
        content |->
            ( [root |-> "r0", dom |-> d1, slot |-> 1, pred |-> "any"] :>
                  [cands |-> {"X"}, first |-> "X"] @@
              [root |-> "r0", dom |-> d1, slot |-> 2, pred |-> "any"] :>
                  [cands |-> {}, first |-> "none"] ),
        exec |-> m1,
        key |-> [root |-> "r0", dom |-> d1, slot |-> 1, pred |-> "any"],
        req |->
            [ root |-> "r0",
              dom |-> d1,
              slot |-> 1,
              pred |-> "init",
              value |-> "X",
              start |-> 0 ] ] )
/\ grant = ( m1 :>
      [ root |-> "r0",
        dom |-> d1,
        slot |-> 0,
        pred |-> "init",
        value |-> "X",
        rid |-> "ra",
        expires |-> 0,
        height |-> 0 ] )
/\ bytes = (m1 :> FALSE)
/\ head = (m1 :> (d1 :> <<>>))

State 5: <Commit(m1) line 217, col 5 to line 231, col 47 of module QuvEndToEndRefinement>
/\ height = 0
/\ boundary = (m1 :> FALSE)
/\ op = ( m1 :>
      [ root |-> "r0",
        dom |-> d1,
        slot |-> 1,
        pred |-> "init",
        value |-> "X",
        start |-> 0,
        rid |-> "ra",
        replies |->
            (m1 :> [cands |-> {"X"}, first |-> "X", kind |-> "snapshot"]) ] )
/\ accepted = (m1 :> {})
/\ now = 1
/\ inflight = (m1 :> [dom |-> d1, slot |-> 0, rid |-> "ra", claimed |-> FALSE])
/\ claims = (m1 :> {})
/\ gateLive = (m1 :> FALSE)
/\ register = {}
/\ activeRoot = (m1 :> "r0")
/\ crashed = (m1 :> FALSE)
/\ gate = (m1 :> FALSE)
/\ authGen = (m1 :> 1)
/\ anchor = ( m1 :>
      ( [root |-> "r0", dom |-> d1, slot |-> 1, pred |-> "any"] :>
            [cands |-> {"X"}, first |-> "X"] @@
        [root |-> "r0", dom |-> d1, slot |-> 2, pred |-> "any"] :>
            [cands |-> {}, first |-> "none"] ) )
/\ anchorGen = (m1 :> 1)
/\ lateClaim = (m1 :> FALSE)
/\ calls = (m1 :> ([dom |-> d1, slot |-> 1] :> 0 @@ [dom |-> d1, slot |-> 2] :> 0))
/\ staged = ( m1 :>
      [ gen |-> 0,
        auth |-> FALSE,
        content |->
            ( [root |-> "r0", dom |-> d1, slot |-> 1, pred |-> "any"] :>
                  [cands |-> {}, first |-> "none"] @@
              [root |-> "r0", dom |-> d1, slot |-> 2, pred |-> "any"] :>
                  [cands |-> {}, first |-> "none"] ),
        exec |-> m1,
        key |-> [root |-> "r0", dom |-> d1, slot |-> 1, pred |-> "any"],
        req |->
            [ root |-> "r0",
              dom |-> d1,
              slot |-> 0,
              pred |-> "init",
              value |-> "X",
              start |-> 0 ] ] )
/\ grant = ( m1 :>
      [ root |-> "r0",
        dom |-> d1,
        slot |-> 0,
        pred |-> "init",
        value |-> "X",
        rid |-> "ra",
        expires |-> 0,
        height |-> 0 ] )
/\ bytes = (m1 :> FALSE)
/\ head = (m1 :> (d1 :> <<>>))

State 6: <Tick line 139, col 5 to line 143, col 49 of module QuvEndToEndRefinement>
/\ height = 0
/\ boundary = (m1 :> FALSE)
/\ op = ( m1 :>
      [ root |-> "r0",
        dom |-> d1,
        slot |-> 1,
        pred |-> "init",
        value |-> "X",
        start |-> 0,
        rid |-> "ra",
        replies |->
            (m1 :> [cands |-> {"X"}, first |-> "X", kind |-> "snapshot"]) ] )
/\ accepted = (m1 :> {})
/\ now = 2
/\ inflight = (m1 :> [dom |-> d1, slot |-> 0, rid |-> "ra", claimed |-> FALSE])
/\ claims = (m1 :> {})
/\ gateLive = (m1 :> FALSE)
/\ register = {}
/\ activeRoot = (m1 :> "r0")
/\ crashed = (m1 :> FALSE)
/\ gate = (m1 :> FALSE)
/\ authGen = (m1 :> 1)
/\ anchor = ( m1 :>
      ( [root |-> "r0", dom |-> d1, slot |-> 1, pred |-> "any"] :>
            [cands |-> {"X"}, first |-> "X"] @@
        [root |-> "r0", dom |-> d1, slot |-> 2, pred |-> "any"] :>
            [cands |-> {}, first |-> "none"] ) )
/\ anchorGen = (m1 :> 1)
/\ lateClaim = (m1 :> FALSE)
/\ calls = (m1 :> ([dom |-> d1, slot |-> 1] :> 0 @@ [dom |-> d1, slot |-> 2] :> 0))
/\ staged = ( m1 :>
      [ gen |-> 0,
        auth |-> FALSE,
        content |->
            ( [root |-> "r0", dom |-> d1, slot |-> 1, pred |-> "any"] :>
                  [cands |-> {}, first |-> "none"] @@
              [root |-> "r0", dom |-> d1, slot |-> 2, pred |-> "any"] :>
                  [cands |-> {}, first |-> "none"] ),
        exec |-> m1,
        key |-> [root |-> "r0", dom |-> d1, slot |-> 1, pred |-> "any"],
        req |->
            [ root |-> "r0",
              dom |-> d1,
              slot |-> 0,
              pred |-> "init",
              value |-> "X",
              start |-> 0 ] ] )
/\ grant = ( m1 :>
      [ root |-> "r0",
        dom |-> d1,
        slot |-> 0,
        pred |-> "init",
        value |-> "X",
        rid |-> "ra",
        expires |-> 0,
        height |-> 0 ] )
/\ bytes = (m1 :> FALSE)
/\ head = (m1 :> (d1 :> <<>>))

State 7: <Decide(m1) line 286, col 5 to line 305, col 88 of module QuvEndToEndRefinement>
/\ height = 0
/\ boundary = (m1 :> FALSE)
/\ op = ( m1 :>
      [ root |-> "r0",
        dom |-> d1,
        slot |-> 0,
        pred |-> "init",
        value |-> "X",
        start |-> 0,
        rid |-> "ra",
        replies |->
            (m1 :> [cands |-> {}, first |-> "none", kind |-> "none"]) ] )
/\ accepted = ( m1 :>
      { [ root |-> "r0",
          dom |-> d1,
          slot |-> 1,
          pred |-> "init",
          value |-> "X" ] } )
/\ now = 2
/\ inflight = (m1 :> [dom |-> d1, slot |-> 0, rid |-> "ra", claimed |-> FALSE])
/\ claims = (m1 :> {})
/\ gateLive = (m1 :> FALSE)
/\ register = {}
/\ activeRoot = (m1 :> "r0")
/\ crashed = (m1 :> FALSE)
/\ gate = (m1 :> FALSE)
/\ authGen = (m1 :> 1)
/\ anchor = ( m1 :>
      ( [root |-> "r0", dom |-> d1, slot |-> 1, pred |-> "any"] :>
            [cands |-> {"X"}, first |-> "X"] @@
        [root |-> "r0", dom |-> d1, slot |-> 2, pred |-> "any"] :>
            [cands |-> {}, first |-> "none"] ) )
/\ anchorGen = (m1 :> 1)
/\ lateClaim = (m1 :> FALSE)
/\ calls = (m1 :> ([dom |-> d1, slot |-> 1] :> 0 @@ [dom |-> d1, slot |-> 2] :> 0))
/\ staged = ( m1 :>
      [ gen |-> 0,
        auth |-> FALSE,
        content |->
            ( [root |-> "r0", dom |-> d1, slot |-> 1, pred |-> "any"] :>
                  [cands |-> {}, first |-> "none"] @@
              [root |-> "r0", dom |-> d1, slot |-> 2, pred |-> "any"] :>
                  [cands |-> {}, first |-> "none"] ),
        exec |-> m1,
        key |-> [root |-> "r0", dom |-> d1, slot |-> 1, pred |-> "any"],
        req |->
            [ root |-> "r0",
              dom |-> d1,
              slot |-> 0,
              pred |-> "init",
              value |-> "X",
              start |-> 0 ] ] )
/\ grant = ( m1 :>
      [ root |-> "r0",
        dom |-> d1,
        slot |-> 1,
        pred |-> "init",
        value |-> "X",
        rid |-> "ra",
        expires |-> 3,
        height |-> 0 ] )
/\ bytes = (m1 :> FALSE)
/\ head = (m1 :> (d1 :> <<>>))

State 8: <Advance(m1) line 310, col 5 to line 315, col 45 of module QuvEndToEndRefinement>
/\ height = 0
/\ boundary = (m1 :> FALSE)
/\ op = ( m1 :>
      [ root |-> "r0",
        dom |-> d1,
        slot |-> 0,
        pred |-> "init",
        value |-> "X",
        start |-> 0,
        rid |-> "ra",
        replies |->
            (m1 :> [cands |-> {}, first |-> "none", kind |-> "none"]) ] )
/\ accepted = ( m1 :>
      { [ root |-> "r0",
          dom |-> d1,
          slot |-> 1,
          pred |-> "init",
          value |-> "X" ] } )
/\ now = 2
/\ inflight = (m1 :> [dom |-> d1, slot |-> 0, rid |-> "ra", claimed |-> FALSE])
/\ claims = (m1 :> {})
/\ gateLive = (m1 :> FALSE)
/\ register = {}
/\ activeRoot = (m1 :> "r0")
/\ crashed = (m1 :> FALSE)
/\ gate = (m1 :> FALSE)
/\ authGen = (m1 :> 1)
/\ anchor = ( m1 :>
      ( [root |-> "r0", dom |-> d1, slot |-> 1, pred |-> "any"] :>
            [cands |-> {"X"}, first |-> "X"] @@
        [root |-> "r0", dom |-> d1, slot |-> 2, pred |-> "any"] :>
            [cands |-> {}, first |-> "none"] ) )
/\ anchorGen = (m1 :> 1)
/\ lateClaim = (m1 :> FALSE)
/\ calls = (m1 :> ([dom |-> d1, slot |-> 1] :> 0 @@ [dom |-> d1, slot |-> 2] :> 0))
/\ staged = ( m1 :>
      [ gen |-> 0,
        auth |-> FALSE,
        content |->
            ( [root |-> "r0", dom |-> d1, slot |-> 1, pred |-> "any"] :>
                  [cands |-> {}, first |-> "none"] @@
              [root |-> "r0", dom |-> d1, slot |-> 2, pred |-> "any"] :>
                  [cands |-> {}, first |-> "none"] ),
        exec |-> m1,
        key |-> [root |-> "r0", dom |-> d1, slot |-> 1, pred |-> "any"],
        req |->
            [ root |-> "r0",
              dom |-> d1,
              slot |-> 0,
              pred |-> "init",
              value |-> "X",
              start |-> 0 ] ] )
/\ grant = ( m1 :>
      [ root |-> "r0",
        dom |-> d1,
        slot |-> 1,
        pred |-> "init",
        value |-> "X",
        rid |-> "ra",
        expires |-> 3,
        height |-> 0 ] )
/\ bytes = (m1 :> FALSE)
/\ head = (m1 :> (d1 :> <<"X">>))

State 9: <DiscardGrant(m1) line 387, col 5 to line 390, col 47 of module QuvEndToEndRefinement>
/\ height = 0
/\ boundary = (m1 :> FALSE)
/\ op = ( m1 :>
      [ root |-> "r0",
        dom |-> d1,
        slot |-> 0,
        pred |-> "init",
        value |-> "X",
        start |-> 0,
        rid |-> "ra",
        replies |->
            (m1 :> [cands |-> {}, first |-> "none", kind |-> "none"]) ] )
/\ accepted = ( m1 :>
      { [ root |-> "r0",
          dom |-> d1,
          slot |-> 1,
          pred |-> "init",
          value |-> "X" ] } )
/\ now = 2
/\ inflight = (m1 :> [dom |-> d1, slot |-> 0, rid |-> "ra", claimed |-> FALSE])
/\ claims = (m1 :> {})
/\ gateLive = (m1 :> FALSE)
/\ register = {}
/\ activeRoot = (m1 :> "r0")
/\ crashed = (m1 :> FALSE)
/\ gate = (m1 :> FALSE)
/\ authGen = (m1 :> 1)
/\ anchor = ( m1 :>
      ( [root |-> "r0", dom |-> d1, slot |-> 1, pred |-> "any"] :>
            [cands |-> {"X"}, first |-> "X"] @@
        [root |-> "r0", dom |-> d1, slot |-> 2, pred |-> "any"] :>
            [cands |-> {}, first |-> "none"] ) )
/\ anchorGen = (m1 :> 1)
/\ lateClaim = (m1 :> FALSE)
/\ calls = (m1 :> ([dom |-> d1, slot |-> 1] :> 0 @@ [dom |-> d1, slot |-> 2] :> 0))
/\ staged = ( m1 :>
      [ gen |-> 0,
        auth |-> FALSE,
        content |->
            ( [root |-> "r0", dom |-> d1, slot |-> 1, pred |-> "any"] :>
                  [cands |-> {}, first |-> "none"] @@
              [root |-> "r0", dom |-> d1, slot |-> 2, pred |-> "any"] :>
                  [cands |-> {}, first |-> "none"] ),
        exec |-> m1,
        key |-> [root |-> "r0", dom |-> d1, slot |-> 1, pred |-> "any"],
        req |->
            [ root |-> "r0",
              dom |-> d1,
              slot |-> 0,
              pred |-> "init",
              value |-> "X",
              start |-> 0 ] ] )
/\ grant = ( m1 :>
      [ root |-> "r0",
        dom |-> d1,
        slot |-> 0,
        pred |-> "init",
        value |-> "X",
        rid |-> "ra",
        expires |-> 0,
        height |-> 0 ] )
/\ bytes = (m1 :> FALSE)
/\ head = (m1 :> (d1 :> <<"X">>))

State 10: <Next line 438, col 16 to line 439, col 54 of module QuvEndToEndRefinement>
/\ height = 0
/\ boundary = (m1 :> FALSE)
/\ op = ( m1 :>
      [ root |-> "r0",
        dom |-> d1,
        slot |-> 2,
        pred |-> "X",
        value |-> "X",
        start |-> 2,
        rid |-> "ra",
        replies |->
            (m1 :> [cands |-> {}, first |-> "none", kind |-> "none"]) ] )
/\ accepted = ( m1 :>
      { [ root |-> "r0",
          dom |-> d1,
          slot |-> 1,
          pred |-> "init",
          value |-> "X" ] } )
/\ now = 2
/\ inflight = (m1 :> [dom |-> d1, slot |-> 0, rid |-> "ra", claimed |-> FALSE])
/\ claims = (m1 :> {})
/\ gateLive = (m1 :> FALSE)
/\ register = {}
/\ activeRoot = (m1 :> "r0")
/\ crashed = (m1 :> FALSE)
/\ gate = (m1 :> FALSE)
/\ authGen = (m1 :> 1)
/\ anchor = ( m1 :>
      ( [root |-> "r0", dom |-> d1, slot |-> 1, pred |-> "any"] :>
            [cands |-> {"X"}, first |-> "X"] @@
        [root |-> "r0", dom |-> d1, slot |-> 2, pred |-> "any"] :>
            [cands |-> {}, first |-> "none"] ) )
/\ anchorGen = (m1 :> 1)
/\ lateClaim = (m1 :> FALSE)
/\ calls = (m1 :> ([dom |-> d1, slot |-> 1] :> 0 @@ [dom |-> d1, slot |-> 2] :> 0))
/\ staged = ( m1 :>
      [ gen |-> 0,
        auth |-> FALSE,
        content |->
            ( [root |-> "r0", dom |-> d1, slot |-> 1, pred |-> "any"] :>
                  [cands |-> {}, first |-> "none"] @@
              [root |-> "r0", dom |-> d1, slot |-> 2, pred |-> "any"] :>
                  [cands |-> {}, first |-> "none"] ),
        exec |-> m1,
        key |-> [root |-> "r0", dom |-> d1, slot |-> 1, pred |-> "any"],
        req |->
            [ root |-> "r0",
              dom |-> d1,
              slot |-> 0,
              pred |-> "init",
              value |-> "X",
              start |-> 0 ] ] )
/\ grant = ( m1 :>
      [ root |-> "r0",
        dom |-> d1,
        slot |-> 0,
        pred |-> "init",
        value |-> "X",
        rid |-> "ra",
        expires |-> 0,
        height |-> 0 ] )
/\ bytes = (m1 :> FALSE)
/\ head = (m1 :> (d1 :> <<"X">>))

State 11: <Tick line 139, col 5 to line 143, col 49 of module QuvEndToEndRefinement>
/\ height = 0
/\ boundary = (m1 :> FALSE)
/\ op = ( m1 :>
      [ root |-> "r0",
        dom |-> d1,
        slot |-> 2,
        pred |-> "X",
        value |-> "X",
        start |-> 2,
        rid |-> "ra",
        replies |->
            (m1 :> [cands |-> {}, first |-> "none", kind |-> "none"]) ] )
/\ accepted = ( m1 :>
      { [ root |-> "r0",
          dom |-> d1,
          slot |-> 1,
          pred |-> "init",
          value |-> "X" ] } )
/\ now = 3
/\ inflight = (m1 :> [dom |-> d1, slot |-> 0, rid |-> "ra", claimed |-> FALSE])
/\ claims = (m1 :> {})
/\ gateLive = (m1 :> FALSE)
/\ register = {}
/\ activeRoot = (m1 :> "r0")
/\ crashed = (m1 :> FALSE)
/\ gate = (m1 :> FALSE)
/\ authGen = (m1 :> 1)
/\ anchor = ( m1 :>
      ( [root |-> "r0", dom |-> d1, slot |-> 1, pred |-> "any"] :>
            [cands |-> {"X"}, first |-> "X"] @@
        [root |-> "r0", dom |-> d1, slot |-> 2, pred |-> "any"] :>
            [cands |-> {}, first |-> "none"] ) )
/\ anchorGen = (m1 :> 1)
/\ lateClaim = (m1 :> FALSE)
/\ calls = (m1 :> ([dom |-> d1, slot |-> 1] :> 0 @@ [dom |-> d1, slot |-> 2] :> 0))
/\ staged = ( m1 :>
      [ gen |-> 0,
        auth |-> FALSE,
        content |->
            ( [root |-> "r0", dom |-> d1, slot |-> 1, pred |-> "any"] :>
                  [cands |-> {}, first |-> "none"] @@
              [root |-> "r0", dom |-> d1, slot |-> 2, pred |-> "any"] :>
                  [cands |-> {}, first |-> "none"] ),
        exec |-> m1,
        key |-> [root |-> "r0", dom |-> d1, slot |-> 1, pred |-> "any"],
        req |->
            [ root |-> "r0",
              dom |-> d1,
              slot |-> 0,
              pred |-> "init",
              value |-> "X",
              start |-> 0 ] ] )
/\ grant = ( m1 :>
      [ root |-> "r0",
        dom |-> d1,
        slot |-> 0,
        pred |-> "init",
        value |-> "X",
        rid |-> "ra",
        expires |-> 0,
        height |-> 0 ] )
/\ bytes = (m1 :> FALSE)
/\ head = (m1 :> (d1 :> <<"X">>))

State 12: <Record(m1,m1) line 184, col 5 to line 211, col 48 of module QuvEndToEndRefinement>
/\ height = 0
/\ boundary = (m1 :> FALSE)
/\ op = ( m1 :>
      [ root |-> "r0",
        dom |-> d1,
        slot |-> 2,
        pred |-> "X",
        value |-> "X",
        start |-> 2,
        rid |-> "ra",
        replies |->
            (m1 :> [cands |-> {}, first |-> "none", kind |-> "none"]) ] )
/\ accepted = ( m1 :>
      { [ root |-> "r0",
          dom |-> d1,
          slot |-> 1,
          pred |-> "init",
          value |-> "X" ] } )
/\ now = 3
/\ inflight = (m1 :> [dom |-> d1, slot |-> 0, rid |-> "ra", claimed |-> FALSE])
/\ claims = (m1 :> {})
/\ gateLive = (m1 :> FALSE)
/\ register = {}
/\ activeRoot = (m1 :> "r0")
/\ crashed = (m1 :> FALSE)
/\ gate = (m1 :> FALSE)
/\ authGen = (m1 :> 2)
/\ anchor = ( m1 :>
      ( [root |-> "r0", dom |-> d1, slot |-> 1, pred |-> "any"] :>
            [cands |-> {"X"}, first |-> "X"] @@
        [root |-> "r0", dom |-> d1, slot |-> 2, pred |-> "any"] :>
            [cands |-> {}, first |-> "none"] ) )
/\ anchorGen = (m1 :> 1)
/\ lateClaim = (m1 :> FALSE)
/\ calls = (m1 :> ([dom |-> d1, slot |-> 1] :> 0 @@ [dom |-> d1, slot |-> 2] :> 0))
/\ staged = ( m1 :>
      [ gen |-> 2,
        auth |-> TRUE,
        content |->
            ( [root |-> "r0", dom |-> d1, slot |-> 1, pred |-> "any"] :>
                  [cands |-> {"X"}, first |-> "X"] @@
              [root |-> "r0", dom |-> d1, slot |-> 2, pred |-> "any"] :>
                  [cands |-> {"X"}, first |-> "X"] ),
        exec |-> m1,
        key |-> [root |-> "r0", dom |-> d1, slot |-> 2, pred |-> "any"],
        req |->
            [ root |-> "r0",
              dom |-> d1,
              slot |-> 2,
              pred |-> "X",
              value |-> "X",
              start |-> 2 ] ] )
/\ grant = ( m1 :>
      [ root |-> "r0",
        dom |-> d1,
        slot |-> 0,
        pred |-> "init",
        value |-> "X",
        rid |-> "ra",
        expires |-> 0,
        height |-> 0 ] )
/\ bytes = (m1 :> FALSE)
/\ head = (m1 :> (d1 :> <<"X">>))

State 13: <Commit(m1) line 217, col 5 to line 231, col 47 of module QuvEndToEndRefinement>
/\ height = 0
/\ boundary = (m1 :> FALSE)
/\ op = ( m1 :>
      [ root |-> "r0",
        dom |-> d1,
        slot |-> 2,
        pred |-> "X",
        value |-> "X",
        start |-> 2,
        rid |-> "ra",
        replies |->
            (m1 :> [cands |-> {"X"}, first |-> "X", kind |-> "snapshot"]) ] )
/\ accepted = ( m1 :>
      { [ root |-> "r0",
          dom |-> d1,
          slot |-> 1,
          pred |-> "init",
          value |-> "X" ] } )
/\ now = 3
/\ inflight = (m1 :> [dom |-> d1, slot |-> 0, rid |-> "ra", claimed |-> FALSE])
/\ claims = (m1 :> {})
/\ gateLive = (m1 :> FALSE)
/\ register = {}
/\ activeRoot = (m1 :> "r0")
/\ crashed = (m1 :> FALSE)
/\ gate = (m1 :> FALSE)
/\ authGen = (m1 :> 2)
/\ anchor = ( m1 :>
      ( [root |-> "r0", dom |-> d1, slot |-> 1, pred |-> "any"] :>
            [cands |-> {"X"}, first |-> "X"] @@
        [root |-> "r0", dom |-> d1, slot |-> 2, pred |-> "any"] :>
            [cands |-> {"X"}, first |-> "X"] ) )
/\ anchorGen = (m1 :> 2)
/\ lateClaim = (m1 :> FALSE)
/\ calls = (m1 :> ([dom |-> d1, slot |-> 1] :> 0 @@ [dom |-> d1, slot |-> 2] :> 0))
/\ staged = ( m1 :>
      [ gen |-> 0,
        auth |-> FALSE,
        content |->
            ( [root |-> "r0", dom |-> d1, slot |-> 1, pred |-> "any"] :>
                  [cands |-> {}, first |-> "none"] @@
              [root |-> "r0", dom |-> d1, slot |-> 2, pred |-> "any"] :>
                  [cands |-> {}, first |-> "none"] ),
        exec |-> m1,
        key |-> [root |-> "r0", dom |-> d1, slot |-> 1, pred |-> "any"],
        req |->
            [ root |-> "r0",
              dom |-> d1,
              slot |-> 0,
              pred |-> "init",
              value |-> "X",
              start |-> 0 ] ] )
/\ grant = ( m1 :>
      [ root |-> "r0",
        dom |-> d1,
        slot |-> 0,
        pred |-> "init",
        value |-> "X",
        rid |-> "ra",
        expires |-> 0,
        height |-> 0 ] )
/\ bytes = (m1 :> FALSE)
/\ head = (m1 :> (d1 :> <<"X">>))

State 14: <Tick line 139, col 5 to line 143, col 49 of module QuvEndToEndRefinement>
/\ height = 0
/\ boundary = (m1 :> FALSE)
/\ op = ( m1 :>
      [ root |-> "r0",
        dom |-> d1,
        slot |-> 2,
        pred |-> "X",
        value |-> "X",
        start |-> 2,
        rid |-> "ra",
        replies |->
            (m1 :> [cands |-> {"X"}, first |-> "X", kind |-> "snapshot"]) ] )
/\ accepted = ( m1 :>
      { [ root |-> "r0",
          dom |-> d1,
          slot |-> 1,
          pred |-> "init",
          value |-> "X" ] } )
/\ now = 4
/\ inflight = (m1 :> [dom |-> d1, slot |-> 0, rid |-> "ra", claimed |-> FALSE])
/\ claims = (m1 :> {})
/\ gateLive = (m1 :> FALSE)
/\ register = {}
/\ activeRoot = (m1 :> "r0")
/\ crashed = (m1 :> FALSE)
/\ gate = (m1 :> FALSE)
/\ authGen = (m1 :> 2)
/\ anchor = ( m1 :>
      ( [root |-> "r0", dom |-> d1, slot |-> 1, pred |-> "any"] :>
            [cands |-> {"X"}, first |-> "X"] @@
        [root |-> "r0", dom |-> d1, slot |-> 2, pred |-> "any"] :>
            [cands |-> {"X"}, first |-> "X"] ) )
/\ anchorGen = (m1 :> 2)
/\ lateClaim = (m1 :> FALSE)
/\ calls = (m1 :> ([dom |-> d1, slot |-> 1] :> 0 @@ [dom |-> d1, slot |-> 2] :> 0))
/\ staged = ( m1 :>
      [ gen |-> 0,
        auth |-> FALSE,
        content |->
            ( [root |-> "r0", dom |-> d1, slot |-> 1, pred |-> "any"] :>
                  [cands |-> {}, first |-> "none"] @@
              [root |-> "r0", dom |-> d1, slot |-> 2, pred |-> "any"] :>
                  [cands |-> {}, first |-> "none"] ),
        exec |-> m1,
        key |-> [root |-> "r0", dom |-> d1, slot |-> 1, pred |-> "any"],
        req |->
            [ root |-> "r0",
              dom |-> d1,
              slot |-> 0,
              pred |-> "init",
              value |-> "X",
              start |-> 0 ] ] )
/\ grant = ( m1 :>
      [ root |-> "r0",
        dom |-> d1,
        slot |-> 0,
        pred |-> "init",
        value |-> "X",
        rid |-> "ra",
        expires |-> 0,
        height |-> 0 ] )
/\ bytes = (m1 :> FALSE)
/\ head = (m1 :> (d1 :> <<"X">>))

State 15: <Decide(m1) line 286, col 5 to line 305, col 88 of module QuvEndToEndRefinement>
/\ height = 0
/\ boundary = (m1 :> FALSE)
/\ op = ( m1 :>
      [ root |-> "r0",
        dom |-> d1,
        slot |-> 0,
        pred |-> "init",
        value |-> "X",
        start |-> 0,
        rid |-> "ra",
        replies |->
            (m1 :> [cands |-> {}, first |-> "none", kind |-> "none"]) ] )
/\ accepted = ( m1 :>
      { [root |-> "r0", dom |-> d1, slot |-> 1, pred |-> "init", value |-> "X"],
        [root |-> "r0", dom |-> d1, slot |-> 2, pred |-> "X", value |-> "X"] } )
/\ now = 4
/\ inflight = (m1 :> [dom |-> d1, slot |-> 0, rid |-> "ra", claimed |-> FALSE])
/\ claims = (m1 :> {})
/\ gateLive = (m1 :> FALSE)
/\ register = {}
/\ activeRoot = (m1 :> "r0")
/\ crashed = (m1 :> FALSE)
/\ gate = (m1 :> FALSE)
/\ authGen = (m1 :> 2)
/\ anchor = ( m1 :>
      ( [root |-> "r0", dom |-> d1, slot |-> 1, pred |-> "any"] :>
            [cands |-> {"X"}, first |-> "X"] @@
        [root |-> "r0", dom |-> d1, slot |-> 2, pred |-> "any"] :>
            [cands |-> {"X"}, first |-> "X"] ) )
/\ anchorGen = (m1 :> 2)
/\ lateClaim = (m1 :> FALSE)
/\ calls = (m1 :> ([dom |-> d1, slot |-> 1] :> 0 @@ [dom |-> d1, slot |-> 2] :> 0))
/\ staged = ( m1 :>
      [ gen |-> 0,
        auth |-> FALSE,
        content |->
            ( [root |-> "r0", dom |-> d1, slot |-> 1, pred |-> "any"] :>
                  [cands |-> {}, first |-> "none"] @@
              [root |-> "r0", dom |-> d1, slot |-> 2, pred |-> "any"] :>
                  [cands |-> {}, first |-> "none"] ),
        exec |-> m1,
        key |-> [root |-> "r0", dom |-> d1, slot |-> 1, pred |-> "any"],
        req |->
            [ root |-> "r0",
              dom |-> d1,
              slot |-> 0,
              pred |-> "init",
              value |-> "X",
              start |-> 0 ] ] )
/\ grant = ( m1 :>
      [ root |-> "r0",
        dom |-> d1,
        slot |-> 2,
        pred |-> "X",
        value |-> "X",
        rid |-> "ra",
        expires |-> 5,
        height |-> 0 ] )
/\ bytes = (m1 :> FALSE)
/\ head = (m1 :> (d1 :> <<"X">>))

State 16: <Advance(m1) line 310, col 5 to line 315, col 45 of module QuvEndToEndRefinement>
/\ height = 0
/\ boundary = (m1 :> FALSE)
/\ op = ( m1 :>
      [ root |-> "r0",
        dom |-> d1,
        slot |-> 0,
        pred |-> "init",
        value |-> "X",
        start |-> 0,
        rid |-> "ra",
        replies |->
            (m1 :> [cands |-> {}, first |-> "none", kind |-> "none"]) ] )
/\ accepted = ( m1 :>
      { [root |-> "r0", dom |-> d1, slot |-> 1, pred |-> "init", value |-> "X"],
        [root |-> "r0", dom |-> d1, slot |-> 2, pred |-> "X", value |-> "X"] } )
/\ now = 4
/\ inflight = (m1 :> [dom |-> d1, slot |-> 0, rid |-> "ra", claimed |-> FALSE])
/\ claims = (m1 :> {})
/\ gateLive = (m1 :> FALSE)
/\ register = {}
/\ activeRoot = (m1 :> "r0")
/\ crashed = (m1 :> FALSE)
/\ gate = (m1 :> FALSE)
/\ authGen = (m1 :> 2)
/\ anchor = ( m1 :>
      ( [root |-> "r0", dom |-> d1, slot |-> 1, pred |-> "any"] :>
            [cands |-> {"X"}, first |-> "X"] @@
        [root |-> "r0", dom |-> d1, slot |-> 2, pred |-> "any"] :>
            [cands |-> {"X"}, first |-> "X"] ) )
/\ anchorGen = (m1 :> 2)
/\ lateClaim = (m1 :> FALSE)
/\ calls = (m1 :> ([dom |-> d1, slot |-> 1] :> 0 @@ [dom |-> d1, slot |-> 2] :> 0))
/\ staged = ( m1 :>
      [ gen |-> 0,
        auth |-> FALSE,
        content |->
            ( [root |-> "r0", dom |-> d1, slot |-> 1, pred |-> "any"] :>
                  [cands |-> {}, first |-> "none"] @@
              [root |-> "r0", dom |-> d1, slot |-> 2, pred |-> "any"] :>
                  [cands |-> {}, first |-> "none"] ),
        exec |-> m1,
        key |-> [root |-> "r0", dom |-> d1, slot |-> 1, pred |-> "any"],
        req |->
            [ root |-> "r0",
              dom |-> d1,
              slot |-> 0,
              pred |-> "init",
              value |-> "X",
              start |-> 0 ] ] )
/\ grant = ( m1 :>
      [ root |-> "r0",
        dom |-> d1,
        slot |-> 2,
        pred |-> "X",
        value |-> "X",
        rid |-> "ra",
        expires |-> 5,
        height |-> 0 ] )
/\ bytes = (m1 :> FALSE)
/\ head = (m1 :> (d1 :> <<"X", "X">>))

State 17: <Claim(m1) line 335, col 5 to line 345, col 73 of module QuvEndToEndRefinement>
/\ height = 0
/\ boundary = (m1 :> FALSE)
/\ op = ( m1 :>
      [ root |-> "r0",
        dom |-> d1,
        slot |-> 0,
        pred |-> "init",
        value |-> "X",
        start |-> 0,
        rid |-> "ra",
        replies |->
            (m1 :> [cands |-> {}, first |-> "none", kind |-> "none"]) ] )
/\ accepted = ( m1 :>
      { [root |-> "r0", dom |-> d1, slot |-> 1, pred |-> "init", value |-> "X"],
        [root |-> "r0", dom |-> d1, slot |-> 2, pred |-> "X", value |-> "X"] } )
/\ now = 4
/\ inflight = (m1 :> [dom |-> d1, slot |-> 2, rid |-> "ra", claimed |-> TRUE])
/\ claims = (m1 :> {[dom |-> d1, slot |-> 2, rid |-> "*"]})
/\ gateLive = (m1 :> FALSE)
/\ register = {}
/\ activeRoot = (m1 :> "r0")
/\ crashed = (m1 :> FALSE)
/\ gate = (m1 :> FALSE)
/\ authGen = (m1 :> 2)
/\ anchor = ( m1 :>
      ( [root |-> "r0", dom |-> d1, slot |-> 1, pred |-> "any"] :>
            [cands |-> {"X"}, first |-> "X"] @@
        [root |-> "r0", dom |-> d1, slot |-> 2, pred |-> "any"] :>
            [cands |-> {"X"}, first |-> "X"] ) )
/\ anchorGen = (m1 :> 2)
/\ lateClaim = (m1 :> FALSE)
/\ calls = (m1 :> ([dom |-> d1, slot |-> 1] :> 0 @@ [dom |-> d1, slot |-> 2] :> 0))
/\ staged = ( m1 :>
      [ gen |-> 0,
        auth |-> FALSE,
        content |->
            ( [root |-> "r0", dom |-> d1, slot |-> 1, pred |-> "any"] :>
                  [cands |-> {}, first |-> "none"] @@
              [root |-> "r0", dom |-> d1, slot |-> 2, pred |-> "any"] :>
                  [cands |-> {}, first |-> "none"] ),
        exec |-> m1,
        key |-> [root |-> "r0", dom |-> d1, slot |-> 1, pred |-> "any"],
        req |->
            [ root |-> "r0",
              dom |-> d1,
              slot |-> 0,
              pred |-> "init",
              value |-> "X",
              start |-> 0 ] ] )
/\ grant = ( m1 :>
      [ root |-> "r0",
        dom |-> d1,
        slot |-> 0,
        pred |-> "init",
        value |-> "X",
        rid |-> "ra",
        expires |-> 0,
        height |-> 0 ] )
/\ bytes = (m1 :> FALSE)
/\ head = (m1 :> (d1 :> <<"X", "X">>))

State 18: <Call(m1) line 349, col 5 to line 353, col 82 of module QuvEndToEndRefinement>
/\ height = 0
/\ boundary = (m1 :> FALSE)
/\ op = ( m1 :>
      [ root |-> "r0",
        dom |-> d1,
        slot |-> 0,
        pred |-> "init",
        value |-> "X",
        start |-> 0,
        rid |-> "ra",
        replies |->
            (m1 :> [cands |-> {}, first |-> "none", kind |-> "none"]) ] )
/\ accepted = ( m1 :>
      { [root |-> "r0", dom |-> d1, slot |-> 1, pred |-> "init", value |-> "X"],
        [root |-> "r0", dom |-> d1, slot |-> 2, pred |-> "X", value |-> "X"] } )
/\ now = 4
/\ inflight = (m1 :> [dom |-> d1, slot |-> 0, rid |-> "ra", claimed |-> FALSE])
/\ claims = (m1 :> {[dom |-> d1, slot |-> 2, rid |-> "*"]})
/\ gateLive = (m1 :> FALSE)
/\ register = {[dom |-> d1, slot |-> 2, rid |-> "*"]}
/\ activeRoot = (m1 :> "r0")
/\ crashed = (m1 :> FALSE)
/\ gate = (m1 :> FALSE)
/\ authGen = (m1 :> 2)
/\ anchor = ( m1 :>
      ( [root |-> "r0", dom |-> d1, slot |-> 1, pred |-> "any"] :>
            [cands |-> {"X"}, first |-> "X"] @@
        [root |-> "r0", dom |-> d1, slot |-> 2, pred |-> "any"] :>
            [cands |-> {"X"}, first |-> "X"] ) )
/\ anchorGen = (m1 :> 2)
/\ lateClaim = (m1 :> FALSE)
/\ calls = (m1 :> ([dom |-> d1, slot |-> 1] :> 0 @@ [dom |-> d1, slot |-> 2] :> 1))
/\ staged = ( m1 :>
      [ gen |-> 0,
        auth |-> FALSE,
        content |->
            ( [root |-> "r0", dom |-> d1, slot |-> 1, pred |-> "any"] :>
                  [cands |-> {}, first |-> "none"] @@
              [root |-> "r0", dom |-> d1, slot |-> 2, pred |-> "any"] :>
                  [cands |-> {}, first |-> "none"] ),
        exec |-> m1,
        key |-> [root |-> "r0", dom |-> d1, slot |-> 1, pred |-> "any"],
        req |->
            [ root |-> "r0",
              dom |-> d1,
              slot |-> 0,
              pred |-> "init",
              value |-> "X",
              start |-> 0 ] ] )
/\ grant = ( m1 :>
      [ root |-> "r0",
        dom |-> d1,
        slot |-> 0,
        pred |-> "init",
        value |-> "X",
        rid |-> "ra",
        expires |-> 0,
        height |-> 0 ] )
/\ bytes = (m1 :> FALSE)
/\ head = (m1 :> (d1 :> <<"X", "X">>))

18826 states generated, 7315 distinct states found, 897 states left on queue.
The depth of the complete state graph search is 21.
Finished in 01s at (2026-09-06 06:17:04)
Trace exploration spec path: ./QuvEndToEndRefinement_TTrace_1788689823.tla
