TLC2 Version 2026.08.11.125311 (rev: 0894c34)
Running breadth-first search Model-Checking with fp 7 and seed 7779483760997042381 with 6 workers on 24 cores with 10923MB heap and 64MB offheap memory [pid: 1562512] (Linux 6.17.9-76061709-generic amd64, Ubuntu 21.0.10 64bit, MSBDiskFPSet, DiskStateQueue).
Linting of module TLCExt
Linting of module _TLCTrace
Linting of module QuvEndToEndRefinement
Starting... (2026-09-06 06:17:34)
Computing initial states...
Finished computing initial states: 1 distinct state generated at 2026-09-06 06:17:34.
Error: Invariant RecoveryNeverAdvancesBeyondAuthenticatedRecords is violated.
Error: The behavior up to this point is:
State 1: <Initial predicate>
/\ height = 0
/\ boundary = (m1 :> FALSE)
/\ op = ( m1 :>
      [ root |-> "r0",
        dom |-> d1,
        slot |-> 0,
        pred |-> "init",
        value |-> "X",
        start |-> 0,
        rid |-> "ra",
        replies |->
            (m1 :> [cands |-> {}, first |-> "none", kind |-> "none"]) ] )
/\ accepted = (m1 :> {})
/\ now = 0
/\ inflight = (m1 :> [dom |-> d1, slot |-> 0, rid |-> "ra", claimed |-> FALSE])
/\ claims = (m1 :> {})
/\ gateLive = (m1 :> FALSE)
/\ register = {}
/\ activeRoot = (m1 :> "r0")
/\ crashed = (m1 :> FALSE)
/\ gate = (m1 :> FALSE)
/\ authGen = (m1 :> 0)
/\ anchor = ( m1 :>
      ( [root |-> "r0", dom |-> d1, slot |-> 1, pred |-> "any"] :>
            [cands |-> {}, first |-> "none"] ) )
/\ anchorGen = (m1 :> 0)
/\ lateClaim = (m1 :> FALSE)
/\ calls = (m1 :> ([dom |-> d1, slot |-> 1] :> 0))
/\ staged = ( m1 :>
      [ gen |-> 0,
        auth |-> FALSE,
        content |->
            ( [root |-> "r0", dom |-> d1, slot |-> 1, pred |-> "any"] :>
                  [cands |-> {}, first |-> "none"] ),
        exec |-> m1,
        key |-> [root |-> "r0", dom |-> d1, slot |-> 1, pred |-> "any"],
        req |->
            [ root |-> "r0",
              dom |-> d1,
              slot |-> 0,
              pred |-> "init",
              value |-> "X",
              start |-> 0 ] ] )
/\ grant = ( m1 :>
      [ root |-> "r0",
        dom |-> d1,
        slot |-> 0,
        pred |-> "init",
        value |-> "X",
        rid |-> "ra",
        expires |-> 0,
        height |-> 0 ] )
/\ bytes = (m1 :> FALSE)
/\ head = (m1 :> (d1 :> <<>>))

State 2: <Tick line 139, col 5 to line 143, col 49 of module QuvEndToEndRefinement>
/\ height = 0
/\ boundary = (m1 :> FALSE)
/\ op = ( m1 :>
      [ root |-> "r0",
        dom |-> d1,
        slot |-> 0,
        pred |-> "init",
        value |-> "X",
        start |-> 0,
        rid |-> "ra",
        replies |->
            (m1 :> [cands |-> {}, first |-> "none", kind |-> "none"]) ] )
/\ accepted = (m1 :> {})
/\ now = 1
/\ inflight = (m1 :> [dom |-> d1, slot |-> 0, rid |-> "ra", claimed |-> FALSE])
/\ claims = (m1 :> {})
/\ gateLive = (m1 :> FALSE)
/\ register = {}
/\ activeRoot = (m1 :> "r0")
/\ crashed = (m1 :> FALSE)
/\ gate = (m1 :> FALSE)
/\ authGen = (m1 :> 0)
/\ anchor = ( m1 :>
      ( [root |-> "r0", dom |-> d1, slot |-> 1, pred |-> "any"] :>
            [cands |-> {}, first |-> "none"] ) )
/\ anchorGen = (m1 :> 0)
/\ lateClaim = (m1 :> FALSE)
/\ calls = (m1 :> ([dom |-> d1, slot |-> 1] :> 0))
/\ staged = ( m1 :>
      [ gen |-> 0,
        auth |-> FALSE,
        content |->
            ( [root |-> "r0", dom |-> d1, slot |-> 1, pred |-> "any"] :>
                  [cands |-> {}, first |-> "none"] ),
        exec |-> m1,
        key |-> [root |-> "r0", dom |-> d1, slot |-> 1, pred |-> "any"],
        req |->
            [ root |-> "r0",
              dom |-> d1,
              slot |-> 0,
              pred |-> "init",
              value |-> "X",
              start |-> 0 ] ] )
/\ grant = ( m1 :>
      [ root |-> "r0",
        dom |-> d1,
        slot |-> 0,
        pred |-> "init",
        value |-> "X",
        rid |-> "ra",
        expires |-> 0,
        height |-> 0 ] )
/\ bytes = (m1 :> FALSE)
/\ head = (m1 :> (d1 :> <<>>))

State 3: <Next line 438, col 16 to line 439, col 54 of module QuvEndToEndRefinement>
/\ height = 0
/\ boundary = (m1 :> FALSE)
/\ op = ( m1 :>
      [ root |-> "r0",
        dom |-> d1,
        slot |-> 1,
        pred |-> "init",
        value |-> "X",
        start |-> 1,
        rid |-> "ra",
        replies |->
            (m1 :> [cands |-> {}, first |-> "none", kind |-> "none"]) ] )
/\ accepted = (m1 :> {})
/\ now = 1
/\ inflight = (m1 :> [dom |-> d1, slot |-> 0, rid |-> "ra", claimed |-> FALSE])
/\ claims = (m1 :> {})
/\ gateLive = (m1 :> FALSE)
/\ register = {}
/\ activeRoot = (m1 :> "r0")
/\ crashed = (m1 :> FALSE)
/\ gate = (m1 :> FALSE)
/\ authGen = (m1 :> 0)
/\ anchor = ( m1 :>
      ( [root |-> "r0", dom |-> d1, slot |-> 1, pred |-> "any"] :>
            [cands |-> {}, first |-> "none"] ) )
/\ anchorGen = (m1 :> 0)
/\ lateClaim = (m1 :> FALSE)
/\ calls = (m1 :> ([dom |-> d1, slot |-> 1] :> 0))
/\ staged = ( m1 :>
      [ gen |-> 0,
        auth |-> FALSE,
        content |->
            ( [root |-> "r0", dom |-> d1, slot |-> 1, pred |-> "any"] :>
                  [cands |-> {}, first |-> "none"] ),
        exec |-> m1,
        key |-> [root |-> "r0", dom |-> d1, slot |-> 1, pred |-> "any"],
        req |->
            [ root |-> "r0",
              dom |-> d1,
              slot |-> 0,
              pred |-> "init",
              value |-> "X",
              start |-> 0 ] ] )
/\ grant = ( m1 :>
      [ root |-> "r0",
        dom |-> d1,
        slot |-> 0,
        pred |-> "init",
        value |-> "X",
        rid |-> "ra",
        expires |-> 0,
        height |-> 0 ] )
/\ bytes = (m1 :> FALSE)
/\ head = (m1 :> (d1 :> <<>>))

State 4: <Record(m1,m1) line 184, col 5 to line 211, col 48 of module QuvEndToEndRefinement>
/\ height = 0
/\ boundary = (m1 :> FALSE)
/\ op = ( m1 :>
      [ root |-> "r0",
        dom |-> d1,
        slot |-> 0,
        pred |-> "init",
        value |-> "X",
        start |-> 0,
        rid |-> "ra",
        replies |->
            (m1 :> [cands |-> {}, first |-> "none", kind |-> "none"]) ] )
/\ accepted = (m1 :> {})
/\ now = 1
/\ inflight = (m1 :> [dom |-> d1, slot |-> 0, rid |-> "ra", claimed |-> FALSE])
/\ claims = (m1 :> {})
/\ gateLive = (m1 :> FALSE)
/\ register = {}
/\ activeRoot = (m1 :> "r0")
/\ crashed = (m1 :> TRUE)
/\ gate = (m1 :> FALSE)
/\ authGen = (m1 :> 0)
/\ anchor = ( m1 :>
      ( [root |-> "r0", dom |-> d1, slot |-> 1, pred |-> "any"] :>
            [cands |-> {}, first |-> "none"] ) )
/\ anchorGen = (m1 :> 0)
/\ lateClaim = (m1 :> FALSE)
/\ calls = (m1 :> ([dom |-> d1, slot |-> 1] :> 0))
/\ staged = ( m1 :>
      [ gen |-> 1,
        auth |-> FALSE,
        content |->
            ( [root |-> "r0", dom |-> d1, slot |-> 1, pred |-> "any"] :>
                  [cands |-> {}, first |-> "none"] ),
        exec |-> m1,
        key |-> [root |-> "r0", dom |-> d1, slot |-> 1, pred |-> "any"],
        req |->
            [ root |-> "r0",
              dom |-> d1,
              slot |-> 1,
              pred |-> "init",
              value |-> "X",
              start |-> 1 ] ] )
/\ grant = ( m1 :>
      [ root |-> "r0",
        dom |-> d1,
        slot |-> 0,
        pred |-> "init",
        value |-> "X",
        rid |-> "ra",
        expires |-> 0,
        height |-> 0 ] )
/\ bytes = (m1 :> FALSE)
/\ head = (m1 :> (d1 :> <<>>))

State 5: <Recover(m1) line 243, col 5 to line 251, col 46 of module QuvEndToEndRefinement>
/\ height = 0
/\ boundary = (m1 :> FALSE)
/\ op = ( m1 :>
      [ root |-> "r0",
        dom |-> d1,
        slot |-> 0,
        pred |-> "init",
        value |-> "X",
        start |-> 0,
        rid |-> "ra",
        replies |->
            (m1 :> [cands |-> {}, first |-> "none", kind |-> "none"]) ] )
/\ accepted = (m1 :> {})
/\ now = 1
/\ inflight = (m1 :> [dom |-> d1, slot |-> 0, rid |-> "ra", claimed |-> FALSE])
/\ claims = (m1 :> {})
/\ gateLive = (m1 :> FALSE)
/\ register = {}
/\ activeRoot = (m1 :> "r0")
/\ crashed = (m1 :> FALSE)
/\ gate = (m1 :> FALSE)
/\ authGen = (m1 :> 0)
/\ anchor = ( m1 :>
      ( [root |-> "r0", dom |-> d1, slot |-> 1, pred |-> "any"] :>
            [cands |-> {}, first |-> "none"] ) )
/\ anchorGen = (m1 :> 1)
/\ lateClaim = (m1 :> FALSE)
/\ calls = (m1 :> ([dom |-> d1, slot |-> 1] :> 0))
/\ staged = ( m1 :>
      [ gen |-> 0,
        auth |-> FALSE,
        content |->
            ( [root |-> "r0", dom |-> d1, slot |-> 1, pred |-> "any"] :>
                  [cands |-> {}, first |-> "none"] ),
        exec |-> m1,
        key |-> [root |-> "r0", dom |-> d1, slot |-> 1, pred |-> "any"],
        req |->
            [ root |-> "r0",
              dom |-> d1,
              slot |-> 0,
              pred |-> "init",
              value |-> "X",
              start |-> 0 ] ] )
/\ grant = ( m1 :>
      [ root |-> "r0",
        dom |-> d1,
        slot |-> 0,
        pred |-> "init",
        value |-> "X",
        rid |-> "ra",
        expires |-> 0,
        height |-> 0 ] )
/\ bytes = (m1 :> FALSE)
/\ head = (m1 :> (d1 :> <<>>))

278 states generated, 136 distinct states found, 44 states left on queue.
The depth of the complete state graph search is 7.
Finished in 00s at (2026-09-06 06:17:34)
Trace exploration spec path: ./QuvEndToEndRefinement_TTrace_1788689854.tla
