TLC2 Version 2026.08.11.125311 (rev: 0894c34)
Running breadth-first search Model-Checking with fp 6 and seed 7320278587006783471 with 6 workers on 24 cores with 10923MB heap and 64MB offheap memory [pid: 1579530] (Linux 6.17.9-76061709-generic amd64, Ubuntu 21.0.10 64bit, MSBDiskFPSet, DiskStateQueue).
Linting of module TLCExt
Linting of module _TLCTrace
Linting of module QuvEndToEndRefinement
Starting... (2026-09-06 06:18:51)
Computing initial states...
Finished computing initial states: 1 distinct state generated at 2026-09-06 06:18:51.
Progress(12) at 2026-09-06 06:18:54: 516,631 states generated (516,631 s/min), 128,282 distinct states found (128,282 ds/min), 54,339 states left on queue.
Error: Invariant NoSuccessorAuthorityFromBytes is violated.
Error: The behavior up to this point is:
State 1: <Initial predicate>
/\ height = 0
/\ boundary = (m1 :> FALSE @@ m2 :> FALSE)
/\ op = ( m1 :>
      [ root |-> "r0",
        dom |-> d1,
        slot |-> 0,
        pred |-> "init",
        value |-> "X",
        start |-> 0,
        rid |-> "ra",
        replies |->
            ( m1 :> [cands |-> {}, first |-> "none", kind |-> "none"] @@
              m2 :> [cands |-> {}, first |-> "none", kind |-> "none"] ) ] @@
  m2 :>
      [ root |-> "r0",
        dom |-> d1,
        slot |-> 0,
        pred |-> "init",
        value |-> "X",
        start |-> 0,
        rid |-> "ra",
        replies |->
            ( m1 :> [cands |-> {}, first |-> "none", kind |-> "none"] @@
              m2 :> [cands |-> {}, first |-> "none", kind |-> "none"] ) ] )
/\ accepted = (m1 :> {} @@ m2 :> {})
/\ now = 0
/\ inflight = ( m1 :> [dom |-> d1, slot |-> 0, rid |-> "ra", claimed |-> FALSE] @@
  m2 :> [dom |-> d1, slot |-> 0, rid |-> "ra", claimed |-> FALSE] )
/\ claims = (m1 :> {} @@ m2 :> {})
/\ gateLive = (m1 :> FALSE @@ m2 :> FALSE)
/\ register = {}
/\ activeRoot = (m1 :> "r0" @@ m2 :> "r0")
/\ crashed = (m1 :> FALSE @@ m2 :> FALSE)
/\ gate = (m1 :> FALSE @@ m2 :> FALSE)
/\ authGen = (m1 :> 0 @@ m2 :> 0)
/\ anchor = ( m1 :>
      ( [root |-> "r0", dom |-> d1, slot |-> 1, pred |-> "any"] :>
            [cands |-> {}, first |-> "none"] @@
        [root |-> "r0", dom |-> "handoff", slot |-> 1, pred |-> "any"] :>
            [cands |-> {}, first |-> "none"] @@
        [root |-> "r1", dom |-> d1, slot |-> 1, pred |-> "any"] :>
            [cands |-> {}, first |-> "none"] @@
        [root |-> "r1", dom |-> "handoff", slot |-> 1, pred |-> "any"] :>
            [cands |-> {}, first |-> "none"] ) @@
  m2 :>
      ( [root |-> "r0", dom |-> d1, slot |-> 1, pred |-> "any"] :>
            [cands |-> {}, first |-> "none"] @@
        [root |-> "r0", dom |-> "handoff", slot |-> 1, pred |-> "any"] :>
            [cands |-> {}, first |-> "none"] @@
        [root |-> "r1", dom |-> d1, slot |-> 1, pred |-> "any"] :>
            [cands |-> {}, first |-> "none"] @@
        [root |-> "r1", dom |-> "handoff", slot |-> 1, pred |-> "any"] :>
            [cands |-> {}, first |-> "none"] ) )
/\ anchorGen = (m1 :> 0 @@ m2 :> 0)
/\ lateClaim = (m1 :> FALSE @@ m2 :> FALSE)
/\ calls = (m1 :> ([dom |-> d1, slot |-> 1] :> 0) @@ m2 :> ([dom |-> d1, slot |-> 1] :> 0))
/\ staged = ( m1 :>
      [ gen |-> 0,
        auth |-> FALSE,
        content |->
            ( [root |-> "r0", dom |-> d1, slot |-> 1, pred |-> "any"] :>
                  [cands |-> {}, first |-> "none"] @@
              [root |-> "r0", dom |-> "handoff", slot |-> 1, pred |-> "any"] :>
                  [cands |-> {}, first |-> "none"] @@
              [root |-> "r1", dom |-> d1, slot |-> 1, pred |-> "any"] :>
                  [cands |-> {}, first |-> "none"] @@
              [root |-> "r1", dom |-> "handoff", slot |-> 1, pred |-> "any"] :>
                  [cands |-> {}, first |-> "none"] ),
        exec |-> m1,
        key |-> [root |-> "r0", dom |-> d1, slot |-> 1, pred |-> "any"],
        req |->
            [ root |-> "r0",
              dom |-> d1,
              slot |-> 0,
              pred |-> "init",
              value |-> "X",
              start |-> 0 ] ] @@
  m2 :>
      [ gen |-> 0,
        auth |-> FALSE,
        content |->
            ( [root |-> "r0", dom |-> d1, slot |-> 1, pred |-> "any"] :>
                  [cands |-> {}, first |-> "none"] @@
              [root |-> "r0", dom |-> "handoff", slot |-> 1, pred |-> "any"] :>
                  [cands |-> {}, first |-> "none"] @@
              [root |-> "r1", dom |-> d1, slot |-> 1, pred |-> "any"] :>
                  [cands |-> {}, first |-> "none"] @@
              [root |-> "r1", dom |-> "handoff", slot |-> 1, pred |-> "any"] :>
                  [cands |-> {}, first |-> "none"] ),
        exec |-> m1,
        key |-> [root |-> "r0", dom |-> d1, slot |-> 1, pred |-> "any"],
        req |->
            [ root |-> "r0",
              dom |-> d1,
              slot |-> 0,
              pred |-> "init",
              value |-> "X",
              start |-> 0 ] ] )
/\ grant = ( m1 :>
      [ root |-> "r0",
        dom |-> d1,
        slot |-> 0,
        pred |-> "init",
        value |-> "X",
        rid |-> "ra",
        expires |-> 0,
        height |-> 0 ] @@
  m2 :>
      [ root |-> "r0",
        dom |-> d1,
        slot |-> 0,
        pred |-> "init",
        value |-> "X",
        rid |-> "ra",
        expires |-> 0,
        height |-> 0 ] )
/\ bytes = (m1 :> FALSE @@ m2 :> FALSE)
/\ head = (m1 :> (d1 :> <<>>) @@ m2 :> (d1 :> <<>>))

State 2: <ReachBoundary(m1) line 254, col 5 to line 257, col 45 of module QuvEndToEndRefinement>
/\ height = 0
/\ boundary = (m1 :> TRUE @@ m2 :> FALSE)
/\ op = ( m1 :>
      [ root |-> "r0",
        dom |-> d1,
        slot |-> 0,
        pred |-> "init",
        value |-> "X",
        start |-> 0,
        rid |-> "ra",
        replies |->
            ( m1 :> [cands |-> {}, first |-> "none", kind |-> "none"] @@
              m2 :> [cands |-> {}, first |-> "none", kind |-> "none"] ) ] @@
  m2 :>
      [ root |-> "r0",
        dom |-> d1,
        slot |-> 0,
        pred |-> "init",
        value |-> "X",
        start |-> 0,
        rid |-> "ra",
        replies |->
            ( m1 :> [cands |-> {}, first |-> "none", kind |-> "none"] @@
              m2 :> [cands |-> {}, first |-> "none", kind |-> "none"] ) ] )
/\ accepted = (m1 :> {} @@ m2 :> {})
/\ now = 0
/\ inflight = ( m1 :> [dom |-> d1, slot |-> 0, rid |-> "ra", claimed |-> FALSE] @@
  m2 :> [dom |-> d1, slot |-> 0, rid |-> "ra", claimed |-> FALSE] )
/\ claims = (m1 :> {} @@ m2 :> {})
/\ gateLive = (m1 :> FALSE @@ m2 :> FALSE)
/\ register = {}
/\ activeRoot = (m1 :> "r0" @@ m2 :> "r0")
/\ crashed = (m1 :> FALSE @@ m2 :> FALSE)
/\ gate = (m1 :> FALSE @@ m2 :> FALSE)
/\ authGen = (m1 :> 0 @@ m2 :> 0)
/\ anchor = ( m1 :>
      ( [root |-> "r0", dom |-> d1, slot |-> 1, pred |-> "any"] :>
            [cands |-> {}, first |-> "none"] @@
        [root |-> "r0", dom |-> "handoff", slot |-> 1, pred |-> "any"] :>
            [cands |-> {}, first |-> "none"] @@
        [root |-> "r1", dom |-> d1, slot |-> 1, pred |-> "any"] :>
            [cands |-> {}, first |-> "none"] @@
        [root |-> "r1", dom |-> "handoff", slot |-> 1, pred |-> "any"] :>
            [cands |-> {}, first |-> "none"] ) @@
  m2 :>
      ( [root |-> "r0", dom |-> d1, slot |-> 1, pred |-> "any"] :>
            [cands |-> {}, first |-> "none"] @@
        [root |-> "r0", dom |-> "handoff", slot |-> 1, pred |-> "any"] :>
            [cands |-> {}, first |-> "none"] @@
        [root |-> "r1", dom |-> d1, slot |-> 1, pred |-> "any"] :>
            [cands |-> {}, first |-> "none"] @@
        [root |-> "r1", dom |-> "handoff", slot |-> 1, pred |-> "any"] :>
            [cands |-> {}, first |-> "none"] ) )
/\ anchorGen = (m1 :> 0 @@ m2 :> 0)
/\ lateClaim = (m1 :> FALSE @@ m2 :> FALSE)
/\ calls = (m1 :> ([dom |-> d1, slot |-> 1] :> 0) @@ m2 :> ([dom |-> d1, slot |-> 1] :> 0))
/\ staged = ( m1 :>
      [ gen |-> 0,
        auth |-> FALSE,
        content |->
            ( [root |-> "r0", dom |-> d1, slot |-> 1, pred |-> "any"] :>
                  [cands |-> {}, first |-> "none"] @@
              [root |-> "r0", dom |-> "handoff", slot |-> 1, pred |-> "any"] :>
                  [cands |-> {}, first |-> "none"] @@
              [root |-> "r1", dom |-> d1, slot |-> 1, pred |-> "any"] :>
                  [cands |-> {}, first |-> "none"] @@
              [root |-> "r1", dom |-> "handoff", slot |-> 1, pred |-> "any"] :>
                  [cands |-> {}, first |-> "none"] ),
        exec |-> m1,
        key |-> [root |-> "r0", dom |-> d1, slot |-> 1, pred |-> "any"],
        req |->
            [ root |-> "r0",
              dom |-> d1,
              slot |-> 0,
              pred |-> "init",
              value |-> "X",
              start |-> 0 ] ] @@
  m2 :>
      [ gen |-> 0,
        auth |-> FALSE,
        content |->
            ( [root |-> "r0", dom |-> d1, slot |-> 1, pred |-> "any"] :>
                  [cands |-> {}, first |-> "none"] @@
              [root |-> "r0", dom |-> "handoff", slot |-> 1, pred |-> "any"] :>
                  [cands |-> {}, first |-> "none"] @@
              [root |-> "r1", dom |-> d1, slot |-> 1, pred |-> "any"] :>
                  [cands |-> {}, first |-> "none"] @@
              [root |-> "r1", dom |-> "handoff", slot |-> 1, pred |-> "any"] :>
                  [cands |-> {}, first |-> "none"] ),
        exec |-> m1,
        key |-> [root |-> "r0", dom |-> d1, slot |-> 1, pred |-> "any"],
        req |->
            [ root |-> "r0",
              dom |-> d1,
              slot |-> 0,
              pred |-> "init",
              value |-> "X",
              start |-> 0 ] ] )
/\ grant = ( m1 :>
      [ root |-> "r0",
        dom |-> d1,
        slot |-> 0,
        pred |-> "init",
        value |-> "X",
        rid |-> "ra",
        expires |-> 0,
        height |-> 0 ] @@
  m2 :>
      [ root |-> "r0",
        dom |-> d1,
        slot |-> 0,
        pred |-> "init",
        value |-> "X",
        rid |-> "ra",
        expires |-> 0,
        height |-> 0 ] )
/\ bytes = (m1 :> FALSE @@ m2 :> FALSE)
/\ head = (m1 :> (d1 :> <<>>) @@ m2 :> (d1 :> <<>>))

State 3: <ReachBoundary(m2) line 254, col 5 to line 257, col 45 of module QuvEndToEndRefinement>
/\ height = 0
/\ boundary = (m1 :> TRUE @@ m2 :> TRUE)
/\ op = ( m1 :>
      [ root |-> "r0",
        dom |-> d1,
        slot |-> 0,
        pred |-> "init",
        value |-> "X",
        start |-> 0,
        rid |-> "ra",
        replies |->
            ( m1 :> [cands |-> {}, first |-> "none", kind |-> "none"] @@
              m2 :> [cands |-> {}, first |-> "none", kind |-> "none"] ) ] @@
  m2 :>
      [ root |-> "r0",
        dom |-> d1,
        slot |-> 0,
        pred |-> "init",
        value |-> "X",
        start |-> 0,
        rid |-> "ra",
        replies |->
            ( m1 :> [cands |-> {}, first |-> "none", kind |-> "none"] @@
              m2 :> [cands |-> {}, first |-> "none", kind |-> "none"] ) ] )
/\ accepted = (m1 :> {} @@ m2 :> {})
/\ now = 0
/\ inflight = ( m1 :> [dom |-> d1, slot |-> 0, rid |-> "ra", claimed |-> FALSE] @@
  m2 :> [dom |-> d1, slot |-> 0, rid |-> "ra", claimed |-> FALSE] )
/\ claims = (m1 :> {} @@ m2 :> {})
/\ gateLive = (m1 :> FALSE @@ m2 :> FALSE)
/\ register = {}
/\ activeRoot = (m1 :> "r0" @@ m2 :> "r0")
/\ crashed = (m1 :> FALSE @@ m2 :> FALSE)
/\ gate = (m1 :> FALSE @@ m2 :> FALSE)
/\ authGen = (m1 :> 0 @@ m2 :> 0)
/\ anchor = ( m1 :>
      ( [root |-> "r0", dom |-> d1, slot |-> 1, pred |-> "any"] :>
            [cands |-> {}, first |-> "none"] @@
        [root |-> "r0", dom |-> "handoff", slot |-> 1, pred |-> "any"] :>
            [cands |-> {}, first |-> "none"] @@
        [root |-> "r1", dom |-> d1, slot |-> 1, pred |-> "any"] :>
            [cands |-> {}, first |-> "none"] @@
        [root |-> "r1", dom |-> "handoff", slot |-> 1, pred |-> "any"] :>
            [cands |-> {}, first |-> "none"] ) @@
  m2 :>
      ( [root |-> "r0", dom |-> d1, slot |-> 1, pred |-> "any"] :>
            [cands |-> {}, first |-> "none"] @@
        [root |-> "r0", dom |-> "handoff", slot |-> 1, pred |-> "any"] :>
            [cands |-> {}, first |-> "none"] @@
        [root |-> "r1", dom |-> d1, slot |-> 1, pred |-> "any"] :>
            [cands |-> {}, first |-> "none"] @@
        [root |-> "r1", dom |-> "handoff", slot |-> 1, pred |-> "any"] :>
            [cands |-> {}, first |-> "none"] ) )
/\ anchorGen = (m1 :> 0 @@ m2 :> 0)
/\ lateClaim = (m1 :> FALSE @@ m2 :> FALSE)
/\ calls = (m1 :> ([dom |-> d1, slot |-> 1] :> 0) @@ m2 :> ([dom |-> d1, slot |-> 1] :> 0))
/\ staged = ( m1 :>
      [ gen |-> 0,
        auth |-> FALSE,
        content |->
            ( [root |-> "r0", dom |-> d1, slot |-> 1, pred |-> "any"] :>
                  [cands |-> {}, first |-> "none"] @@
              [root |-> "r0", dom |-> "handoff", slot |-> 1, pred |-> "any"] :>
                  [cands |-> {}, first |-> "none"] @@
              [root |-> "r1", dom |-> d1, slot |-> 1, pred |-> "any"] :>
                  [cands |-> {}, first |-> "none"] @@
              [root |-> "r1", dom |-> "handoff", slot |-> 1, pred |-> "any"] :>
                  [cands |-> {}, first |-> "none"] ),
        exec |-> m1,
        key |-> [root |-> "r0", dom |-> d1, slot |-> 1, pred |-> "any"],
        req |->
            [ root |-> "r0",
              dom |-> d1,
              slot |-> 0,
              pred |-> "init",
              value |-> "X",
              start |-> 0 ] ] @@
  m2 :>
      [ gen |-> 0,
        auth |-> FALSE,
        content |->
            ( [root |-> "r0", dom |-> d1, slot |-> 1, pred |-> "any"] :>
                  [cands |-> {}, first |-> "none"] @@
              [root |-> "r0", dom |-> "handoff", slot |-> 1, pred |-> "any"] :>
                  [cands |-> {}, first |-> "none"] @@
              [root |-> "r1", dom |-> d1, slot |-> 1, pred |-> "any"] :>
                  [cands |-> {}, first |-> "none"] @@
              [root |-> "r1", dom |-> "handoff", slot |-> 1, pred |-> "any"] :>
                  [cands |-> {}, first |-> "none"] ),
        exec |-> m1,
        key |-> [root |-> "r0", dom |-> d1, slot |-> 1, pred |-> "any"],
        req |->
            [ root |-> "r0",
              dom |-> d1,
              slot |-> 0,
              pred |-> "init",
              value |-> "X",
              start |-> 0 ] ] )
/\ grant = ( m1 :>
      [ root |-> "r0",
        dom |-> d1,
        slot |-> 0,
        pred |-> "init",
        value |-> "X",
        rid |-> "ra",
        expires |-> 0,
        height |-> 0 ] @@
  m2 :>
      [ root |-> "r0",
        dom |-> d1,
        slot |-> 0,
        pred |-> "init",
        value |-> "X",
        rid |-> "ra",
        expires |-> 0,
        height |-> 0 ] )
/\ bytes = (m1 :> FALSE @@ m2 :> FALSE)
/\ head = (m1 :> (d1 :> <<>>) @@ m2 :> (d1 :> <<>>))

State 4: <Begin(m1,"handoff",1,"r1","init","ra") line 273, col 5 to line 281, col 47 of module QuvEndToEndRefinement>
/\ height = 0
/\ boundary = (m1 :> TRUE @@ m2 :> TRUE)
/\ op = ( m1 :>
      [ root |-> "r0",
        dom |-> "handoff",
        slot |-> 1,
        pred |-> "init",
        value |-> "r1",
        start |-> 0,
        rid |-> "ra",
        replies |->
            ( m1 :> [cands |-> {}, first |-> "none", kind |-> "none"] @@
              m2 :> [cands |-> {}, first |-> "none", kind |-> "none"] ) ] @@
  m2 :>
      [ root |-> "r0",
        dom |-> d1,
        slot |-> 0,
        pred |-> "init",
        value |-> "X",
        start |-> 0,
        rid |-> "ra",
        replies |->
            ( m1 :> [cands |-> {}, first |-> "none", kind |-> "none"] @@
              m2 :> [cands |-> {}, first |-> "none", kind |-> "none"] ) ] )
/\ accepted = (m1 :> {} @@ m2 :> {})
/\ now = 0
/\ inflight = ( m1 :> [dom |-> d1, slot |-> 0, rid |-> "ra", claimed |-> FALSE] @@
  m2 :> [dom |-> d1, slot |-> 0, rid |-> "ra", claimed |-> FALSE] )
/\ claims = (m1 :> {} @@ m2 :> {})
/\ gateLive = (m1 :> FALSE @@ m2 :> FALSE)
/\ register = {}
/\ activeRoot = (m1 :> "r0" @@ m2 :> "r0")
/\ crashed = (m1 :> FALSE @@ m2 :> FALSE)
/\ gate = (m1 :> FALSE @@ m2 :> FALSE)
/\ authGen = (m1 :> 0 @@ m2 :> 0)
/\ anchor = ( m1 :>
      ( [root |-> "r0", dom |-> d1, slot |-> 1, pred |-> "any"] :>
            [cands |-> {}, first |-> "none"] @@
        [root |-> "r0", dom |-> "handoff", slot |-> 1, pred |-> "any"] :>
            [cands |-> {}, first |-> "none"] @@
        [root |-> "r1", dom |-> d1, slot |-> 1, pred |-> "any"] :>
            [cands |-> {}, first |-> "none"] @@
        [root |-> "r1", dom |-> "handoff", slot |-> 1, pred |-> "any"] :>
            [cands |-> {}, first |-> "none"] ) @@
  m2 :>
      ( [root |-> "r0", dom |-> d1, slot |-> 1, pred |-> "any"] :>
            [cands |-> {}, first |-> "none"] @@
        [root |-> "r0", dom |-> "handoff", slot |-> 1, pred |-> "any"] :>
            [cands |-> {}, first |-> "none"] @@
        [root |-> "r1", dom |-> d1, slot |-> 1, pred |-> "any"] :>
            [cands |-> {}, first |-> "none"] @@
        [root |-> "r1", dom |-> "handoff", slot |-> 1, pred |-> "any"] :>
            [cands |-> {}, first |-> "none"] ) )
/\ anchorGen = (m1 :> 0 @@ m2 :> 0)
/\ lateClaim = (m1 :> FALSE @@ m2 :> FALSE)
/\ calls = (m1 :> ([dom |-> d1, slot |-> 1] :> 0) @@ m2 :> ([dom |-> d1, slot |-> 1] :> 0))
/\ staged = ( m1 :>
      [ gen |-> 0,
        auth |-> FALSE,
        content |->
            ( [root |-> "r0", dom |-> d1, slot |-> 1, pred |-> "any"] :>
                  [cands |-> {}, first |-> "none"] @@
              [root |-> "r0", dom |-> "handoff", slot |-> 1, pred |-> "any"] :>
                  [cands |-> {}, first |-> "none"] @@
              [root |-> "r1", dom |-> d1, slot |-> 1, pred |-> "any"] :>
                  [cands |-> {}, first |-> "none"] @@
              [root |-> "r1", dom |-> "handoff", slot |-> 1, pred |-> "any"] :>
                  [cands |-> {}, first |-> "none"] ),
        exec |-> m1,
        key |-> [root |-> "r0", dom |-> d1, slot |-> 1, pred |-> "any"],
        req |->
            [ root |-> "r0",
              dom |-> d1,
              slot |-> 0,
              pred |-> "init",
              value |-> "X",
              start |-> 0 ] ] @@
  m2 :>
      [ gen |-> 0,
        auth |-> FALSE,
        content |->
            ( [root |-> "r0", dom |-> d1, slot |-> 1, pred |-> "any"] :>
                  [cands |-> {}, first |-> "none"] @@
              [root |-> "r0", dom |-> "handoff", slot |-> 1, pred |-> "any"] :>
                  [cands |-> {}, first |-> "none"] @@
              [root |-> "r1", dom |-> d1, slot |-> 1, pred |-> "any"] :>
                  [cands |-> {}, first |-> "none"] @@
              [root |-> "r1", dom |-> "handoff", slot |-> 1, pred |-> "any"] :>
                  [cands |-> {}, first |-> "none"] ),
        exec |-> m1,
        key |-> [root |-> "r0", dom |-> d1, slot |-> 1, pred |-> "any"],
        req |->
            [ root |-> "r0",
              dom |-> d1,
              slot |-> 0,
              pred |-> "init",
              value |-> "X",
              start |-> 0 ] ] )
/\ grant = ( m1 :>
      [ root |-> "r0",
        dom |-> d1,
        slot |-> 0,
        pred |-> "init",
        value |-> "X",
        rid |-> "ra",
        expires |-> 0,
        height |-> 0 ] @@
  m2 :>
      [ root |-> "r0",
        dom |-> d1,
        slot |-> 0,
        pred |-> "init",
        value |-> "X",
        rid |-> "ra",
        expires |-> 0,
        height |-> 0 ] )
/\ bytes = (m1 :> FALSE @@ m2 :> FALSE)
/\ head = (m1 :> (d1 :> <<>>) @@ m2 :> (d1 :> <<>>))

State 5: <Tick line 139, col 5 to line 143, col 49 of module QuvEndToEndRefinement>
/\ height = 0
/\ boundary = (m1 :> TRUE @@ m2 :> TRUE)
/\ op = ( m1 :>
      [ root |-> "r0",
        dom |-> "handoff",
        slot |-> 1,
        pred |-> "init",
        value |-> "r1",
        start |-> 0,
        rid |-> "ra",
        replies |->
            ( m1 :> [cands |-> {}, first |-> "none", kind |-> "none"] @@
              m2 :> [cands |-> {}, first |-> "none", kind |-> "none"] ) ] @@
  m2 :>
      [ root |-> "r0",
        dom |-> d1,
        slot |-> 0,
        pred |-> "init",
        value |-> "X",
        start |-> 0,
        rid |-> "ra",
        replies |->
            ( m1 :> [cands |-> {}, first |-> "none", kind |-> "none"] @@
              m2 :> [cands |-> {}, first |-> "none", kind |-> "none"] ) ] )
/\ accepted = (m1 :> {} @@ m2 :> {})
/\ now = 1
/\ inflight = ( m1 :> [dom |-> d1, slot |-> 0, rid |-> "ra", claimed |-> FALSE] @@
  m2 :> [dom |-> d1, slot |-> 0, rid |-> "ra", claimed |-> FALSE] )
/\ claims = (m1 :> {} @@ m2 :> {})
/\ gateLive = (m1 :> FALSE @@ m2 :> FALSE)
/\ register = {}
/\ activeRoot = (m1 :> "r0" @@ m2 :> "r0")
/\ crashed = (m1 :> FALSE @@ m2 :> FALSE)
/\ gate = (m1 :> FALSE @@ m2 :> FALSE)
/\ authGen = (m1 :> 0 @@ m2 :> 0)
/\ anchor = ( m1 :>
      ( [root |-> "r0", dom |-> d1, slot |-> 1, pred |-> "any"] :>
            [cands |-> {}, first |-> "none"] @@
        [root |-> "r0", dom |-> "handoff", slot |-> 1, pred |-> "any"] :>
            [cands |-> {}, first |-> "none"] @@
        [root |-> "r1", dom |-> d1, slot |-> 1, pred |-> "any"] :>
            [cands |-> {}, first |-> "none"] @@
        [root |-> "r1", dom |-> "handoff", slot |-> 1, pred |-> "any"] :>
            [cands |-> {}, first |-> "none"] ) @@
  m2 :>
      ( [root |-> "r0", dom |-> d1, slot |-> 1, pred |-> "any"] :>
            [cands |-> {}, first |-> "none"] @@
        [root |-> "r0", dom |-> "handoff", slot |-> 1, pred |-> "any"] :>
            [cands |-> {}, first |-> "none"] @@
        [root |-> "r1", dom |-> d1, slot |-> 1, pred |-> "any"] :>
            [cands |-> {}, first |-> "none"] @@
        [root |-> "r1", dom |-> "handoff", slot |-> 1, pred |-> "any"] :>
            [cands |-> {}, first |-> "none"] ) )
/\ anchorGen = (m1 :> 0 @@ m2 :> 0)
/\ lateClaim = (m1 :> FALSE @@ m2 :> FALSE)
/\ calls = (m1 :> ([dom |-> d1, slot |-> 1] :> 0) @@ m2 :> ([dom |-> d1, slot |-> 1] :> 0))
/\ staged = ( m1 :>
      [ gen |-> 0,
        auth |-> FALSE,
        content |->
            ( [root |-> "r0", dom |-> d1, slot |-> 1, pred |-> "any"] :>
                  [cands |-> {}, first |-> "none"] @@
              [root |-> "r0", dom |-> "handoff", slot |-> 1, pred |-> "any"] :>
                  [cands |-> {}, first |-> "none"] @@
              [root |-> "r1", dom |-> d1, slot |-> 1, pred |-> "any"] :>
                  [cands |-> {}, first |-> "none"] @@
              [root |-> "r1", dom |-> "handoff", slot |-> 1, pred |-> "any"] :>
                  [cands |-> {}, first |-> "none"] ),
        exec |-> m1,
        key |-> [root |-> "r0", dom |-> d1, slot |-> 1, pred |-> "any"],
        req |->
            [ root |-> "r0",
              dom |-> d1,
              slot |-> 0,
              pred |-> "init",
              value |-> "X",
              start |-> 0 ] ] @@
  m2 :>
      [ gen |-> 0,
        auth |-> FALSE,
        content |->
            ( [root |-> "r0", dom |-> d1, slot |-> 1, pred |-> "any"] :>
                  [cands |-> {}, first |-> "none"] @@
              [root |-> "r0", dom |-> "handoff", slot |-> 1, pred |-> "any"] :>
                  [cands |-> {}, first |-> "none"] @@
              [root |-> "r1", dom |-> d1, slot |-> 1, pred |-> "any"] :>
                  [cands |-> {}, first |-> "none"] @@
              [root |-> "r1", dom |-> "handoff", slot |-> 1, pred |-> "any"] :>
                  [cands |-> {}, first |-> "none"] ),
        exec |-> m1,
        key |-> [root |-> "r0", dom |-> d1, slot |-> 1, pred |-> "any"],
        req |->
            [ root |-> "r0",
              dom |-> d1,
              slot |-> 0,
              pred |-> "init",
              value |-> "X",
              start |-> 0 ] ] )
/\ grant = ( m1 :>
      [ root |-> "r0",
        dom |-> d1,
        slot |-> 0,
        pred |-> "init",
        value |-> "X",
        rid |-> "ra",
        expires |-> 0,
        height |-> 0 ] @@
  m2 :>
      [ root |-> "r0",
        dom |-> d1,
        slot |-> 0,
        pred |-> "init",
        value |-> "X",
        rid |-> "ra",
        expires |-> 0,
        height |-> 0 ] )
/\ bytes = (m1 :> FALSE @@ m2 :> FALSE)
/\ head = (m1 :> (d1 :> <<>>) @@ m2 :> (d1 :> <<>>))

State 6: <Record(m1,m1) line 184, col 5 to line 211, col 48 of module QuvEndToEndRefinement>
/\ height = 0
/\ boundary = (m1 :> TRUE @@ m2 :> TRUE)
/\ op = ( m1 :>
      [ root |-> "r0",
        dom |-> "handoff",
        slot |-> 1,
        pred |-> "init",
        value |-> "r1",
        start |-> 0,
        rid |-> "ra",
        replies |->
            ( m1 :> [cands |-> {}, first |-> "none", kind |-> "none"] @@
              m2 :> [cands |-> {}, first |-> "none", kind |-> "none"] ) ] @@
  m2 :>
      [ root |-> "r0",
        dom |-> d1,
        slot |-> 0,
        pred |-> "init",
        value |-> "X",
        start |-> 0,
        rid |-> "ra",
        replies |->
            ( m1 :> [cands |-> {}, first |-> "none", kind |-> "none"] @@
              m2 :> [cands |-> {}, first |-> "none", kind |-> "none"] ) ] )
/\ accepted = (m1 :> {} @@ m2 :> {})
/\ now = 1
/\ inflight = ( m1 :> [dom |-> d1, slot |-> 0, rid |-> "ra", claimed |-> FALSE] @@
  m2 :> [dom |-> d1, slot |-> 0, rid |-> "ra", claimed |-> FALSE] )
/\ claims = (m1 :> {} @@ m2 :> {})
/\ gateLive = (m1 :> FALSE @@ m2 :> FALSE)
/\ register = {}
/\ activeRoot = (m1 :> "r0" @@ m2 :> "r0")
/\ crashed = (m1 :> FALSE @@ m2 :> FALSE)
/\ gate = (m1 :> FALSE @@ m2 :> FALSE)
/\ authGen = (m1 :> 1 @@ m2 :> 0)
/\ anchor = ( m1 :>
      ( [root |-> "r0", dom |-> d1, slot |-> 1, pred |-> "any"] :>
            [cands |-> {}, first |-> "none"] @@
        [root |-> "r0", dom |-> "handoff", slot |-> 1, pred |-> "any"] :>
            [cands |-> {}, first |-> "none"] @@
        [root |-> "r1", dom |-> d1, slot |-> 1, pred |-> "any"] :>
            [cands |-> {}, first |-> "none"] @@
        [root |-> "r1", dom |-> "handoff", slot |-> 1, pred |-> "any"] :>
            [cands |-> {}, first |-> "none"] ) @@
  m2 :>
      ( [root |-> "r0", dom |-> d1, slot |-> 1, pred |-> "any"] :>
            [cands |-> {}, first |-> "none"] @@
        [root |-> "r0", dom |-> "handoff", slot |-> 1, pred |-> "any"] :>
            [cands |-> {}, first |-> "none"] @@
        [root |-> "r1", dom |-> d1, slot |-> 1, pred |-> "any"] :>
            [cands |-> {}, first |-> "none"] @@
        [root |-> "r1", dom |-> "handoff", slot |-> 1, pred |-> "any"] :>
            [cands |-> {}, first |-> "none"] ) )
/\ anchorGen = (m1 :> 0 @@ m2 :> 0)
/\ lateClaim = (m1 :> FALSE @@ m2 :> FALSE)
/\ calls = (m1 :> ([dom |-> d1, slot |-> 1] :> 0) @@ m2 :> ([dom |-> d1, slot |-> 1] :> 0))
/\ staged = ( m1 :>
      [ gen |-> 1,
        auth |-> TRUE,
        content |->
            ( [root |-> "r0", dom |-> d1, slot |-> 1, pred |-> "any"] :>
                  [cands |-> {}, first |-> "none"] @@
              [root |-> "r0", dom |-> "handoff", slot |-> 1, pred |-> "any"] :>
                  [cands |-> {"r1"}, first |-> "r1"] @@
              [root |-> "r1", dom |-> d1, slot |-> 1, pred |-> "any"] :>
                  [cands |-> {}, first |-> "none"] @@
              [root |-> "r1", dom |-> "handoff", slot |-> 1, pred |-> "any"] :>
                  [cands |-> {}, first |-> "none"] ),
        exec |-> m1,
        key |-> [root |-> "r0", dom |-> "handoff", slot |-> 1, pred |-> "any"],
        req |->
            [ root |-> "r0",
              dom |-> "handoff",
              slot |-> 1,
              pred |-> "init",
              value |-> "r1",
              start |-> 0 ] ] @@
  m2 :>
      [ gen |-> 0,
        auth |-> FALSE,
        content |->
            ( [root |-> "r0", dom |-> d1, slot |-> 1, pred |-> "any"] :>
                  [cands |-> {}, first |-> "none"] @@
              [root |-> "r0", dom |-> "handoff", slot |-> 1, pred |-> "any"] :>
                  [cands |-> {}, first |-> "none"] @@
              [root |-> "r1", dom |-> d1, slot |-> 1, pred |-> "any"] :>
                  [cands |-> {}, first |-> "none"] @@
              [root |-> "r1", dom |-> "handoff", slot |-> 1, pred |-> "any"] :>
                  [cands |-> {}, first |-> "none"] ),
        exec |-> m1,
        key |-> [root |-> "r0", dom |-> d1, slot |-> 1, pred |-> "any"],
        req |->
            [ root |-> "r0",
              dom |-> d1,
              slot |-> 0,
              pred |-> "init",
              value |-> "X",
              start |-> 0 ] ] )
/\ grant = ( m1 :>
      [ root |-> "r0",
        dom |-> d1,
        slot |-> 0,
        pred |-> "init",
        value |-> "X",
        rid |-> "ra",
        expires |-> 0,
        height |-> 0 ] @@
  m2 :>
      [ root |-> "r0",
        dom |-> d1,
        slot |-> 0,
        pred |-> "init",
        value |-> "X",
        rid |-> "ra",
        expires |-> 0,
        height |-> 0 ] )
/\ bytes = (m1 :> FALSE @@ m2 :> FALSE)
/\ head = (m1 :> (d1 :> <<>>) @@ m2 :> (d1 :> <<>>))

State 7: <Commit(m1) line 217, col 5 to line 231, col 47 of module QuvEndToEndRefinement>
/\ height = 0
/\ boundary = (m1 :> TRUE @@ m2 :> TRUE)
/\ op = ( m1 :>
      [ root |-> "r0",
        dom |-> "handoff",
        slot |-> 1,
        pred |-> "init",
        value |-> "r1",
        start |-> 0,
        rid |-> "ra",
        replies |->
            ( m1 :> [cands |-> {"r1"}, first |-> "r1", kind |-> "snapshot"] @@
              m2 :> [cands |-> {}, first |-> "none", kind |-> "none"] ) ] @@
  m2 :>
      [ root |-> "r0",
        dom |-> d1,
        slot |-> 0,
        pred |-> "init",
        value |-> "X",
        start |-> 0,
        rid |-> "ra",
        replies |->
            ( m1 :> [cands |-> {}, first |-> "none", kind |-> "none"] @@
              m2 :> [cands |-> {}, first |-> "none", kind |-> "none"] ) ] )
/\ accepted = (m1 :> {} @@ m2 :> {})
/\ now = 1
/\ inflight = ( m1 :> [dom |-> d1, slot |-> 0, rid |-> "ra", claimed |-> FALSE] @@
  m2 :> [dom |-> d1, slot |-> 0, rid |-> "ra", claimed |-> FALSE] )
/\ claims = (m1 :> {} @@ m2 :> {})
/\ gateLive = (m1 :> FALSE @@ m2 :> FALSE)
/\ register = {}
/\ activeRoot = (m1 :> "r0" @@ m2 :> "r0")
/\ crashed = (m1 :> FALSE @@ m2 :> FALSE)
/\ gate = (m1 :> FALSE @@ m2 :> FALSE)
/\ authGen = (m1 :> 1 @@ m2 :> 0)
/\ anchor = ( m1 :>
      ( [root |-> "r0", dom |-> d1, slot |-> 1, pred |-> "any"] :>
            [cands |-> {}, first |-> "none"] @@
        [root |-> "r0", dom |-> "handoff", slot |-> 1, pred |-> "any"] :>
            [cands |-> {"r1"}, first |-> "r1"] @@
        [root |-> "r1", dom |-> d1, slot |-> 1, pred |-> "any"] :>
            [cands |-> {}, first |-> "none"] @@
        [root |-> "r1", dom |-> "handoff", slot |-> 1, pred |-> "any"] :>
            [cands |-> {}, first |-> "none"] ) @@
  m2 :>
      ( [root |-> "r0", dom |-> d1, slot |-> 1, pred |-> "any"] :>
            [cands |-> {}, first |-> "none"] @@
        [root |-> "r0", dom |-> "handoff", slot |-> 1, pred |-> "any"] :>
            [cands |-> {}, first |-> "none"] @@
        [root |-> "r1", dom |-> d1, slot |-> 1, pred |-> "any"] :>
            [cands |-> {}, first |-> "none"] @@
        [root |-> "r1", dom |-> "handoff", slot |-> 1, pred |-> "any"] :>
            [cands |-> {}, first |-> "none"] ) )
/\ anchorGen = (m1 :> 1 @@ m2 :> 0)
/\ lateClaim = (m1 :> FALSE @@ m2 :> FALSE)
/\ calls = (m1 :> ([dom |-> d1, slot |-> 1] :> 0) @@ m2 :> ([dom |-> d1, slot |-> 1] :> 0))
/\ staged = ( m1 :>
      [ gen |-> 0,
        auth |-> FALSE,
        content |->
            ( [root |-> "r0", dom |-> d1, slot |-> 1, pred |-> "any"] :>
                  [cands |-> {}, first |-> "none"] @@
              [root |-> "r0", dom |-> "handoff", slot |-> 1, pred |-> "any"] :>
                  [cands |-> {}, first |-> "none"] @@
              [root |-> "r1", dom |-> d1, slot |-> 1, pred |-> "any"] :>
                  [cands |-> {}, first |-> "none"] @@
              [root |-> "r1", dom |-> "handoff", slot |-> 1, pred |-> "any"] :>
                  [cands |-> {}, first |-> "none"] ),
        exec |-> m1,
        key |-> [root |-> "r0", dom |-> d1, slot |-> 1, pred |-> "any"],
        req |->
            [ root |-> "r0",
              dom |-> d1,
              slot |-> 0,
              pred |-> "init",
              value |-> "X",
              start |-> 0 ] ] @@
  m2 :>
      [ gen |-> 0,
        auth |-> FALSE,
        content |->
            ( [root |-> "r0", dom |-> d1, slot |-> 1, pred |-> "any"] :>
                  [cands |-> {}, first |-> "none"] @@
              [root |-> "r0", dom |-> "handoff", slot |-> 1, pred |-> "any"] :>
                  [cands |-> {}, first |-> "none"] @@
              [root |-> "r1", dom |-> d1, slot |-> 1, pred |-> "any"] :>
                  [cands |-> {}, first |-> "none"] @@
              [root |-> "r1", dom |-> "handoff", slot |-> 1, pred |-> "any"] :>
                  [cands |-> {}, first |-> "none"] ),
        exec |-> m1,
        key |-> [root |-> "r0", dom |-> d1, slot |-> 1, pred |-> "any"],
        req |->
            [ root |-> "r0",
              dom |-> d1,
              slot |-> 0,
              pred |-> "init",
              value |-> "X",
              start |-> 0 ] ] )
/\ grant = ( m1 :>
      [ root |-> "r0",
        dom |-> d1,
        slot |-> 0,
        pred |-> "init",
        value |-> "X",
        rid |-> "ra",
        expires |-> 0,
        height |-> 0 ] @@
  m2 :>
      [ root |-> "r0",
        dom |-> d1,
        slot |-> 0,
        pred |-> "init",
        value |-> "X",
        rid |-> "ra",
        expires |-> 0,
        height |-> 0 ] )
/\ bytes = (m1 :> FALSE @@ m2 :> FALSE)
/\ head = (m1 :> (d1 :> <<>>) @@ m2 :> (d1 :> <<>>))

State 8: <Record(m2,m1) line 184, col 5 to line 211, col 48 of module QuvEndToEndRefinement>
/\ height = 0
/\ boundary = (m1 :> TRUE @@ m2 :> TRUE)
/\ op = ( m1 :>
      [ root |-> "r0",
        dom |-> "handoff",
        slot |-> 1,
        pred |-> "init",
        value |-> "r1",
        start |-> 0,
        rid |-> "ra",
        replies |->
            ( m1 :> [cands |-> {"r1"}, first |-> "r1", kind |-> "snapshot"] @@
              m2 :> [cands |-> {}, first |-> "none", kind |-> "none"] ) ] @@
  m2 :>
      [ root |-> "r0",
        dom |-> d1,
        slot |-> 0,
        pred |-> "init",
        value |-> "X",
        start |-> 0,
        rid |-> "ra",
        replies |->
            ( m1 :> [cands |-> {}, first |-> "none", kind |-> "none"] @@
              m2 :> [cands |-> {}, first |-> "none", kind |-> "none"] ) ] )
/\ accepted = (m1 :> {} @@ m2 :> {})
/\ now = 1
/\ inflight = ( m1 :> [dom |-> d1, slot |-> 0, rid |-> "ra", claimed |-> FALSE] @@
  m2 :> [dom |-> d1, slot |-> 0, rid |-> "ra", claimed |-> FALSE] )
/\ claims = (m1 :> {} @@ m2 :> {})
/\ gateLive = (m1 :> FALSE @@ m2 :> FALSE)
/\ register = {}
/\ activeRoot = (m1 :> "r0" @@ m2 :> "r0")
/\ crashed = (m1 :> FALSE @@ m2 :> FALSE)
/\ gate = (m1 :> FALSE @@ m2 :> FALSE)
/\ authGen = (m1 :> 1 @@ m2 :> 1)
/\ anchor = ( m1 :>
      ( [root |-> "r0", dom |-> d1, slot |-> 1, pred |-> "any"] :>
            [cands |-> {}, first |-> "none"] @@
        [root |-> "r0", dom |-> "handoff", slot |-> 1, pred |-> "any"] :>
            [cands |-> {"r1"}, first |-> "r1"] @@
        [root |-> "r1", dom |-> d1, slot |-> 1, pred |-> "any"] :>
            [cands |-> {}, first |-> "none"] @@
        [root |-> "r1", dom |-> "handoff", slot |-> 1, pred |-> "any"] :>
            [cands |-> {}, first |-> "none"] ) @@
  m2 :>
      ( [root |-> "r0", dom |-> d1, slot |-> 1, pred |-> "any"] :>
            [cands |-> {}, first |-> "none"] @@
        [root |-> "r0", dom |-> "handoff", slot |-> 1, pred |-> "any"] :>
            [cands |-> {}, first |-> "none"] @@
        [root |-> "r1", dom |-> d1, slot |-> 1, pred |-> "any"] :>
            [cands |-> {}, first |-> "none"] @@
        [root |-> "r1", dom |-> "handoff", slot |-> 1, pred |-> "any"] :>
            [cands |-> {}, first |-> "none"] ) )
/\ anchorGen = (m1 :> 1 @@ m2 :> 0)
/\ lateClaim = (m1 :> FALSE @@ m2 :> FALSE)
/\ calls = (m1 :> ([dom |-> d1, slot |-> 1] :> 0) @@ m2 :> ([dom |-> d1, slot |-> 1] :> 0))
/\ staged = ( m1 :>
      [ gen |-> 0,
        auth |-> FALSE,
        content |->
            ( [root |-> "r0", dom |-> d1, slot |-> 1, pred |-> "any"] :>
                  [cands |-> {}, first |-> "none"] @@
              [root |-> "r0", dom |-> "handoff", slot |-> 1, pred |-> "any"] :>
                  [cands |-> {}, first |-> "none"] @@
              [root |-> "r1", dom |-> d1, slot |-> 1, pred |-> "any"] :>
                  [cands |-> {}, first |-> "none"] @@
              [root |-> "r1", dom |-> "handoff", slot |-> 1, pred |-> "any"] :>
                  [cands |-> {}, first |-> "none"] ),
        exec |-> m1,
        key |-> [root |-> "r0", dom |-> d1, slot |-> 1, pred |-> "any"],
        req |->
            [ root |-> "r0",
              dom |-> d1,
              slot |-> 0,
              pred |-> "init",
              value |-> "X",
              start |-> 0 ] ] @@
  m2 :>
      [ gen |-> 1,
        auth |-> TRUE,
        content |->
            ( [root |-> "r0", dom |-> d1, slot |-> 1, pred |-> "any"] :>
                  [cands |-> {}, first |-> "none"] @@
              [root |-> "r0", dom |-> "handoff", slot |-> 1, pred |-> "any"] :>
                  [cands |-> {"r1"}, first |-> "r1"] @@
              [root |-> "r1", dom |-> d1, slot |-> 1, pred |-> "any"] :>
                  [cands |-> {}, first |-> "none"] @@
              [root |-> "r1", dom |-> "handoff", slot |-> 1, pred |-> "any"] :>
                  [cands |-> {}, first |-> "none"] ),
        exec |-> m1,
        key |-> [root |-> "r0", dom |-> "handoff", slot |-> 1, pred |-> "any"],
        req |->
            [ root |-> "r0",
              dom |-> "handoff",
              slot |-> 1,
              pred |-> "init",
              value |-> "r1",
              start |-> 0 ] ] )
/\ grant = ( m1 :>
      [ root |-> "r0",
        dom |-> d1,
        slot |-> 0,
        pred |-> "init",
        value |-> "X",
        rid |-> "ra",
        expires |-> 0,
        height |-> 0 ] @@
  m2 :>
      [ root |-> "r0",
        dom |-> d1,
        slot |-> 0,
        pred |-> "init",
        value |-> "X",
        rid |-> "ra",
        expires |-> 0,
        height |-> 0 ] )
/\ bytes = (m1 :> FALSE @@ m2 :> FALSE)
/\ head = (m1 :> (d1 :> <<>>) @@ m2 :> (d1 :> <<>>))

State 9: <Commit(m2) line 217, col 5 to line 231, col 47 of module QuvEndToEndRefinement>
/\ height = 0
/\ boundary = (m1 :> TRUE @@ m2 :> TRUE)
/\ op = ( m1 :>
      [ root |-> "r0",
        dom |-> "handoff",
        slot |-> 1,
        pred |-> "init",
        value |-> "r1",
        start |-> 0,
        rid |-> "ra",
        replies |->
            ( m1 :> [cands |-> {"r1"}, first |-> "r1", kind |-> "snapshot"] @@
              m2 :>
                  [cands |-> {"r1"}, first |-> "r1", kind |-> "snapshot"] ) ] @@
  m2 :>
      [ root |-> "r0",
        dom |-> d1,
        slot |-> 0,
        pred |-> "init",
        value |-> "X",
        start |-> 0,
        rid |-> "ra",
        replies |->
            ( m1 :> [cands |-> {}, first |-> "none", kind |-> "none"] @@
              m2 :> [cands |-> {}, first |-> "none", kind |-> "none"] ) ] )
/\ accepted = (m1 :> {} @@ m2 :> {})
/\ now = 1
/\ inflight = ( m1 :> [dom |-> d1, slot |-> 0, rid |-> "ra", claimed |-> FALSE] @@
  m2 :> [dom |-> d1, slot |-> 0, rid |-> "ra", claimed |-> FALSE] )
/\ claims = (m1 :> {} @@ m2 :> {})
/\ gateLive = (m1 :> FALSE @@ m2 :> FALSE)
/\ register = {}
/\ activeRoot = (m1 :> "r0" @@ m2 :> "r0")
/\ crashed = (m1 :> FALSE @@ m2 :> FALSE)
/\ gate = (m1 :> FALSE @@ m2 :> FALSE)
/\ authGen = (m1 :> 1 @@ m2 :> 1)
/\ anchor = ( m1 :>
      ( [root |-> "r0", dom |-> d1, slot |-> 1, pred |-> "any"] :>
            [cands |-> {}, first |-> "none"] @@
        [root |-> "r0", dom |-> "handoff", slot |-> 1, pred |-> "any"] :>
            [cands |-> {"r1"}, first |-> "r1"] @@
        [root |-> "r1", dom |-> d1, slot |-> 1, pred |-> "any"] :>
            [cands |-> {}, first |-> "none"] @@
        [root |-> "r1", dom |-> "handoff", slot |-> 1, pred |-> "any"] :>
            [cands |-> {}, first |-> "none"] ) @@
  m2 :>
      ( [root |-> "r0", dom |-> d1, slot |-> 1, pred |-> "any"] :>
            [cands |-> {}, first |-> "none"] @@
        [root |-> "r0", dom |-> "handoff", slot |-> 1, pred |-> "any"] :>
            [cands |-> {"r1"}, first |-> "r1"] @@
        [root |-> "r1", dom |-> d1, slot |-> 1, pred |-> "any"] :>
            [cands |-> {}, first |-> "none"] @@
        [root |-> "r1", dom |-> "handoff", slot |-> 1, pred |-> "any"] :>
            [cands |-> {}, first |-> "none"] ) )
/\ anchorGen = (m1 :> 1 @@ m2 :> 1)
/\ lateClaim = (m1 :> FALSE @@ m2 :> FALSE)
/\ calls = (m1 :> ([dom |-> d1, slot |-> 1] :> 0) @@ m2 :> ([dom |-> d1, slot |-> 1] :> 0))
/\ staged = ( m1 :>
      [ gen |-> 0,
        auth |-> FALSE,
        content |->
            ( [root |-> "r0", dom |-> d1, slot |-> 1, pred |-> "any"] :>
                  [cands |-> {}, first |-> "none"] @@
              [root |-> "r0", dom |-> "handoff", slot |-> 1, pred |-> "any"] :>
                  [cands |-> {}, first |-> "none"] @@
              [root |-> "r1", dom |-> d1, slot |-> 1, pred |-> "any"] :>
                  [cands |-> {}, first |-> "none"] @@
              [root |-> "r1", dom |-> "handoff", slot |-> 1, pred |-> "any"] :>
                  [cands |-> {}, first |-> "none"] ),
        exec |-> m1,
        key |-> [root |-> "r0", dom |-> d1, slot |-> 1, pred |-> "any"],
        req |->
            [ root |-> "r0",
              dom |-> d1,
              slot |-> 0,
              pred |-> "init",
              value |-> "X",
              start |-> 0 ] ] @@
  m2 :>
      [ gen |-> 0,
        auth |-> FALSE,
        content |->
            ( [root |-> "r0", dom |-> d1, slot |-> 1, pred |-> "any"] :>
                  [cands |-> {}, first |-> "none"] @@
              [root |-> "r0", dom |-> "handoff", slot |-> 1, pred |-> "any"] :>
                  [cands |-> {}, first |-> "none"] @@
              [root |-> "r1", dom |-> d1, slot |-> 1, pred |-> "any"] :>
                  [cands |-> {}, first |-> "none"] @@
              [root |-> "r1", dom |-> "handoff", slot |-> 1, pred |-> "any"] :>
                  [cands |-> {}, first |-> "none"] ),
        exec |-> m1,
        key |-> [root |-> "r0", dom |-> d1, slot |-> 1, pred |-> "any"],
        req |->
            [ root |-> "r0",
              dom |-> d1,
              slot |-> 0,
              pred |-> "init",
              value |-> "X",
              start |-> 0 ] ] )
/\ grant = ( m1 :>
      [ root |-> "r0",
        dom |-> d1,
        slot |-> 0,
        pred |-> "init",
        value |-> "X",
        rid |-> "ra",
        expires |-> 0,
        height |-> 0 ] @@
  m2 :>
      [ root |-> "r0",
        dom |-> d1,
        slot |-> 0,
        pred |-> "init",
        value |-> "X",
        rid |-> "ra",
        expires |-> 0,
        height |-> 0 ] )
/\ bytes = (m1 :> FALSE @@ m2 :> FALSE)
/\ head = (m1 :> (d1 :> <<>>) @@ m2 :> (d1 :> <<>>))

State 10: <Tick line 139, col 5 to line 143, col 49 of module QuvEndToEndRefinement>
/\ height = 0
/\ boundary = (m1 :> TRUE @@ m2 :> TRUE)
/\ op = ( m1 :>
      [ root |-> "r0",
        dom |-> "handoff",
        slot |-> 1,
        pred |-> "init",
        value |-> "r1",
        start |-> 0,
        rid |-> "ra",
        replies |->
            ( m1 :> [cands |-> {"r1"}, first |-> "r1", kind |-> "snapshot"] @@
              m2 :>
                  [cands |-> {"r1"}, first |-> "r1", kind |-> "snapshot"] ) ] @@
  m2 :>
      [ root |-> "r0",
        dom |-> d1,
        slot |-> 0,
        pred |-> "init",
        value |-> "X",
        start |-> 0,
        rid |-> "ra",
        replies |->
            ( m1 :> [cands |-> {}, first |-> "none", kind |-> "none"] @@
              m2 :> [cands |-> {}, first |-> "none", kind |-> "none"] ) ] )
/\ accepted = (m1 :> {} @@ m2 :> {})
/\ now = 2
/\ inflight = ( m1 :> [dom |-> d1, slot |-> 0, rid |-> "ra", claimed |-> FALSE] @@
  m2 :> [dom |-> d1, slot |-> 0, rid |-> "ra", claimed |-> FALSE] )
/\ claims = (m1 :> {} @@ m2 :> {})
/\ gateLive = (m1 :> FALSE @@ m2 :> FALSE)
/\ register = {}
/\ activeRoot = (m1 :> "r0" @@ m2 :> "r0")
/\ crashed = (m1 :> FALSE @@ m2 :> FALSE)
/\ gate = (m1 :> FALSE @@ m2 :> FALSE)
/\ authGen = (m1 :> 1 @@ m2 :> 1)
/\ anchor = ( m1 :>
      ( [root |-> "r0", dom |-> d1, slot |-> 1, pred |-> "any"] :>
            [cands |-> {}, first |-> "none"] @@
        [root |-> "r0", dom |-> "handoff", slot |-> 1, pred |-> "any"] :>
            [cands |-> {"r1"}, first |-> "r1"] @@
        [root |-> "r1", dom |-> d1, slot |-> 1, pred |-> "any"] :>
            [cands |-> {}, first |-> "none"] @@
        [root |-> "r1", dom |-> "handoff", slot |-> 1, pred |-> "any"] :>
            [cands |-> {}, first |-> "none"] ) @@
  m2 :>
      ( [root |-> "r0", dom |-> d1, slot |-> 1, pred |-> "any"] :>
            [cands |-> {}, first |-> "none"] @@
        [root |-> "r0", dom |-> "handoff", slot |-> 1, pred |-> "any"] :>
            [cands |-> {"r1"}, first |-> "r1"] @@
        [root |-> "r1", dom |-> d1, slot |-> 1, pred |-> "any"] :>
            [cands |-> {}, first |-> "none"] @@
        [root |-> "r1", dom |-> "handoff", slot |-> 1, pred |-> "any"] :>
            [cands |-> {}, first |-> "none"] ) )
/\ anchorGen = (m1 :> 1 @@ m2 :> 1)
/\ lateClaim = (m1 :> FALSE @@ m2 :> FALSE)
/\ calls = (m1 :> ([dom |-> d1, slot |-> 1] :> 0) @@ m2 :> ([dom |-> d1, slot |-> 1] :> 0))
/\ staged = ( m1 :>
      [ gen |-> 0,
        auth |-> FALSE,
        content |->
            ( [root |-> "r0", dom |-> d1, slot |-> 1, pred |-> "any"] :>
                  [cands |-> {}, first |-> "none"] @@
              [root |-> "r0", dom |-> "handoff", slot |-> 1, pred |-> "any"] :>
                  [cands |-> {}, first |-> "none"] @@
              [root |-> "r1", dom |-> d1, slot |-> 1, pred |-> "any"] :>
                  [cands |-> {}, first |-> "none"] @@
              [root |-> "r1", dom |-> "handoff", slot |-> 1, pred |-> "any"] :>
                  [cands |-> {}, first |-> "none"] ),
        exec |-> m1,
        key |-> [root |-> "r0", dom |-> d1, slot |-> 1, pred |-> "any"],
        req |->
            [ root |-> "r0",
              dom |-> d1,
              slot |-> 0,
              pred |-> "init",
              value |-> "X",
              start |-> 0 ] ] @@
  m2 :>
      [ gen |-> 0,
        auth |-> FALSE,
        content |->
            ( [root |-> "r0", dom |-> d1, slot |-> 1, pred |-> "any"] :>
                  [cands |-> {}, first |-> "none"] @@
              [root |-> "r0", dom |-> "handoff", slot |-> 1, pred |-> "any"] :>
                  [cands |-> {}, first |-> "none"] @@
              [root |-> "r1", dom |-> d1, slot |-> 1, pred |-> "any"] :>
                  [cands |-> {}, first |-> "none"] @@
              [root |-> "r1", dom |-> "handoff", slot |-> 1, pred |-> "any"] :>
                  [cands |-> {}, first |-> "none"] ),
        exec |-> m1,
        key |-> [root |-> "r0", dom |-> d1, slot |-> 1, pred |-> "any"],
        req |->
            [ root |-> "r0",
              dom |-> d1,
              slot |-> 0,
              pred |-> "init",
              value |-> "X",
              start |-> 0 ] ] )
/\ grant = ( m1 :>
      [ root |-> "r0",
        dom |-> d1,
        slot |-> 0,
        pred |-> "init",
        value |-> "X",
        rid |-> "ra",
        expires |-> 0,
        height |-> 0 ] @@
  m2 :>
      [ root |-> "r0",
        dom |-> d1,
        slot |-> 0,
        pred |-> "init",
        value |-> "X",
        rid |-> "ra",
        expires |-> 0,
        height |-> 0 ] )
/\ bytes = (m1 :> FALSE @@ m2 :> FALSE)
/\ head = (m1 :> (d1 :> <<>>) @@ m2 :> (d1 :> <<>>))

State 11: <Decide(m1) line 286, col 5 to line 305, col 88 of module QuvEndToEndRefinement>
/\ height = 0
/\ boundary = (m1 :> TRUE @@ m2 :> TRUE)
/\ op = ( m1 :>
      [ root |-> "r0",
        dom |-> d1,
        slot |-> 0,
        pred |-> "init",
        value |-> "X",
        start |-> 0,
        rid |-> "ra",
        replies |->
            ( m1 :> [cands |-> {}, first |-> "none", kind |-> "none"] @@
              m2 :> [cands |-> {}, first |-> "none", kind |-> "none"] ) ] @@
  m2 :>
      [ root |-> "r0",
        dom |-> d1,
        slot |-> 0,
        pred |-> "init",
        value |-> "X",
        start |-> 0,
        rid |-> "ra",
        replies |->
            ( m1 :> [cands |-> {}, first |-> "none", kind |-> "none"] @@
              m2 :> [cands |-> {}, first |-> "none", kind |-> "none"] ) ] )
/\ accepted = ( m1 :>
      { [ root |-> "r0",
          dom |-> "handoff",
          slot |-> 1,
          pred |-> "init",
          value |-> "r1" ] } @@
  m2 :> {} )
/\ now = 2
/\ inflight = ( m1 :> [dom |-> d1, slot |-> 0, rid |-> "ra", claimed |-> FALSE] @@
  m2 :> [dom |-> d1, slot |-> 0, rid |-> "ra", claimed |-> FALSE] )
/\ claims = (m1 :> {} @@ m2 :> {})
/\ gateLive = (m1 :> FALSE @@ m2 :> FALSE)
/\ register = {}
/\ activeRoot = (m1 :> "r0" @@ m2 :> "r0")
/\ crashed = (m1 :> FALSE @@ m2 :> FALSE)
/\ gate = (m1 :> FALSE @@ m2 :> FALSE)
/\ authGen = (m1 :> 1 @@ m2 :> 1)
/\ anchor = ( m1 :>
      ( [root |-> "r0", dom |-> d1, slot |-> 1, pred |-> "any"] :>
            [cands |-> {}, first |-> "none"] @@
        [root |-> "r0", dom |-> "handoff", slot |-> 1, pred |-> "any"] :>
            [cands |-> {"r1"}, first |-> "r1"] @@
        [root |-> "r1", dom |-> d1, slot |-> 1, pred |-> "any"] :>
            [cands |-> {}, first |-> "none"] @@
        [root |-> "r1", dom |-> "handoff", slot |-> 1, pred |-> "any"] :>
            [cands |-> {}, first |-> "none"] ) @@
  m2 :>
      ( [root |-> "r0", dom |-> d1, slot |-> 1, pred |-> "any"] :>
            [cands |-> {}, first |-> "none"] @@
        [root |-> "r0", dom |-> "handoff", slot |-> 1, pred |-> "any"] :>
            [cands |-> {"r1"}, first |-> "r1"] @@
        [root |-> "r1", dom |-> d1, slot |-> 1, pred |-> "any"] :>
            [cands |-> {}, first |-> "none"] @@
        [root |-> "r1", dom |-> "handoff", slot |-> 1, pred |-> "any"] :>
            [cands |-> {}, first |-> "none"] ) )
/\ anchorGen = (m1 :> 1 @@ m2 :> 1)
/\ lateClaim = (m1 :> FALSE @@ m2 :> FALSE)
/\ calls = (m1 :> ([dom |-> d1, slot |-> 1] :> 0) @@ m2 :> ([dom |-> d1, slot |-> 1] :> 0))
/\ staged = ( m1 :>
      [ gen |-> 0,
        auth |-> FALSE,
        content |->
            ( [root |-> "r0", dom |-> d1, slot |-> 1, pred |-> "any"] :>
                  [cands |-> {}, first |-> "none"] @@
              [root |-> "r0", dom |-> "handoff", slot |-> 1, pred |-> "any"] :>
                  [cands |-> {}, first |-> "none"] @@
              [root |-> "r1", dom |-> d1, slot |-> 1, pred |-> "any"] :>
                  [cands |-> {}, first |-> "none"] @@
              [root |-> "r1", dom |-> "handoff", slot |-> 1, pred |-> "any"] :>
                  [cands |-> {}, first |-> "none"] ),
        exec |-> m1,
        key |-> [root |-> "r0", dom |-> d1, slot |-> 1, pred |-> "any"],
        req |->
            [ root |-> "r0",
              dom |-> d1,
              slot |-> 0,
              pred |-> "init",
              value |-> "X",
              start |-> 0 ] ] @@
  m2 :>
      [ gen |-> 0,
        auth |-> FALSE,
        content |->
            ( [root |-> "r0", dom |-> d1, slot |-> 1, pred |-> "any"] :>
                  [cands |-> {}, first |-> "none"] @@
              [root |-> "r0", dom |-> "handoff", slot |-> 1, pred |-> "any"] :>
                  [cands |-> {}, first |-> "none"] @@
              [root |-> "r1", dom |-> d1, slot |-> 1, pred |-> "any"] :>
                  [cands |-> {}, first |-> "none"] @@
              [root |-> "r1", dom |-> "handoff", slot |-> 1, pred |-> "any"] :>
                  [cands |-> {}, first |-> "none"] ),
        exec |-> m1,
        key |-> [root |-> "r0", dom |-> d1, slot |-> 1, pred |-> "any"],
        req |->
            [ root |-> "r0",
              dom |-> d1,
              slot |-> 0,
              pred |-> "init",
              value |-> "X",
              start |-> 0 ] ] )
/\ grant = ( m1 :>
      [ root |-> "r0",
        dom |-> "handoff",
        slot |-> 1,
        pred |-> "init",
        value |-> "r1",
        rid |-> "ra",
        expires |-> 3,
        height |-> 0 ] @@
  m2 :>
      [ root |-> "r0",
        dom |-> d1,
        slot |-> 0,
        pred |-> "init",
        value |-> "X",
        rid |-> "ra",
        expires |-> 0,
        height |-> 0 ] )
/\ bytes = (m1 :> FALSE @@ m2 :> FALSE)
/\ head = (m1 :> (d1 :> <<>>) @@ m2 :> (d1 :> <<>>))

State 12: <InstallGate(m1) line 411, col 5 to line 417, col 88 of module QuvEndToEndRefinement>
/\ height = 0
/\ boundary = (m1 :> TRUE @@ m2 :> TRUE)
/\ op = ( m1 :>
      [ root |-> "r0",
        dom |-> d1,
        slot |-> 0,
        pred |-> "init",
        value |-> "X",
        start |-> 0,
        rid |-> "ra",
        replies |->
            ( m1 :> [cands |-> {}, first |-> "none", kind |-> "none"] @@
              m2 :> [cands |-> {}, first |-> "none", kind |-> "none"] ) ] @@
  m2 :>
      [ root |-> "r0",
        dom |-> d1,
        slot |-> 0,
        pred |-> "init",
        value |-> "X",
        start |-> 0,
        rid |-> "ra",
        replies |->
            ( m1 :> [cands |-> {}, first |-> "none", kind |-> "none"] @@
              m2 :> [cands |-> {}, first |-> "none", kind |-> "none"] ) ] )
/\ accepted = ( m1 :>
      { [ root |-> "r0",
          dom |-> "handoff",
          slot |-> 1,
          pred |-> "init",
          value |-> "r1" ] } @@
  m2 :> {} )
/\ now = 2
/\ inflight = ( m1 :> [dom |-> d1, slot |-> 0, rid |-> "ra", claimed |-> FALSE] @@
  m2 :> [dom |-> d1, slot |-> 0, rid |-> "ra", claimed |-> FALSE] )
/\ claims = (m1 :> {} @@ m2 :> {})
/\ gateLive = (m1 :> TRUE @@ m2 :> FALSE)
/\ register = {}
/\ activeRoot = (m1 :> "r0" @@ m2 :> "r0")
/\ crashed = (m1 :> FALSE @@ m2 :> FALSE)
/\ gate = (m1 :> TRUE @@ m2 :> FALSE)
/\ authGen = (m1 :> 1 @@ m2 :> 1)
/\ anchor = ( m1 :>
      ( [root |-> "r0", dom |-> d1, slot |-> 1, pred |-> "any"] :>
            [cands |-> {}, first |-> "none"] @@
        [root |-> "r0", dom |-> "handoff", slot |-> 1, pred |-> "any"] :>
            [cands |-> {"r1"}, first |-> "r1"] @@
        [root |-> "r1", dom |-> d1, slot |-> 1, pred |-> "any"] :>
            [cands |-> {}, first |-> "none"] @@
        [root |-> "r1", dom |-> "handoff", slot |-> 1, pred |-> "any"] :>
            [cands |-> {}, first |-> "none"] ) @@
  m2 :>
      ( [root |-> "r0", dom |-> d1, slot |-> 1, pred |-> "any"] :>
            [cands |-> {}, first |-> "none"] @@
        [root |-> "r0", dom |-> "handoff", slot |-> 1, pred |-> "any"] :>
            [cands |-> {"r1"}, first |-> "r1"] @@
        [root |-> "r1", dom |-> d1, slot |-> 1, pred |-> "any"] :>
            [cands |-> {}, first |-> "none"] @@
        [root |-> "r1", dom |-> "handoff", slot |-> 1, pred |-> "any"] :>
            [cands |-> {}, first |-> "none"] ) )
/\ anchorGen = (m1 :> 1 @@ m2 :> 1)
/\ lateClaim = (m1 :> FALSE @@ m2 :> FALSE)
/\ calls = (m1 :> ([dom |-> d1, slot |-> 1] :> 0) @@ m2 :> ([dom |-> d1, slot |-> 1] :> 0))
/\ staged = ( m1 :>
      [ gen |-> 0,
        auth |-> FALSE,
        content |->
            ( [root |-> "r0", dom |-> d1, slot |-> 1, pred |-> "any"] :>
                  [cands |-> {}, first |-> "none"] @@
              [root |-> "r0", dom |-> "handoff", slot |-> 1, pred |-> "any"] :>
                  [cands |-> {}, first |-> "none"] @@
              [root |-> "r1", dom |-> d1, slot |-> 1, pred |-> "any"] :>
                  [cands |-> {}, first |-> "none"] @@
              [root |-> "r1", dom |-> "handoff", slot |-> 1, pred |-> "any"] :>
                  [cands |-> {}, first |-> "none"] ),
        exec |-> m1,
        key |-> [root |-> "r0", dom |-> d1, slot |-> 1, pred |-> "any"],
        req |->
            [ root |-> "r0",
              dom |-> d1,
              slot |-> 0,
              pred |-> "init",
              value |-> "X",
              start |-> 0 ] ] @@
  m2 :>
      [ gen |-> 0,
        auth |-> FALSE,
        content |->
            ( [root |-> "r0", dom |-> d1, slot |-> 1, pred |-> "any"] :>
                  [cands |-> {}, first |-> "none"] @@
              [root |-> "r0", dom |-> "handoff", slot |-> 1, pred |-> "any"] :>
                  [cands |-> {}, first |-> "none"] @@
              [root |-> "r1", dom |-> d1, slot |-> 1, pred |-> "any"] :>
                  [cands |-> {}, first |-> "none"] @@
              [root |-> "r1", dom |-> "handoff", slot |-> 1, pred |-> "any"] :>
                  [cands |-> {}, first |-> "none"] ),
        exec |-> m1,
        key |-> [root |-> "r0", dom |-> d1, slot |-> 1, pred |-> "any"],
        req |->
            [ root |-> "r0",
              dom |-> d1,
              slot |-> 0,
              pred |-> "init",
              value |-> "X",
              start |-> 0 ] ] )
/\ grant = ( m1 :>
      [ root |-> "r0",
        dom |-> d1,
        slot |-> 0,
        pred |-> "init",
        value |-> "X",
        rid |-> "ra",
        expires |-> 0,
        height |-> 0 ] @@
  m2 :>
      [ root |-> "r0",
        dom |-> d1,
        slot |-> 0,
        pred |-> "init",
        value |-> "X",
        rid |-> "ra",
        expires |-> 0,
        height |-> 0 ] )
/\ bytes = (m1 :> FALSE @@ m2 :> FALSE)
/\ head = (m1 :> (d1 :> <<>>) @@ m2 :> (d1 :> <<>>))

State 13: <ReceiveBytes(m2) line 261, col 5 to line 265, col 48 of module QuvEndToEndRefinement>
/\ height = 0
/\ boundary = (m1 :> TRUE @@ m2 :> TRUE)
/\ op = ( m1 :>
      [ root |-> "r0",
        dom |-> d1,
        slot |-> 0,
        pred |-> "init",
        value |-> "X",
        start |-> 0,
        rid |-> "ra",
        replies |->
            ( m1 :> [cands |-> {}, first |-> "none", kind |-> "none"] @@
              m2 :> [cands |-> {}, first |-> "none", kind |-> "none"] ) ] @@
  m2 :>
      [ root |-> "r0",
        dom |-> d1,
        slot |-> 0,
        pred |-> "init",
        value |-> "X",
        start |-> 0,
        rid |-> "ra",
        replies |->
            ( m1 :> [cands |-> {}, first |-> "none", kind |-> "none"] @@
              m2 :> [cands |-> {}, first |-> "none", kind |-> "none"] ) ] )
/\ accepted = ( m1 :>
      { [ root |-> "r0",
          dom |-> "handoff",
          slot |-> 1,
          pred |-> "init",
          value |-> "r1" ] } @@
  m2 :> {} )
/\ now = 2
/\ inflight = ( m1 :> [dom |-> d1, slot |-> 0, rid |-> "ra", claimed |-> FALSE] @@
  m2 :> [dom |-> d1, slot |-> 0, rid |-> "ra", claimed |-> FALSE] )
/\ claims = (m1 :> {} @@ m2 :> {})
/\ gateLive = (m1 :> TRUE @@ m2 :> FALSE)
/\ register = {}
/\ activeRoot = (m1 :> "r0" @@ m2 :> "r0")
/\ crashed = (m1 :> FALSE @@ m2 :> FALSE)
/\ gate = (m1 :> TRUE @@ m2 :> FALSE)
/\ authGen = (m1 :> 1 @@ m2 :> 1)
/\ anchor = ( m1 :>
      ( [root |-> "r0", dom |-> d1, slot |-> 1, pred |-> "any"] :>
            [cands |-> {}, first |-> "none"] @@
        [root |-> "r0", dom |-> "handoff", slot |-> 1, pred |-> "any"] :>
            [cands |-> {"r1"}, first |-> "r1"] @@
        [root |-> "r1", dom |-> d1, slot |-> 1, pred |-> "any"] :>
            [cands |-> {}, first |-> "none"] @@
        [root |-> "r1", dom |-> "handoff", slot |-> 1, pred |-> "any"] :>
            [cands |-> {}, first |-> "none"] ) @@
  m2 :>
      ( [root |-> "r0", dom |-> d1, slot |-> 1, pred |-> "any"] :>
            [cands |-> {}, first |-> "none"] @@
        [root |-> "r0", dom |-> "handoff", slot |-> 1, pred |-> "any"] :>
            [cands |-> {"r1"}, first |-> "r1"] @@
        [root |-> "r1", dom |-> d1, slot |-> 1, pred |-> "any"] :>
            [cands |-> {}, first |-> "none"] @@
        [root |-> "r1", dom |-> "handoff", slot |-> 1, pred |-> "any"] :>
            [cands |-> {}, first |-> "none"] ) )
/\ anchorGen = (m1 :> 1 @@ m2 :> 1)
/\ lateClaim = (m1 :> FALSE @@ m2 :> FALSE)
/\ calls = (m1 :> ([dom |-> d1, slot |-> 1] :> 0) @@ m2 :> ([dom |-> d1, slot |-> 1] :> 0))
/\ staged = ( m1 :>
      [ gen |-> 0,
        auth |-> FALSE,
        content |->
            ( [root |-> "r0", dom |-> d1, slot |-> 1, pred |-> "any"] :>
                  [cands |-> {}, first |-> "none"] @@
              [root |-> "r0", dom |-> "handoff", slot |-> 1, pred |-> "any"] :>
                  [cands |-> {}, first |-> "none"] @@
              [root |-> "r1", dom |-> d1, slot |-> 1, pred |-> "any"] :>
                  [cands |-> {}, first |-> "none"] @@
              [root |-> "r1", dom |-> "handoff", slot |-> 1, pred |-> "any"] :>
                  [cands |-> {}, first |-> "none"] ),
        exec |-> m1,
        key |-> [root |-> "r0", dom |-> d1, slot |-> 1, pred |-> "any"],
        req |->
            [ root |-> "r0",
              dom |-> d1,
              slot |-> 0,
              pred |-> "init",
              value |-> "X",
              start |-> 0 ] ] @@
  m2 :>
      [ gen |-> 0,
        auth |-> FALSE,
        content |->
            ( [root |-> "r0", dom |-> d1, slot |-> 1, pred |-> "any"] :>
                  [cands |-> {}, first |-> "none"] @@
              [root |-> "r0", dom |-> "handoff", slot |-> 1, pred |-> "any"] :>
                  [cands |-> {}, first |-> "none"] @@
              [root |-> "r1", dom |-> d1, slot |-> 1, pred |-> "any"] :>
                  [cands |-> {}, first |-> "none"] @@
              [root |-> "r1", dom |-> "handoff", slot |-> 1, pred |-> "any"] :>
                  [cands |-> {}, first |-> "none"] ),
        exec |-> m1,
        key |-> [root |-> "r0", dom |-> d1, slot |-> 1, pred |-> "any"],
        req |->
            [ root |-> "r0",
              dom |-> d1,
              slot |-> 0,
              pred |-> "init",
              value |-> "X",
              start |-> 0 ] ] )
/\ grant = ( m1 :>
      [ root |-> "r0",
        dom |-> d1,
        slot |-> 0,
        pred |-> "init",
        value |-> "X",
        rid |-> "ra",
        expires |-> 0,
        height |-> 0 ] @@
  m2 :>
      [ root |-> "r0",
        dom |-> d1,
        slot |-> 0,
        pred |-> "init",
        value |-> "X",
        rid |-> "ra",
        expires |-> 0,
        height |-> 0 ] )
/\ bytes = (m1 :> FALSE @@ m2 :> TRUE)
/\ head = (m1 :> (d1 :> <<>>) @@ m2 :> (d1 :> <<>>))

State 14: <SynthesizeGate(m2) line 419, col 5 to line 423, col 45 of module QuvEndToEndRefinement>
/\ height = 0
/\ boundary = (m1 :> TRUE @@ m2 :> TRUE)
/\ op = ( m1 :>
      [ root |-> "r0",
        dom |-> d1,
        slot |-> 0,
        pred |-> "init",
        value |-> "X",
        start |-> 0,
        rid |-> "ra",
        replies |->
            ( m1 :> [cands |-> {}, first |-> "none", kind |-> "none"] @@
              m2 :> [cands |-> {}, first |-> "none", kind |-> "none"] ) ] @@
  m2 :>
      [ root |-> "r0",
        dom |-> d1,
        slot |-> 0,
        pred |-> "init",
        value |-> "X",
        start |-> 0,
        rid |-> "ra",
        replies |->
            ( m1 :> [cands |-> {}, first |-> "none", kind |-> "none"] @@
              m2 :> [cands |-> {}, first |-> "none", kind |-> "none"] ) ] )
/\ accepted = ( m1 :>
      { [ root |-> "r0",
          dom |-> "handoff",
          slot |-> 1,
          pred |-> "init",
          value |-> "r1" ] } @@
  m2 :> {} )
/\ now = 2
/\ inflight = ( m1 :> [dom |-> d1, slot |-> 0, rid |-> "ra", claimed |-> FALSE] @@
  m2 :> [dom |-> d1, slot |-> 0, rid |-> "ra", claimed |-> FALSE] )
/\ claims = (m1 :> {} @@ m2 :> {})
/\ gateLive = (m1 :> TRUE @@ m2 :> FALSE)
/\ register = {}
/\ activeRoot = (m1 :> "r0" @@ m2 :> "r0")
/\ crashed = (m1 :> FALSE @@ m2 :> FALSE)
/\ gate = (m1 :> TRUE @@ m2 :> TRUE)
/\ authGen = (m1 :> 1 @@ m2 :> 1)
/\ anchor = ( m1 :>
      ( [root |-> "r0", dom |-> d1, slot |-> 1, pred |-> "any"] :>
            [cands |-> {}, first |-> "none"] @@
        [root |-> "r0", dom |-> "handoff", slot |-> 1, pred |-> "any"] :>
            [cands |-> {"r1"}, first |-> "r1"] @@
        [root |-> "r1", dom |-> d1, slot |-> 1, pred |-> "any"] :>
            [cands |-> {}, first |-> "none"] @@
        [root |-> "r1", dom |-> "handoff", slot |-> 1, pred |-> "any"] :>
            [cands |-> {}, first |-> "none"] ) @@
  m2 :>
      ( [root |-> "r0", dom |-> d1, slot |-> 1, pred |-> "any"] :>
            [cands |-> {}, first |-> "none"] @@
        [root |-> "r0", dom |-> "handoff", slot |-> 1, pred |-> "any"] :>
            [cands |-> {"r1"}, first |-> "r1"] @@
        [root |-> "r1", dom |-> d1, slot |-> 1, pred |-> "any"] :>
            [cands |-> {}, first |-> "none"] @@
        [root |-> "r1", dom |-> "handoff", slot |-> 1, pred |-> "any"] :>
            [cands |-> {}, first |-> "none"] ) )
/\ anchorGen = (m1 :> 1 @@ m2 :> 1)
/\ lateClaim = (m1 :> FALSE @@ m2 :> FALSE)
/\ calls = (m1 :> ([dom |-> d1, slot |-> 1] :> 0) @@ m2 :> ([dom |-> d1, slot |-> 1] :> 0))
/\ staged = ( m1 :>
      [ gen |-> 0,
        auth |-> FALSE,
        content |->
            ( [root |-> "r0", dom |-> d1, slot |-> 1, pred |-> "any"] :>
                  [cands |-> {}, first |-> "none"] @@
              [root |-> "r0", dom |-> "handoff", slot |-> 1, pred |-> "any"] :>
                  [cands |-> {}, first |-> "none"] @@
              [root |-> "r1", dom |-> d1, slot |-> 1, pred |-> "any"] :>
                  [cands |-> {}, first |-> "none"] @@
              [root |-> "r1", dom |-> "handoff", slot |-> 1, pred |-> "any"] :>
                  [cands |-> {}, first |-> "none"] ),
        exec |-> m1,
        key |-> [root |-> "r0", dom |-> d1, slot |-> 1, pred |-> "any"],
        req |->
            [ root |-> "r0",
              dom |-> d1,
              slot |-> 0,
              pred |-> "init",
              value |-> "X",
              start |-> 0 ] ] @@
  m2 :>
      [ gen |-> 0,
        auth |-> FALSE,
        content |->
            ( [root |-> "r0", dom |-> d1, slot |-> 1, pred |-> "any"] :>
                  [cands |-> {}, first |-> "none"] @@
              [root |-> "r0", dom |-> "handoff", slot |-> 1, pred |-> "any"] :>
                  [cands |-> {}, first |-> "none"] @@
              [root |-> "r1", dom |-> d1, slot |-> 1, pred |-> "any"] :>
                  [cands |-> {}, first |-> "none"] @@
              [root |-> "r1", dom |-> "handoff", slot |-> 1, pred |-> "any"] :>
                  [cands |-> {}, first |-> "none"] ),
        exec |-> m1,
        key |-> [root |-> "r0", dom |-> d1, slot |-> 1, pred |-> "any"],
        req |->
            [ root |-> "r0",
              dom |-> d1,
              slot |-> 0,
              pred |-> "init",
              value |-> "X",
              start |-> 0 ] ] )
/\ grant = ( m1 :>
      [ root |-> "r0",
        dom |-> d1,
        slot |-> 0,
        pred |-> "init",
        value |-> "X",
        rid |-> "ra",
        expires |-> 0,
        height |-> 0 ] @@
  m2 :>
      [ root |-> "r0",
        dom |-> d1,
        slot |-> 0,
        pred |-> "init",
        value |-> "X",
        rid |-> "ra",
        expires |-> 0,
        height |-> 0 ] )
/\ bytes = (m1 :> FALSE @@ m2 :> TRUE)
/\ head = (m1 :> (d1 :> <<>>) @@ m2 :> (d1 :> <<>>))

State 15: <Activate(m2) line 425, col 5 to line 428, col 45 of module QuvEndToEndRefinement>
/\ height = 0
/\ boundary = (m1 :> TRUE @@ m2 :> TRUE)
/\ op = ( m1 :>
      [ root |-> "r0",
        dom |-> d1,
        slot |-> 0,
        pred |-> "init",
        value |-> "X",
        start |-> 0,
        rid |-> "ra",
        replies |->
            ( m1 :> [cands |-> {}, first |-> "none", kind |-> "none"] @@
              m2 :> [cands |-> {}, first |-> "none", kind |-> "none"] ) ] @@
  m2 :>
      [ root |-> "r0",
        dom |-> d1,
        slot |-> 0,
        pred |-> "init",
        value |-> "X",
        start |-> 0,
        rid |-> "ra",
        replies |->
            ( m1 :> [cands |-> {}, first |-> "none", kind |-> "none"] @@
              m2 :> [cands |-> {}, first |-> "none", kind |-> "none"] ) ] )
/\ accepted = ( m1 :>
      { [ root |-> "r0",
          dom |-> "handoff",
          slot |-> 1,
          pred |-> "init",
          value |-> "r1" ] } @@
  m2 :> {} )
/\ now = 2
/\ inflight = ( m1 :> [dom |-> d1, slot |-> 0, rid |-> "ra", claimed |-> FALSE] @@
  m2 :> [dom |-> d1, slot |-> 0, rid |-> "ra", claimed |-> FALSE] )
/\ claims = (m1 :> {} @@ m2 :> {})
/\ gateLive = (m1 :> TRUE @@ m2 :> FALSE)
/\ register = {}
/\ activeRoot = (m1 :> "r0" @@ m2 :> "r1")
/\ crashed = (m1 :> FALSE @@ m2 :> FALSE)
/\ gate = (m1 :> TRUE @@ m2 :> TRUE)
/\ authGen = (m1 :> 1 @@ m2 :> 1)
/\ anchor = ( m1 :>
      ( [root |-> "r0", dom |-> d1, slot |-> 1, pred |-> "any"] :>
            [cands |-> {}, first |-> "none"] @@
        [root |-> "r0", dom |-> "handoff", slot |-> 1, pred |-> "any"] :>
            [cands |-> {"r1"}, first |-> "r1"] @@
        [root |-> "r1", dom |-> d1, slot |-> 1, pred |-> "any"] :>
            [cands |-> {}, first |-> "none"] @@
        [root |-> "r1", dom |-> "handoff", slot |-> 1, pred |-> "any"] :>
            [cands |-> {}, first |-> "none"] ) @@
  m2 :>
      ( [root |-> "r0", dom |-> d1, slot |-> 1, pred |-> "any"] :>
            [cands |-> {}, first |-> "none"] @@
        [root |-> "r0", dom |-> "handoff", slot |-> 1, pred |-> "any"] :>
            [cands |-> {"r1"}, first |-> "r1"] @@
        [root |-> "r1", dom |-> d1, slot |-> 1, pred |-> "any"] :>
            [cands |-> {}, first |-> "none"] @@
        [root |-> "r1", dom |-> "handoff", slot |-> 1, pred |-> "any"] :>
            [cands |-> {}, first |-> "none"] ) )
/\ anchorGen = (m1 :> 1 @@ m2 :> 1)
/\ lateClaim = (m1 :> FALSE @@ m2 :> FALSE)
/\ calls = (m1 :> ([dom |-> d1, slot |-> 1] :> 0) @@ m2 :> ([dom |-> d1, slot |-> 1] :> 0))
/\ staged = ( m1 :>
      [ gen |-> 0,
        auth |-> FALSE,
        content |->
            ( [root |-> "r0", dom |-> d1, slot |-> 1, pred |-> "any"] :>
                  [cands |-> {}, first |-> "none"] @@
              [root |-> "r0", dom |-> "handoff", slot |-> 1, pred |-> "any"] :>
                  [cands |-> {}, first |-> "none"] @@
              [root |-> "r1", dom |-> d1, slot |-> 1, pred |-> "any"] :>
                  [cands |-> {}, first |-> "none"] @@
              [root |-> "r1", dom |-> "handoff", slot |-> 1, pred |-> "any"] :>
                  [cands |-> {}, first |-> "none"] ),
        exec |-> m1,
        key |-> [root |-> "r0", dom |-> d1, slot |-> 1, pred |-> "any"],
        req |->
            [ root |-> "r0",
              dom |-> d1,
              slot |-> 0,
              pred |-> "init",
              value |-> "X",
              start |-> 0 ] ] @@
  m2 :>
      [ gen |-> 0,
        auth |-> FALSE,
        content |->
            ( [root |-> "r0", dom |-> d1, slot |-> 1, pred |-> "any"] :>
                  [cands |-> {}, first |-> "none"] @@
              [root |-> "r0", dom |-> "handoff", slot |-> 1, pred |-> "any"] :>
                  [cands |-> {}, first |-> "none"] @@
              [root |-> "r1", dom |-> d1, slot |-> 1, pred |-> "any"] :>
                  [cands |-> {}, first |-> "none"] @@
              [root |-> "r1", dom |-> "handoff", slot |-> 1, pred |-> "any"] :>
                  [cands |-> {}, first |-> "none"] ),
        exec |-> m1,
        key |-> [root |-> "r0", dom |-> d1, slot |-> 1, pred |-> "any"],
        req |->
            [ root |-> "r0",
              dom |-> d1,
              slot |-> 0,
              pred |-> "init",
              value |-> "X",
              start |-> 0 ] ] )
/\ grant = ( m1 :>
      [ root |-> "r0",
        dom |-> d1,
        slot |-> 0,
        pred |-> "init",
        value |-> "X",
        rid |-> "ra",
        expires |-> 0,
        height |-> 0 ] @@
  m2 :>
      [ root |-> "r0",
        dom |-> d1,
        slot |-> 0,
        pred |-> "init",
        value |-> "X",
        rid |-> "ra",
        expires |-> 0,
        height |-> 0 ] )
/\ bytes = (m1 :> FALSE @@ m2 :> TRUE)
/\ head = (m1 :> (d1 :> <<>>) @@ m2 :> (d1 :> <<>>))

3043074 states generated, 698724 distinct states found, 245034 states left on queue.
The depth of the complete state graph search is 15.
Finished in 15s at (2026-09-06 06:19:06)
Trace exploration spec path: ./QuvEndToEndRefinement_TTrace_1788689931.tla
