TLC2 Version 2026.08.11.125311 (rev: 0894c34)
Running breadth-first search Model-Checking with fp 40 and seed 8994341022487773179 with 6 workers on 24 cores with 10923MB heap and 64MB offheap memory [pid: 1562794] (Linux 6.17.9-76061709-generic amd64, Ubuntu 21.0.10 64bit, MSBDiskFPSet, DiskStateQueue).
Linting of module TLCExt
Linting of module _TLCTrace
Linting of module QuvEndToEndRefinement
Starting... (2026-09-06 06:17:35)
Computing initial states...
Finished computing initial states: 1 distinct state generated at 2026-09-06 06:17:35.
Progress(12) at 2026-09-06 06:17:38: 568,877 states generated (568,877 s/min), 155,345 distinct states found (155,345 ds/min), 66,111 states left on queue.
Progress(21) at 2026-09-06 06:18:38: 17,958,281 states generated (17,389,404 s/min), 3,862,228 distinct states found (3,706,883 ds/min), 638,845 states left on queue.
Error: Invariant AtMostOneExternalMutationPerStableKey is violated.
Error: The behavior up to this point is:
State 1: <Initial predicate>
/\ height = 0
/\ boundary = (m1 :> FALSE @@ m2 :> FALSE)
/\ op = ( m1 :>
      [ root |-> "r0",
        dom |-> d1,
        slot |-> 0,
        pred |-> "init",
        value |-> "X",
        start |-> 0,
        rid |-> "ra",
        replies |->
            ( m1 :> [cands |-> {}, first |-> "none", kind |-> "none"] @@
              m2 :> [cands |-> {}, first |-> "none", kind |-> "none"] ) ] @@
  m2 :>
      [ root |-> "r0",
        dom |-> d1,
        slot |-> 0,
        pred |-> "init",
        value |-> "X",
        start |-> 0,
        rid |-> "ra",
        replies |->
            ( m1 :> [cands |-> {}, first |-> "none", kind |-> "none"] @@
              m2 :> [cands |-> {}, first |-> "none", kind |-> "none"] ) ] )
/\ accepted = (m1 :> {} @@ m2 :> {})
/\ now = 0
/\ inflight = ( m1 :> [dom |-> d1, slot |-> 0, rid |-> "ra", claimed |-> FALSE] @@
  m2 :> [dom |-> d1, slot |-> 0, rid |-> "ra", claimed |-> FALSE] )
/\ claims = (m1 :> {} @@ m2 :> {})
/\ gateLive = (m1 :> FALSE @@ m2 :> FALSE)
/\ register = {}
/\ activeRoot = (m1 :> "r0" @@ m2 :> "r0")
/\ crashed = (m1 :> FALSE @@ m2 :> FALSE)
/\ gate = (m1 :> FALSE @@ m2 :> FALSE)
/\ authGen = (m1 :> 0 @@ m2 :> 0)
/\ anchor = ( m1 :>
      ( [root |-> "r0", dom |-> d1, slot |-> 1, pred |-> "any"] :>
            [cands |-> {}, first |-> "none"] ) @@
  m2 :>
      ( [root |-> "r0", dom |-> d1, slot |-> 1, pred |-> "any"] :>
            [cands |-> {}, first |-> "none"] ) )
/\ anchorGen = (m1 :> 0 @@ m2 :> 0)
/\ lateClaim = (m1 :> FALSE @@ m2 :> FALSE)
/\ calls = (m1 :> ([dom |-> d1, slot |-> 1] :> 0) @@ m2 :> ([dom |-> d1, slot |-> 1] :> 0))
/\ staged = ( m1 :>
      [ gen |-> 0,
        auth |-> FALSE,
        content |->
            ( [root |-> "r0", dom |-> d1, slot |-> 1, pred |-> "any"] :>
                  [cands |-> {}, first |-> "none"] ),
        exec |-> m1,
        key |-> [root |-> "r0", dom |-> d1, slot |-> 1, pred |-> "any"],
        req |->
            [ root |-> "r0",
              dom |-> d1,
              slot |-> 0,
              pred |-> "init",
              value |-> "X",
              start |-> 0 ] ] @@
  m2 :>
      [ gen |-> 0,
        auth |-> FALSE,
        content |->
            ( [root |-> "r0", dom |-> d1, slot |-> 1, pred |-> "any"] :>
                  [cands |-> {}, first |-> "none"] ),
        exec |-> m1,
        key |-> [root |-> "r0", dom |-> d1, slot |-> 1, pred |-> "any"],
        req |->
            [ root |-> "r0",
              dom |-> d1,
              slot |-> 0,
              pred |-> "init",
              value |-> "X",
              start |-> 0 ] ] )
/\ grant = ( m1 :>
      [ root |-> "r0",
        dom |-> d1,
        slot |-> 0,
        pred |-> "init",
        value |-> "X",
        rid |-> "ra",
        expires |-> 0,
        height |-> 0 ] @@
  m2 :>
      [ root |-> "r0",
        dom |-> d1,
        slot |-> 0,
        pred |-> "init",
        value |-> "X",
        rid |-> "ra",
        expires |-> 0,
        height |-> 0 ] )
/\ bytes = (m1 :> FALSE @@ m2 :> FALSE)
/\ head = (m1 :> (d1 :> <<>>) @@ m2 :> (d1 :> <<>>))

State 2: <AdvanceHeight line 145, col 5 to line 146, col 46 of module QuvEndToEndRefinement>
/\ height = 1
/\ boundary = (m1 :> FALSE @@ m2 :> FALSE)
/\ op = ( m1 :>
      [ root |-> "r0",
        dom |-> d1,
        slot |-> 0,
        pred |-> "init",
        value |-> "X",
        start |-> 0,
        rid |-> "ra",
        replies |->
            ( m1 :> [cands |-> {}, first |-> "none", kind |-> "none"] @@
              m2 :> [cands |-> {}, first |-> "none", kind |-> "none"] ) ] @@
  m2 :>
      [ root |-> "r0",
        dom |-> d1,
        slot |-> 0,
        pred |-> "init",
        value |-> "X",
        start |-> 0,
        rid |-> "ra",
        replies |->
            ( m1 :> [cands |-> {}, first |-> "none", kind |-> "none"] @@
              m2 :> [cands |-> {}, first |-> "none", kind |-> "none"] ) ] )
/\ accepted = (m1 :> {} @@ m2 :> {})
/\ now = 0
/\ inflight = ( m1 :> [dom |-> d1, slot |-> 0, rid |-> "ra", claimed |-> FALSE] @@
  m2 :> [dom |-> d1, slot |-> 0, rid |-> "ra", claimed |-> FALSE] )
/\ claims = (m1 :> {} @@ m2 :> {})
/\ gateLive = (m1 :> FALSE @@ m2 :> FALSE)
/\ register = {}
/\ activeRoot = (m1 :> "r0" @@ m2 :> "r0")
/\ crashed = (m1 :> FALSE @@ m2 :> FALSE)
/\ gate = (m1 :> FALSE @@ m2 :> FALSE)
/\ authGen = (m1 :> 0 @@ m2 :> 0)
/\ anchor = ( m1 :>
      ( [root |-> "r0", dom |-> d1, slot |-> 1, pred |-> "any"] :>
            [cands |-> {}, first |-> "none"] ) @@
  m2 :>
      ( [root |-> "r0", dom |-> d1, slot |-> 1, pred |-> "any"] :>
            [cands |-> {}, first |-> "none"] ) )
/\ anchorGen = (m1 :> 0 @@ m2 :> 0)
/\ lateClaim = (m1 :> FALSE @@ m2 :> FALSE)
/\ calls = (m1 :> ([dom |-> d1, slot |-> 1] :> 0) @@ m2 :> ([dom |-> d1, slot |-> 1] :> 0))
/\ staged = ( m1 :>
      [ gen |-> 0,
        auth |-> FALSE,
        content |->
            ( [root |-> "r0", dom |-> d1, slot |-> 1, pred |-> "any"] :>
                  [cands |-> {}, first |-> "none"] ),
        exec |-> m1,
        key |-> [root |-> "r0", dom |-> d1, slot |-> 1, pred |-> "any"],
        req |->
            [ root |-> "r0",
              dom |-> d1,
              slot |-> 0,
              pred |-> "init",
              value |-> "X",
              start |-> 0 ] ] @@
  m2 :>
      [ gen |-> 0,
        auth |-> FALSE,
        content |->
            ( [root |-> "r0", dom |-> d1, slot |-> 1, pred |-> "any"] :>
                  [cands |-> {}, first |-> "none"] ),
        exec |-> m1,
        key |-> [root |-> "r0", dom |-> d1, slot |-> 1, pred |-> "any"],
        req |->
            [ root |-> "r0",
              dom |-> d1,
              slot |-> 0,
              pred |-> "init",
              value |-> "X",
              start |-> 0 ] ] )
/\ grant = ( m1 :>
      [ root |-> "r0",
        dom |-> d1,
        slot |-> 0,
        pred |-> "init",
        value |-> "X",
        rid |-> "ra",
        expires |-> 0,
        height |-> 0 ] @@
  m2 :>
      [ root |-> "r0",
        dom |-> d1,
        slot |-> 0,
        pred |-> "init",
        value |-> "X",
        rid |-> "ra",
        expires |-> 0,
        height |-> 0 ] )
/\ bytes = (m1 :> FALSE @@ m2 :> FALSE)
/\ head = (m1 :> (d1 :> <<>>) @@ m2 :> (d1 :> <<>>))

State 3: <Next line 438, col 16 to line 439, col 54 of module QuvEndToEndRefinement>
/\ height = 1
/\ boundary = (m1 :> FALSE @@ m2 :> FALSE)
/\ op = ( m1 :>
      [ root |-> "r0",
        dom |-> d1,
        slot |-> 1,
        pred |-> "init",
        value |-> "X",
        start |-> 0,
        rid |-> "ra",
        replies |->
            ( m1 :> [cands |-> {}, first |-> "none", kind |-> "none"] @@
              m2 :> [cands |-> {}, first |-> "none", kind |-> "none"] ) ] @@
  m2 :>
      [ root |-> "r0",
        dom |-> d1,
        slot |-> 0,
        pred |-> "init",
        value |-> "X",
        start |-> 0,
        rid |-> "ra",
        replies |->
            ( m1 :> [cands |-> {}, first |-> "none", kind |-> "none"] @@
              m2 :> [cands |-> {}, first |-> "none", kind |-> "none"] ) ] )
/\ accepted = (m1 :> {} @@ m2 :> {})
/\ now = 0
/\ inflight = ( m1 :> [dom |-> d1, slot |-> 0, rid |-> "ra", claimed |-> FALSE] @@
  m2 :> [dom |-> d1, slot |-> 0, rid |-> "ra", claimed |-> FALSE] )
/\ claims = (m1 :> {} @@ m2 :> {})
/\ gateLive = (m1 :> FALSE @@ m2 :> FALSE)
/\ register = {}
/\ activeRoot = (m1 :> "r0" @@ m2 :> "r0")
/\ crashed = (m1 :> FALSE @@ m2 :> FALSE)
/\ gate = (m1 :> FALSE @@ m2 :> FALSE)
/\ authGen = (m1 :> 0 @@ m2 :> 0)
/\ anchor = ( m1 :>
      ( [root |-> "r0", dom |-> d1, slot |-> 1, pred |-> "any"] :>
            [cands |-> {}, first |-> "none"] ) @@
  m2 :>
      ( [root |-> "r0", dom |-> d1, slot |-> 1, pred |-> "any"] :>
            [cands |-> {}, first |-> "none"] ) )
/\ anchorGen = (m1 :> 0 @@ m2 :> 0)
/\ lateClaim = (m1 :> FALSE @@ m2 :> FALSE)
/\ calls = (m1 :> ([dom |-> d1, slot |-> 1] :> 0) @@ m2 :> ([dom |-> d1, slot |-> 1] :> 0))
/\ staged = ( m1 :>
      [ gen |-> 0,
        auth |-> FALSE,
        content |->
            ( [root |-> "r0", dom |-> d1, slot |-> 1, pred |-> "any"] :>
                  [cands |-> {}, first |-> "none"] ),
        exec |-> m1,
        key |-> [root |-> "r0", dom |-> d1, slot |-> 1, pred |-> "any"],
        req |->
            [ root |-> "r0",
              dom |-> d1,
              slot |-> 0,
              pred |-> "init",
              value |-> "X",
              start |-> 0 ] ] @@
  m2 :>
      [ gen |-> 0,
        auth |-> FALSE,
        content |->
            ( [root |-> "r0", dom |-> d1, slot |-> 1, pred |-> "any"] :>
                  [cands |-> {}, first |-> "none"] ),
        exec |-> m1,
        key |-> [root |-> "r0", dom |-> d1, slot |-> 1, pred |-> "any"],
        req |->
            [ root |-> "r0",
              dom |-> d1,
              slot |-> 0,
              pred |-> "init",
              value |-> "X",
              start |-> 0 ] ] )
/\ grant = ( m1 :>
      [ root |-> "r0",
        dom |-> d1,
        slot |-> 0,
        pred |-> "init",
        value |-> "X",
        rid |-> "ra",
        expires |-> 0,
        height |-> 0 ] @@
  m2 :>
      [ root |-> "r0",
        dom |-> d1,
        slot |-> 0,
        pred |-> "init",
        value |-> "X",
        rid |-> "ra",
        expires |-> 0,
        height |-> 0 ] )
/\ bytes = (m1 :> FALSE @@ m2 :> FALSE)
/\ head = (m1 :> (d1 :> <<>>) @@ m2 :> (d1 :> <<>>))

State 4: <Record(m1,m1) line 184, col 5 to line 211, col 48 of module QuvEndToEndRefinement>
/\ height = 1
/\ boundary = (m1 :> FALSE @@ m2 :> FALSE)
/\ op = ( m1 :>
      [ root |-> "r0",
        dom |-> d1,
        slot |-> 1,
        pred |-> "init",
        value |-> "X",
        start |-> 0,
        rid |-> "ra",
        replies |->
            ( m1 :> [cands |-> {}, first |-> "none", kind |-> "none"] @@
              m2 :> [cands |-> {}, first |-> "none", kind |-> "none"] ) ] @@
  m2 :>
      [ root |-> "r0",
        dom |-> d1,
        slot |-> 0,
        pred |-> "init",
        value |-> "X",
        start |-> 0,
        rid |-> "ra",
        replies |->
            ( m1 :> [cands |-> {}, first |-> "none", kind |-> "none"] @@
              m2 :> [cands |-> {}, first |-> "none", kind |-> "none"] ) ] )
/\ accepted = (m1 :> {} @@ m2 :> {})
/\ now = 0
/\ inflight = ( m1 :> [dom |-> d1, slot |-> 0, rid |-> "ra", claimed |-> FALSE] @@
  m2 :> [dom |-> d1, slot |-> 0, rid |-> "ra", claimed |-> FALSE] )
/\ claims = (m1 :> {} @@ m2 :> {})
/\ gateLive = (m1 :> FALSE @@ m2 :> FALSE)
/\ register = {}
/\ activeRoot = (m1 :> "r0" @@ m2 :> "r0")
/\ crashed = (m1 :> FALSE @@ m2 :> FALSE)
/\ gate = (m1 :> FALSE @@ m2 :> FALSE)
/\ authGen = (m1 :> 1 @@ m2 :> 0)
/\ anchor = ( m1 :>
      ( [root |-> "r0", dom |-> d1, slot |-> 1, pred |-> "any"] :>
            [cands |-> {}, first |-> "none"] ) @@
  m2 :>
      ( [root |-> "r0", dom |-> d1, slot |-> 1, pred |-> "any"] :>
            [cands |-> {}, first |-> "none"] ) )
/\ anchorGen = (m1 :> 0 @@ m2 :> 0)
/\ lateClaim = (m1 :> FALSE @@ m2 :> FALSE)
/\ calls = (m1 :> ([dom |-> d1, slot |-> 1] :> 0) @@ m2 :> ([dom |-> d1, slot |-> 1] :> 0))
/\ staged = ( m1 :>
      [ gen |-> 1,
        auth |-> TRUE,
        content |->
            ( [root |-> "r0", dom |-> d1, slot |-> 1, pred |-> "any"] :>
                  [cands |-> {"X"}, first |-> "X"] ),
        exec |-> m1,
        key |-> [root |-> "r0", dom |-> d1, slot |-> 1, pred |-> "any"],
        req |->
            [ root |-> "r0",
              dom |-> d1,
              slot |-> 1,
              pred |-> "init",
              value |-> "X",
              start |-> 0 ] ] @@
  m2 :>
      [ gen |-> 0,
        auth |-> FALSE,
        content |->
            ( [root |-> "r0", dom |-> d1, slot |-> 1, pred |-> "any"] :>
                  [cands |-> {}, first |-> "none"] ),
        exec |-> m1,
        key |-> [root |-> "r0", dom |-> d1, slot |-> 1, pred |-> "any"],
        req |->
            [ root |-> "r0",
              dom |-> d1,
              slot |-> 0,
              pred |-> "init",
              value |-> "X",
              start |-> 0 ] ] )
/\ grant = ( m1 :>
      [ root |-> "r0",
        dom |-> d1,
        slot |-> 0,
        pred |-> "init",
        value |-> "X",
        rid |-> "ra",
        expires |-> 0,
        height |-> 0 ] @@
  m2 :>
      [ root |-> "r0",
        dom |-> d1,
        slot |-> 0,
        pred |-> "init",
        value |-> "X",
        rid |-> "ra",
        expires |-> 0,
        height |-> 0 ] )
/\ bytes = (m1 :> FALSE @@ m2 :> FALSE)
/\ head = (m1 :> (d1 :> <<>>) @@ m2 :> (d1 :> <<>>))

State 5: <Commit(m1) line 217, col 5 to line 231, col 47 of module QuvEndToEndRefinement>
/\ height = 1
/\ boundary = (m1 :> FALSE @@ m2 :> FALSE)
/\ op = ( m1 :>
      [ root |-> "r0",
        dom |-> d1,
        slot |-> 1,
        pred |-> "init",
        value |-> "X",
        start |-> 0,
        rid |-> "ra",
        replies |->
            ( m1 :> [cands |-> {"X"}, first |-> "X", kind |-> "snapshot"] @@
              m2 :> [cands |-> {}, first |-> "none", kind |-> "none"] ) ] @@
  m2 :>
      [ root |-> "r0",
        dom |-> d1,
        slot |-> 0,
        pred |-> "init",
        value |-> "X",
        start |-> 0,
        rid |-> "ra",
        replies |->
            ( m1 :> [cands |-> {}, first |-> "none", kind |-> "none"] @@
              m2 :> [cands |-> {}, first |-> "none", kind |-> "none"] ) ] )
/\ accepted = (m1 :> {} @@ m2 :> {})
/\ now = 0
/\ inflight = ( m1 :> [dom |-> d1, slot |-> 0, rid |-> "ra", claimed |-> FALSE] @@
  m2 :> [dom |-> d1, slot |-> 0, rid |-> "ra", claimed |-> FALSE] )
/\ claims = (m1 :> {} @@ m2 :> {})
/\ gateLive = (m1 :> FALSE @@ m2 :> FALSE)
/\ register = {}
/\ activeRoot = (m1 :> "r0" @@ m2 :> "r0")
/\ crashed = (m1 :> FALSE @@ m2 :> FALSE)
/\ gate = (m1 :> FALSE @@ m2 :> FALSE)
/\ authGen = (m1 :> 1 @@ m2 :> 0)
/\ anchor = ( m1 :>
      ( [root |-> "r0", dom |-> d1, slot |-> 1, pred |-> "any"] :>
            [cands |-> {"X"}, first |-> "X"] ) @@
  m2 :>
      ( [root |-> "r0", dom |-> d1, slot |-> 1, pred |-> "any"] :>
            [cands |-> {}, first |-> "none"] ) )
/\ anchorGen = (m1 :> 1 @@ m2 :> 0)
/\ lateClaim = (m1 :> FALSE @@ m2 :> FALSE)
/\ calls = (m1 :> ([dom |-> d1, slot |-> 1] :> 0) @@ m2 :> ([dom |-> d1, slot |-> 1] :> 0))
/\ staged = ( m1 :>
      [ gen |-> 0,
        auth |-> FALSE,
        content |->
            ( [root |-> "r0", dom |-> d1, slot |-> 1, pred |-> "any"] :>
                  [cands |-> {}, first |-> "none"] ),
        exec |-> m1,
        key |-> [root |-> "r0", dom |-> d1, slot |-> 1, pred |-> "any"],
        req |->
            [ root |-> "r0",
              dom |-> d1,
              slot |-> 0,
              pred |-> "init",
              value |-> "X",
              start |-> 0 ] ] @@
  m2 :>
      [ gen |-> 0,
        auth |-> FALSE,
        content |->
            ( [root |-> "r0", dom |-> d1, slot |-> 1, pred |-> "any"] :>
                  [cands |-> {}, first |-> "none"] ),
        exec |-> m1,
        key |-> [root |-> "r0", dom |-> d1, slot |-> 1, pred |-> "any"],
        req |->
            [ root |-> "r0",
              dom |-> d1,
              slot |-> 0,
              pred |-> "init",
              value |-> "X",
              start |-> 0 ] ] )
/\ grant = ( m1 :>
      [ root |-> "r0",
        dom |-> d1,
        slot |-> 0,
        pred |-> "init",
        value |-> "X",
        rid |-> "ra",
        expires |-> 0,
        height |-> 0 ] @@
  m2 :>
      [ root |-> "r0",
        dom |-> d1,
        slot |-> 0,
        pred |-> "init",
        value |-> "X",
        rid |-> "ra",
        expires |-> 0,
        height |-> 0 ] )
/\ bytes = (m1 :> FALSE @@ m2 :> FALSE)
/\ head = (m1 :> (d1 :> <<>>) @@ m2 :> (d1 :> <<>>))

State 6: <Record(m2,m1) line 184, col 5 to line 211, col 48 of module QuvEndToEndRefinement>
/\ height = 1
/\ boundary = (m1 :> FALSE @@ m2 :> FALSE)
/\ op = ( m1 :>
      [ root |-> "r0",
        dom |-> d1,
        slot |-> 1,
        pred |-> "init",
        value |-> "X",
        start |-> 0,
        rid |-> "ra",
        replies |->
            ( m1 :> [cands |-> {"X"}, first |-> "X", kind |-> "snapshot"] @@
              m2 :> [cands |-> {}, first |-> "none", kind |-> "none"] ) ] @@
  m2 :>
      [ root |-> "r0",
        dom |-> d1,
        slot |-> 0,
        pred |-> "init",
        value |-> "X",
        start |-> 0,
        rid |-> "ra",
        replies |->
            ( m1 :> [cands |-> {}, first |-> "none", kind |-> "none"] @@
              m2 :> [cands |-> {}, first |-> "none", kind |-> "none"] ) ] )
/\ accepted = (m1 :> {} @@ m2 :> {})
/\ now = 0
/\ inflight = ( m1 :> [dom |-> d1, slot |-> 0, rid |-> "ra", claimed |-> FALSE] @@
  m2 :> [dom |-> d1, slot |-> 0, rid |-> "ra", claimed |-> FALSE] )
/\ claims = (m1 :> {} @@ m2 :> {})
/\ gateLive = (m1 :> FALSE @@ m2 :> FALSE)
/\ register = {}
/\ activeRoot = (m1 :> "r0" @@ m2 :> "r0")
/\ crashed = (m1 :> FALSE @@ m2 :> FALSE)
/\ gate = (m1 :> FALSE @@ m2 :> FALSE)
/\ authGen = (m1 :> 1 @@ m2 :> 1)
/\ anchor = ( m1 :>
      ( [root |-> "r0", dom |-> d1, slot |-> 1, pred |-> "any"] :>
            [cands |-> {"X"}, first |-> "X"] ) @@
  m2 :>
      ( [root |-> "r0", dom |-> d1, slot |-> 1, pred |-> "any"] :>
            [cands |-> {}, first |-> "none"] ) )
/\ anchorGen = (m1 :> 1 @@ m2 :> 0)
/\ lateClaim = (m1 :> FALSE @@ m2 :> FALSE)
/\ calls = (m1 :> ([dom |-> d1, slot |-> 1] :> 0) @@ m2 :> ([dom |-> d1, slot |-> 1] :> 0))
/\ staged = ( m1 :>
      [ gen |-> 0,
        auth |-> FALSE,
        content |->
            ( [root |-> "r0", dom |-> d1, slot |-> 1, pred |-> "any"] :>
                  [cands |-> {}, first |-> "none"] ),
        exec |-> m1,
        key |-> [root |-> "r0", dom |-> d1, slot |-> 1, pred |-> "any"],
        req |->
            [ root |-> "r0",
              dom |-> d1,
              slot |-> 0,
              pred |-> "init",
              value |-> "X",
              start |-> 0 ] ] @@
  m2 :>
      [ gen |-> 1,
        auth |-> TRUE,
        content |->
            ( [root |-> "r0", dom |-> d1, slot |-> 1, pred |-> "any"] :>
                  [cands |-> {"X"}, first |-> "X"] ),
        exec |-> m1,
        key |-> [root |-> "r0", dom |-> d1, slot |-> 1, pred |-> "any"],
        req |->
            [ root |-> "r0",
              dom |-> d1,
              slot |-> 1,
              pred |-> "init",
              value |-> "X",
              start |-> 0 ] ] )
/\ grant = ( m1 :>
      [ root |-> "r0",
        dom |-> d1,
        slot |-> 0,
        pred |-> "init",
        value |-> "X",
        rid |-> "ra",
        expires |-> 0,
        height |-> 0 ] @@
  m2 :>
      [ root |-> "r0",
        dom |-> d1,
        slot |-> 0,
        pred |-> "init",
        value |-> "X",
        rid |-> "ra",
        expires |-> 0,
        height |-> 0 ] )
/\ bytes = (m1 :> FALSE @@ m2 :> FALSE)
/\ head = (m1 :> (d1 :> <<>>) @@ m2 :> (d1 :> <<>>))

State 7: <Commit(m2) line 217, col 5 to line 231, col 47 of module QuvEndToEndRefinement>
/\ height = 1
/\ boundary = (m1 :> FALSE @@ m2 :> FALSE)
/\ op = ( m1 :>
      [ root |-> "r0",
        dom |-> d1,
        slot |-> 1,
        pred |-> "init",
        value |-> "X",
        start |-> 0,
        rid |-> "ra",
        replies |->
            ( m1 :> [cands |-> {"X"}, first |-> "X", kind |-> "snapshot"] @@
              m2 :> [cands |-> {"X"}, first |-> "X", kind |-> "snapshot"] ) ] @@
  m2 :>
      [ root |-> "r0",
        dom |-> d1,
        slot |-> 0,
        pred |-> "init",
        value |-> "X",
        start |-> 0,
        rid |-> "ra",
        replies |->
            ( m1 :> [cands |-> {}, first |-> "none", kind |-> "none"] @@
              m2 :> [cands |-> {}, first |-> "none", kind |-> "none"] ) ] )
/\ accepted = (m1 :> {} @@ m2 :> {})
/\ now = 0
/\ inflight = ( m1 :> [dom |-> d1, slot |-> 0, rid |-> "ra", claimed |-> FALSE] @@
  m2 :> [dom |-> d1, slot |-> 0, rid |-> "ra", claimed |-> FALSE] )
/\ claims = (m1 :> {} @@ m2 :> {})
/\ gateLive = (m1 :> FALSE @@ m2 :> FALSE)
/\ register = {}
/\ activeRoot = (m1 :> "r0" @@ m2 :> "r0")
/\ crashed = (m1 :> FALSE @@ m2 :> FALSE)
/\ gate = (m1 :> FALSE @@ m2 :> FALSE)
/\ authGen = (m1 :> 1 @@ m2 :> 1)
/\ anchor = ( m1 :>
      ( [root |-> "r0", dom |-> d1, slot |-> 1, pred |-> "any"] :>
            [cands |-> {"X"}, first |-> "X"] ) @@
  m2 :>
      ( [root |-> "r0", dom |-> d1, slot |-> 1, pred |-> "any"] :>
            [cands |-> {"X"}, first |-> "X"] ) )
/\ anchorGen = (m1 :> 1 @@ m2 :> 1)
/\ lateClaim = (m1 :> FALSE @@ m2 :> FALSE)
/\ calls = (m1 :> ([dom |-> d1, slot |-> 1] :> 0) @@ m2 :> ([dom |-> d1, slot |-> 1] :> 0))
/\ staged = ( m1 :>
      [ gen |-> 0,
        auth |-> FALSE,
        content |->
            ( [root |-> "r0", dom |-> d1, slot |-> 1, pred |-> "any"] :>
                  [cands |-> {}, first |-> "none"] ),
        exec |-> m1,
        key |-> [root |-> "r0", dom |-> d1, slot |-> 1, pred |-> "any"],
        req |->
            [ root |-> "r0",
              dom |-> d1,
              slot |-> 0,
              pred |-> "init",
              value |-> "X",
              start |-> 0 ] ] @@
  m2 :>
      [ gen |-> 0,
        auth |-> FALSE,
        content |->
            ( [root |-> "r0", dom |-> d1, slot |-> 1, pred |-> "any"] :>
                  [cands |-> {}, first |-> "none"] ),
        exec |-> m1,
        key |-> [root |-> "r0", dom |-> d1, slot |-> 1, pred |-> "any"],
        req |->
            [ root |-> "r0",
              dom |-> d1,
              slot |-> 0,
              pred |-> "init",
              value |-> "X",
              start |-> 0 ] ] )
/\ grant = ( m1 :>
      [ root |-> "r0",
        dom |-> d1,
        slot |-> 0,
        pred |-> "init",
        value |-> "X",
        rid |-> "ra",
        expires |-> 0,
        height |-> 0 ] @@
  m2 :>
      [ root |-> "r0",
        dom |-> d1,
        slot |-> 0,
        pred |-> "init",
        value |-> "X",
        rid |-> "ra",
        expires |-> 0,
        height |-> 0 ] )
/\ bytes = (m1 :> FALSE @@ m2 :> FALSE)
/\ head = (m1 :> (d1 :> <<>>) @@ m2 :> (d1 :> <<>>))

State 8: <Next line 438, col 16 to line 439, col 54 of module QuvEndToEndRefinement>
/\ height = 1
/\ boundary = (m1 :> FALSE @@ m2 :> FALSE)
/\ op = ( m1 :>
      [ root |-> "r0",
        dom |-> d1,
        slot |-> 1,
        pred |-> "init",
        value |-> "X",
        start |-> 0,
        rid |-> "ra",
        replies |->
            ( m1 :> [cands |-> {"X"}, first |-> "X", kind |-> "snapshot"] @@
              m2 :> [cands |-> {"X"}, first |-> "X", kind |-> "snapshot"] ) ] @@
  m2 :>
      [ root |-> "r0",
        dom |-> d1,
        slot |-> 1,
        pred |-> "init",
        value |-> "X",
        start |-> 0,
        rid |-> "rb",
        replies |->
            ( m1 :> [cands |-> {}, first |-> "none", kind |-> "none"] @@
              m2 :> [cands |-> {}, first |-> "none", kind |-> "none"] ) ] )
/\ accepted = (m1 :> {} @@ m2 :> {})
/\ now = 0
/\ inflight = ( m1 :> [dom |-> d1, slot |-> 0, rid |-> "ra", claimed |-> FALSE] @@
  m2 :> [dom |-> d1, slot |-> 0, rid |-> "ra", claimed |-> FALSE] )
/\ claims = (m1 :> {} @@ m2 :> {})
/\ gateLive = (m1 :> FALSE @@ m2 :> FALSE)
/\ register = {}
/\ activeRoot = (m1 :> "r0" @@ m2 :> "r0")
/\ crashed = (m1 :> FALSE @@ m2 :> FALSE)
/\ gate = (m1 :> FALSE @@ m2 :> FALSE)
/\ authGen = (m1 :> 1 @@ m2 :> 1)
/\ anchor = ( m1 :>
      ( [root |-> "r0", dom |-> d1, slot |-> 1, pred |-> "any"] :>
            [cands |-> {"X"}, first |-> "X"] ) @@
  m2 :>
      ( [root |-> "r0", dom |-> d1, slot |-> 1, pred |-> "any"] :>
            [cands |-> {"X"}, first |-> "X"] ) )
/\ anchorGen = (m1 :> 1 @@ m2 :> 1)
/\ lateClaim = (m1 :> FALSE @@ m2 :> FALSE)
/\ calls = (m1 :> ([dom |-> d1, slot |-> 1] :> 0) @@ m2 :> ([dom |-> d1, slot |-> 1] :> 0))
/\ staged = ( m1 :>
      [ gen |-> 0,
        auth |-> FALSE,
        content |->
            ( [root |-> "r0", dom |-> d1, slot |-> 1, pred |-> "any"] :>
                  [cands |-> {}, first |-> "none"] ),
        exec |-> m1,
        key |-> [root |-> "r0", dom |-> d1, slot |-> 1, pred |-> "any"],
        req |->
            [ root |-> "r0",
              dom |-> d1,
              slot |-> 0,
              pred |-> "init",
              value |-> "X",
              start |-> 0 ] ] @@
  m2 :>
      [ gen |-> 0,
        auth |-> FALSE,
        content |->
            ( [root |-> "r0", dom |-> d1, slot |-> 1, pred |-> "any"] :>
                  [cands |-> {}, first |-> "none"] ),
        exec |-> m1,
        key |-> [root |-> "r0", dom |-> d1, slot |-> 1, pred |-> "any"],
        req |->
            [ root |-> "r0",
              dom |-> d1,
              slot |-> 0,
              pred |-> "init",
              value |-> "X",
              start |-> 0 ] ] )
/\ grant = ( m1 :>
      [ root |-> "r0",
        dom |-> d1,
        slot |-> 0,
        pred |-> "init",
        value |-> "X",
        rid |-> "ra",
        expires |-> 0,
        height |-> 0 ] @@
  m2 :>
      [ root |-> "r0",
        dom |-> d1,
        slot |-> 0,
        pred |-> "init",
        value |-> "X",
        rid |-> "ra",
        expires |-> 0,
        height |-> 0 ] )
/\ bytes = (m1 :> FALSE @@ m2 :> FALSE)
/\ head = (m1 :> (d1 :> <<>>) @@ m2 :> (d1 :> <<>>))

State 9: <Tick line 139, col 5 to line 143, col 49 of module QuvEndToEndRefinement>
/\ height = 1
/\ boundary = (m1 :> FALSE @@ m2 :> FALSE)
/\ op = ( m1 :>
      [ root |-> "r0",
        dom |-> d1,
        slot |-> 1,
        pred |-> "init",
        value |-> "X",
        start |-> 0,
        rid |-> "ra",
        replies |->
            ( m1 :> [cands |-> {"X"}, first |-> "X", kind |-> "snapshot"] @@
              m2 :> [cands |-> {"X"}, first |-> "X", kind |-> "snapshot"] ) ] @@
  m2 :>
      [ root |-> "r0",
        dom |-> d1,
        slot |-> 1,
        pred |-> "init",
        value |-> "X",
        start |-> 0,
        rid |-> "rb",
        replies |->
            ( m1 :> [cands |-> {}, first |-> "none", kind |-> "none"] @@
              m2 :> [cands |-> {}, first |-> "none", kind |-> "none"] ) ] )
/\ accepted = (m1 :> {} @@ m2 :> {})
/\ now = 1
/\ inflight = ( m1 :> [dom |-> d1, slot |-> 0, rid |-> "ra", claimed |-> FALSE] @@
  m2 :> [dom |-> d1, slot |-> 0, rid |-> "ra", claimed |-> FALSE] )
/\ claims = (m1 :> {} @@ m2 :> {})
/\ gateLive = (m1 :> FALSE @@ m2 :> FALSE)
/\ register = {}
/\ activeRoot = (m1 :> "r0" @@ m2 :> "r0")
/\ crashed = (m1 :> FALSE @@ m2 :> FALSE)
/\ gate = (m1 :> FALSE @@ m2 :> FALSE)
/\ authGen = (m1 :> 1 @@ m2 :> 1)
/\ anchor = ( m1 :>
      ( [root |-> "r0", dom |-> d1, slot |-> 1, pred |-> "any"] :>
            [cands |-> {"X"}, first |-> "X"] ) @@
  m2 :>
      ( [root |-> "r0", dom |-> d1, slot |-> 1, pred |-> "any"] :>
            [cands |-> {"X"}, first |-> "X"] ) )
/\ anchorGen = (m1 :> 1 @@ m2 :> 1)
/\ lateClaim = (m1 :> FALSE @@ m2 :> FALSE)
/\ calls = (m1 :> ([dom |-> d1, slot |-> 1] :> 0) @@ m2 :> ([dom |-> d1, slot |-> 1] :> 0))
/\ staged = ( m1 :>
      [ gen |-> 0,
        auth |-> FALSE,
        content |->
            ( [root |-> "r0", dom |-> d1, slot |-> 1, pred |-> "any"] :>
                  [cands |-> {}, first |-> "none"] ),
        exec |-> m1,
        key |-> [root |-> "r0", dom |-> d1, slot |-> 1, pred |-> "any"],
        req |->
            [ root |-> "r0",
              dom |-> d1,
              slot |-> 0,
              pred |-> "init",
              value |-> "X",
              start |-> 0 ] ] @@
  m2 :>
      [ gen |-> 0,
        auth |-> FALSE,
        content |->
            ( [root |-> "r0", dom |-> d1, slot |-> 1, pred |-> "any"] :>
                  [cands |-> {}, first |-> "none"] ),
        exec |-> m1,
        key |-> [root |-> "r0", dom |-> d1, slot |-> 1, pred |-> "any"],
        req |->
            [ root |-> "r0",
              dom |-> d1,
              slot |-> 0,
              pred |-> "init",
              value |-> "X",
              start |-> 0 ] ] )
/\ grant = ( m1 :>
      [ root |-> "r0",
        dom |-> d1,
        slot |-> 0,
        pred |-> "init",
        value |-> "X",
        rid |-> "ra",
        expires |-> 0,
        height |-> 0 ] @@
  m2 :>
      [ root |-> "r0",
        dom |-> d1,
        slot |-> 0,
        pred |-> "init",
        value |-> "X",
        rid |-> "ra",
        expires |-> 0,
        height |-> 0 ] )
/\ bytes = (m1 :> FALSE @@ m2 :> FALSE)
/\ head = (m1 :> (d1 :> <<>>) @@ m2 :> (d1 :> <<>>))

State 10: <Record(m1,m2) line 184, col 5 to line 211, col 48 of module QuvEndToEndRefinement>
/\ height = 1
/\ boundary = (m1 :> FALSE @@ m2 :> FALSE)
/\ op = ( m1 :>
      [ root |-> "r0",
        dom |-> d1,
        slot |-> 1,
        pred |-> "init",
        value |-> "X",
        start |-> 0,
        rid |-> "ra",
        replies |->
            ( m1 :> [cands |-> {"X"}, first |-> "X", kind |-> "snapshot"] @@
              m2 :> [cands |-> {"X"}, first |-> "X", kind |-> "snapshot"] ) ] @@
  m2 :>
      [ root |-> "r0",
        dom |-> d1,
        slot |-> 1,
        pred |-> "init",
        value |-> "X",
        start |-> 0,
        rid |-> "rb",
        replies |->
            ( m1 :> [cands |-> {}, first |-> "none", kind |-> "none"] @@
              m2 :> [cands |-> {}, first |-> "none", kind |-> "none"] ) ] )
/\ accepted = (m1 :> {} @@ m2 :> {})
/\ now = 1
/\ inflight = ( m1 :> [dom |-> d1, slot |-> 0, rid |-> "ra", claimed |-> FALSE] @@
  m2 :> [dom |-> d1, slot |-> 0, rid |-> "ra", claimed |-> FALSE] )
/\ claims = (m1 :> {} @@ m2 :> {})
/\ gateLive = (m1 :> FALSE @@ m2 :> FALSE)
/\ register = {}
/\ activeRoot = (m1 :> "r0" @@ m2 :> "r0")
/\ crashed = (m1 :> FALSE @@ m2 :> FALSE)
/\ gate = (m1 :> FALSE @@ m2 :> FALSE)
/\ authGen = (m1 :> 2 @@ m2 :> 1)
/\ anchor = ( m1 :>
      ( [root |-> "r0", dom |-> d1, slot |-> 1, pred |-> "any"] :>
            [cands |-> {"X"}, first |-> "X"] ) @@
  m2 :>
      ( [root |-> "r0", dom |-> d1, slot |-> 1, pred |-> "any"] :>
            [cands |-> {"X"}, first |-> "X"] ) )
/\ anchorGen = (m1 :> 1 @@ m2 :> 1)
/\ lateClaim = (m1 :> FALSE @@ m2 :> FALSE)
/\ calls = (m1 :> ([dom |-> d1, slot |-> 1] :> 0) @@ m2 :> ([dom |-> d1, slot |-> 1] :> 0))
/\ staged = ( m1 :>
      [ gen |-> 2,
        auth |-> TRUE,
        content |->
            ( [root |-> "r0", dom |-> d1, slot |-> 1, pred |-> "any"] :>
                  [cands |-> {"X"}, first |-> "X"] ),
        exec |-> m2,
        key |-> [root |-> "r0", dom |-> d1, slot |-> 1, pred |-> "any"],
        req |->
            [ root |-> "r0",
              dom |-> d1,
              slot |-> 1,
              pred |-> "init",
              value |-> "X",
              start |-> 0 ] ] @@
  m2 :>
      [ gen |-> 0,
        auth |-> FALSE,
        content |->
            ( [root |-> "r0", dom |-> d1, slot |-> 1, pred |-> "any"] :>
                  [cands |-> {}, first |-> "none"] ),
        exec |-> m1,
        key |-> [root |-> "r0", dom |-> d1, slot |-> 1, pred |-> "any"],
        req |->
            [ root |-> "r0",
              dom |-> d1,
              slot |-> 0,
              pred |-> "init",
              value |-> "X",
              start |-> 0 ] ] )
/\ grant = ( m1 :>
      [ root |-> "r0",
        dom |-> d1,
        slot |-> 0,
        pred |-> "init",
        value |-> "X",
        rid |-> "ra",
        expires |-> 0,
        height |-> 0 ] @@
  m2 :>
      [ root |-> "r0",
        dom |-> d1,
        slot |-> 0,
        pred |-> "init",
        value |-> "X",
        rid |-> "ra",
        expires |-> 0,
        height |-> 0 ] )
/\ bytes = (m1 :> FALSE @@ m2 :> FALSE)
/\ head = (m1 :> (d1 :> <<>>) @@ m2 :> (d1 :> <<>>))

State 11: <Commit(m1) line 217, col 5 to line 231, col 47 of module QuvEndToEndRefinement>
/\ height = 1
/\ boundary = (m1 :> FALSE @@ m2 :> FALSE)
/\ op = ( m1 :>
      [ root |-> "r0",
        dom |-> d1,
        slot |-> 1,
        pred |-> "init",
        value |-> "X",
        start |-> 0,
        rid |-> "ra",
        replies |->
            ( m1 :> [cands |-> {"X"}, first |-> "X", kind |-> "snapshot"] @@
              m2 :> [cands |-> {"X"}, first |-> "X", kind |-> "snapshot"] ) ] @@
  m2 :>
      [ root |-> "r0",
        dom |-> d1,
        slot |-> 1,
        pred |-> "init",
        value |-> "X",
        start |-> 0,
        rid |-> "rb",
        replies |->
            ( m1 :> [cands |-> {"X"}, first |-> "X", kind |-> "snapshot"] @@
              m2 :> [cands |-> {}, first |-> "none", kind |-> "none"] ) ] )
/\ accepted = (m1 :> {} @@ m2 :> {})
/\ now = 1
/\ inflight = ( m1 :> [dom |-> d1, slot |-> 0, rid |-> "ra", claimed |-> FALSE] @@
  m2 :> [dom |-> d1, slot |-> 0, rid |-> "ra", claimed |-> FALSE] )
/\ claims = (m1 :> {} @@ m2 :> {})
/\ gateLive = (m1 :> FALSE @@ m2 :> FALSE)
/\ register = {}
/\ activeRoot = (m1 :> "r0" @@ m2 :> "r0")
/\ crashed = (m1 :> FALSE @@ m2 :> FALSE)
/\ gate = (m1 :> FALSE @@ m2 :> FALSE)
/\ authGen = (m1 :> 2 @@ m2 :> 1)
/\ anchor = ( m1 :>
      ( [root |-> "r0", dom |-> d1, slot |-> 1, pred |-> "any"] :>
            [cands |-> {"X"}, first |-> "X"] ) @@
  m2 :>
      ( [root |-> "r0", dom |-> d1, slot |-> 1, pred |-> "any"] :>
            [cands |-> {"X"}, first |-> "X"] ) )
/\ anchorGen = (m1 :> 2 @@ m2 :> 1)
/\ lateClaim = (m1 :> FALSE @@ m2 :> FALSE)
/\ calls = (m1 :> ([dom |-> d1, slot |-> 1] :> 0) @@ m2 :> ([dom |-> d1, slot |-> 1] :> 0))
/\ staged = ( m1 :>
      [ gen |-> 0,
        auth |-> FALSE,
        content |->
            ( [root |-> "r0", dom |-> d1, slot |-> 1, pred |-> "any"] :>
                  [cands |-> {}, first |-> "none"] ),
        exec |-> m1,
        key |-> [root |-> "r0", dom |-> d1, slot |-> 1, pred |-> "any"],
        req |->
            [ root |-> "r0",
              dom |-> d1,
              slot |-> 0,
              pred |-> "init",
              value |-> "X",
              start |-> 0 ] ] @@
  m2 :>
      [ gen |-> 0,
        auth |-> FALSE,
        content |->
            ( [root |-> "r0", dom |-> d1, slot |-> 1, pred |-> "any"] :>
                  [cands |-> {}, first |-> "none"] ),
        exec |-> m1,
        key |-> [root |-> "r0", dom |-> d1, slot |-> 1, pred |-> "any"],
        req |->
            [ root |-> "r0",
              dom |-> d1,
              slot |-> 0,
              pred |-> "init",
              value |-> "X",
              start |-> 0 ] ] )
/\ grant = ( m1 :>
      [ root |-> "r0",
        dom |-> d1,
        slot |-> 0,
        pred |-> "init",
        value |-> "X",
        rid |-> "ra",
        expires |-> 0,
        height |-> 0 ] @@
  m2 :>
      [ root |-> "r0",
        dom |-> d1,
        slot |-> 0,
        pred |-> "init",
        value |-> "X",
        rid |-> "ra",
        expires |-> 0,
        height |-> 0 ] )
/\ bytes = (m1 :> FALSE @@ m2 :> FALSE)
/\ head = (m1 :> (d1 :> <<>>) @@ m2 :> (d1 :> <<>>))

State 12: <Record(m2,m2) line 184, col 5 to line 211, col 48 of module QuvEndToEndRefinement>
/\ height = 1
/\ boundary = (m1 :> FALSE @@ m2 :> FALSE)
/\ op = ( m1 :>
      [ root |-> "r0",
        dom |-> d1,
        slot |-> 1,
        pred |-> "init",
        value |-> "X",
        start |-> 0,
        rid |-> "ra",
        replies |->
            ( m1 :> [cands |-> {"X"}, first |-> "X", kind |-> "snapshot"] @@
              m2 :> [cands |-> {"X"}, first |-> "X", kind |-> "snapshot"] ) ] @@
  m2 :>
      [ root |-> "r0",
        dom |-> d1,
        slot |-> 1,
        pred |-> "init",
        value |-> "X",
        start |-> 0,
        rid |-> "rb",
        replies |->
            ( m1 :> [cands |-> {"X"}, first |-> "X", kind |-> "snapshot"] @@
              m2 :> [cands |-> {}, first |-> "none", kind |-> "none"] ) ] )
/\ accepted = (m1 :> {} @@ m2 :> {})
/\ now = 1
/\ inflight = ( m1 :> [dom |-> d1, slot |-> 0, rid |-> "ra", claimed |-> FALSE] @@
  m2 :> [dom |-> d1, slot |-> 0, rid |-> "ra", claimed |-> FALSE] )
/\ claims = (m1 :> {} @@ m2 :> {})
/\ gateLive = (m1 :> FALSE @@ m2 :> FALSE)
/\ register = {}
/\ activeRoot = (m1 :> "r0" @@ m2 :> "r0")
/\ crashed = (m1 :> FALSE @@ m2 :> FALSE)
/\ gate = (m1 :> FALSE @@ m2 :> FALSE)
/\ authGen = (m1 :> 2 @@ m2 :> 2)
/\ anchor = ( m1 :>
      ( [root |-> "r0", dom |-> d1, slot |-> 1, pred |-> "any"] :>
            [cands |-> {"X"}, first |-> "X"] ) @@
  m2 :>
      ( [root |-> "r0", dom |-> d1, slot |-> 1, pred |-> "any"] :>
            [cands |-> {"X"}, first |-> "X"] ) )
/\ anchorGen = (m1 :> 2 @@ m2 :> 1)
/\ lateClaim = (m1 :> FALSE @@ m2 :> FALSE)
/\ calls = (m1 :> ([dom |-> d1, slot |-> 1] :> 0) @@ m2 :> ([dom |-> d1, slot |-> 1] :> 0))
/\ staged = ( m1 :>
      [ gen |-> 0,
        auth |-> FALSE,
        content |->
            ( [root |-> "r0", dom |-> d1, slot |-> 1, pred |-> "any"] :>
                  [cands |-> {}, first |-> "none"] ),
        exec |-> m1,
        key |-> [root |-> "r0", dom |-> d1, slot |-> 1, pred |-> "any"],
        req |->
            [ root |-> "r0",
              dom |-> d1,
              slot |-> 0,
              pred |-> "init",
              value |-> "X",
              start |-> 0 ] ] @@
  m2 :>
      [ gen |-> 2,
        auth |-> TRUE,
        content |->
            ( [root |-> "r0", dom |-> d1, slot |-> 1, pred |-> "any"] :>
                  [cands |-> {"X"}, first |-> "X"] ),
        exec |-> m2,
        key |-> [root |-> "r0", dom |-> d1, slot |-> 1, pred |-> "any"],
        req |->
            [ root |-> "r0",
              dom |-> d1,
              slot |-> 1,
              pred |-> "init",
              value |-> "X",
              start |-> 0 ] ] )
/\ grant = ( m1 :>
      [ root |-> "r0",
        dom |-> d1,
        slot |-> 0,
        pred |-> "init",
        value |-> "X",
        rid |-> "ra",
        expires |-> 0,
        height |-> 0 ] @@
  m2 :>
      [ root |-> "r0",
        dom |-> d1,
        slot |-> 0,
        pred |-> "init",
        value |-> "X",
        rid |-> "ra",
        expires |-> 0,
        height |-> 0 ] )
/\ bytes = (m1 :> FALSE @@ m2 :> FALSE)
/\ head = (m1 :> (d1 :> <<>>) @@ m2 :> (d1 :> <<>>))

State 13: <Commit(m2) line 217, col 5 to line 231, col 47 of module QuvEndToEndRefinement>
/\ height = 1
/\ boundary = (m1 :> FALSE @@ m2 :> FALSE)
/\ op = ( m1 :>
      [ root |-> "r0",
        dom |-> d1,
        slot |-> 1,
        pred |-> "init",
        value |-> "X",
        start |-> 0,
        rid |-> "ra",
        replies |->
            ( m1 :> [cands |-> {"X"}, first |-> "X", kind |-> "snapshot"] @@
              m2 :> [cands |-> {"X"}, first |-> "X", kind |-> "snapshot"] ) ] @@
  m2 :>
      [ root |-> "r0",
        dom |-> d1,
        slot |-> 1,
        pred |-> "init",
        value |-> "X",
        start |-> 0,
        rid |-> "rb",
        replies |->
            ( m1 :> [cands |-> {"X"}, first |-> "X", kind |-> "snapshot"] @@
              m2 :> [cands |-> {"X"}, first |-> "X", kind |-> "snapshot"] ) ] )
/\ accepted = (m1 :> {} @@ m2 :> {})
/\ now = 1
/\ inflight = ( m1 :> [dom |-> d1, slot |-> 0, rid |-> "ra", claimed |-> FALSE] @@
  m2 :> [dom |-> d1, slot |-> 0, rid |-> "ra", claimed |-> FALSE] )
/\ claims = (m1 :> {} @@ m2 :> {})
/\ gateLive = (m1 :> FALSE @@ m2 :> FALSE)
/\ register = {}
/\ activeRoot = (m1 :> "r0" @@ m2 :> "r0")
/\ crashed = (m1 :> FALSE @@ m2 :> FALSE)
/\ gate = (m1 :> FALSE @@ m2 :> FALSE)
/\ authGen = (m1 :> 2 @@ m2 :> 2)
/\ anchor = ( m1 :>
      ( [root |-> "r0", dom |-> d1, slot |-> 1, pred |-> "any"] :>
            [cands |-> {"X"}, first |-> "X"] ) @@
  m2 :>
      ( [root |-> "r0", dom |-> d1, slot |-> 1, pred |-> "any"] :>
            [cands |-> {"X"}, first |-> "X"] ) )
/\ anchorGen = (m1 :> 2 @@ m2 :> 2)
/\ lateClaim = (m1 :> FALSE @@ m2 :> FALSE)
/\ calls = (m1 :> ([dom |-> d1, slot |-> 1] :> 0) @@ m2 :> ([dom |-> d1, slot |-> 1] :> 0))
/\ staged = ( m1 :>
      [ gen |-> 0,
        auth |-> FALSE,
        content |->
            ( [root |-> "r0", dom |-> d1, slot |-> 1, pred |-> "any"] :>
                  [cands |-> {}, first |-> "none"] ),
        exec |-> m1,
        key |-> [root |-> "r0", dom |-> d1, slot |-> 1, pred |-> "any"],
        req |->
            [ root |-> "r0",
              dom |-> d1,
              slot |-> 0,
              pred |-> "init",
              value |-> "X",
              start |-> 0 ] ] @@
  m2 :>
      [ gen |-> 0,
        auth |-> FALSE,
        content |->
            ( [root |-> "r0", dom |-> d1, slot |-> 1, pred |-> "any"] :>
                  [cands |-> {}, first |-> "none"] ),
        exec |-> m1,
        key |-> [root |-> "r0", dom |-> d1, slot |-> 1, pred |-> "any"],
        req |->
            [ root |-> "r0",
              dom |-> d1,
              slot |-> 0,
              pred |-> "init",
              value |-> "X",
              start |-> 0 ] ] )
/\ grant = ( m1 :>
      [ root |-> "r0",
        dom |-> d1,
        slot |-> 0,
        pred |-> "init",
        value |-> "X",
        rid |-> "ra",
        expires |-> 0,
        height |-> 0 ] @@
  m2 :>
      [ root |-> "r0",
        dom |-> d1,
        slot |-> 0,
        pred |-> "init",
        value |-> "X",
        rid |-> "ra",
        expires |-> 0,
        height |-> 0 ] )
/\ bytes = (m1 :> FALSE @@ m2 :> FALSE)
/\ head = (m1 :> (d1 :> <<>>) @@ m2 :> (d1 :> <<>>))

State 14: <Tick line 139, col 5 to line 143, col 49 of module QuvEndToEndRefinement>
/\ height = 1
/\ boundary = (m1 :> FALSE @@ m2 :> FALSE)
/\ op = ( m1 :>
      [ root |-> "r0",
        dom |-> d1,
        slot |-> 1,
        pred |-> "init",
        value |-> "X",
        start |-> 0,
        rid |-> "ra",
        replies |->
            ( m1 :> [cands |-> {"X"}, first |-> "X", kind |-> "snapshot"] @@
              m2 :> [cands |-> {"X"}, first |-> "X", kind |-> "snapshot"] ) ] @@
  m2 :>
      [ root |-> "r0",
        dom |-> d1,
        slot |-> 1,
        pred |-> "init",
        value |-> "X",
        start |-> 0,
        rid |-> "rb",
        replies |->
            ( m1 :> [cands |-> {"X"}, first |-> "X", kind |-> "snapshot"] @@
              m2 :> [cands |-> {"X"}, first |-> "X", kind |-> "snapshot"] ) ] )
/\ accepted = (m1 :> {} @@ m2 :> {})
/\ now = 2
/\ inflight = ( m1 :> [dom |-> d1, slot |-> 0, rid |-> "ra", claimed |-> FALSE] @@
  m2 :> [dom |-> d1, slot |-> 0, rid |-> "ra", claimed |-> FALSE] )
/\ claims = (m1 :> {} @@ m2 :> {})
/\ gateLive = (m1 :> FALSE @@ m2 :> FALSE)
/\ register = {}
/\ activeRoot = (m1 :> "r0" @@ m2 :> "r0")
/\ crashed = (m1 :> FALSE @@ m2 :> FALSE)
/\ gate = (m1 :> FALSE @@ m2 :> FALSE)
/\ authGen = (m1 :> 2 @@ m2 :> 2)
/\ anchor = ( m1 :>
      ( [root |-> "r0", dom |-> d1, slot |-> 1, pred |-> "any"] :>
            [cands |-> {"X"}, first |-> "X"] ) @@
  m2 :>
      ( [root |-> "r0", dom |-> d1, slot |-> 1, pred |-> "any"] :>
            [cands |-> {"X"}, first |-> "X"] ) )
/\ anchorGen = (m1 :> 2 @@ m2 :> 2)
/\ lateClaim = (m1 :> FALSE @@ m2 :> FALSE)
/\ calls = (m1 :> ([dom |-> d1, slot |-> 1] :> 0) @@ m2 :> ([dom |-> d1, slot |-> 1] :> 0))
/\ staged = ( m1 :>
      [ gen |-> 0,
        auth |-> FALSE,
        content |->
            ( [root |-> "r0", dom |-> d1, slot |-> 1, pred |-> "any"] :>
                  [cands |-> {}, first |-> "none"] ),
        exec |-> m1,
        key |-> [root |-> "r0", dom |-> d1, slot |-> 1, pred |-> "any"],
        req |->
            [ root |-> "r0",
              dom |-> d1,
              slot |-> 0,
              pred |-> "init",
              value |-> "X",
              start |-> 0 ] ] @@
  m2 :>
      [ gen |-> 0,
        auth |-> FALSE,
        content |->
            ( [root |-> "r0", dom |-> d1, slot |-> 1, pred |-> "any"] :>
                  [cands |-> {}, first |-> "none"] ),
        exec |-> m1,
        key |-> [root |-> "r0", dom |-> d1, slot |-> 1, pred |-> "any"],
        req |->
            [ root |-> "r0",
              dom |-> d1,
              slot |-> 0,
              pred |-> "init",
              value |-> "X",
              start |-> 0 ] ] )
/\ grant = ( m1 :>
      [ root |-> "r0",
        dom |-> d1,
        slot |-> 0,
        pred |-> "init",
        value |-> "X",
        rid |-> "ra",
        expires |-> 0,
        height |-> 0 ] @@
  m2 :>
      [ root |-> "r0",
        dom |-> d1,
        slot |-> 0,
        pred |-> "init",
        value |-> "X",
        rid |-> "ra",
        expires |-> 0,
        height |-> 0 ] )
/\ bytes = (m1 :> FALSE @@ m2 :> FALSE)
/\ head = (m1 :> (d1 :> <<>>) @@ m2 :> (d1 :> <<>>))

State 15: <Decide(m2) line 286, col 5 to line 305, col 88 of module QuvEndToEndRefinement>
/\ height = 1
/\ boundary = (m1 :> FALSE @@ m2 :> FALSE)
/\ op = ( m1 :>
      [ root |-> "r0",
        dom |-> d1,
        slot |-> 1,
        pred |-> "init",
        value |-> "X",
        start |-> 0,
        rid |-> "ra",
        replies |->
            ( m1 :> [cands |-> {"X"}, first |-> "X", kind |-> "snapshot"] @@
              m2 :> [cands |-> {"X"}, first |-> "X", kind |-> "snapshot"] ) ] @@
  m2 :>
      [ root |-> "r0",
        dom |-> d1,
        slot |-> 0,
        pred |-> "init",
        value |-> "X",
        start |-> 0,
        rid |-> "ra",
        replies |->
            ( m1 :> [cands |-> {}, first |-> "none", kind |-> "none"] @@
              m2 :> [cands |-> {}, first |-> "none", kind |-> "none"] ) ] )
/\ accepted = ( m1 :> {} @@
  m2 :>
      { [ root |-> "r0",
          dom |-> d1,
          slot |-> 1,
          pred |-> "init",
          value |-> "X" ] } )
/\ now = 2
/\ inflight = ( m1 :> [dom |-> d1, slot |-> 0, rid |-> "ra", claimed |-> FALSE] @@
  m2 :> [dom |-> d1, slot |-> 0, rid |-> "ra", claimed |-> FALSE] )
/\ claims = (m1 :> {} @@ m2 :> {})
/\ gateLive = (m1 :> FALSE @@ m2 :> FALSE)
/\ register = {}
/\ activeRoot = (m1 :> "r0" @@ m2 :> "r0")
/\ crashed = (m1 :> FALSE @@ m2 :> FALSE)
/\ gate = (m1 :> FALSE @@ m2 :> FALSE)
/\ authGen = (m1 :> 2 @@ m2 :> 2)
/\ anchor = ( m1 :>
      ( [root |-> "r0", dom |-> d1, slot |-> 1, pred |-> "any"] :>
            [cands |-> {"X"}, first |-> "X"] ) @@
  m2 :>
      ( [root |-> "r0", dom |-> d1, slot |-> 1, pred |-> "any"] :>
            [cands |-> {"X"}, first |-> "X"] ) )
/\ anchorGen = (m1 :> 2 @@ m2 :> 2)
/\ lateClaim = (m1 :> FALSE @@ m2 :> FALSE)
/\ calls = (m1 :> ([dom |-> d1, slot |-> 1] :> 0) @@ m2 :> ([dom |-> d1, slot |-> 1] :> 0))
/\ staged = ( m1 :>
      [ gen |-> 0,
        auth |-> FALSE,
        content |->
            ( [root |-> "r0", dom |-> d1, slot |-> 1, pred |-> "any"] :>
                  [cands |-> {}, first |-> "none"] ),
        exec |-> m1,
        key |-> [root |-> "r0", dom |-> d1, slot |-> 1, pred |-> "any"],
        req |->
            [ root |-> "r0",
              dom |-> d1,
              slot |-> 0,
              pred |-> "init",
              value |-> "X",
              start |-> 0 ] ] @@
  m2 :>
      [ gen |-> 0,
        auth |-> FALSE,
        content |->
            ( [root |-> "r0", dom |-> d1, slot |-> 1, pred |-> "any"] :>
                  [cands |-> {}, first |-> "none"] ),
        exec |-> m1,
        key |-> [root |-> "r0", dom |-> d1, slot |-> 1, pred |-> "any"],
        req |->
            [ root |-> "r0",
              dom |-> d1,
              slot |-> 0,
              pred |-> "init",
              value |-> "X",
              start |-> 0 ] ] )
/\ grant = ( m1 :>
      [ root |-> "r0",
        dom |-> d1,
        slot |-> 0,
        pred |-> "init",
        value |-> "X",
        rid |-> "ra",
        expires |-> 0,
        height |-> 0 ] @@
  m2 :>
      [ root |-> "r0",
        dom |-> d1,
        slot |-> 1,
        pred |-> "init",
        value |-> "X",
        rid |-> "rb",
        expires |-> 3,
        height |-> 1 ] )
/\ bytes = (m1 :> FALSE @@ m2 :> FALSE)
/\ head = (m1 :> (d1 :> <<>>) @@ m2 :> (d1 :> <<>>))

State 16: <Decide(m1) line 286, col 5 to line 305, col 88 of module QuvEndToEndRefinement>
/\ height = 1
/\ boundary = (m1 :> FALSE @@ m2 :> FALSE)
/\ op = ( m1 :>
      [ root |-> "r0",
        dom |-> d1,
        slot |-> 0,
        pred |-> "init",
        value |-> "X",
        start |-> 0,
        rid |-> "ra",
        replies |->
            ( m1 :> [cands |-> {}, first |-> "none", kind |-> "none"] @@
              m2 :> [cands |-> {}, first |-> "none", kind |-> "none"] ) ] @@
  m2 :>
      [ root |-> "r0",
        dom |-> d1,
        slot |-> 0,
        pred |-> "init",
        value |-> "X",
        start |-> 0,
        rid |-> "ra",
        replies |->
            ( m1 :> [cands |-> {}, first |-> "none", kind |-> "none"] @@
              m2 :> [cands |-> {}, first |-> "none", kind |-> "none"] ) ] )
/\ accepted = ( m1 :>
      { [ root |-> "r0",
          dom |-> d1,
          slot |-> 1,
          pred |-> "init",
          value |-> "X" ] } @@
  m2 :>
      { [ root |-> "r0",
          dom |-> d1,
          slot |-> 1,
          pred |-> "init",
          value |-> "X" ] } )
/\ now = 2
/\ inflight = ( m1 :> [dom |-> d1, slot |-> 0, rid |-> "ra", claimed |-> FALSE] @@
  m2 :> [dom |-> d1, slot |-> 0, rid |-> "ra", claimed |-> FALSE] )
/\ claims = (m1 :> {} @@ m2 :> {})
/\ gateLive = (m1 :> FALSE @@ m2 :> FALSE)
/\ register = {}
/\ activeRoot = (m1 :> "r0" @@ m2 :> "r0")
/\ crashed = (m1 :> FALSE @@ m2 :> FALSE)
/\ gate = (m1 :> FALSE @@ m2 :> FALSE)
/\ authGen = (m1 :> 2 @@ m2 :> 2)
/\ anchor = ( m1 :>
      ( [root |-> "r0", dom |-> d1, slot |-> 1, pred |-> "any"] :>
            [cands |-> {"X"}, first |-> "X"] ) @@
  m2 :>
      ( [root |-> "r0", dom |-> d1, slot |-> 1, pred |-> "any"] :>
            [cands |-> {"X"}, first |-> "X"] ) )
/\ anchorGen = (m1 :> 2 @@ m2 :> 2)
/\ lateClaim = (m1 :> FALSE @@ m2 :> FALSE)
/\ calls = (m1 :> ([dom |-> d1, slot |-> 1] :> 0) @@ m2 :> ([dom |-> d1, slot |-> 1] :> 0))
/\ staged = ( m1 :>
      [ gen |-> 0,
        auth |-> FALSE,
        content |->
            ( [root |-> "r0", dom |-> d1, slot |-> 1, pred |-> "any"] :>
                  [cands |-> {}, first |-> "none"] ),
        exec |-> m1,
        key |-> [root |-> "r0", dom |-> d1, slot |-> 1, pred |-> "any"],
        req |->
            [ root |-> "r0",
              dom |-> d1,
              slot |-> 0,
              pred |-> "init",
              value |-> "X",
              start |-> 0 ] ] @@
  m2 :>
      [ gen |-> 0,
        auth |-> FALSE,
        content |->
            ( [root |-> "r0", dom |-> d1, slot |-> 1, pred |-> "any"] :>
                  [cands |-> {}, first |-> "none"] ),
        exec |-> m1,
        key |-> [root |-> "r0", dom |-> d1, slot |-> 1, pred |-> "any"],
        req |->
            [ root |-> "r0",
              dom |-> d1,
              slot |-> 0,
              pred |-> "init",
              value |-> "X",
              start |-> 0 ] ] )
/\ grant = ( m1 :>
      [ root |-> "r0",
        dom |-> d1,
        slot |-> 1,
        pred |-> "init",
        value |-> "X",
        rid |-> "ra",
        expires |-> 3,
        height |-> 1 ] @@
  m2 :>
      [ root |-> "r0",
        dom |-> d1,
        slot |-> 1,
        pred |-> "init",
        value |-> "X",
        rid |-> "rb",
        expires |-> 3,
        height |-> 1 ] )
/\ bytes = (m1 :> FALSE @@ m2 :> FALSE)
/\ head = (m1 :> (d1 :> <<>>) @@ m2 :> (d1 :> <<>>))

State 17: <Advance(m2) line 310, col 5 to line 315, col 45 of module QuvEndToEndRefinement>
/\ height = 1
/\ boundary = (m1 :> FALSE @@ m2 :> FALSE)
/\ op = ( m1 :>
      [ root |-> "r0",
        dom |-> d1,
        slot |-> 0,
        pred |-> "init",
        value |-> "X",
        start |-> 0,
        rid |-> "ra",
        replies |->
            ( m1 :> [cands |-> {}, first |-> "none", kind |-> "none"] @@
              m2 :> [cands |-> {}, first |-> "none", kind |-> "none"] ) ] @@
  m2 :>
      [ root |-> "r0",
        dom |-> d1,
        slot |-> 0,
        pred |-> "init",
        value |-> "X",
        start |-> 0,
        rid |-> "ra",
        replies |->
            ( m1 :> [cands |-> {}, first |-> "none", kind |-> "none"] @@
              m2 :> [cands |-> {}, first |-> "none", kind |-> "none"] ) ] )
/\ accepted = ( m1 :>
      { [ root |-> "r0",
          dom |-> d1,
          slot |-> 1,
          pred |-> "init",
          value |-> "X" ] } @@
  m2 :>
      { [ root |-> "r0",
          dom |-> d1,
          slot |-> 1,
          pred |-> "init",
          value |-> "X" ] } )
/\ now = 2
/\ inflight = ( m1 :> [dom |-> d1, slot |-> 0, rid |-> "ra", claimed |-> FALSE] @@
  m2 :> [dom |-> d1, slot |-> 0, rid |-> "ra", claimed |-> FALSE] )
/\ claims = (m1 :> {} @@ m2 :> {})
/\ gateLive = (m1 :> FALSE @@ m2 :> FALSE)
/\ register = {}
/\ activeRoot = (m1 :> "r0" @@ m2 :> "r0")
/\ crashed = (m1 :> FALSE @@ m2 :> FALSE)
/\ gate = (m1 :> FALSE @@ m2 :> FALSE)
/\ authGen = (m1 :> 2 @@ m2 :> 2)
/\ anchor = ( m1 :>
      ( [root |-> "r0", dom |-> d1, slot |-> 1, pred |-> "any"] :>
            [cands |-> {"X"}, first |-> "X"] ) @@
  m2 :>
      ( [root |-> "r0", dom |-> d1, slot |-> 1, pred |-> "any"] :>
            [cands |-> {"X"}, first |-> "X"] ) )
/\ anchorGen = (m1 :> 2 @@ m2 :> 2)
/\ lateClaim = (m1 :> FALSE @@ m2 :> FALSE)
/\ calls = (m1 :> ([dom |-> d1, slot |-> 1] :> 0) @@ m2 :> ([dom |-> d1, slot |-> 1] :> 0))
/\ staged = ( m1 :>
      [ gen |-> 0,
        auth |-> FALSE,
        content |->
            ( [root |-> "r0", dom |-> d1, slot |-> 1, pred |-> "any"] :>
                  [cands |-> {}, first |-> "none"] ),
        exec |-> m1,
        key |-> [root |-> "r0", dom |-> d1, slot |-> 1, pred |-> "any"],
        req |->
            [ root |-> "r0",
              dom |-> d1,
              slot |-> 0,
              pred |-> "init",
              value |-> "X",
              start |-> 0 ] ] @@
  m2 :>
      [ gen |-> 0,
        auth |-> FALSE,
        content |->
            ( [root |-> "r0", dom |-> d1, slot |-> 1, pred |-> "any"] :>
                  [cands |-> {}, first |-> "none"] ),
        exec |-> m1,
        key |-> [root |-> "r0", dom |-> d1, slot |-> 1, pred |-> "any"],
        req |->
            [ root |-> "r0",
              dom |-> d1,
              slot |-> 0,
              pred |-> "init",
              value |-> "X",
              start |-> 0 ] ] )
/\ grant = ( m1 :>
      [ root |-> "r0",
        dom |-> d1,
        slot |-> 1,
        pred |-> "init",
        value |-> "X",
        rid |-> "ra",
        expires |-> 3,
        height |-> 1 ] @@
  m2 :>
      [ root |-> "r0",
        dom |-> d1,
        slot |-> 1,
        pred |-> "init",
        value |-> "X",
        rid |-> "rb",
        expires |-> 3,
        height |-> 1 ] )
/\ bytes = (m1 :> FALSE @@ m2 :> FALSE)
/\ head = (m1 :> (d1 :> <<>>) @@ m2 :> (d1 :> <<"X">>))

State 18: <Advance(m1) line 310, col 5 to line 315, col 45 of module QuvEndToEndRefinement>
/\ height = 1
/\ boundary = (m1 :> FALSE @@ m2 :> FALSE)
/\ op = ( m1 :>
      [ root |-> "r0",
        dom |-> d1,
        slot |-> 0,
        pred |-> "init",
        value |-> "X",
        start |-> 0,
        rid |-> "ra",
        replies |->
            ( m1 :> [cands |-> {}, first |-> "none", kind |-> "none"] @@
              m2 :> [cands |-> {}, first |-> "none", kind |-> "none"] ) ] @@
  m2 :>
      [ root |-> "r0",
        dom |-> d1,
        slot |-> 0,
        pred |-> "init",
        value |-> "X",
        start |-> 0,
        rid |-> "ra",
        replies |->
            ( m1 :> [cands |-> {}, first |-> "none", kind |-> "none"] @@
              m2 :> [cands |-> {}, first |-> "none", kind |-> "none"] ) ] )
/\ accepted = ( m1 :>
      { [ root |-> "r0",
          dom |-> d1,
          slot |-> 1,
          pred |-> "init",
          value |-> "X" ] } @@
  m2 :>
      { [ root |-> "r0",
          dom |-> d1,
          slot |-> 1,
          pred |-> "init",
          value |-> "X" ] } )
/\ now = 2
/\ inflight = ( m1 :> [dom |-> d1, slot |-> 0, rid |-> "ra", claimed |-> FALSE] @@
  m2 :> [dom |-> d1, slot |-> 0, rid |-> "ra", claimed |-> FALSE] )
/\ claims = (m1 :> {} @@ m2 :> {})
/\ gateLive = (m1 :> FALSE @@ m2 :> FALSE)
/\ register = {}
/\ activeRoot = (m1 :> "r0" @@ m2 :> "r0")
/\ crashed = (m1 :> FALSE @@ m2 :> FALSE)
/\ gate = (m1 :> FALSE @@ m2 :> FALSE)
/\ authGen = (m1 :> 2 @@ m2 :> 2)
/\ anchor = ( m1 :>
      ( [root |-> "r0", dom |-> d1, slot |-> 1, pred |-> "any"] :>
            [cands |-> {"X"}, first |-> "X"] ) @@
  m2 :>
      ( [root |-> "r0", dom |-> d1, slot |-> 1, pred |-> "any"] :>
            [cands |-> {"X"}, first |-> "X"] ) )
/\ anchorGen = (m1 :> 2 @@ m2 :> 2)
/\ lateClaim = (m1 :> FALSE @@ m2 :> FALSE)
/\ calls = (m1 :> ([dom |-> d1, slot |-> 1] :> 0) @@ m2 :> ([dom |-> d1, slot |-> 1] :> 0))
/\ staged = ( m1 :>
      [ gen |-> 0,
        auth |-> FALSE,
        content |->
            ( [root |-> "r0", dom |-> d1, slot |-> 1, pred |-> "any"] :>
                  [cands |-> {}, first |-> "none"] ),
        exec |-> m1,
        key |-> [root |-> "r0", dom |-> d1, slot |-> 1, pred |-> "any"],
        req |->
            [ root |-> "r0",
              dom |-> d1,
              slot |-> 0,
              pred |-> "init",
              value |-> "X",
              start |-> 0 ] ] @@
  m2 :>
      [ gen |-> 0,
        auth |-> FALSE,
        content |->
            ( [root |-> "r0", dom |-> d1, slot |-> 1, pred |-> "any"] :>
                  [cands |-> {}, first |-> "none"] ),
        exec |-> m1,
        key |-> [root |-> "r0", dom |-> d1, slot |-> 1, pred |-> "any"],
        req |->
            [ root |-> "r0",
              dom |-> d1,
              slot |-> 0,
              pred |-> "init",
              value |-> "X",
              start |-> 0 ] ] )
/\ grant = ( m1 :>
      [ root |-> "r0",
        dom |-> d1,
        slot |-> 1,
        pred |-> "init",
        value |-> "X",
        rid |-> "ra",
        expires |-> 3,
        height |-> 1 ] @@
  m2 :>
      [ root |-> "r0",
        dom |-> d1,
        slot |-> 1,
        pred |-> "init",
        value |-> "X",
        rid |-> "rb",
        expires |-> 3,
        height |-> 1 ] )
/\ bytes = (m1 :> FALSE @@ m2 :> FALSE)
/\ head = (m1 :> (d1 :> <<"X">>) @@ m2 :> (d1 :> <<"X">>))

State 19: <Claim(m1) line 335, col 5 to line 345, col 73 of module QuvEndToEndRefinement>
/\ height = 1
/\ boundary = (m1 :> FALSE @@ m2 :> FALSE)
/\ op = ( m1 :>
      [ root |-> "r0",
        dom |-> d1,
        slot |-> 0,
        pred |-> "init",
        value |-> "X",
        start |-> 0,
        rid |-> "ra",
        replies |->
            ( m1 :> [cands |-> {}, first |-> "none", kind |-> "none"] @@
              m2 :> [cands |-> {}, first |-> "none", kind |-> "none"] ) ] @@
  m2 :>
      [ root |-> "r0",
        dom |-> d1,
        slot |-> 0,
        pred |-> "init",
        value |-> "X",
        start |-> 0,
        rid |-> "ra",
        replies |->
            ( m1 :> [cands |-> {}, first |-> "none", kind |-> "none"] @@
              m2 :> [cands |-> {}, first |-> "none", kind |-> "none"] ) ] )
/\ accepted = ( m1 :>
      { [ root |-> "r0",
          dom |-> d1,
          slot |-> 1,
          pred |-> "init",
          value |-> "X" ] } @@
  m2 :>
      { [ root |-> "r0",
          dom |-> d1,
          slot |-> 1,
          pred |-> "init",
          value |-> "X" ] } )
/\ now = 2
/\ inflight = ( m1 :> [dom |-> d1, slot |-> 1, rid |-> "ra", claimed |-> TRUE] @@
  m2 :> [dom |-> d1, slot |-> 0, rid |-> "ra", claimed |-> FALSE] )
/\ claims = (m1 :> {[dom |-> d1, slot |-> 1, rid |-> "ra"]} @@ m2 :> {})
/\ gateLive = (m1 :> FALSE @@ m2 :> FALSE)
/\ register = {}
/\ activeRoot = (m1 :> "r0" @@ m2 :> "r0")
/\ crashed = (m1 :> FALSE @@ m2 :> FALSE)
/\ gate = (m1 :> FALSE @@ m2 :> FALSE)
/\ authGen = (m1 :> 2 @@ m2 :> 2)
/\ anchor = ( m1 :>
      ( [root |-> "r0", dom |-> d1, slot |-> 1, pred |-> "any"] :>
            [cands |-> {"X"}, first |-> "X"] ) @@
  m2 :>
      ( [root |-> "r0", dom |-> d1, slot |-> 1, pred |-> "any"] :>
            [cands |-> {"X"}, first |-> "X"] ) )
/\ anchorGen = (m1 :> 2 @@ m2 :> 2)
/\ lateClaim = (m1 :> FALSE @@ m2 :> FALSE)
/\ calls = (m1 :> ([dom |-> d1, slot |-> 1] :> 0) @@ m2 :> ([dom |-> d1, slot |-> 1] :> 0))
/\ staged = ( m1 :>
      [ gen |-> 0,
        auth |-> FALSE,
        content |->
            ( [root |-> "r0", dom |-> d1, slot |-> 1, pred |-> "any"] :>
                  [cands |-> {}, first |-> "none"] ),
        exec |-> m1,
        key |-> [root |-> "r0", dom |-> d1, slot |-> 1, pred |-> "any"],
        req |->
            [ root |-> "r0",
              dom |-> d1,
              slot |-> 0,
              pred |-> "init",
              value |-> "X",
              start |-> 0 ] ] @@
  m2 :>
      [ gen |-> 0,
        auth |-> FALSE,
        content |->
            ( [root |-> "r0", dom |-> d1, slot |-> 1, pred |-> "any"] :>
                  [cands |-> {}, first |-> "none"] ),
        exec |-> m1,
        key |-> [root |-> "r0", dom |-> d1, slot |-> 1, pred |-> "any"],
        req |->
            [ root |-> "r0",
              dom |-> d1,
              slot |-> 0,
              pred |-> "init",
              value |-> "X",
              start |-> 0 ] ] )
/\ grant = ( m1 :>
      [ root |-> "r0",
        dom |-> d1,
        slot |-> 0,
        pred |-> "init",
        value |-> "X",
        rid |-> "ra",
        expires |-> 0,
        height |-> 0 ] @@
  m2 :>
      [ root |-> "r0",
        dom |-> d1,
        slot |-> 1,
        pred |-> "init",
        value |-> "X",
        rid |-> "rb",
        expires |-> 3,
        height |-> 1 ] )
/\ bytes = (m1 :> FALSE @@ m2 :> FALSE)
/\ head = (m1 :> (d1 :> <<"X">>) @@ m2 :> (d1 :> <<"X">>))

State 20: <Call(m1) line 349, col 5 to line 353, col 82 of module QuvEndToEndRefinement>
/\ height = 1
/\ boundary = (m1 :> FALSE @@ m2 :> FALSE)
/\ op = ( m1 :>
      [ root |-> "r0",
        dom |-> d1,
        slot |-> 0,
        pred |-> "init",
        value |-> "X",
        start |-> 0,
        rid |-> "ra",
        replies |->
            ( m1 :> [cands |-> {}, first |-> "none", kind |-> "none"] @@
              m2 :> [cands |-> {}, first |-> "none", kind |-> "none"] ) ] @@
  m2 :>
      [ root |-> "r0",
        dom |-> d1,
        slot |-> 0,
        pred |-> "init",
        value |-> "X",
        start |-> 0,
        rid |-> "ra",
        replies |->
            ( m1 :> [cands |-> {}, first |-> "none", kind |-> "none"] @@
              m2 :> [cands |-> {}, first |-> "none", kind |-> "none"] ) ] )
/\ accepted = ( m1 :>
      { [ root |-> "r0",
          dom |-> d1,
          slot |-> 1,
          pred |-> "init",
          value |-> "X" ] } @@
  m2 :>
      { [ root |-> "r0",
          dom |-> d1,
          slot |-> 1,
          pred |-> "init",
          value |-> "X" ] } )
/\ now = 2
/\ inflight = ( m1 :> [dom |-> d1, slot |-> 0, rid |-> "ra", claimed |-> FALSE] @@
  m2 :> [dom |-> d1, slot |-> 0, rid |-> "ra", claimed |-> FALSE] )
/\ claims = (m1 :> {[dom |-> d1, slot |-> 1, rid |-> "ra"]} @@ m2 :> {})
/\ gateLive = (m1 :> FALSE @@ m2 :> FALSE)
/\ register = {[dom |-> d1, slot |-> 1, rid |-> "ra"]}
/\ activeRoot = (m1 :> "r0" @@ m2 :> "r0")
/\ crashed = (m1 :> FALSE @@ m2 :> FALSE)
/\ gate = (m1 :> FALSE @@ m2 :> FALSE)
/\ authGen = (m1 :> 2 @@ m2 :> 2)
/\ anchor = ( m1 :>
      ( [root |-> "r0", dom |-> d1, slot |-> 1, pred |-> "any"] :>
            [cands |-> {"X"}, first |-> "X"] ) @@
  m2 :>
      ( [root |-> "r0", dom |-> d1, slot |-> 1, pred |-> "any"] :>
            [cands |-> {"X"}, first |-> "X"] ) )
/\ anchorGen = (m1 :> 2 @@ m2 :> 2)
/\ lateClaim = (m1 :> FALSE @@ m2 :> FALSE)
/\ calls = (m1 :> ([dom |-> d1, slot |-> 1] :> 1) @@ m2 :> ([dom |-> d1, slot |-> 1] :> 0))
/\ staged = ( m1 :>
      [ gen |-> 0,
        auth |-> FALSE,
        content |->
            ( [root |-> "r0", dom |-> d1, slot |-> 1, pred |-> "any"] :>
                  [cands |-> {}, first |-> "none"] ),
        exec |-> m1,
        key |-> [root |-> "r0", dom |-> d1, slot |-> 1, pred |-> "any"],
        req |->
            [ root |-> "r0",
              dom |-> d1,
              slot |-> 0,
              pred |-> "init",
              value |-> "X",
              start |-> 0 ] ] @@
  m2 :>
      [ gen |-> 0,
        auth |-> FALSE,
        content |->
            ( [root |-> "r0", dom |-> d1, slot |-> 1, pred |-> "any"] :>
                  [cands |-> {}, first |-> "none"] ),
        exec |-> m1,
        key |-> [root |-> "r0", dom |-> d1, slot |-> 1, pred |-> "any"],
        req |->
            [ root |-> "r0",
              dom |-> d1,
              slot |-> 0,
              pred |-> "init",
              value |-> "X",
              start |-> 0 ] ] )
/\ grant = ( m1 :>
      [ root |-> "r0",
        dom |-> d1,
        slot |-> 0,
        pred |-> "init",
        value |-> "X",
        rid |-> "ra",
        expires |-> 0,
        height |-> 0 ] @@
  m2 :>
      [ root |-> "r0",
        dom |-> d1,
        slot |-> 1,
        pred |-> "init",
        value |-> "X",
        rid |-> "rb",
        expires |-> 3,
        height |-> 1 ] )
/\ bytes = (m1 :> FALSE @@ m2 :> FALSE)
/\ head = (m1 :> (d1 :> <<"X">>) @@ m2 :> (d1 :> <<"X">>))

State 21: <Claim(m2) line 335, col 5 to line 345, col 73 of module QuvEndToEndRefinement>
/\ height = 1
/\ boundary = (m1 :> FALSE @@ m2 :> FALSE)
/\ op = ( m1 :>
      [ root |-> "r0",
        dom |-> d1,
        slot |-> 0,
        pred |-> "init",
        value |-> "X",
        start |-> 0,
        rid |-> "ra",
        replies |->
            ( m1 :> [cands |-> {}, first |-> "none", kind |-> "none"] @@
              m2 :> [cands |-> {}, first |-> "none", kind |-> "none"] ) ] @@
  m2 :>
      [ root |-> "r0",
        dom |-> d1,
        slot |-> 0,
        pred |-> "init",
        value |-> "X",
        start |-> 0,
        rid |-> "ra",
        replies |->
            ( m1 :> [cands |-> {}, first |-> "none", kind |-> "none"] @@
              m2 :> [cands |-> {}, first |-> "none", kind |-> "none"] ) ] )
/\ accepted = ( m1 :>
      { [ root |-> "r0",
          dom |-> d1,
          slot |-> 1,
          pred |-> "init",
          value |-> "X" ] } @@
  m2 :>
      { [ root |-> "r0",
          dom |-> d1,
          slot |-> 1,
          pred |-> "init",
          value |-> "X" ] } )
/\ now = 2
/\ inflight = ( m1 :> [dom |-> d1, slot |-> 0, rid |-> "ra", claimed |-> FALSE] @@
  m2 :> [dom |-> d1, slot |-> 1, rid |-> "rb", claimed |-> TRUE] )
/\ claims = ( m1 :> {[dom |-> d1, slot |-> 1, rid |-> "ra"]} @@
  m2 :> {[dom |-> d1, slot |-> 1, rid |-> "rb"]} )
/\ gateLive = (m1 :> FALSE @@ m2 :> FALSE)
/\ register = {[dom |-> d1, slot |-> 1, rid |-> "ra"]}
/\ activeRoot = (m1 :> "r0" @@ m2 :> "r0")
/\ crashed = (m1 :> FALSE @@ m2 :> FALSE)
/\ gate = (m1 :> FALSE @@ m2 :> FALSE)
/\ authGen = (m1 :> 2 @@ m2 :> 2)
/\ anchor = ( m1 :>
      ( [root |-> "r0", dom |-> d1, slot |-> 1, pred |-> "any"] :>
            [cands |-> {"X"}, first |-> "X"] ) @@
  m2 :>
      ( [root |-> "r0", dom |-> d1, slot |-> 1, pred |-> "any"] :>
            [cands |-> {"X"}, first |-> "X"] ) )
/\ anchorGen = (m1 :> 2 @@ m2 :> 2)
/\ lateClaim = (m1 :> FALSE @@ m2 :> FALSE)
/\ calls = (m1 :> ([dom |-> d1, slot |-> 1] :> 1) @@ m2 :> ([dom |-> d1, slot |-> 1] :> 0))
/\ staged = ( m1 :>
      [ gen |-> 0,
        auth |-> FALSE,
        content |->
            ( [root |-> "r0", dom |-> d1, slot |-> 1, pred |-> "any"] :>
                  [cands |-> {}, first |-> "none"] ),
        exec |-> m1,
        key |-> [root |-> "r0", dom |-> d1, slot |-> 1, pred |-> "any"],
        req |->
            [ root |-> "r0",
              dom |-> d1,
              slot |-> 0,
              pred |-> "init",
              value |-> "X",
              start |-> 0 ] ] @@
  m2 :>
      [ gen |-> 0,
        auth |-> FALSE,
        content |->
            ( [root |-> "r0", dom |-> d1, slot |-> 1, pred |-> "any"] :>
                  [cands |-> {}, first |-> "none"] ),
        exec |-> m1,
        key |-> [root |-> "r0", dom |-> d1, slot |-> 1, pred |-> "any"],
        req |->
            [ root |-> "r0",
              dom |-> d1,
              slot |-> 0,
              pred |-> "init",
              value |-> "X",
              start |-> 0 ] ] )
/\ grant = ( m1 :>
      [ root |-> "r0",
        dom |-> d1,
        slot |-> 0,
        pred |-> "init",
        value |-> "X",
        rid |-> "ra",
        expires |-> 0,
        height |-> 0 ] @@
  m2 :>
      [ root |-> "r0",
        dom |-> d1,
        slot |-> 0,
        pred |-> "init",
        value |-> "X",
        rid |-> "ra",
        expires |-> 0,
        height |-> 0 ] )
/\ bytes = (m1 :> FALSE @@ m2 :> FALSE)
/\ head = (m1 :> (d1 :> <<"X">>) @@ m2 :> (d1 :> <<"X">>))

State 22: <Call(m2) line 349, col 5 to line 353, col 82 of module QuvEndToEndRefinement>
/\ height = 1
/\ boundary = (m1 :> FALSE @@ m2 :> FALSE)
/\ op = ( m1 :>
      [ root |-> "r0",
        dom |-> d1,
        slot |-> 0,
        pred |-> "init",
        value |-> "X",
        start |-> 0,
        rid |-> "ra",
        replies |->
            ( m1 :> [cands |-> {}, first |-> "none", kind |-> "none"] @@
              m2 :> [cands |-> {}, first |-> "none", kind |-> "none"] ) ] @@
  m2 :>
      [ root |-> "r0",
        dom |-> d1,
        slot |-> 0,
        pred |-> "init",
        value |-> "X",
        start |-> 0,
        rid |-> "ra",
        replies |->
            ( m1 :> [cands |-> {}, first |-> "none", kind |-> "none"] @@
              m2 :> [cands |-> {}, first |-> "none", kind |-> "none"] ) ] )
/\ accepted = ( m1 :>
      { [ root |-> "r0",
          dom |-> d1,
          slot |-> 1,
          pred |-> "init",
          value |-> "X" ] } @@
  m2 :>
      { [ root |-> "r0",
          dom |-> d1,
          slot |-> 1,
          pred |-> "init",
          value |-> "X" ] } )
/\ now = 2
/\ inflight = ( m1 :> [dom |-> d1, slot |-> 0, rid |-> "ra", claimed |-> FALSE] @@
  m2 :> [dom |-> d1, slot |-> 0, rid |-> "ra", claimed |-> FALSE] )
/\ claims = ( m1 :> {[dom |-> d1, slot |-> 1, rid |-> "ra"]} @@
  m2 :> {[dom |-> d1, slot |-> 1, rid |-> "rb"]} )
/\ gateLive = (m1 :> FALSE @@ m2 :> FALSE)
/\ register = {[dom |-> d1, slot |-> 1, rid |-> "ra"], [dom |-> d1, slot |-> 1, rid |-> "rb"]}
/\ activeRoot = (m1 :> "r0" @@ m2 :> "r0")
/\ crashed = (m1 :> FALSE @@ m2 :> FALSE)
/\ gate = (m1 :> FALSE @@ m2 :> FALSE)
/\ authGen = (m1 :> 2 @@ m2 :> 2)
/\ anchor = ( m1 :>
      ( [root |-> "r0", dom |-> d1, slot |-> 1, pred |-> "any"] :>
            [cands |-> {"X"}, first |-> "X"] ) @@
  m2 :>
      ( [root |-> "r0", dom |-> d1, slot |-> 1, pred |-> "any"] :>
            [cands |-> {"X"}, first |-> "X"] ) )
/\ anchorGen = (m1 :> 2 @@ m2 :> 2)
/\ lateClaim = (m1 :> FALSE @@ m2 :> FALSE)
/\ calls = (m1 :> ([dom |-> d1, slot |-> 1] :> 1) @@ m2 :> ([dom |-> d1, slot |-> 1] :> 1))
/\ staged = ( m1 :>
      [ gen |-> 0,
        auth |-> FALSE,
        content |->
            ( [root |-> "r0", dom |-> d1, slot |-> 1, pred |-> "any"] :>
                  [cands |-> {}, first |-> "none"] ),
        exec |-> m1,
        key |-> [root |-> "r0", dom |-> d1, slot |-> 1, pred |-> "any"],
        req |->
            [ root |-> "r0",
              dom |-> d1,
              slot |-> 0,
              pred |-> "init",
              value |-> "X",
              start |-> 0 ] ] @@
  m2 :>
      [ gen |-> 0,
        auth |-> FALSE,
        content |->
            ( [root |-> "r0", dom |-> d1, slot |-> 1, pred |-> "any"] :>
                  [cands |-> {}, first |-> "none"] ),
        exec |-> m1,
        key |-> [root |-> "r0", dom |-> d1, slot |-> 1, pred |-> "any"],
        req |->
            [ root |-> "r0",
              dom |-> d1,
              slot |-> 0,
              pred |-> "init",
              value |-> "X",
              start |-> 0 ] ] )
/\ grant = ( m1 :>
      [ root |-> "r0",
        dom |-> d1,
        slot |-> 0,
        pred |-> "init",
        value |-> "X",
        rid |-> "ra",
        expires |-> 0,
        height |-> 0 ] @@
  m2 :>
      [ root |-> "r0",
        dom |-> d1,
        slot |-> 0,
        pred |-> "init",
        value |-> "X",
        rid |-> "ra",
        expires |-> 0,
        height |-> 0 ] )
/\ bytes = (m1 :> FALSE @@ m2 :> FALSE)
/\ head = (m1 :> (d1 :> <<"X">>) @@ m2 :> (d1 :> <<"X">>))

21477031 states generated, 4485672 distinct states found, 540783 states left on queue.
The depth of the complete state graph search is 22.
Finished in 01min 15s at (2026-09-06 06:18:50)
Trace exploration spec path: ./QuvEndToEndRefinement_TTrace_1788689855.tla
