census OK: 51 modules = 38 executed + 13 manifest-marked (manual)
TLC2 Version 2026.08.11.125311 (rev: 0894c34)
Warning: Please run the Java VM, which executes TLC with a throughput optimized garbage collector, by passing the "-XX:+UseParallelGC" property.
(Use the -nowarning option to disable this warning.)
Running breadth-first search Model-Checking with fp 24 and seed -5890799419272953418 with 1 worker on 24 cores with 24000MB heap and 64MB offheap memory [pid: 3323323] (Linux 6.17.9-76061709-generic amd64, Ubuntu 21.0.10 64bit, MSBDiskFPSet, DiskStateQueue).
Parsing file /home/heathledger/Documents/ioi/repos/ioi/internal-docs/architecture/protocols/aft/formal/maximal_visibility/QuvHeadPreparation.tla
Parsing file /tmp/tlc-7966253623601215891/Naturals.tla (jar:file:/home/heathledger/Documents/ioi/repos/ioi/.internal/formal-cache/tools/tla/tla2tools.jar!/tla2sany/StandardModules/Naturals.tla)
Parsing file /tmp/tlc-7966253623601215891/Sequences.tla (jar:file:/home/heathledger/Documents/ioi/repos/ioi/.internal/formal-cache/tools/tla/tla2tools.jar!/tla2sany/StandardModules/Sequences.tla)
Parsing file /tmp/tlc-7966253623601215891/FiniteSets.tla (jar:file:/home/heathledger/Documents/ioi/repos/ioi/.internal/formal-cache/tools/tla/tla2tools.jar!/tla2sany/StandardModules/FiniteSets.tla)
Parsing file /tmp/tlc-7966253623601215891/_TLCTrace.tla (jar:file:/home/heathledger/Documents/ioi/repos/ioi/.internal/formal-cache/tools/tla/tla2tools.jar!/tla2sany/StandardModules/_TLCTrace.tla)
Parsing file /tmp/tlc-7966253623601215891/TLC.tla (jar:file:/home/heathledger/Documents/ioi/repos/ioi/.internal/formal-cache/tools/tla/tla2tools.jar!/tla2sany/StandardModules/TLC.tla)
Parsing file /tmp/tlc-7966253623601215891/TLCExt.tla (jar:file:/home/heathledger/Documents/ioi/repos/ioi/.internal/formal-cache/tools/tla/tla2tools.jar!/tla2sany/StandardModules/TLCExt.tla)
Parsing file /tmp/tlc-7966253623601215891/Integers.tla (jar:file:/home/heathledger/Documents/ioi/repos/ioi/.internal/formal-cache/tools/tla/tla2tools.jar!/tla2sany/StandardModules/Integers.tla)
Semantic processing of module Naturals
Semantic processing of module Sequences
Semantic processing of module FiniteSets
Semantic processing of module TLC
Semantic processing of module Integers
Semantic processing of module TLCExt
Semantic processing of module _TLCTrace
Semantic processing of module QuvHeadPreparation
Linting of module TLCExt
Linting of module _TLCTrace
Linting of module QuvHeadPreparation
Starting... (2026-09-04 22:48:25)
Computing initial states...
Finished computing initial states: 1 distinct state generated at 2026-09-04 22:48:25.
Error: Evaluating invariant TypeOK failed.
Attempted to check equality of string "no live grant" with non-string:
[slot |-> 1, value |-> "A", parent |-> "rooted genesis"]
Error: The behavior up to this point is:
State 1: <Initial predicate>
/\ seen = (m1 :> <<{}, {}>> @@ m2 :> <<{}, {}>>)
/\ grants = (m1 :> "no live grant" @@ m2 :> "no live grant")
/\ histories = (m1 :> <<>> @@ m2 :> <<>>)

State 2: <Query(m1,1,"A","rooted genesis") line 26, col 5 to line 35, col 26 of module QuvHeadPreparation>
/\ seen = (m1 :> <<{"A"}, {}>> @@ m2 :> <<{"A"}, {}>>)
/\ grants = ( m1 :> [slot |-> 1, value |-> "A", parent |-> "rooted genesis"] @@
  m2 :> "no live grant" )
/\ histories = (m1 :> <<>> @@ m2 :> <<>>)

Error: TLC was unable to fingerprint.

Fingerprint Stack Trace:
0. Line 54, column 11 to line 58, column 79 in QuvHeadPreparation
1. Line 57, column 14 to line 58, column 79 in QuvHeadPreparation
2. Line 57, column 25 to line 58, column 79 in QuvHeadPreparation
3. Line 57, column 38 to line 58, column 77 in QuvHeadPreparation
4. Line 57, column 38 to line 57, column 43 in QuvHeadPreparation


Reason:
Attempted to check equality of string "no live grant" with non-string:
[slot |-> 1, value |-> "A", parent |-> "rooted genesis"]
2 states generated, 3 distinct states found, 0 states left on queue.
The depth of the complete state graph search is 2.
Finished in 00s at (2026-09-04 22:48:25)
Trace exploration spec path: ./QuvHeadPreparation_TTrace_1788576505.tla
