\BOOKMARK [1][-]{section.1}{\376\377\000S\000c\000o\000p\000e\000\040\000a\000n\000d\000\040\000S\000t\000a\000t\000u\000s}{}% 1
\BOOKMARK [1][-]{section.2}{\376\377\000P\000r\000o\000b\000l\000e\000m\000\040\000S\000t\000a\000t\000e\000m\000e\000n\000t}{}% 2
\BOOKMARK [1][-]{section.3}{\376\377\000T\000h\000o\000u\000g\000h\000t\000\040\000E\000x\000p\000e\000r\000i\000m\000e\000n\000t\000:\000\040\000T\000h\000e\000\040\000P\000o\000r\000t\000\040\000o\000f\000\040\000P\000u\000b\000l\000i\000c\000\040\000M\000a\000n\000i\000f\000e\000s\000t\000s\000\040\000a\000n\000d\000\040\000R\000e\000l\000e\000a\000s\000e\000\040\000S\000e\000a\000l\000s}{}% 3
\BOOKMARK [1][-]{section.4}{\376\377\000P\000r\000o\000t\000o\000c\000o\000l\000\040\000F\000a\000m\000i\000l\000y\000\040\000O\000v\000e\000r\000v\000i\000e\000w}{}% 4
\BOOKMARK [1][-]{section.5}{\376\377\000S\000y\000s\000t\000e\000m\000\040\000M\000o\000d\000e\000l\000\040\000a\000n\000d\000\040\000N\000o\000t\000a\000t\000i\000o\000n}{}% 5
\BOOKMARK [2][-]{subsection.5.1}{\376\377\000A\000c\000t\000o\000r\000s}{section.5}% 6
\BOOKMARK [2][-]{subsection.5.2}{\376\377\000B\000u\000l\000l\000e\000t\000i\000n\000-\000b\000o\000a\000r\000d\000\040\000t\000i\000m\000e\000\040\000a\000n\000d\000\040\000s\000l\000o\000t\000\040\000m\000o\000d\000e\000l}{section.5}% 7
\BOOKMARK [2][-]{subsection.5.3}{\376\377\000C\000l\000a\000s\000s\000i\000c\000a\000l\000\040\000l\000o\000w\000e\000r\000\040\000b\000o\000u\000n\000d\000\040\000a\000n\000d\000\040\000A\000F\000T\000\040\000m\000o\000d\000e\000l\000\040\000d\000e\000l\000t\000a}{section.5}% 8
\BOOKMARK [2][-]{subsection.5.4}{\376\377\000C\000o\000r\000e\000\040\000a\000s\000s\000u\000m\000p\000t\000i\000o\000n\000s}{section.5}% 9
\BOOKMARK [2][-]{subsection.5.5}{\376\377\000E\000v\000i\000d\000e\000n\000c\000e\000\040\000o\000b\000j\000e\000c\000t\000s}{section.5}% 10
\BOOKMARK [2][-]{subsection.5.6}{\376\377\000A\000c\000c\000o\000u\000n\000t\000a\000b\000l\000e\000\040\000p\000u\000b\000l\000i\000c\000a\000t\000i\000o\000n\000\040\000r\000u\000l\000e\000s}{section.5}% 11
\BOOKMARK [1][-]{section.6}{\376\377\000P\000u\000b\000l\000i\000c\000\040\000S\000t\000a\000t\000e\000\040\000C\000o\000n\000t\000i\000n\000u\000i\000t\000y\000\040\000w\000i\000t\000h\000\040\000E\000x\000t\000r\000a\000c\000t\000a\000b\000l\000e\000\040\000O\000b\000s\000t\000r\000u\000c\000t\000i\000o\000n\000s}{}% 12
\BOOKMARK [2][-]{subsection.6.1}{\376\377\000B\000o\000u\000n\000d\000a\000r\000y\000-\000c\000o\000n\000d\000i\000t\000i\000o\000n\000e\000d\000\040\000e\000x\000e\000c\000u\000t\000i\000o\000n\000\040\000l\000a\000n\000g\000u\000a\000g\000e}{section.6}% 13
\BOOKMARK [2][-]{subsection.6.2}{\376\377\000O\000b\000s\000t\000r\000u\000c\000t\000i\000o\000n\000\040\000e\000x\000t\000r\000a\000c\000t\000a\000b\000i\000l\000i\000t\000y}{section.6}% 14
\BOOKMARK [2][-]{subsection.6.3}{\376\377\000U\000n\000i\000q\000u\000e\000\040\000c\000o\000l\000l\000a\000p\000s\000e\000\040\000o\000b\000j\000e\000c\000t}{section.6}% 15
\BOOKMARK [2][-]{subsection.6.4}{\376\377\000L\000e\000m\000m\000a\000\040\000p\000r\000o\000g\000r\000a\000m}{section.6}% 16
\BOOKMARK [1][-]{section.7}{\376\377\000T\000h\000e\000\040\000A\000F\000T\000\040\000D\000e\000t\000e\000r\000m\000i\000n\000i\000s\000t\000i\000c\000\040\000B\000a\000s\000e\000\040\000E\000n\000g\000i\000n\000e}{}% 17
\BOOKMARK [2][-]{subsection.7.1}{\376\377\000D\000e\000t\000e\000r\000m\000i\000n\000i\000s\000t\000i\000c\000\040\000l\000e\000a\000d\000e\000r\000s\000h\000i\000p\000\040\000a\000n\000d\000\040\000v\000i\000e\000w\000\040\000p\000r\000o\000g\000r\000e\000s\000s\000i\000o\000n}{section.7}% 18
\BOOKMARK [2][-]{subsection.7.2}{\376\377\000V\000a\000l\000i\000d\000a\000t\000o\000r\000\040\000q\000u\000o\000r\000u\000m\000\040\000c\000e\000r\000t\000i\000f\000i\000c\000a\000t\000e\000s}{section.7}% 19
\BOOKMARK [2][-]{subsection.7.3}{\376\377\000L\000o\000c\000k\000i\000n\000g\000,\000\040\0002\000-\000c\000h\000a\000i\000n\000\040\000c\000o\000m\000m\000i\000t\000,\000\040\000a\000n\000d\000\040\000d\000i\000v\000e\000r\000g\000e\000n\000c\000e\000\040\000g\000u\000a\000r\000d}{section.7}% 20
\BOOKMARK [1][-]{section.8}{\376\377\000G\000u\000a\000r\000d\000i\000a\000n\000M\000a\000j\000o\000r\000i\000t\000y\000:\000\040\000H\000i\000s\000t\000o\000r\000i\000c\000a\000l\000\040\000R\000e\000f\000e\000r\000e\000n\000c\000e\000\040\000M\000o\000d\000e\000l}{}% 21
\BOOKMARK [2][-]{subsection.8.1}{\376\377\000G\000u\000a\000r\000d\000i\000a\000n\000\040\000c\000e\000r\000t\000i\000f\000i\000c\000a\000t\000e\000\040\000o\000b\000j\000e\000c\000t}{section.8}% 22
\BOOKMARK [2][-]{subsection.8.2}{\376\377\000V\000e\000r\000i\000f\000i\000c\000a\000t\000i\000o\000n\000\040\000r\000u\000l\000e}{section.8}% 23
\BOOKMARK [2][-]{subsection.8.3}{\376\377\000C\000o\000m\000m\000i\000t\000t\000e\000e\000\040\000t\000h\000r\000e\000s\000h\000o\000l\000d\000\040\000m\000o\000d\000e\000l}{section.8}% 24
\BOOKMARK [2][-]{subsection.8.4}{\376\377\000S\000a\000f\000e\000t\000y\000\040\000s\000t\000a\000t\000e\000m\000e\000n\000t}{section.8}% 25
\BOOKMARK [2][-]{subsection.8.5}{\376\377\000L\000i\000v\000e\000n\000e\000s\000s\000\040\000m\000o\000d\000e\000l}{section.8}% 26
\BOOKMARK [1][-]{section.9}{\376\377\000C\000a\000n\000o\000n\000i\000c\000a\000l\000\040\000O\000r\000d\000e\000r\000i\000n\000g}{}% 27
\BOOKMARK [2][-]{subsection.9.1}{\376\377\000O\000b\000j\000e\000c\000t\000i\000v\000e}{section.9}% 28
\BOOKMARK [2][-]{subsection.9.2}{\376\377\000C\000a\000n\000o\000n\000i\000c\000a\000l\000\040\000o\000b\000j\000e\000c\000t\000s}{section.9}% 29
\BOOKMARK [2][-]{subsection.9.3}{\376\377\000B\000u\000l\000l\000e\000t\000i\000n\000,\000\040\000c\000u\000t\000o\000f\000f\000,\000\040\000a\000n\000d\000\040\000a\000d\000m\000i\000s\000s\000i\000b\000i\000l\000i\000t\000y\000\040\000a\000s\000s\000u\000m\000p\000t\000i\000o\000n\000s}{section.9}% 30
\BOOKMARK [2][-]{subsection.9.4}{\376\377\000C\000u\000r\000r\000e\000n\000t\000\040\000r\000u\000n\000t\000i\000m\000e\000\040\000i\000n\000s\000t\000a\000n\000t\000i\000a\000t\000i\000o\000n}{section.9}% 31
\BOOKMARK [2][-]{subsection.9.5}{\376\377\000A\000c\000c\000e\000p\000t\000a\000n\000c\000e\000\040\000r\000u\000l\000e}{section.9}% 32
\BOOKMARK [2][-]{subsection.9.6}{\376\377\000O\000m\000i\000s\000s\000i\000o\000n\000\040\000d\000o\000m\000i\000n\000a\000n\000c\000e}{section.9}% 33
\BOOKMARK [2][-]{subsection.9.7}{\376\377\000U\000n\000i\000q\000u\000e\000n\000e\000s\000s\000,\000\040\000p\000u\000b\000l\000i\000c\000a\000t\000i\000o\000n\000\040\000f\000r\000o\000n\000t\000i\000e\000r\000s\000,\000\040\000a\000n\000d\000\040\000r\000e\000c\000o\000v\000e\000r\000a\000b\000i\000l\000i\000t\000y}{section.9}% 34
\BOOKMARK [2][-]{subsection.9.8}{\376\377\000A\000l\000l\000-\000b\000u\000t\000-\000o\000n\000e\000\040\000\050\000n\000-\0001\000\040\000o\000f\000\040\000n\000\051\000\040\000e\000q\000u\000a\000l\000-\000a\000u\000t\000h\000o\000r\000i\000t\000y\000\040\000o\000r\000d\000e\000r\000i\000n\000g\000\040\000c\000o\000n\000s\000e\000n\000s\000u\000s}{section.9}% 35
\BOOKMARK [1][-]{section.10}{\376\377\000A\000s\000y\000m\000p\000t\000o\000t\000e\000:\000\040\000S\000e\000a\000l\000e\000d\000\040\000F\000i\000n\000a\000l\000i\000t\000y\000\040\000a\000n\000d\000\040\000I\000r\000r\000e\000v\000e\000r\000s\000i\000b\000l\000e\000\040\000E\000f\000f\000e\000c\000t\000s}{}% 36
\BOOKMARK [2][-]{subsection.10.1}{\376\377\000F\000i\000n\000a\000l\000i\000t\000y\000\040\000t\000i\000e\000r\000s\000\040\000a\000n\000d\000\040\000c\000o\000l\000l\000a\000p\000s\000e\000\040\000s\000t\000a\000t\000e\000s}{section.10}% 37
\BOOKMARK [2][-]{subsection.10.2}{\376\377\000S\000e\000a\000l\000e\000d\000F\000i\000n\000a\000l\000i\000t\000y\000P\000r\000o\000o\000f}{section.10}% 38
\BOOKMARK [2][-]{subsection.10.3}{\376\377\000W\000i\000t\000n\000e\000s\000s\000-\000b\000a\000c\000k\000e\000d\000\040\000s\000e\000a\000l\000i\000n\000g}{section.10}% 39
\BOOKMARK [2][-]{subsection.10.4}{\376\377\000E\000q\000u\000a\000l\000-\000a\000u\000t\000h\000o\000r\000i\000t\000y\000\040\000o\000b\000s\000e\000r\000v\000e\000r\000\040\000s\000e\000a\000l\000i\000n\000g}{section.10}% 40
\BOOKMARK [2][-]{subsection.10.5}{\376\377\000D\000i\000v\000e\000r\000g\000e\000n\000c\000e\000\040\000s\000i\000g\000n\000a\000l\000s\000\040\000a\000n\000d\000\040\000e\000s\000c\000a\000l\000a\000t\000i\000o\000n}{section.10}% 41
\BOOKMARK [2][-]{subsection.10.6}{\376\377\000S\000e\000a\000l\000e\000d\000\040\000e\000f\000f\000e\000c\000t\000s\000\040\000a\000n\000d\000\040\000r\000e\000p\000l\000a\000y\000-\000s\000a\000f\000e\000\040\000r\000e\000l\000e\000a\000s\000e}{section.10}% 42
\BOOKMARK [2][-]{subsection.10.7}{\376\377\000D\000e\000t\000e\000r\000m\000i\000n\000i\000s\000t\000i\000c\000\040\000o\000b\000s\000e\000r\000v\000e\000r\000\040\000t\000h\000e\000o\000r\000e\000m}{section.10}% 43
\BOOKMARK [2][-]{subsection.10.8}{\376\377\000L\000e\000g\000a\000c\000y\000\040\000s\000a\000m\000p\000l\000e\000d\000\040\000c\000o\000m\000p\000a\000r\000i\000s\000o\000n}{section.10}% 44
\BOOKMARK [1][-]{section.11}{\376\377\000T\000h\000e\000\040\000C\000o\000m\000m\000o\000n\000\040\000B\000o\000u\000n\000d\000a\000r\000y\000\040\000a\000n\000d\000\040\000t\000h\000e\000\040\000S\000e\000a\000l\000\040\000R\000i\000n\000g}{}% 45
\BOOKMARK [2][-]{subsection.11.1}{\376\377\000T\000h\000e\000\040\000U\000n\000a\000n\000i\000m\000o\000u\000s\000\040\000B\000o\000u\000n\000d\000a\000r\000y\000\040\000C\000l\000o\000s\000e}{section.11}% 46
\BOOKMARK [2][-]{subsection.11.2}{\376\377\000T\000w\000o\000-\000t\000i\000e\000r\000\040\000s\000e\000p\000a\000r\000a\000t\000i\000o\000n}{section.11}% 47
\BOOKMARK [2][-]{subsection.11.3}{\376\377\000T\000h\000e\000\040\000m\000e\000m\000b\000e\000r\000s\000h\000i\000p\000\040\000p\000l\000a\000n\000e}{section.11}% 48
\BOOKMARK [2][-]{subsection.11.4}{\376\377\000T\000h\000e\000\040\000h\000a\000r\000d\000e\000n\000e\000d\000\040\000s\000i\000g\000n\000e\000r}{section.11}% 49
\BOOKMARK [2][-]{subsection.11.5}{\376\377\000R\000u\000n\000t\000i\000m\000e\000\040\000i\000n\000v\000e\000r\000s\000i\000o\000n\000s\000\040\000l\000a\000n\000d\000e\000d\000\040\000b\000y\000\040\000t\000h\000e\000\040\000p\000r\000o\000g\000r\000a\000m}{section.11}% 50
\BOOKMARK [2][-]{subsection.11.6}{\376\377\000T\000h\000e\000\040\000a\000s\000s\000u\000m\000p\000t\000i\000o\000n\000\040\000l\000a\000t\000t\000i\000c\000e\000\040\000a\000t\000\040\000t\000h\000e\000\040\000t\000y\000p\000e\000\040\000l\000a\000y\000e\000r}{section.11}% 51
\BOOKMARK [2][-]{subsection.11.7}{\376\377\000C\000o\000n\000t\000i\000n\000u\000o\000u\000s\000\040\000c\000o\000n\000f\000o\000r\000m\000a\000n\000c\000e}{section.11}% 52
\BOOKMARK [1][-]{section.12}{\376\377\000N\000e\000s\000t\000e\000d\000G\000u\000a\000r\000d\000i\000a\000n\000:\000\040\000W\000i\000t\000n\000e\000s\000s\000-\000A\000u\000g\000m\000e\000n\000t\000e\000d\000\040\000R\000e\000s\000e\000a\000r\000c\000h\000\040\000M\000o\000d\000e}{}% 53
\BOOKMARK [1][-]{section.13}{\376\377\000S\000e\000c\000u\000r\000i\000t\000y\000\040\000a\000n\000d\000\040\000A\000s\000s\000u\000m\000p\000t\000i\000o\000n\000\040\000S\000u\000r\000f\000a\000c\000e}{}% 54
\BOOKMARK [1][-]{section.14}{\376\377\000T\000h\000e\000\040\000C\000o\000m\000m\000o\000n\000-\000B\000o\000u\000n\000d\000a\000r\000y\000\040\000T\000h\000e\000o\000r\000e\000m\000\040\000C\000o\000r\000p\000u\000s\000\040\000\050\000A\000F\000T\000-\000C\000B\000\051}{}% 55
\BOOKMARK [2][-]{subsection.14.1}{\376\377\000T\000h\000e\000\040\000a\000s\000s\000u\000m\000p\000t\000i\000o\000n\000\040\000l\000e\000d\000g\000e\000r\000\040\000\050\000A\0001\040\023\000A\0001\0000\000\051}{section.14}% 56
\BOOKMARK [2][-]{subsection.14.2}{\376\377\000T\000h\000e\000o\000r\000e\000m\000s\000\040\000T\0001\040\023\000T\0001\0002}{section.14}% 57
\BOOKMARK [2][-]{subsection.14.3}{\376\377\000L\000o\000w\000e\000r\000-\000b\000o\000u\000n\000d\000\040\000p\000a\000i\000r\000i\000n\000g}{section.14}% 58
\BOOKMARK [1][-]{section.15}{\376\377\000F\000o\000r\000m\000a\000l\000\040\000R\000e\000s\000u\000l\000t\000s}{}% 59
\BOOKMARK [2][-]{subsection.15.1}{\376\377\000C\000o\000m\000p\000l\000e\000t\000e\000\040\000o\000m\000i\000s\000s\000i\000o\000n\000-\000d\000o\000m\000i\000n\000a\000n\000c\000e\000\040\000w\000i\000t\000n\000e\000s\000s\000\040\000a\000r\000t\000i\000f\000a\000c\000t}{section.15}% 60
\BOOKMARK [1][-]{section.16}{\376\377\000I\000m\000p\000l\000e\000m\000e\000n\000t\000a\000t\000i\000o\000n\000\040\000C\000o\000r\000r\000e\000s\000p\000o\000n\000d\000e\000n\000c\000e}{}% 61
\BOOKMARK [2][-]{subsection.16.1}{\376\377\000C\000o\000r\000e\000\040\000o\000r\000d\000e\000r\000i\000n\000g\000\040\000s\000y\000m\000b\000o\000l\000s}{section.16}% 62
\BOOKMARK [2][-]{subsection.16.2}{\376\377\000G\000u\000a\000r\000d\000i\000a\000n\000\040\000a\000n\000d\000\040\000s\000e\000a\000l\000i\000n\000g\000\040\000s\000y\000m\000b\000o\000l\000s}{section.16}% 63
\BOOKMARK [2][-]{subsection.16.3}{\376\377\000C\000o\000m\000m\000o\000n\000-\000b\000o\000u\000n\000d\000a\000r\000y\000\040\000a\000n\000d\000\040\000m\000e\000m\000b\000e\000r\000s\000h\000i\000p\000\040\000s\000y\000m\000b\000o\000l\000s}{section.16}% 64
\BOOKMARK [2][-]{subsection.16.4}{\376\377\000V\000e\000r\000i\000f\000i\000e\000r\000,\000\040\000o\000r\000c\000h\000e\000s\000t\000r\000a\000t\000i\000o\000n\000,\000\040\000a\000n\000d\000\040\000p\000e\000r\000s\000i\000s\000t\000e\000n\000c\000e\000\040\000s\000y\000m\000b\000o\000l\000s}{section.16}% 65
\BOOKMARK [1][-]{section.17}{\376\377\000B\000e\000n\000c\000h\000m\000a\000r\000k\000\040\000C\000o\000n\000t\000e\000x\000t}{}% 66
\BOOKMARK [2][-]{subsection.17.1}{\376\377\000P\000a\000p\000e\000r\000-\000r\000e\000p\000o\000r\000t\000e\000d\000\040\000b\000a\000s\000e\000l\000i\000n\000e\000s}{section.17}% 67
\BOOKMARK [2][-]{subsection.17.2}{\376\377\000N\000a\000t\000i\000v\000e\000\040\000r\000e\000p\000o\000s\000i\000t\000o\000r\000y\000\040\000m\000e\000a\000s\000u\000r\000e\000m\000e\000n\000t\000s}{section.17}% 68
\BOOKMARK [2][-]{subsection.17.3}{\376\377\000M\000e\000a\000s\000u\000r\000e\000d\000\040\000c\000o\000s\000t\000s\000,\000\040\000r\000e\000p\000r\000o\000d\000u\000c\000t\000i\000o\000n\000-\000c\000l\000a\000s\000s\000e\000d}{section.17}% 69
\BOOKMARK [1][-]{section.18}{\376\377\000R\000e\000l\000a\000t\000e\000d\000\040\000W\000o\000r\000k}{}% 70
\BOOKMARK [1][-]{section.19}{\376\377\000C\000l\000a\000i\000m\000s\000\040\000a\000n\000d\000\040\000N\000o\000n\000-\000C\000l\000a\000i\000m\000s}{}% 71
\BOOKMARK [2][-]{subsection.19.1}{\376\377\000T\000h\000e\000\040\000h\000e\000a\000d\000l\000i\000n\000e\000\040\000c\000l\000a\000i\000m}{section.19}% 72
\BOOKMARK [2][-]{subsection.19.2}{\376\377\000T\000h\000e\000\040\000m\000a\000x\000i\000m\000a\000l\000i\000t\000y\000\040\000c\000l\000a\000i\000m\000s}{section.19}% 73
\BOOKMARK [2][-]{subsection.19.3}{\376\377\000C\000l\000a\000i\000m\000s}{section.19}% 74
\BOOKMARK [2][-]{subsection.19.4}{\376\377\000N\000o\000n\000-\000c\000l\000a\000i\000m\000s}{section.19}% 75
\BOOKMARK [2][-]{subsection.19.5}{\376\377\000N\000a\000m\000e\000d\000\040\000r\000e\000s\000i\000d\000u\000a\000l\000s\000\040\000\050\000t\000h\000e\000\040\000l\000i\000m\000i\000t\000a\000t\000i\000o\000n\000s\000\040\000l\000i\000s\000t\000\051}{section.19}% 76
\BOOKMARK [2][-]{subsection.19.6}{\376\377\000M\000o\000d\000e\000l\000-\000d\000e\000l\000t\000a\000\040\000p\000u\000b\000l\000i\000c\000-\000s\000t\000a\000t\000e\000-\000c\000o\000n\000t\000i\000n\000u\000i\000t\000y\000\040\000t\000h\000e\000o\000r\000e\000m}{section.19}% 77
\BOOKMARK [1][-]{appendix.A}{\376\377\000E\000m\000b\000e\000d\000d\000e\000d\000\040\000F\000o\000r\000m\000a\000l\000\040\000A\000r\000t\000i\000f\000a\000c\000t\000s}{}% 78
\BOOKMARK [2][-]{subsection.A.1}{\376\377\000G\000u\000a\000r\000d\000i\000a\000n\000M\000a\000j\000o\000r\000i\000t\000y}{appendix.A}% 79
\BOOKMARK [3][-]{subsubsection.A.1.1}{\376\377\000G\000u\000a\000r\000d\000i\000a\000n\000M\000a\000j\000o\000r\000i\000t\000y\000P\000r\000o\000o\000f\000.\000t\000l\000a}{subsection.A.1}% 80
\BOOKMARK [3][-]{subsubsection.A.1.2}{\376\377\000G\000u\000a\000r\000d\000i\000a\000n\000M\000a\000j\000o\000r\000i\000t\000y\000.\000t\000l\000a}{subsection.A.1}% 81
\BOOKMARK [2][-]{subsection.A.2}{\376\377\000C\000a\000n\000o\000n\000i\000c\000a\000l\000O\000r\000d\000e\000r\000i\000n\000g}{appendix.A}% 82
\BOOKMARK [3][-]{subsubsection.A.2.1}{\376\377\000C\000a\000n\000o\000n\000i\000c\000a\000l\000O\000r\000d\000e\000r\000i\000n\000g\000P\000r\000o\000o\000f\000.\000t\000l\000a}{subsection.A.2}% 83
\BOOKMARK [3][-]{subsubsection.A.2.2}{\376\377\000C\000a\000n\000o\000n\000i\000c\000a\000l\000O\000r\000d\000e\000r\000i\000n\000g\000.\000t\000l\000a}{subsection.A.2}% 84
\BOOKMARK [2][-]{subsection.A.3}{\376\377\000A\000s\000y\000m\000p\000t\000o\000t\000e}{appendix.A}% 85
\BOOKMARK [3][-]{subsubsection.A.3.1}{\376\377\000A\000s\000y\000m\000p\000t\000o\000t\000e\000P\000r\000o\000o\000f\000.\000t\000l\000a}{subsection.A.3}% 86
\BOOKMARK [3][-]{subsubsection.A.3.2}{\376\377\000A\000s\000y\000m\000p\000t\000o\000t\000e\000.\000t\000l\000a}{subsection.A.3}% 87
\BOOKMARK [2][-]{subsection.A.4}{\376\377\000N\000e\000s\000t\000e\000d\000G\000u\000a\000r\000d\000i\000a\000n}{appendix.A}% 88
\BOOKMARK [3][-]{subsubsection.A.4.1}{\376\377\000N\000e\000s\000t\000e\000d\000G\000u\000a\000r\000d\000i\000a\000n\000P\000r\000o\000o\000f\000.\000t\000l\000a}{subsection.A.4}% 89
\BOOKMARK [3][-]{subsubsection.A.4.2}{\376\377\000N\000e\000s\000t\000e\000d\000G\000u\000a\000r\000d\000i\000a\000n\000.\000t\000l\000a}{subsection.A.4}% 90
\BOOKMARK [2][-]{subsection.A.5}{\376\377\000C\000a\000n\000o\000n\000i\000c\000a\000l\000O\000r\000d\000e\000r\000i\000n\000g\000\040\000C\000o\000m\000p\000a\000n\000i\000o\000n\000\040\000W\000i\000t\000n\000e\000s\000s\000e\000s}{appendix.A}% 91
\BOOKMARK [3][-]{subsubsection.A.5.1}{\376\377\000C\000a\000n\000o\000n\000i\000c\000a\000l\000O\000r\000d\000e\000r\000i\000n\000g\000O\000m\000i\000s\000s\000i\000o\000n\000T\000r\000a\000c\000e\000.\000t\000l\000a}{subsection.A.5}% 92
\BOOKMARK [3][-]{subsubsection.A.5.2}{\376\377\000C\000a\000n\000o\000n\000i\000c\000a\000l\000O\000r\000d\000e\000r\000i\000n\000g\000O\000m\000i\000s\000s\000i\000o\000n\000T\000r\000a\000c\000e\000.\000c\000f\000g}{subsection.A.5}% 93
\BOOKMARK [3][-]{subsubsection.A.5.3}{\376\377\000C\000a\000n\000o\000n\000i\000c\000a\000l\000C\000o\000l\000l\000a\000p\000s\000e\000R\000e\000c\000u\000r\000s\000i\000v\000e\000C\000o\000n\000t\000i\000n\000u\000i\000t\000y\000.\000t\000l\000a}{subsection.A.5}% 94
\BOOKMARK [3][-]{subsubsection.A.5.4}{\376\377\000C\000a\000n\000o\000n\000i\000c\000a\000l\000C\000o\000l\000l\000a\000p\000s\000e\000R\000e\000c\000u\000r\000s\000i\000v\000e\000C\000o\000n\000t\000i\000n\000u\000i\000t\000y\000.\000c\000f\000g}{subsection.A.5}% 95
\BOOKMARK [2][-]{subsection.A.6}{\376\377\000R\000e\000c\000o\000v\000e\000r\000y\000\040\000a\000n\000d\000\040\000C\000l\000a\000s\000s\000i\000c\000a\000l\000-\000A\000g\000r\000e\000e\000m\000e\000n\000t\000\040\000B\000r\000i\000d\000g\000e}{appendix.A}% 96
\BOOKMARK [3][-]{subsubsection.A.6.1}{\376\377\000N\000e\000s\000t\000e\000d\000G\000u\000a\000r\000d\000i\000a\000n\000R\000e\000c\000o\000v\000e\000r\000y\000R\000e\000c\000u\000r\000r\000i\000n\000g\000I\000n\000d\000u\000c\000t\000i\000o\000n\000C\000o\000r\000e\000.\000t\000l\000a}{subsection.A.6}% 97
\BOOKMARK [3][-]{subsubsection.A.6.2}{\376\377\000N\000e\000s\000t\000e\000d\000G\000u\000a\000r\000d\000i\000a\000n\000R\000e\000c\000o\000v\000e\000r\000y\000R\000e\000c\000u\000r\000r\000i\000n\000g\000P\000r\000o\000o\000f\000.\000t\000l\000a}{subsection.A.6}% 98
\BOOKMARK [3][-]{subsubsection.A.6.3}{\376\377\000N\000e\000s\000t\000e\000d\000G\000u\000a\000r\000d\000i\000a\000n\000R\000e\000c\000o\000v\000e\000r\000y\000C\000l\000a\000s\000s\000i\000c\000a\000l\000A\000g\000r\000e\000e\000m\000e\000n\000t\000R\000e\000d\000u\000c\000t\000i\000o\000n\000.\000t\000l\000a}{subsection.A.6}% 99
\BOOKMARK [3][-]{subsubsection.A.6.4}{\376\377\000N\000e\000s\000t\000e\000d\000G\000u\000a\000r\000d\000i\000a\000n\000R\000e\000c\000o\000v\000e\000r\000y\000C\000l\000a\000s\000s\000i\000c\000a\000l\000A\000g\000r\000e\000e\000m\000e\000n\000t\000T\000o\000t\000a\000l\000i\000t\000y\000.\000t\000l\000a}{subsection.A.6}% 100
\BOOKMARK [3][-]{subsubsection.A.6.5}{\376\377\000N\000e\000s\000t\000e\000d\000G\000u\000a\000r\000d\000i\000a\000n\000R\000e\000c\000o\000v\000e\000r\000y\000C\000l\000a\000s\000s\000i\000c\000a\000l\000A\000g\000r\000e\000e\000m\000e\000n\000t\000C\000o\000l\000l\000a\000p\000s\000e\000.\000t\000l\000a}{subsection.A.6}% 101
\BOOKMARK [2][-]{subsection.A.7}{\376\377\000C\000o\000m\000m\000o\000n\000\040\000B\000o\000u\000n\000d\000a\000r\000y\000\040\000\050\000A\000F\000T\000-\000C\000B\000\051}{appendix.A}% 102
\BOOKMARK [3][-]{subsubsection.A.7.1}{\376\377\000B\000o\000u\000n\000d\000a\000r\000y\000R\000i\000n\000g\000.\000t\000l\000a}{subsection.A.7}% 103
\BOOKMARK [3][-]{subsubsection.A.7.2}{\376\377\000B\000o\000u\000n\000d\000a\000r\000y\000R\000i\000n\000g\000P\000r\000o\000o\000f\000.\000t\000l\000a}{subsection.A.7}% 104
\BOOKMARK [3][-]{subsubsection.A.7.3}{\376\377\000B\000o\000u\000n\000d\000a\000r\000y\000L\000i\000v\000e\000n\000e\000s\000s\000.\000t\000l\000a}{subsection.A.7}% 105
\BOOKMARK [3][-]{subsubsection.A.7.4}{\376\377\000M\000e\000m\000b\000e\000r\000s\000h\000i\000p\000T\000r\000a\000n\000s\000i\000t\000i\000o\000n\000.\000t\000l\000a}{subsection.A.7}% 106
\BOOKMARK [3][-]{subsubsection.A.7.5}{\376\377\000M\000e\000m\000b\000e\000r\000s\000h\000i\000p\000T\000r\000a\000n\000s\000i\000t\000i\000o\000n\000P\000r\000o\000o\000f\000.\000t\000l\000a}{subsection.A.7}% 107
\BOOKMARK [3][-]{subsubsection.A.7.6}{\376\377\000C\000u\000s\000t\000o\000d\000y\000O\000b\000l\000i\000g\000a\000t\000i\000o\000n\000.\000t\000l\000a}{subsection.A.7}% 108
\BOOKMARK [3][-]{subsubsection.A.7.7}{\376\377\000C\000u\000s\000t\000o\000d\000y\000O\000b\000l\000i\000g\000a\000t\000i\000o\000n\000P\000r\000o\000o\000f\000.\000t\000l\000a}{subsection.A.7}% 109
\BOOKMARK [3][-]{subsubsection.A.7.8}{\376\377\000F\000o\000r\000e\000n\000s\000i\000c\000A\000c\000c\000o\000u\000n\000t\000a\000b\000i\000l\000i\000t\000y\000.\000t\000l\000a}{subsection.A.7}% 110
\BOOKMARK [3][-]{subsubsection.A.7.9}{\376\377\000F\000o\000r\000e\000n\000s\000i\000c\000A\000c\000c\000o\000u\000n\000t\000a\000b\000i\000l\000i\000t\000y\000P\000r\000o\000o\000f\000.\000t\000l\000a}{subsection.A.7}% 111
\BOOKMARK [3][-]{subsubsection.A.7.10}{\376\377\000S\000u\000c\000c\000e\000s\000s\000i\000o\000n\000C\000l\000o\000c\000k\000.\000t\000l\000a}{subsection.A.7}% 112
\BOOKMARK [3][-]{subsubsection.A.7.11}{\376\377\000S\000u\000c\000c\000e\000s\000s\000i\000o\000n\000C\000l\000o\000c\000k\000P\000r\000o\000o\000f\000.\000t\000l\000a}{subsection.A.7}% 113
