START core 2026-09-06T03:36:58.755543+00:00
DONE core 0
START consequence 2026-09-06T03:41:02.149995+00:00
DONE consequence 0
START types 2026-09-06T03:42:04.074313+00:00
DONE types 0
START runtime 2026-09-06T03:42:04.441517+00:00
DONE runtime 0
START executor 2026-09-06T03:44:16.349202+00:00
DONE executor 0
START cli 2026-09-06T03:44:16.788502+00:00
DONE cli 0
START format 2026-09-06T03:45:37.803598+00:00
DONE format 0
START syntax 2026-09-06T03:45:46.137711+00:00
DONE syntax 0
START formal 2026-09-06T03:45:46.142007+00:00
DONE formal 0
START endpoint-syscalls 2026-09-06T03:45:47.181042+00:00
DONE endpoint-syscalls 0
START receipt-syscalls 2026-09-06T03:45:51.178849+00:00
DONE receipt-syscalls 0
START reserved-index-proof 2026-09-06T03:45:54.004321+00:00
DONE reserved-index-proof 0
START reservation-proof 2026-09-06T03:45:55.370385+00:00
DONE reservation-proof 0
START t10 2026-09-06T03:45:56.734182+00:00
DONE t10 0
