census OK: 79 modules = 66 executed + 13 manifest-marked (manual)
(* fingerprints file ".tlacache/ConsequenceTraceLifetimeProof.tlaps/fingerprints" removed *)
(* created new ".tlacache/ConsequenceTraceLifetimeProof.tlaps/ConsequenceTraceLifetimeProof.thy" *)
(* fingerprints written in ".tlacache/ConsequenceTraceLifetimeProof.tlaps/fingerprints" *)
File "./ConsequenceTraceLifetimeProof.tla", line 1, character 1 to line 28, character 77:
[INFO]: All 17 obligations proved.
TLC2 Version 2026.08.11.125311 (rev: 0894c34)
Warning: Please run the Java VM, which executes TLC with a throughput optimized garbage collector, by passing the "-XX:+UseParallelGC" property.
(Use the -nowarning option to disable this warning.)
Running breadth-first search Model-Checking with fp 122 and seed 8499386286210743784 with 1 worker on 24 cores with 24000MB heap and 64MB offheap memory [pid: 2380771] (Linux 6.17.9-76061709-generic amd64, Ubuntu 21.0.10 64bit, MSBDiskFPSet, DiskStateQueue).
Parsing file /home/heathledger/Documents/ioi/repos/ioi/internal-docs/architecture/protocols/aft/formal/consequence/ConsequenceTraceLifetime.tla
Parsing file /tmp/tlc-1247461895675509291/Naturals.tla (jar:file:/home/heathledger/Documents/ioi/repos/ioi/.internal/formal-cache/tools/tla/tla2tools.jar!/tla2sany/StandardModules/Naturals.tla)
Parsing file /tmp/tlc-1247461895675509291/_TLCTrace.tla (jar:file:/home/heathledger/Documents/ioi/repos/ioi/.internal/formal-cache/tools/tla/tla2tools.jar!/tla2sany/StandardModules/_TLCTrace.tla)
Parsing file /tmp/tlc-1247461895675509291/TLC.tla (jar:file:/home/heathledger/Documents/ioi/repos/ioi/.internal/formal-cache/tools/tla/tla2tools.jar!/tla2sany/StandardModules/TLC.tla)
Parsing file /tmp/tlc-1247461895675509291/TLCExt.tla (jar:file:/home/heathledger/Documents/ioi/repos/ioi/.internal/formal-cache/tools/tla/tla2tools.jar!/tla2sany/StandardModules/TLCExt.tla)
Parsing file /tmp/tlc-1247461895675509291/Sequences.tla (jar:file:/home/heathledger/Documents/ioi/repos/ioi/.internal/formal-cache/tools/tla/tla2tools.jar!/tla2sany/StandardModules/Sequences.tla)
Parsing file /tmp/tlc-1247461895675509291/FiniteSets.tla (jar:file:/home/heathledger/Documents/ioi/repos/ioi/.internal/formal-cache/tools/tla/tla2tools.jar!/tla2sany/StandardModules/FiniteSets.tla)
Parsing file /tmp/tlc-1247461895675509291/Integers.tla (jar:file:/home/heathledger/Documents/ioi/repos/ioi/.internal/formal-cache/tools/tla/tla2tools.jar!/tla2sany/StandardModules/Integers.tla)
Semantic processing of module Naturals
Semantic processing of module Sequences
Semantic processing of module FiniteSets
Semantic processing of module TLC
Semantic processing of module Integers
Semantic processing of module TLCExt
Semantic processing of module _TLCTrace
Semantic processing of module ConsequenceTraceLifetime
Linting of module TLCExt
Linting of module _TLCTrace
Linting of module ConsequenceTraceLifetime
Starting... (2026-09-05 23:58:45)
Computing initial states...
Finished computing initial states: 1 distinct state generated at 2026-09-05 23:58:45.
Model checking completed. No error has been found.
  Estimates of the probability that TLC did not check all reachable states
  because two distinct states had the same fingerprint:
  calculated (optimistic):  val = 9.8E-17
85 states generated, 44 distinct states found, 0 states left on queue.
The depth of the complete state graph search is 10.
The average outdegree of the complete state graph is 1 (minimum is 0, the maximum 3 and the 95th percentile is 3).
Finished in 00s at (2026-09-05 23:58:45)
TLC2 Version 2026.08.11.125311 (rev: 0894c34)
Warning: Please run the Java VM, which executes TLC with a throughput optimized garbage collector, by passing the "-XX:+UseParallelGC" property.
(Use the -nowarning option to disable this warning.)
Running breadth-first search Model-Checking with fp 49 and seed 7166380545338027274 with 1 worker on 24 cores with 24000MB heap and 64MB offheap memory [pid: 2380852] (Linux 6.17.9-76061709-generic amd64, Ubuntu 21.0.10 64bit, MSBDiskFPSet, DiskStateQueue).
Parsing file /tmp/tmp.mDQz3322xK/ConsequenceTraceLifetime.tla
Parsing file /tmp/tlc-6613169509156551699/Naturals.tla (jar:file:/home/heathledger/Documents/ioi/repos/ioi/.internal/formal-cache/tools/tla/tla2tools.jar!/tla2sany/StandardModules/Naturals.tla)
Parsing file /tmp/tlc-6613169509156551699/_TLCTrace.tla (jar:file:/home/heathledger/Documents/ioi/repos/ioi/.internal/formal-cache/tools/tla/tla2tools.jar!/tla2sany/StandardModules/_TLCTrace.tla)
Parsing file /tmp/tlc-6613169509156551699/TLC.tla (jar:file:/home/heathledger/Documents/ioi/repos/ioi/.internal/formal-cache/tools/tla/tla2tools.jar!/tla2sany/StandardModules/TLC.tla)
Parsing file /tmp/tlc-6613169509156551699/TLCExt.tla (jar:file:/home/heathledger/Documents/ioi/repos/ioi/.internal/formal-cache/tools/tla/tla2tools.jar!/tla2sany/StandardModules/TLCExt.tla)
Parsing file /tmp/tlc-6613169509156551699/Sequences.tla (jar:file:/home/heathledger/Documents/ioi/repos/ioi/.internal/formal-cache/tools/tla/tla2tools.jar!/tla2sany/StandardModules/Sequences.tla)
Parsing file /tmp/tlc-6613169509156551699/FiniteSets.tla (jar:file:/home/heathledger/Documents/ioi/repos/ioi/.internal/formal-cache/tools/tla/tla2tools.jar!/tla2sany/StandardModules/FiniteSets.tla)
Parsing file /tmp/tlc-6613169509156551699/Integers.tla (jar:file:/home/heathledger/Documents/ioi/repos/ioi/.internal/formal-cache/tools/tla/tla2tools.jar!/tla2sany/StandardModules/Integers.tla)
Semantic processing of module Naturals
Semantic processing of module Sequences
Semantic processing of module FiniteSets
Semantic processing of module TLC
Semantic processing of module Integers
Semantic processing of module TLCExt
Semantic processing of module _TLCTrace
Semantic processing of module ConsequenceTraceLifetime
Linting of module TLCExt
Linting of module _TLCTrace
Linting of module ConsequenceTraceLifetime
Starting... (2026-09-05 23:58:46)
Computing initial states...
Finished computing initial states: 1 distinct state generated at 2026-09-05 23:58:46.
Error: Invariant TraceBound is violated.
Error: The behavior up to this point is:
State 1: <Initial predicate>
/\ used = 0
/\ reserved = 0
/\ trace = 1
/\ phase = "Authorized"
/\ ready = FALSE

State 2: <Claim line 7, col 10 to line 8, col 47 of module ConsequenceTraceLifetime>
/\ used = 0
/\ reserved = 0
/\ trace = 2
/\ phase = "Claimed"
/\ ready = FALSE

State 3: <Start line 9, col 10 to line 10, col 47 of module ConsequenceTraceLifetime>
/\ used = 0
/\ reserved = 0
/\ trace = 3
/\ phase = "InFlight"
/\ ready = FALSE

State 4: <Outcome line 11, col 12 to line 12, col 71 of module ConsequenceTraceLifetime>
/\ used = 0
/\ reserved = 0
/\ trace = 4
/\ phase = "Unknown"
/\ ready = FALSE

State 5: <Reserve line 13, col 12 to line 14, col 91 of module ConsequenceTraceLifetime>
/\ used = 0
/\ reserved = 1
/\ trace = 4
/\ phase = "Unknown"
/\ ready = TRUE

State 6: <Lookup line 15, col 11 to line 18, col 55 of module ConsequenceTraceLifetime>
/\ used = 1
/\ reserved = 1
/\ trace = 5
/\ phase = "Unknown"
/\ ready = TRUE

State 7: <Lookup line 15, col 11 to line 18, col 55 of module ConsequenceTraceLifetime>
/\ used = 2
/\ reserved = 1
/\ trace = 6
/\ phase = "Unknown"
/\ ready = TRUE

State 8: <Lookup line 15, col 11 to line 18, col 55 of module ConsequenceTraceLifetime>
/\ used = 3
/\ reserved = 1
/\ trace = 7
/\ phase = "Unknown"
/\ ready = TRUE

State 9: <Lookup line 15, col 11 to line 18, col 55 of module ConsequenceTraceLifetime>
/\ used = 4
/\ reserved = 1
/\ trace = 8
/\ phase = "Unknown"
/\ ready = TRUE

62 states generated, 44 distinct states found, 14 states left on queue.
The depth of the complete state graph search is 9.
Finished in 00s at (2026-09-05 23:58:46)
Trace exploration spec path: ./ConsequenceTraceLifetime_TTrace_1788667125.tla
expected counterexample observed: ConsequenceTraceLifetime.tla: Invariant TraceBound is violated
