START core 2026-09-06T03:53:21.667196+00:00
DONE core 0
START consequence 2026-09-06T03:56:04.840685+00:00
DONE consequence 0
START types 2026-09-06T03:56:09.024102+00:00
DONE types 0
START runtime 2026-09-06T03:56:57.228006+00:00
DONE runtime 0
START executor 2026-09-06T03:57:57.755904+00:00
DONE executor 0
START cli 2026-09-06T03:57:58.189604+00:00
DONE cli 0
START format 2026-09-06T03:58:36.797312+00:00
DONE format 0
START syntax 2026-09-06T03:58:45.252087+00:00
DONE syntax 0
START formal 2026-09-06T03:58:45.253953+00:00
DONE formal 0
START endpoint-syscalls 2026-09-06T03:58:46.328628+00:00
DONE endpoint-syscalls 0
START receipt-syscalls 2026-09-06T03:58:50.281272+00:00
DONE receipt-syscalls 0
START reserved-index-proof 2026-09-06T03:58:53.035998+00:00
DONE reserved-index-proof 0
START reservation-proof 2026-09-06T03:58:54.380523+00:00
DONE reservation-proof 0
START t10 2026-09-06T03:58:55.792667+00:00
DONE t10 0
