    Checking icu_normalizer v2.1.1
    Checking netlink-proto v0.11.5
    Checking zvariant v3.15.2
    Checking hyper v1.8.1
    Checking tracing-subscriber v0.3.22
    Checking selectors v0.22.0
    Checking tokio-stream v0.1.18
    Checking ioi-memory v0.1.0 (/home/heathledger/Documents/ioi/repos/ioi/crates/memory)
    Checking selectors v0.25.0
    Checking lopdf v0.38.0
    Checking fxprof-processed-profile v0.6.0
    Checking wasmtime-cache v21.0.2
    Checking wasm-metadata v0.10.20
    Checking wit-parser v0.14.0
    Checking wasm-metadata v0.201.0
    Checking wit-parser v0.201.0
    Checking rtnetlink v0.13.1
    Checking idna_adapter v1.2.1
    Checking idna v1.1.0
    Checking wasmtime v21.0.2
    Checking kuchiki v0.8.1
    Checking tonic v0.11.0
    Checking hyper-util v0.1.20
    Checking if-watch v3.2.1
    Checking url v2.5.8
    Checking scraper v0.18.1
    Checking zbus_names v2.6.1
    Checking multiaddr v0.18.2
    Checking hickory-proto v0.24.4
    Checking reqwest v0.11.27
    Checking http-types v2.12.0
    Checking async-native-tls v0.3.3
    Checking tungstenite v0.20.1
    Checking lettre v0.11.19
    Checking wit-component v0.201.0
    Checking zbus v3.15.2
    Checking wit-component v0.21.0
    Checking libp2p-core v0.41.3
    Checking async-tungstenite v0.23.0
    Checking axum v0.7.9
    Checking hyperlocal-next v0.9.0
    Checking bollard v0.16.1
    Checking chromiumoxide v0.5.7
    Checking pdf-extract v0.10.0
    Checking async-h1 v2.3.4
    Checking libp2p-swarm v0.44.2
    Checking libp2p-noise v0.44.0
    Checking libp2p-yamux v0.45.2
    Checking libp2p-tcp v0.41.0
    Checking http-client v6.5.3
    Checking surf v2.3.2
    Checking libp2p-gossipsub v0.46.1
    Checking libp2p-mdns v0.45.1
    Checking libp2p-allow-block-list v0.3.0
    Checking libp2p-request-response v0.26.3
    Checking libp2p-ping v0.44.1
    Checking libp2p-connection-limits v0.3.1
    Checking libp2p-identify v0.44.2
    Checking chromiumoxide_fetcher v0.5.3
    Checking ioi-telemetry v0.1.0 (/home/heathledger/Documents/ioi/repos/ioi/crates/telemetry)
    Checking libp2p v0.53.2
    Checking ioi-types v0.1.0 (/home/heathledger/Documents/ioi/repos/ioi/crates/types)
    Checking atspi-common v0.3.0
    Checking wiggle v21.0.2
    Checking wasmtime-wasi v21.0.2
    Checking atspi-proxies v0.3.0
    Checking atspi-connection v0.3.0
    Checking atspi v0.19.0
warning: structure field `runtimeTruthSource` should have a snake case name
    --> crates/types/src/app/generated/architecture_contracts.rs:5223:9
     |
5223 |     pub runtimeTruthSource: Option<GoalRunV1RuntimeTruthSource>,
     |         ^^^^^^^^^^^^^^^^^^ help: convert the identifier to snake case: `runtime_truth_source`
     |
     = note: `#[warn(non_snake_case)]` (part of `#[warn(nonstandard_style)]`) on by default

warning: structure field `runtimeTruthSource` should have a snake case name
    --> crates/types/src/app/generated/architecture_contracts.rs:9220:9
     |
9220 |     pub runtimeTruthSource: ArtifactAvailabilityIncidentOperationV1RuntimeTruthSource,
     |         ^^^^^^^^^^^^^^^^^^ help: convert the identifier to snake case: `runtime_truth_source`

warning: structure field `agentgresTruthSource` should have a snake case name
    --> crates/types/src/app/generated/architecture_contracts.rs:9221:9
     |
9221 |     pub agentgresTruthSource: ArtifactAvailabilityIncidentOperationV1AgentgresTruthSource,
     |         ^^^^^^^^^^^^^^^^^^^^ help: convert the identifier to snake case: `agentgres_truth_source`

warning: structure field `runtimeTruthSource` should have a snake case name
    --> crates/types/src/app/generated/architecture_contracts.rs:9480:9
     |
9480 |     pub runtimeTruthSource: ArtifactAvailabilityIncidentV1RuntimeTruthSource,
     |         ^^^^^^^^^^^^^^^^^^ help: convert the identifier to snake case: `runtime_truth_source`

warning: structure field `runtimeTruthSource` should have a snake case name
    --> crates/types/src/app/generated/architecture_contracts.rs:9718:9
     |
9718 |     pub runtimeTruthSource: ArtifactAvailabilityIncidentV1AgentgresOperationRuntimeTruthSource,
     |         ^^^^^^^^^^^^^^^^^^ help: convert the identifier to snake case: `runtime_truth_source`

warning: structure field `agentgresTruthSource` should have a snake case name
    --> crates/types/src/app/generated/architecture_contracts.rs:9719:9
     |
9719 |     pub agentgresTruthSource: ArtifactAvailabilityIncidentV1AgentgresOperationAgentgresTruthSource,
     |         ^^^^^^^^^^^^^^^^^^^^ help: convert the identifier to snake case: `agentgres_truth_source`

warning: structure field `requiresDaemonGate` should have a snake case name
     --> crates/types/src/app/generated/architecture_contracts.rs:26731:9
      |
26731 |     pub requiresDaemonGate: HarnessSessionBindingAdmissionV1RequiresDaemonGate,
      |         ^^^^^^^^^^^^^^^^^^ help: convert the identifier to snake case: `requires_daemon_gate`

warning: structure field `runtimeTruthSource` should have a snake case name
     --> crates/types/src/app/generated/architecture_contracts.rs:26732:9
      |
26732 |     pub runtimeTruthSource: HarnessSessionBindingAdmissionV1RuntimeTruthSource,
      |         ^^^^^^^^^^^^^^^^^^ help: convert the identifier to snake case: `runtime_truth_source`

warning: structure field `runtimeTruthSource` should have a snake case name
     --> crates/types/src/app/generated/architecture_contracts.rs:27154:9
      |
27154 |     pub runtimeTruthSource: HarnessSessionBindingV1RuntimeTruthSource,
      |         ^^^^^^^^^^^^^^^^^^ help: convert the identifier to snake case: `runtime_truth_source`

warning: structure field `requiresDaemonGate` should have a snake case name
     --> crates/types/src/app/generated/architecture_contracts.rs:27566:9
      |
27566 |     pub requiresDaemonGate: HarnessSessionReadinessV1RequiresDaemonGate,
      |         ^^^^^^^^^^^^^^^^^^ help: convert the identifier to snake case: `requires_daemon_gate`

warning: structure field `runtimeTruthSource` should have a snake case name
     --> crates/types/src/app/generated/architecture_contracts.rs:27567:9
      |
27567 |     pub runtimeTruthSource: HarnessSessionReadinessV1RuntimeTruthSource,
      |         ^^^^^^^^^^^^^^^^^^ help: convert the identifier to snake case: `runtime_truth_source`

warning: structure field `requiresDaemonGate` should have a snake case name
     --> crates/types/src/app/generated/architecture_contracts.rs:27844:9
      |
27844 |     pub requiresDaemonGate: HarnessSessionSpawnV1RequiresDaemonGate,
      |         ^^^^^^^^^^^^^^^^^^ help: convert the identifier to snake case: `requires_daemon_gate`

warning: structure field `runtimeTruthSource` should have a snake case name
     --> crates/types/src/app/generated/architecture_contracts.rs:27845:9
      |
27845 |     pub runtimeTruthSource: HarnessSessionSpawnV1RuntimeTruthSource,
      |         ^^^^^^^^^^^^^^^^^^ help: convert the identifier to snake case: `runtime_truth_source`

warning: structure field `requiresDaemonGate` should have a snake case name
     --> crates/types/src/app/generated/architecture_contracts.rs:28316:9
      |
28316 |     pub requiresDaemonGate: HarnessSessionTerminalAttachV1RequiresDaemonGate,
      |         ^^^^^^^^^^^^^^^^^^ help: convert the identifier to snake case: `requires_daemon_gate`

warning: structure field `runtimeTruthSource` should have a snake case name
     --> crates/types/src/app/generated/architecture_contracts.rs:28317:9
      |
28317 |     pub runtimeTruthSource: HarnessSessionTerminalAttachV1RuntimeTruthSource,
      |         ^^^^^^^^^^^^^^^^^^ help: convert the identifier to snake case: `runtime_truth_source`

warning: structure field `runtimeTruthSource` should have a snake case name
     --> crates/types/src/app/generated/architecture_contracts.rs:28756:9
      |
28756 |     pub runtimeTruthSource:
      |         ^^^^^^^^^^^^^^^^^^ help: convert the identifier to snake case: `runtime_truth_source`

warning: structure field `requiresDaemonGate` should have a snake case name
     --> crates/types/src/app/generated/architecture_contracts.rs:31709:9
      |
31709 |     pub requiresDaemonGate: HypervisorSessionLaunchRecipeAdmissionV1RequiresDaemonGate,
      |         ^^^^^^^^^^^^^^^^^^ help: convert the identifier to snake case: `requires_daemon_gate`

warning: structure field `runtimeTruthSource` should have a snake case name
     --> crates/types/src/app/generated/architecture_contracts.rs:31710:9
      |
31710 |     pub runtimeTruthSource: HypervisorSessionLaunchRecipeAdmissionV1RuntimeTruthSource,
      |         ^^^^^^^^^^^^^^^^^^ help: convert the identifier to snake case: `runtime_truth_source`

warning: structure field `runtimeTruthSource` should have a snake case name
     --> crates/types/src/app/generated/architecture_contracts.rs:93444:9
      |
93444 |     pub runtimeTruthSource: ManagedWorkerInstanceStateV1LastTransitionAdmissionRuntimeTruthSource,
      |         ^^^^^^^^^^^^^^^^^^ help: convert the identifier to snake case: `runtime_truth_source`

warning: `ioi-types` (lib) generated 19 warnings
    Checking ioi-api v0.1.0 (/home/heathledger/Documents/ioi/repos/ioi/crates/api)
    Checking ioi-pii v0.1.0 (/home/heathledger/Documents/ioi/repos/ioi/crates/pii)
    Checking ioi-crypto v0.1.0 (/home/heathledger/Documents/ioi/repos/ioi/crates/crypto)
    Checking ioi-storage v0.1.0 (/home/heathledger/Documents/ioi/repos/ioi/crates/storage)
    Checking zk-driver-succinct v0.1.0 (/home/heathledger/Documents/ioi/repos/ioi/crates/plugins/zk-driver-succinct)
    Checking ioi-system v0.1.0 (/home/heathledger/Documents/ioi/repos/ioi/crates/system)
warning: unused variable: `public_inputs`
   --> crates/plugins/zk-driver-succinct/src/lib.rs:121:9
    |
121 |         public_inputs: &CanonicalCollapseContinuityPublicInputs,
    |         ^^^^^^^^^^^^^ help: if this is intentional, prefix it with an underscore: `_public_inputs`
    |
    = note: `#[warn(unused_variables)]` (part of `#[warn(unused)]`) on by default

warning: `zk-driver-succinct` (lib) generated 1 warning (run `cargo fix --lib -p zk-driver-succinct` to apply 1 suggestion)
    Checking ioi-finality v0.1.0 (/home/heathledger/Documents/ioi/repos/ioi/crates/ioi-finality)
    Checking ioi-drivers v0.1.0 (/home/heathledger/Documents/ioi/repos/ioi/crates/drivers)
    Checking ioi-ipc v0.2.0 (/home/heathledger/Documents/ioi/repos/ioi/crates/ipc)
    Checking ioi-state v0.1.0 (/home/heathledger/Documents/ioi/repos/ioi/crates/state)
    Checking agentgres v0.1.0 (/home/heathledger/Documents/ioi/repos/ioi/crates/agentgres)
warning: unused doc comment
   --> crates/agentgres/src/event_stream.rs:229:1
    |
229 | / /// Confirm the substrate log is durable on disk.
230 | | ///
231 | | /// The fault-injection hook travels WITH the discipline: a durability
232 | | /// confirmation whose failure path is unreachable in test is a confirmation
...   |
235 | | /// pre-lift implementation so the M4 fault-injection proofs keep exercising
236 | | /// this exact path.
    | |_-------------------^
    |   |
    |   rustdoc does not generate documentation for macro invocations
    |
    = help: to document an item produced by a macro, the macro must produce the documentation as part of its expansion
    = note: `#[warn(unused_doc_comments)]` (part of `#[warn(unused)]`) on by default

    Checking ioi-client v0.2.0 (/home/heathledger/Documents/ioi/repos/ioi/crates/client)
warning: `agentgres` (lib) generated 1 warning
    Checking ioi-services v0.1.0 (/home/heathledger/Documents/ioi/repos/ioi/crates/services)
    Checking ioi-vm-wasm v0.1.0 (/home/heathledger/Documents/ioi/repos/ioi/crates/vm/wasm)
warning: unused imports: `chat_reply_looks_like_source_candidate_list`, `chat_reply_looks_like_tool_plan`, and `workspace_chat_reply_looks_terminal`
  --> crates/services/src/agentic/runtime/service/tool_execution/processing/phases/execute_tool_phase/tool_outcome.rs:23:5
   |
23 |     chat_reply_looks_like_source_candidate_list, chat_reply_looks_like_tool_plan,
   |     ^^^^^^^^^^^^^^^^^^^^^^^^^^^^^^^^^^^^^^^^^^^  ^^^^^^^^^^^^^^^^^^^^^^^^^^^^^^^
24 |     file_mutation_policy_action_report_candidate, goal_requires_fresh_retrieval_before_chat_reply,
25 |     source_candidate_chat_reply_blocker, workspace_chat_reply_looks_terminal,
   |                                          ^^^^^^^^^^^^^^^^^^^^^^^^^^^^^^^^^^^
   |
   = note: `#[warn(unused_imports)]` (part of `#[warn(unused)]`) on by default

warning: unused imports: `HandoverAcceptance` and `HandoverApproval`
   --> crates/services/src/guardian_registry/mod.rs:107:55
    |
107 |     GuardianWitnessFaultEvidence, GuardianWitnessSet, HandoverAcceptance, HandoverApproval,
    |                                                       ^^^^^^^^^^^^^^^^^^  ^^^^^^^^^^^^^^^^

warning: unused import: `require_identity`
 --> crates/services/src/wallet_network/handlers/identity.rs:6:46
  |
6 |     is_encrypted_secret_payload, load_typed, require_identity, store_typed,
  |                                              ^^^^^^^^^^^^^^^^

warning: function `append_event_line` is never used
   --> crates/services/src/agentic/runtime/event_log_bridge.rs:233:4
    |
233 | fn append_event_line(state_dir: &str, event_stream_id: &str, event: &Value) -> Result<(), String> {
    |    ^^^^^^^^^^^^^^^^^
    |
    = note: `#[warn(dead_code)]` (part of `#[warn(unused)]`) on by default

warning: method `to_value` is never used
   --> crates/services/src/agentic/runtime/kernel/repository_workflow.rs:195:8
    |
194 | impl RepositoryWorkflowProjectionRecord {
    | --------------------------------------- method in this implementation
195 |     fn to_value(&self) -> Value {
    |        ^^^^^^^^

warning: function `set_array_strings` is never used
   --> crates/services/src/agentic/runtime/kernel/runtime_conversation_artifact_control.rs:570:4
    |
570 | fn set_array_strings(value: &mut Value, key: &str, values: &[String]) {
    |    ^^^^^^^^^^^^^^^^^

warning: method `to_value` is never used
   --> crates/services/src/agentic/runtime/kernel/runtime_lifecycle.rs:196:8
    |
195 | impl RuntimeLifecycleProjectionRecord {
    | ------------------------------------- method in this implementation
196 |     fn to_value(&self) -> Value {
    |        ^^^^^^^^

warning: method `to_value` is never used
   --> crates/services/src/agentic/runtime/kernel/runtime_mcp_serve.rs:635:8
    |
634 | impl RuntimeMcpServeToolCallPlanRecord {
    | -------------------------------------- method in this implementation
635 |     fn to_value(&self) -> Value {
    |        ^^^^^^^^

warning: method `to_value` is never used
   --> crates/services/src/agentic/runtime/kernel/runtime_mcp_serve.rs:664:8
    |
663 | impl RuntimeMcpServeToolResultProjectionRecord {
    | ---------------------------------------------- method in this implementation
664 |     fn to_value(&self) -> Value {
    |        ^^^^^^^^

warning: method `to_value` is never used
   --> crates/services/src/agentic/runtime/kernel/runtime_tool_catalog.rs:144:8
    |
143 | impl RuntimeToolCatalogProjectionRecord {
    | --------------------------------------- method in this implementation
144 |     fn to_value(&self) -> Value {
    |        ^^^^^^^^

warning: method `to_value` is never used
   --> crates/services/src/agentic/runtime/kernel/skill_hook_registry.rs:137:8
    |
136 | impl SkillHookRegistryProjectionRecord {
    | -------------------------------------- method in this implementation
137 |     fn to_value(&self) -> Value {
    |        ^^^^^^^^

warning: function `require_identity` is never used
  --> crates/services/src/wallet_network/support.rs:25:15
   |
25 | pub(super) fn require_identity(state: &dyn StateAccess) -> Result<VaultIdentity, TransactionError> {
   |               ^^^^^^^^^^^^^^^^

warning: `ioi-services` (lib) generated 12 warnings (run `cargo fix --lib -p ioi-services` to apply 3 suggestions)
    Checking ioi-tx v0.1.0 (/home/heathledger/Documents/ioi/repos/ioi/crates/tx)
    Checking ioi-consensus v0.1.0 (/home/heathledger/Documents/ioi/repos/ioi/crates/consensus)
warning: unused imports: `AnchoredRegenesisRoot`, `LineageRelation`, and `lineage_relation`
  --> crates/consensus/src/aft/adversarial_campaigns.rs:15:5
   |
15 |     lineage_relation, AnchoredRegenesisRoot, BoundaryRingConfig, LineageRelation,
   |     ^^^^^^^^^^^^^^^^  ^^^^^^^^^^^^^^^^^^^^^                      ^^^^^^^^^^^^^^^
   |
   = note: `#[warn(unused_imports)]` (part of `#[warn(unused)]`) on by default

warning: function `honest_ring` is never used
  --> crates/consensus/src/aft/adversarial_campaigns.rs:73:15
   |
73 | pub(crate) fn honest_ring(members: &[u8]) -> BoundaryRingMembershipSim {
   |               ^^^^^^^^^^^
   |
   = note: `#[warn(dead_code)]` (part of `#[warn(unused)]`) on by default

warning: `ioi-consensus` (lib) generated 2 warnings (run `cargo fix --lib -p ioi-consensus` to apply 1 suggestion)
    Checking ioi-execution v0.1.0 (/home/heathledger/Documents/ioi/repos/ioi/crates/execution)
    Checking ioi-networking v0.1.0 (/home/heathledger/Documents/ioi/repos/ioi/crates/networking)
    Checking ioi-validator v0.1.0 (/home/heathledger/Documents/ioi/repos/ioi/crates/validator)
    Checking ioi-cli v0.1.0 (/home/heathledger/Documents/ioi/repos/ioi/crates/cli)
    Finished `dev` profile [unoptimized + debuginfo] target(s) in 2m 09s
