census OK: 59 modules = 46 executed + 13 manifest-marked (manual)
TLC2 Version 2026.08.11.125311 (rev: 0894c34)
Warning: Please run the Java VM, which executes TLC with a throughput optimized garbage collector, by passing the "-XX:+UseParallelGC" property.
(Use the -nowarning option to disable this warning.)
Running breadth-first search Model-Checking with fp 94 and seed -5125152606554712504 with 1 worker on 24 cores with 24000MB heap and 64MB offheap memory [pid: 651957] (Linux 6.17.9-76061709-generic amd64, Ubuntu 21.0.10 64bit, MSBDiskFPSet, DiskStateQueue).
Parsing file /home/heathledger/Documents/ioi/repos/ioi/internal-docs/architecture/protocols/aft/formal/concurrency/PostCommitLockOrder.tla
Parsing file /tmp/tlc-11057460616123343266/Naturals.tla (jar:file:/home/heathledger/Documents/ioi/repos/ioi/.internal/formal-cache/tools/tla/tla2tools.jar!/tla2sany/StandardModules/Naturals.tla)
Parsing file /tmp/tlc-11057460616123343266/_TLCTrace.tla (jar:file:/home/heathledger/Documents/ioi/repos/ioi/.internal/formal-cache/tools/tla/tla2tools.jar!/tla2sany/StandardModules/_TLCTrace.tla)
Parsing file /tmp/tlc-11057460616123343266/TLC.tla (jar:file:/home/heathledger/Documents/ioi/repos/ioi/.internal/formal-cache/tools/tla/tla2tools.jar!/tla2sany/StandardModules/TLC.tla)
Parsing file /tmp/tlc-11057460616123343266/TLCExt.tla (jar:file:/home/heathledger/Documents/ioi/repos/ioi/.internal/formal-cache/tools/tla/tla2tools.jar!/tla2sany/StandardModules/TLCExt.tla)
Parsing file /tmp/tlc-11057460616123343266/Sequences.tla (jar:file:/home/heathledger/Documents/ioi/repos/ioi/.internal/formal-cache/tools/tla/tla2tools.jar!/tla2sany/StandardModules/Sequences.tla)
Parsing file /tmp/tlc-11057460616123343266/FiniteSets.tla (jar:file:/home/heathledger/Documents/ioi/repos/ioi/.internal/formal-cache/tools/tla/tla2tools.jar!/tla2sany/StandardModules/FiniteSets.tla)
Parsing file /tmp/tlc-11057460616123343266/Integers.tla (jar:file:/home/heathledger/Documents/ioi/repos/ioi/.internal/formal-cache/tools/tla/tla2tools.jar!/tla2sany/StandardModules/Integers.tla)
Semantic processing of module Naturals
Semantic processing of module Sequences
Semantic processing of module FiniteSets
Semantic processing of module TLC
Semantic processing of module Integers
Semantic processing of module TLCExt
Semantic processing of module _TLCTrace
Semantic processing of module PostCommitLockOrder
Linting of module TLCExt
Linting of module _TLCTrace
Linting of module PostCommitLockOrder
Starting... (2026-09-05 08:17:11)
Implied-temporal checking--satisfiability problem has 1 branches.
Computing initial states...
Finished computing initial states: 1 distinct state generated at 2026-09-05 08:17:11.
Progress(8) at 2026-09-05 08:17:11: 22 states generated, 17 distinct states found, 0 states left on queue.
Checking temporal properties for the complete state space with 17 total distinct states at (2026-09-05 08:17:11)
Finished checking temporal properties in 00s at 2026-09-05 08:17:11
Model checking completed. No error has been found.
  Estimates of the probability that TLC did not check all reachable states
  because two distinct states had the same fingerprint:
  calculated (optimistic):  val = 4.6E-18
22 states generated, 17 distinct states found, 0 states left on queue.
The depth of the complete state graph search is 8.
The average outdegree of the complete state graph is 1 (minimum is 0, the maximum 2 and the 95th percentile is 2).
Finished in 00s at (2026-09-05 08:17:11)
TLC2 Version 2026.08.11.125311 (rev: 0894c34)
Warning: Please run the Java VM, which executes TLC with a throughput optimized garbage collector, by passing the "-XX:+UseParallelGC" property.
(Use the -nowarning option to disable this warning.)
Running breadth-first search Model-Checking with fp 94 and seed -3716939586949650693 with 1 worker on 24 cores with 24000MB heap and 64MB offheap memory [pid: 652206] (Linux 6.17.9-76061709-generic amd64, Ubuntu 21.0.10 64bit, MSBDiskFPSet, DiskStateQueue).
Parsing file /tmp/tmp.Os20HH1TFc/PostCommitLockOrder.tla
Parsing file /tmp/tlc-18257351104727704095/Naturals.tla (jar:file:/home/heathledger/Documents/ioi/repos/ioi/.internal/formal-cache/tools/tla/tla2tools.jar!/tla2sany/StandardModules/Naturals.tla)
Parsing file /tmp/tlc-18257351104727704095/_TLCTrace.tla (jar:file:/home/heathledger/Documents/ioi/repos/ioi/.internal/formal-cache/tools/tla/tla2tools.jar!/tla2sany/StandardModules/_TLCTrace.tla)
Parsing file /tmp/tlc-18257351104727704095/TLC.tla (jar:file:/home/heathledger/Documents/ioi/repos/ioi/.internal/formal-cache/tools/tla/tla2tools.jar!/tla2sany/StandardModules/TLC.tla)
Parsing file /tmp/tlc-18257351104727704095/TLCExt.tla (jar:file:/home/heathledger/Documents/ioi/repos/ioi/.internal/formal-cache/tools/tla/tla2tools.jar!/tla2sany/StandardModules/TLCExt.tla)
Parsing file /tmp/tlc-18257351104727704095/Sequences.tla (jar:file:/home/heathledger/Documents/ioi/repos/ioi/.internal/formal-cache/tools/tla/tla2tools.jar!/tla2sany/StandardModules/Sequences.tla)
Parsing file /tmp/tlc-18257351104727704095/FiniteSets.tla (jar:file:/home/heathledger/Documents/ioi/repos/ioi/.internal/formal-cache/tools/tla/tla2tools.jar!/tla2sany/StandardModules/FiniteSets.tla)
Parsing file /tmp/tlc-18257351104727704095/Integers.tla (jar:file:/home/heathledger/Documents/ioi/repos/ioi/.internal/formal-cache/tools/tla/tla2tools.jar!/tla2sany/StandardModules/Integers.tla)
Semantic processing of module Naturals
Semantic processing of module Sequences
Semantic processing of module FiniteSets
Semantic processing of module TLC
Semantic processing of module Integers
Semantic processing of module TLCExt
Semantic processing of module _TLCTrace
Semantic processing of module PostCommitLockOrder
Linting of module TLCExt
Linting of module _TLCTrace
Linting of module PostCommitLockOrder
Starting... (2026-09-05 08:17:12)
Implied-temporal checking--satisfiability problem has 1 branches.
Computing initial states...
Finished computing initial states: 1 distinct state generated at 2026-09-05 08:17:12.
Error: Invariant NoCircularWait is violated.
Error: The behavior up to this point is:
State 1: <Initial predicate>
/\ contextOwner = "none"
/\ f = 0
/\ s = 0
/\ nodeOwner = "none"

State 2: <Finalizer line 10, col 8 to line 12, col 39 of module PostCommitLockOrder>
/\ contextOwner = "none"
/\ f = 1
/\ s = 0
/\ nodeOwner = "F"

State 3: <Finalizer line 13, col 8 to line 15, col 49 of module PostCommitLockOrder>
/\ contextOwner = "none"
/\ f = 2
/\ s = 0
/\ nodeOwner = "F"

State 4: <Sync line 24, col 8 to line 26, col 36 of module PostCommitLockOrder>
/\ contextOwner = "S"
/\ f = 2
/\ s = 1
/\ nodeOwner = "F"

9 states generated, 8 distinct states found, 3 states left on queue.
The depth of the complete state graph search is 4.
Finished in 00s at (2026-09-05 08:17:12)
Trace exploration spec path: ./PostCommitLockOrder_TTrace_1788610631.tla
expected counterexample observed: PostCommitLockOrder.tla: Invariant NoCircularWait is violated
