TLC2 Version 2026.08.11.125311 (rev: 0894c34)
Warning: Please run the Java VM, which executes TLC with a throughput optimized garbage collector, by passing the "-XX:+UseParallelGC" property.
(Use the -nowarning option to disable this warning.)
Running breadth-first search Model-Checking with fp 77 and seed 9109781401947919806 with 1 worker on 24 cores with 24000MB heap and 64MB offheap memory [pid: 487662] (Linux 6.17.9-76061709-generic amd64, Ubuntu 21.0.10 64bit, MSBDiskFPSet, DiskStateQueue).
Parsing file /home/heathledger/Documents/ioi/repos/ioi/internal-docs/architecture/protocols/aft/evidence/m17q-r1-post-commit-lock-order-2026-09-05/lock-model/PostCommitLockOrder.tla
Parsing file /tmp/tlc-10694623432859567380/Naturals.tla (jar:file:/home/heathledger/Documents/ioi/repos/ioi/.internal/formal-cache/tools/tla/tla2tools.jar!/tla2sany/StandardModules/Naturals.tla)
Parsing file /tmp/tlc-10694623432859567380/_TLCTrace.tla (jar:file:/home/heathledger/Documents/ioi/repos/ioi/.internal/formal-cache/tools/tla/tla2tools.jar!/tla2sany/StandardModules/_TLCTrace.tla)
Parsing file /tmp/tlc-10694623432859567380/TLC.tla (jar:file:/home/heathledger/Documents/ioi/repos/ioi/.internal/formal-cache/tools/tla/tla2tools.jar!/tla2sany/StandardModules/TLC.tla)
Parsing file /tmp/tlc-10694623432859567380/TLCExt.tla (jar:file:/home/heathledger/Documents/ioi/repos/ioi/.internal/formal-cache/tools/tla/tla2tools.jar!/tla2sany/StandardModules/TLCExt.tla)
Parsing file /tmp/tlc-10694623432859567380/Sequences.tla (jar:file:/home/heathledger/Documents/ioi/repos/ioi/.internal/formal-cache/tools/tla/tla2tools.jar!/tla2sany/StandardModules/Sequences.tla)
Parsing file /tmp/tlc-10694623432859567380/FiniteSets.tla (jar:file:/home/heathledger/Documents/ioi/repos/ioi/.internal/formal-cache/tools/tla/tla2tools.jar!/tla2sany/StandardModules/FiniteSets.tla)
Parsing file /tmp/tlc-10694623432859567380/Integers.tla (jar:file:/home/heathledger/Documents/ioi/repos/ioi/.internal/formal-cache/tools/tla/tla2tools.jar!/tla2sany/StandardModules/Integers.tla)
Semantic processing of module Naturals
Semantic processing of module Sequences
Semantic processing of module FiniteSets
Semantic processing of module TLC
Semantic processing of module Integers
Semantic processing of module TLCExt
Semantic processing of module _TLCTrace
Semantic processing of module PostCommitLockOrder
Linting of module TLCExt
Linting of module _TLCTrace
Linting of module PostCommitLockOrder
Starting... (2026-09-05 08:08:34)
Implied-temporal checking--satisfiability problem has 1 branches.
Computing initial states...
Finished computing initial states: 1 distinct state generated at 2026-09-05 08:08:35.
Error: Invariant NoCircularWait is violated.
Error: The behavior up to this point is:
State 1: <Initial predicate>
/\ contextOwner = "none"
/\ f = 0
/\ s = 0
/\ nodeOwner = "none"

State 2: <Finalizer line 10, col 8 to line 12, col 39 of module PostCommitLockOrder>
/\ contextOwner = "none"
/\ f = 1
/\ s = 0
/\ nodeOwner = "F"

State 3: <Finalizer line 13, col 8 to line 15, col 49 of module PostCommitLockOrder>
/\ contextOwner = "none"
/\ f = 2
/\ s = 0
/\ nodeOwner = "F"

State 4: <Sync line 24, col 8 to line 26, col 36 of module PostCommitLockOrder>
/\ contextOwner = "S"
/\ f = 2
/\ s = 1
/\ nodeOwner = "F"

9 states generated, 8 distinct states found, 3 states left on queue.
The depth of the complete state graph search is 4.
Finished in 00s at (2026-09-05 08:08:35)
Trace exploration spec path: ./PostCommitLockOrder_TTrace_1788610114.tla
