census OK: 79 modules = 66 executed + 13 manifest-marked (manual)
(* fingerprints file ".tlacache/ConsequenceTraceLifetimeProof.tlaps/fingerprints" removed *)
(* created new ".tlacache/ConsequenceTraceLifetimeProof.tlaps/ConsequenceTraceLifetimeProof.thy" *)
(* fingerprints written in ".tlacache/ConsequenceTraceLifetimeProof.tlaps/fingerprints" *)
File "./ConsequenceTraceLifetimeProof.tla", line 27, characters 3-4:
[ERROR]: Could not prove or check:
           ASSUME NEW CONSTANT Limit,
                  NEW CONSTANT ReuseLookup,
                  NEW VARIABLE phase,
                  NEW VARIABLE trace,
                  NEW VARIABLE reserved,
                  NEW VARIABLE used,
                  NEW VARIABLE ready,
                  TraceBound == trace =< 4 + Limit,
                  Profile == Limit \in Nat /\ ReuseLookup = FALSE,
                  SMT 
           PROVE  \A m, a, r, f, t \in Nat :
                     TraceBound /\ a =< 4 * 16777216 /\ r =< 81920
                     /\ f =< 32768 /\ 
                     t =< 512 * trace
                     => m + a + r + f + t
                        =< m + 4 * 16777216 + 81920 + 32768
                           + 512 * (4 + Limit)
File "./ConsequenceTraceLifetimeProof.tla", line 1, character 1 to line 28, character 77:
[ERROR]: 1/16 obligations failed.
There were backend errors processing module `"ConsequenceTraceLifetimeProof"`.
 tlapm ending abnormally with Failure("backend errors: there are unproved obligations")
Raised at Stdlib.failwith in file "stdlib.ml", line 29, characters 17-33
Called from Tlapm_lib.process_module in file "src/tlapm_lib.ml", line 492, characters 12-77
Called from Tlapm_lib.main.f in file "src/tlapm_lib.ml", line 621, characters 23-43
Called from Stdlib__List.fold_left in file "list.ml", line 123, characters 24-34
Called from Tlapm_lib.main in file "src/tlapm_lib.ml", line 624, characters 13-40
Called from Tlapm_lib.init in file "src/tlapm_lib.ml", line 641, characters 8-59

