census OK: 67 modules = 54 executed + 13 manifest-marked (manual)
(* fingerprints file ".tlacache/QuvByteReserveProof.tlaps/fingerprints" removed *)
(* created new ".tlacache/QuvByteReserveProof.tlaps/QuvByteReserveProof.thy" *)
(* fingerprints written in ".tlacache/QuvByteReserveProof.tlaps/fingerprints" *)
File "./QuvByteReserveProof.tla", line 1, character 1 to line 17, character 77:
[INFO]: All 17 obligations proved.
TLC2 Version 2026.08.11.125311 (rev: 0894c34)
Warning: Please run the Java VM, which executes TLC with a throughput optimized garbage collector, by passing the "-XX:+UseParallelGC" property.
(Use the -nowarning option to disable this warning.)
Running breadth-first search Model-Checking with fp 58 and seed -8909025831197153774 with 1 worker on 24 cores with 24000MB heap and 64MB offheap memory [pid: 1159752] (Linux 6.17.9-76061709-generic amd64, Ubuntu 21.0.10 64bit, MSBDiskFPSet, DiskStateQueue).
Parsing file /home/heathledger/Documents/ioi/repos/ioi/internal-docs/architecture/protocols/aft/formal/outbox/QuvByteReserve.tla
Parsing file /tmp/tlc-7919783959113977634/Integers.tla (jar:file:/home/heathledger/Documents/ioi/repos/ioi/.internal/formal-cache/tools/tla/tla2tools.jar!/tla2sany/StandardModules/Integers.tla)
Parsing file /tmp/tlc-7919783959113977634/_TLCTrace.tla (jar:file:/home/heathledger/Documents/ioi/repos/ioi/.internal/formal-cache/tools/tla/tla2tools.jar!/tla2sany/StandardModules/_TLCTrace.tla)
Parsing file /tmp/tlc-7919783959113977634/Naturals.tla (jar:file:/home/heathledger/Documents/ioi/repos/ioi/.internal/formal-cache/tools/tla/tla2tools.jar!/tla2sany/StandardModules/Naturals.tla)
Parsing file /tmp/tlc-7919783959113977634/TLC.tla (jar:file:/home/heathledger/Documents/ioi/repos/ioi/.internal/formal-cache/tools/tla/tla2tools.jar!/tla2sany/StandardModules/TLC.tla)
Parsing file /tmp/tlc-7919783959113977634/TLCExt.tla (jar:file:/home/heathledger/Documents/ioi/repos/ioi/.internal/formal-cache/tools/tla/tla2tools.jar!/tla2sany/StandardModules/TLCExt.tla)
Parsing file /tmp/tlc-7919783959113977634/Sequences.tla (jar:file:/home/heathledger/Documents/ioi/repos/ioi/.internal/formal-cache/tools/tla/tla2tools.jar!/tla2sany/StandardModules/Sequences.tla)
Parsing file /tmp/tlc-7919783959113977634/FiniteSets.tla (jar:file:/home/heathledger/Documents/ioi/repos/ioi/.internal/formal-cache/tools/tla/tla2tools.jar!/tla2sany/StandardModules/FiniteSets.tla)
Semantic processing of module Naturals
Semantic processing of module Integers
Semantic processing of module Sequences
Semantic processing of module FiniteSets
Semantic processing of module TLC
Semantic processing of module TLCExt
Semantic processing of module _TLCTrace
Semantic processing of module QuvByteReserve
Linting of module TLCExt
Linting of module _TLCTrace
Linting of module QuvByteReserve
Starting... (2026-09-05 19:32:02)
Computing initial states...
Finished computing initial states: 1 distinct state generated at 2026-09-05 19:32:02.
Model checking completed. No error has been found.
  Estimates of the probability that TLC did not check all reachable states
  because two distinct states had the same fingerprint:
  calculated (optimistic):  val = 4.0E-17
73 states generated, 12 distinct states found, 0 states left on queue.
The depth of the complete state graph search is 4.
The average outdegree of the complete state graph is 1 (minimum is 0, the maximum 4 and the 95th percentile is 4).
Finished in 00s at (2026-09-05 19:32:02)
TLC2 Version 2026.08.11.125311 (rev: 0894c34)
Warning: Please run the Java VM, which executes TLC with a throughput optimized garbage collector, by passing the "-XX:+UseParallelGC" property.
(Use the -nowarning option to disable this warning.)
Running breadth-first search Model-Checking with fp 10 and seed -416500498715644233 with 1 worker on 24 cores with 24000MB heap and 64MB offheap memory [pid: 1159963] (Linux 6.17.9-76061709-generic amd64, Ubuntu 21.0.10 64bit, MSBDiskFPSet, DiskStateQueue).
Parsing file /tmp/tmp.SCbLzmOLZG/QuvByteReserve.tla
Parsing file /tmp/tlc-6857993721624529176/Integers.tla (jar:file:/home/heathledger/Documents/ioi/repos/ioi/.internal/formal-cache/tools/tla/tla2tools.jar!/tla2sany/StandardModules/Integers.tla)
Parsing file /tmp/tlc-6857993721624529176/_TLCTrace.tla (jar:file:/home/heathledger/Documents/ioi/repos/ioi/.internal/formal-cache/tools/tla/tla2tools.jar!/tla2sany/StandardModules/_TLCTrace.tla)
Parsing file /tmp/tlc-6857993721624529176/Naturals.tla (jar:file:/home/heathledger/Documents/ioi/repos/ioi/.internal/formal-cache/tools/tla/tla2tools.jar!/tla2sany/StandardModules/Naturals.tla)
Parsing file /tmp/tlc-6857993721624529176/TLC.tla (jar:file:/home/heathledger/Documents/ioi/repos/ioi/.internal/formal-cache/tools/tla/tla2tools.jar!/tla2sany/StandardModules/TLC.tla)
Parsing file /tmp/tlc-6857993721624529176/TLCExt.tla (jar:file:/home/heathledger/Documents/ioi/repos/ioi/.internal/formal-cache/tools/tla/tla2tools.jar!/tla2sany/StandardModules/TLCExt.tla)
Parsing file /tmp/tlc-6857993721624529176/Sequences.tla (jar:file:/home/heathledger/Documents/ioi/repos/ioi/.internal/formal-cache/tools/tla/tla2tools.jar!/tla2sany/StandardModules/Sequences.tla)
Parsing file /tmp/tlc-6857993721624529176/FiniteSets.tla (jar:file:/home/heathledger/Documents/ioi/repos/ioi/.internal/formal-cache/tools/tla/tla2tools.jar!/tla2sany/StandardModules/FiniteSets.tla)
Semantic processing of module Naturals
Semantic processing of module Integers
Semantic processing of module Sequences
Semantic processing of module FiniteSets
Semantic processing of module TLC
Semantic processing of module TLCExt
Semantic processing of module _TLCTrace
Semantic processing of module QuvByteReserve
Linting of module TLCExt
Linting of module _TLCTrace
Linting of module QuvByteReserve
Starting... (2026-09-05 19:32:02)
Computing initial states...
Finished computing initial states: 1 distinct state generated at 2026-09-05 19:32:02.
Error: Invariant EmptyLaneHasCapacity is violated.
Error: The behavior up to this point is:
State 1: <Initial predicate>
/\ normal = 0
/\ reply = 0
/\ push = 0

State 2: <NormalTraffic line 9, col 18 to line 9, col 76 of module QuvByteReserve>
/\ normal = 2
/\ reply = 0
/\ push = 0

4 states generated, 3 distinct states found, 1 states left on queue.
The depth of the complete state graph search is 2.
Finished in 00s at (2026-09-05 19:32:02)
Trace exploration spec path: ./QuvByteReserve_TTrace_1788651122.tla
expected counterexample observed: QuvByteReserve.tla: Invariant EmptyLaneHasCapacity is violated
