warning: structure field `runtimeTruthSource` should have a snake case name
    --> crates/types/src/app/generated/architecture_contracts.rs:5223:9
     |
5223 |     pub runtimeTruthSource: Option<GoalRunV1RuntimeTruthSource>,
     |         ^^^^^^^^^^^^^^^^^^ help: convert the identifier to snake case: `runtime_truth_source`
     |
     = note: `#[warn(non_snake_case)]` (part of `#[warn(nonstandard_style)]`) on by default

warning: structure field `runtimeTruthSource` should have a snake case name
    --> crates/types/src/app/generated/architecture_contracts.rs:9220:9
     |
9220 |     pub runtimeTruthSource: ArtifactAvailabilityIncidentOperationV1RuntimeTruthSource,
     |         ^^^^^^^^^^^^^^^^^^ help: convert the identifier to snake case: `runtime_truth_source`

warning: structure field `agentgresTruthSource` should have a snake case name
    --> crates/types/src/app/generated/architecture_contracts.rs:9221:9
     |
9221 |     pub agentgresTruthSource: ArtifactAvailabilityIncidentOperationV1AgentgresTruthSource,
     |         ^^^^^^^^^^^^^^^^^^^^ help: convert the identifier to snake case: `agentgres_truth_source`

warning: structure field `runtimeTruthSource` should have a snake case name
    --> crates/types/src/app/generated/architecture_contracts.rs:9480:9
     |
9480 |     pub runtimeTruthSource: ArtifactAvailabilityIncidentV1RuntimeTruthSource,
     |         ^^^^^^^^^^^^^^^^^^ help: convert the identifier to snake case: `runtime_truth_source`

warning: structure field `runtimeTruthSource` should have a snake case name
    --> crates/types/src/app/generated/architecture_contracts.rs:9718:9
     |
9718 |     pub runtimeTruthSource: ArtifactAvailabilityIncidentV1AgentgresOperationRuntimeTruthSource,
     |         ^^^^^^^^^^^^^^^^^^ help: convert the identifier to snake case: `runtime_truth_source`

warning: structure field `agentgresTruthSource` should have a snake case name
    --> crates/types/src/app/generated/architecture_contracts.rs:9719:9
     |
9719 |     pub agentgresTruthSource: ArtifactAvailabilityIncidentV1AgentgresOperationAgentgresTruthSource,
     |         ^^^^^^^^^^^^^^^^^^^^ help: convert the identifier to snake case: `agentgres_truth_source`

warning: structure field `requiresDaemonGate` should have a snake case name
     --> crates/types/src/app/generated/architecture_contracts.rs:26731:9
      |
26731 |     pub requiresDaemonGate: HarnessSessionBindingAdmissionV1RequiresDaemonGate,
      |         ^^^^^^^^^^^^^^^^^^ help: convert the identifier to snake case: `requires_daemon_gate`

warning: structure field `runtimeTruthSource` should have a snake case name
     --> crates/types/src/app/generated/architecture_contracts.rs:26732:9
      |
26732 |     pub runtimeTruthSource: HarnessSessionBindingAdmissionV1RuntimeTruthSource,
      |         ^^^^^^^^^^^^^^^^^^ help: convert the identifier to snake case: `runtime_truth_source`

warning: structure field `runtimeTruthSource` should have a snake case name
     --> crates/types/src/app/generated/architecture_contracts.rs:27154:9
      |
27154 |     pub runtimeTruthSource: HarnessSessionBindingV1RuntimeTruthSource,
      |         ^^^^^^^^^^^^^^^^^^ help: convert the identifier to snake case: `runtime_truth_source`

warning: structure field `requiresDaemonGate` should have a snake case name
     --> crates/types/src/app/generated/architecture_contracts.rs:27566:9
      |
27566 |     pub requiresDaemonGate: HarnessSessionReadinessV1RequiresDaemonGate,
      |         ^^^^^^^^^^^^^^^^^^ help: convert the identifier to snake case: `requires_daemon_gate`

warning: structure field `runtimeTruthSource` should have a snake case name
     --> crates/types/src/app/generated/architecture_contracts.rs:27567:9
      |
27567 |     pub runtimeTruthSource: HarnessSessionReadinessV1RuntimeTruthSource,
      |         ^^^^^^^^^^^^^^^^^^ help: convert the identifier to snake case: `runtime_truth_source`

warning: structure field `requiresDaemonGate` should have a snake case name
     --> crates/types/src/app/generated/architecture_contracts.rs:27844:9
      |
27844 |     pub requiresDaemonGate: HarnessSessionSpawnV1RequiresDaemonGate,
      |         ^^^^^^^^^^^^^^^^^^ help: convert the identifier to snake case: `requires_daemon_gate`

warning: structure field `runtimeTruthSource` should have a snake case name
     --> crates/types/src/app/generated/architecture_contracts.rs:27845:9
      |
27845 |     pub runtimeTruthSource: HarnessSessionSpawnV1RuntimeTruthSource,
      |         ^^^^^^^^^^^^^^^^^^ help: convert the identifier to snake case: `runtime_truth_source`

warning: structure field `requiresDaemonGate` should have a snake case name
     --> crates/types/src/app/generated/architecture_contracts.rs:28316:9
      |
28316 |     pub requiresDaemonGate: HarnessSessionTerminalAttachV1RequiresDaemonGate,
      |         ^^^^^^^^^^^^^^^^^^ help: convert the identifier to snake case: `requires_daemon_gate`

warning: structure field `runtimeTruthSource` should have a snake case name
     --> crates/types/src/app/generated/architecture_contracts.rs:28317:9
      |
28317 |     pub runtimeTruthSource: HarnessSessionTerminalAttachV1RuntimeTruthSource,
      |         ^^^^^^^^^^^^^^^^^^ help: convert the identifier to snake case: `runtime_truth_source`

warning: structure field `runtimeTruthSource` should have a snake case name
     --> crates/types/src/app/generated/architecture_contracts.rs:28756:9
      |
28756 |     pub runtimeTruthSource:
      |         ^^^^^^^^^^^^^^^^^^ help: convert the identifier to snake case: `runtime_truth_source`

warning: structure field `requiresDaemonGate` should have a snake case name
     --> crates/types/src/app/generated/architecture_contracts.rs:31709:9
      |
31709 |     pub requiresDaemonGate: HypervisorSessionLaunchRecipeAdmissionV1RequiresDaemonGate,
      |         ^^^^^^^^^^^^^^^^^^ help: convert the identifier to snake case: `requires_daemon_gate`

warning: structure field `runtimeTruthSource` should have a snake case name
     --> crates/types/src/app/generated/architecture_contracts.rs:31710:9
      |
31710 |     pub runtimeTruthSource: HypervisorSessionLaunchRecipeAdmissionV1RuntimeTruthSource,
      |         ^^^^^^^^^^^^^^^^^^ help: convert the identifier to snake case: `runtime_truth_source`

warning: structure field `runtimeTruthSource` should have a snake case name
     --> crates/types/src/app/generated/architecture_contracts.rs:93444:9
      |
93444 |     pub runtimeTruthSource: ManagedWorkerInstanceStateV1LastTransitionAdmissionRuntimeTruthSource,
      |         ^^^^^^^^^^^^^^^^^^ help: convert the identifier to snake case: `runtime_truth_source`

warning: `ioi-types` (lib) generated 19 warnings
   Compiling ioi-crypto v0.1.0 (/home/heathledger/Documents/ioi/repos/ioi/crates/crypto)
warning: unused variable: `public_inputs`
   --> crates/plugins/zk-driver-succinct/src/lib.rs:121:9
    |
121 |         public_inputs: &CanonicalCollapseContinuityPublicInputs,
    |         ^^^^^^^^^^^^^ help: if this is intentional, prefix it with an underscore: `_public_inputs`
    |
    = note: `#[warn(unused_variables)]` (part of `#[warn(unused)]`) on by default

warning: `zk-driver-succinct` (lib) generated 1 warning (run `cargo fix --lib -p zk-driver-succinct` to apply 1 suggestion)
   Compiling ioi-ipc v0.2.0 (/home/heathledger/Documents/ioi/repos/ioi/crates/ipc)
   Compiling ioi-finality v0.1.0 (/home/heathledger/Documents/ioi/repos/ioi/crates/ioi-finality)
   Compiling ioi-state v0.1.0 (/home/heathledger/Documents/ioi/repos/ioi/crates/state)
   Compiling ioi-drivers v0.1.0 (/home/heathledger/Documents/ioi/repos/ioi/crates/drivers)
   Compiling agentgres v0.1.0 (/home/heathledger/Documents/ioi/repos/ioi/crates/agentgres)
   Compiling ioi-client v0.2.0 (/home/heathledger/Documents/ioi/repos/ioi/crates/client)
warning: unused doc comment
   --> crates/agentgres/src/event_stream.rs:229:1
    |
229 | / /// Confirm the substrate log is durable on disk.
230 | | ///
231 | | /// The fault-injection hook travels WITH the discipline: a durability
232 | | /// confirmation whose failure path is unreachable in test is a confirmation
...   |
235 | | /// pre-lift implementation so the M4 fault-injection proofs keep exercising
236 | | /// this exact path.
    | |_-------------------^
    |   |
    |   rustdoc does not generate documentation for macro invocations
    |
    = help: to document an item produced by a macro, the macro must produce the documentation as part of its expansion
    = note: `#[warn(unused_doc_comments)]` (part of `#[warn(unused)]`) on by default

   Compiling ioi-services v0.1.0 (/home/heathledger/Documents/ioi/repos/ioi/crates/services)
warning: `agentgres` (lib) generated 1 warning
warning: unused imports: `chat_reply_looks_like_source_candidate_list`, `chat_reply_looks_like_tool_plan`, and `workspace_chat_reply_looks_terminal`
  --> crates/services/src/agentic/runtime/service/tool_execution/processing/phases/execute_tool_phase/tool_outcome.rs:23:5
   |
23 |     chat_reply_looks_like_source_candidate_list, chat_reply_looks_like_tool_plan,
   |     ^^^^^^^^^^^^^^^^^^^^^^^^^^^^^^^^^^^^^^^^^^^  ^^^^^^^^^^^^^^^^^^^^^^^^^^^^^^^
24 |     file_mutation_policy_action_report_candidate, goal_requires_fresh_retrieval_before_chat_reply,
25 |     source_candidate_chat_reply_blocker, workspace_chat_reply_looks_terminal,
   |                                          ^^^^^^^^^^^^^^^^^^^^^^^^^^^^^^^^^^^
   |
   = note: `#[warn(unused_imports)]` (part of `#[warn(unused)]`) on by default

warning: unused imports: `HandoverAcceptance` and `HandoverApproval`
   --> crates/services/src/guardian_registry/mod.rs:107:55
    |
107 |     GuardianWitnessFaultEvidence, GuardianWitnessSet, HandoverAcceptance, HandoverApproval,
    |                                                       ^^^^^^^^^^^^^^^^^^  ^^^^^^^^^^^^^^^^

warning: unused import: `require_identity`
 --> crates/services/src/wallet_network/handlers/identity.rs:6:46
  |
6 |     is_encrypted_secret_payload, load_typed, require_identity, store_typed,
  |                                              ^^^^^^^^^^^^^^^^

warning: function `append_event_line` is never used
   --> crates/services/src/agentic/runtime/event_log_bridge.rs:233:4
    |
233 | fn append_event_line(state_dir: &str, event_stream_id: &str, event: &Value) -> Result<(), String> {
    |    ^^^^^^^^^^^^^^^^^
    |
    = note: `#[warn(dead_code)]` (part of `#[warn(unused)]`) on by default

warning: method `to_value` is never used
   --> crates/services/src/agentic/runtime/kernel/repository_workflow.rs:195:8
    |
194 | impl RepositoryWorkflowProjectionRecord {
    | --------------------------------------- method in this implementation
195 |     fn to_value(&self) -> Value {
    |        ^^^^^^^^

warning: function `set_array_strings` is never used
   --> crates/services/src/agentic/runtime/kernel/runtime_conversation_artifact_control.rs:570:4
    |
570 | fn set_array_strings(value: &mut Value, key: &str, values: &[String]) {
    |    ^^^^^^^^^^^^^^^^^

warning: method `to_value` is never used
   --> crates/services/src/agentic/runtime/kernel/runtime_lifecycle.rs:196:8
    |
195 | impl RuntimeLifecycleProjectionRecord {
    | ------------------------------------- method in this implementation
196 |     fn to_value(&self) -> Value {
    |        ^^^^^^^^

warning: method `to_value` is never used
   --> crates/services/src/agentic/runtime/kernel/runtime_mcp_serve.rs:635:8
    |
634 | impl RuntimeMcpServeToolCallPlanRecord {
    | -------------------------------------- method in this implementation
635 |     fn to_value(&self) -> Value {
    |        ^^^^^^^^

warning: method `to_value` is never used
   --> crates/services/src/agentic/runtime/kernel/runtime_mcp_serve.rs:664:8
    |
663 | impl RuntimeMcpServeToolResultProjectionRecord {
    | ---------------------------------------------- method in this implementation
664 |     fn to_value(&self) -> Value {
    |        ^^^^^^^^

warning: method `to_value` is never used
   --> crates/services/src/agentic/runtime/kernel/runtime_tool_catalog.rs:144:8
    |
143 | impl RuntimeToolCatalogProjectionRecord {
    | --------------------------------------- method in this implementation
144 |     fn to_value(&self) -> Value {
    |        ^^^^^^^^

warning: method `to_value` is never used
   --> crates/services/src/agentic/runtime/kernel/skill_hook_registry.rs:137:8
    |
136 | impl SkillHookRegistryProjectionRecord {
    | -------------------------------------- method in this implementation
137 |     fn to_value(&self) -> Value {
    |        ^^^^^^^^

warning: function `require_identity` is never used
  --> crates/services/src/wallet_network/support.rs:25:15
   |
25 | pub(super) fn require_identity(state: &dyn StateAccess) -> Result<VaultIdentity, TransactionError> {
   |               ^^^^^^^^^^^^^^^^

   Compiling ioi-tx v0.1.0 (/home/heathledger/Documents/ioi/repos/ioi/crates/tx)
   Compiling ioi-consensus v0.1.0 (/home/heathledger/Documents/ioi/repos/ioi/crates/consensus)
warning: unused variable: `hash`
   --> crates/consensus/src/lib.rs:113:47
    |
113 |     fn observe_experimental_sample(&mut self, hash: [u8; 32]) {
    |                                               ^^^^ help: if this is intentional, prefix it with an underscore: `_hash`
    |
    = note: `#[warn(unused_variables)]` (part of `#[warn(unused)]`) on by default

warning: unused variable: `proof`
   --> crates/consensus/src/lib.rs:344:9
    |
344 |         proof: AftAsyncParentProofV1,
    |         ^^^^^ help: if this is intentional, prefix it with an underscore: `_proof`

warning: unused variable: `height`
   --> crates/consensus/src/lib.rs:357:38
    |
357 |     fn aft_timeout_safe_state(&self, height: u64) -> Option<AftTimeoutSafeStateV1> {
    |                                      ^^^^^^ help: if this is intentional, prefix it with an underscore: `_height`

warning: unused variable: `height`
   --> crates/consensus/src/lib.rs:369:9
    |
369 |         height: u64,
    |         ^^^^^^ help: if this is intentional, prefix it with an underscore: `_height`

warning: unused variable: `view`
   --> crates/consensus/src/lib.rs:370:9
    |
370 |         view: u64,
    |         ^^^^ help: if this is intentional, prefix it with an underscore: `_view`

warning: unused variable: `voter`
   --> crates/consensus/src/lib.rs:371:9
    |
371 |         voter: &AccountId,
    |         ^^^^^ help: if this is intentional, prefix it with an underscore: `_voter`

warning: function `read_min_live_authorities` is never used
  --> crates/consensus/src/common/penalty.rs:13:4
   |
13 | fn read_min_live_authorities(_state: &dyn StateAccess) -> Result<Option<usize>, StateError> {
   |    ^^^^^^^^^^^^^^^^^^^^^^^^^
   |
   = note: `#[warn(dead_code)]` (part of `#[warn(unused)]`) on by default

warning: function `compute_quarantine_update` is never used
  --> crates/consensus/src/common/penalty.rs:26:15
   |
26 | pub(crate) fn compute_quarantine_update(
   |               ^^^^^^^^^^^^^^^^^^^^^^^^^

warning: function `apply_quarantine_penalty` is never used
  --> crates/consensus/src/common/penalty.rs:59:21
   |
59 | pub(crate) async fn apply_quarantine_penalty(
   |                     ^^^^^^^^^^^^^^^^^^^^^^^^

warning: `ioi-consensus` (lib) generated 9 warnings (run `cargo fix --lib -p ioi-consensus` to apply 6 suggestions)
warning: `ioi-services` (lib) generated 12 warnings (run `cargo fix --lib -p ioi-services` to apply 3 suggestions)
   Compiling ioi-networking v0.1.0 (/home/heathledger/Documents/ioi/repos/ioi/crates/networking)
    Finished `test` profile [unoptimized + debuginfo] target(s) in 19.49s
     Running unittests src/lib.rs (target/debug/deps/ioi_networking-e9c7d30cf8fd59ab)

running 29 tests
test libp2p::pq_channel::outbox_decode::tests::entry_budget_rejects_declared_vector_before_reading_body ... ok
test libp2p::pq_channel::tests::bounded_quv_wire_shapes_fit_reserved_frame_budget ... ok
test libp2p::pq_channel::tests::provisional_enrollment_capacity_is_bounded_per_account ... ok
test libp2p::pq_channel::tests::durable_outbox_refuses_cross_configuration_reuse ... ok
test libp2p::pq_channel::tests::outbox_streaming_preserves_v2_bytes_and_returns_write_errors ... ok
test libp2p::pq_channel::tests::rooted_outbox_scope_precedes_discovery_and_rejects_foreign_recovery ... ok
test libp2p::pq_channel::tests::durable_outbox_survives_restart_and_deletes_only_after_ack ... ok
test libp2p::pq_channel::tests::completed_quv_operation_retires_unacknowledged_requests_durably ... ok
test libp2p::pq_channel::tests::newer_quv_reply_atomically_replaces_ack_withheld_reply ... ok
test libp2p::pq_channel::tests::unknown_or_changed_enrollment_has_no_session_authority ... ok
test libp2p::pq_channel::tests::quv_uses_reserved_priority_ahead_of_normal_consensus_outbox ... ok
test libp2p::pq_channel::tests::indexed_outbox_preserves_unrelated_payload_files_and_refuses_corrupt_recovery ... ok
test libp2p::pq_channel::tests::outbox_streaming_recovery_refuses_truncation_and_trailing_bytes ... ok
test libp2p::pq_channel::tests::legacy_outbox_upgrade_recovers_interrupted_payload_staging ... ok
test libp2p::pq_channel::tests::terminal_async_retirement_is_instance_scoped_and_durable ... ok
test libp2p::pq_channel::tests::indexed_outbox_recovers_commit_boundaries_without_resurrecting_retirements ... ok
test libp2p::pq_channel::tests::outbox_persistence_error_requires_reopen_before_retry_or_drain ... ok
test libp2p::pq_channel::tests::durable_outbox_enforces_record_plaintext_boundary_before_mutation ... ok
test libp2p::pq_channel::tests::outbox_byte_budgets_preserve_quv_lanes_and_unrelated_recipients ... ok
test libp2p::pq_channel::tests::provisional_expiry_removes_pending_keys_without_refresh_extension ... ok
test libp2p::pq_channel::tests::provisional_enrollment_global_capacity_is_bounded ... ok
test libp2p::pq_channel::tests::handoff_only_successor_is_cryptographically_connected_but_authority_isolated ... ok
test libp2p::pq_channel::tests::identical_enrollment_refresh_preserves_established_session ... ok
test libp2p::pq_channel::tests::account_addressed_outbox_survives_restart_before_peer_discovery ... ok
test libp2p::pq_channel::tests::managers_establish_and_gate_confidential_ordered_records ... ok
test libp2p::pq_channel::tests::unproven_carrier_cannot_squat_a_rooted_account ... ok
test libp2p::pq_channel::tests::configuration_rotation_invalidates_old_session_records ... ok
test libp2p::pq_channel::tests::unacknowledged_payload_reseals_under_a_fresh_session_after_restart ... ok
test libp2p::pq_channel::tests::delayed_server_hello_cannot_destroy_current_handshake ... ok

test result: ok. 29 passed; 0 failed; 0 ignored; 0 measured; 3 filtered out; finished in 15.81s

