3221735 openat(AT_FDCWD</home/heathledger/Documents/ioi/repos/ioi>, "/etc/ld.so.cache", O_RDONLY|O_CLOEXEC) = 3</etc/ld.so.cache>
3221735 close(3</etc/ld.so.cache>)      = 0
3221735 openat(AT_FDCWD</home/heathledger/Documents/ioi/repos/ioi>, "/lib/x86_64-linux-gnu/libgcc_s.so.1", O_RDONLY|O_CLOEXEC) = 3</usr/lib/x86_64-linux-gnu/libgcc_s.so.1>
3221735 close(3</usr/lib/x86_64-linux-gnu/libgcc_s.so.1>) = 0
3221735 openat(AT_FDCWD</home/heathledger/Documents/ioi/repos/ioi>, "/lib/x86_64-linux-gnu/libm.so.6", O_RDONLY|O_CLOEXEC) = 3</usr/lib/x86_64-linux-gnu/libm.so.6>
3221735 close(3</usr/lib/x86_64-linux-gnu/libm.so.6>) = 0
3221735 openat(AT_FDCWD</home/heathledger/Documents/ioi/repos/ioi>, "/lib/x86_64-linux-gnu/libc.so.6", O_RDONLY|O_CLOEXEC) = 3</usr/lib/x86_64-linux-gnu/libc.so.6>
3221735 close(3</usr/lib/x86_64-linux-gnu/libc.so.6>) = 0
3221735 openat(AT_FDCWD</home/heathledger/Documents/ioi/repos/ioi>, "/proc/self/maps", O_RDONLY|O_CLOEXEC) = 3</proc/3221735/maps>
3221735 close(3</proc/3221735/maps>)    = 0
3221735 openat(AT_FDCWD</home/heathledger/Documents/ioi/repos/ioi>, "/usr/share/terminfo/l/linux", O_RDONLY|O_CLOEXEC) = 3</usr/share/terminfo/l/linux>
3221735 close(3</usr/share/terminfo/l/linux>) = 0
3221735 openat(AT_FDCWD</home/heathledger/Documents/ioi/repos/ioi>, "/proc/self/cgroup", O_RDONLY|O_CLOEXEC) = 3</proc/3221735/cgroup>
3221735 close(3</proc/3221735/cgroup>)  = 0
3221735 openat(AT_FDCWD</home/heathledger/Documents/ioi/repos/ioi>, "/sys/fs/cgroup/user.slice/user-1000.slice/user@1000.service/app.slice/app-org.chromium.Chromium-101080.scope/cpu.max", O_RDONLY|O_CLOEXEC) = -1 ENOENT (No such file or directory)
3221735 openat(AT_FDCWD</home/heathledger/Documents/ioi/repos/ioi>, "/sys/fs/cgroup/user.slice/user-1000.slice/user@1000.service/app.slice/cpu.max", O_RDONLY|O_CLOEXEC) = 3</sys/fs/cgroup/user.slice/user-1000.slice/user@1000.service/app.slice/cpu.max>
3221735 close(3</sys/fs/cgroup/user.slice/user-1000.slice/user@1000.service/app.slice/cpu.max>) = 0
3221735 openat(AT_FDCWD</home/heathledger/Documents/ioi/repos/ioi>, "/sys/fs/cgroup/user.slice/user-1000.slice/user@1000.service/cpu.max", O_RDONLY|O_CLOEXEC) = 3</sys/fs/cgroup/user.slice/user-1000.slice/user@1000.service/cpu.max>
3221735 close(3</sys/fs/cgroup/user.slice/user-1000.slice/user@1000.service/cpu.max>) = 0
3221735 openat(AT_FDCWD</home/heathledger/Documents/ioi/repos/ioi>, "/sys/fs/cgroup/user.slice/user-1000.slice/cpu.max", O_RDONLY|O_CLOEXEC) = 3</sys/fs/cgroup/user.slice/user-1000.slice/cpu.max>
3221735 close(3</sys/fs/cgroup/user.slice/user-1000.slice/cpu.max>) = 0
3221735 openat(AT_FDCWD</home/heathledger/Documents/ioi/repos/ioi>, "/sys/fs/cgroup/user.slice/cpu.max", O_RDONLY|O_CLOEXEC) = 3</sys/fs/cgroup/user.slice/cpu.max>
3221735 close(3</sys/fs/cgroup/user.slice/cpu.max>) = 0
3221735 openat(AT_FDCWD</home/heathledger/Documents/ioi/repos/ioi>, "/sys/fs/cgroup/cpu.max", O_RDONLY|O_CLOEXEC) = -1 ENOENT (No such file or directory)
3221735 write(1</home/heathledger/Documents/ioi/repos/ioi/internal-docs/architecture/protocols/aft/evidence/m17q-r1-member-reservation-2026-09-06/allocation-charge/trace/test.log>, "\nrunning 1 test\n", 16) = 16
3221735 openat(AT_FDCWD</home/heathledger/Documents/ioi/repos/ioi>, "/proc/self/cgroup", O_RDONLY|O_CLOEXEC) = 3</proc/3221735/cgroup>
3221735 close(3</proc/3221735/cgroup>)  = 0
3221735 openat(AT_FDCWD</home/heathledger/Documents/ioi/repos/ioi>, "/sys/fs/cgroup/user.slice/user-1000.slice/user@1000.service/app.slice/app-org.chromium.Chromium-101080.scope/cpu.max", O_RDONLY|O_CLOEXEC) = -1 ENOENT (No such file or directory)
3221735 openat(AT_FDCWD</home/heathledger/Documents/ioi/repos/ioi>, "/sys/fs/cgroup/user.slice/user-1000.slice/user@1000.service/app.slice/cpu.max", O_RDONLY|O_CLOEXEC) = 3</sys/fs/cgroup/user.slice/user-1000.slice/user@1000.service/app.slice/cpu.max>
3221735 close(3</sys/fs/cgroup/user.slice/user-1000.slice/user@1000.service/app.slice/cpu.max>) = 0
3221735 openat(AT_FDCWD</home/heathledger/Documents/ioi/repos/ioi>, "/sys/fs/cgroup/user.slice/user-1000.slice/user@1000.service/cpu.max", O_RDONLY|O_CLOEXEC) = 3</sys/fs/cgroup/user.slice/user-1000.slice/user@1000.service/cpu.max>
3221735 close(3</sys/fs/cgroup/user.slice/user-1000.slice/user@1000.service/cpu.max>) = 0
3221735 openat(AT_FDCWD</home/heathledger/Documents/ioi/repos/ioi>, "/sys/fs/cgroup/user.slice/user-1000.slice/cpu.max", O_RDONLY|O_CLOEXEC) = 3</sys/fs/cgroup/user.slice/user-1000.slice/cpu.max>
3221735 close(3</sys/fs/cgroup/user.slice/user-1000.slice/cpu.max>) = 0
3221735 openat(AT_FDCWD</home/heathledger/Documents/ioi/repos/ioi>, "/sys/fs/cgroup/user.slice/cpu.max", O_RDONLY|O_CLOEXEC) = 3</sys/fs/cgroup/user.slice/cpu.max>
3221735 close(3</sys/fs/cgroup/user.slice/cpu.max>) = 0
3221735 openat(AT_FDCWD</home/heathledger/Documents/ioi/repos/ioi>, "/sys/fs/cgroup/cpu.max", O_RDONLY|O_CLOEXEC) = -1 ENOENT (No such file or directory)
3221736 openat(AT_FDCWD</home/heathledger/Documents/ioi/repos/ioi>, "/tmp/.tmpKJkGMD", O_RDONLY|O_CLOEXEC) = 3</tmp/.tmpKJkGMD>
3221736 fsync(3</tmp/.tmpKJkGMD>)       = 0
3221736 close(3</tmp/.tmpKJkGMD>)       = 0
3221736 openat(AT_FDCWD</home/heathledger/Documents/ioi/repos/ioi>, "/tmp", O_RDONLY|O_CLOEXEC) = 3</tmp>
3221736 fsync(3</tmp>)                  = 0
3221736 close(3</tmp>)                  = 0
3221736 openat(AT_FDCWD</home/heathledger/Documents/ioi/repos/ioi>, "/", O_RDONLY|O_CLOEXEC) = 3</>
3221736 fsync(3</>)                     = 0
3221736 close(3</>)                     = 0
3221736 openat(AT_FDCWD</home/heathledger/Documents/ioi/repos/ioi>, "/tmp/.tmpKJkGMD", O_RDONLY|O_CLOEXEC) = 3</tmp/.tmpKJkGMD>
3221736 fsync(3</tmp/.tmpKJkGMD>)       = 0
3221736 close(3</tmp/.tmpKJkGMD>)       = 0
3221736 openat(AT_FDCWD</home/heathledger/Documents/ioi/repos/ioi>, "/tmp", O_RDONLY|O_CLOEXEC) = 3</tmp>
3221736 fsync(3</tmp>)                  = 0
3221736 close(3</tmp>)                  = 0
3221736 openat(AT_FDCWD</home/heathledger/Documents/ioi/repos/ioi>, "/", O_RDONLY|O_CLOEXEC) = 3</>
3221736 fsync(3</>)                     = 0
3221736 close(3</>)                     = 0
3221736 openat(AT_FDCWD</home/heathledger/Documents/ioi/repos/ioi>, "/tmp/.tmpKJkGMD/custody.anchor.lock", O_RDWR|O_CREAT|O_CLOEXEC, 0600) = 3</tmp/.tmpKJkGMD/custody.anchor.lock>
3221736 openat(AT_FDCWD</home/heathledger/Documents/ioi/repos/ioi>, "/tmp/.tmpKJkGMD/custody.anchor.tmp", O_RDWR|O_CREAT|O_TRUNC|O_CLOEXEC, 0600) = 4</tmp/.tmpKJkGMD/custody.anchor.tmp>
3221736 write(4</tmp/.tmpKJkGMD/custody.anchor.tmp>, "AFTQJA01\1\0\257$\212\177\265\362\210\v?G\272\340o\356\16\342-\302\109\350\254\334\221\n\216\304\316UB\226O\0\0\0\0\0\0\0\0006\214b\262 \3303\325\303\346<\363\306+\270\234\177~)\372eE\0\t\353n\n\246\262\223FU\342\206\267\334\245[\314d$\312z\376\334\314S\7\27-y\355\16\350\217\3054\3733O\265\360n\230", 114) = 114
3221736 fsync(4</tmp/.tmpKJkGMD/custody.anchor.tmp>) = 0
3221736 rename("/tmp/.tmpKJkGMD/custody.anchor.tmp", "/tmp/.tmpKJkGMD/custody.anchor") = 0
3221736 openat(AT_FDCWD</home/heathledger/Documents/ioi/repos/ioi>, "/tmp/.tmpKJkGMD", O_RDONLY|O_CLOEXEC) = 5</tmp/.tmpKJkGMD>
3221736 fsync(5</tmp/.tmpKJkGMD>)       = 0
3221736 close(5</tmp/.tmpKJkGMD>)       = 0
3221736 close(4</tmp/.tmpKJkGMD/custody.anchor>) = 0
3221736 openat(AT_FDCWD</home/heathledger/Documents/ioi/repos/ioi>, "/tmp/.tmpKJkGMD/custody.anchor", O_RDONLY|O_CLOEXEC) = 4</tmp/.tmpKJkGMD/custody.anchor>
3221736 close(4</tmp/.tmpKJkGMD/custody.anchor>) = 0
3221736 openat(AT_FDCWD</home/heathledger/Documents/ioi/repos/ioi>, "/tmp/.tmpKJkGMD", O_RDONLY|O_CLOEXEC) = 4</tmp/.tmpKJkGMD>
3221736 fsync(4</tmp/.tmpKJkGMD>)       = 0
3221736 close(4</tmp/.tmpKJkGMD>)       = 0
3221736 openat(AT_FDCWD</home/heathledger/Documents/ioi/repos/ioi>, "/tmp/.tmpKJkGMD/records", O_RDONLY|O_NONBLOCK|O_CLOEXEC|O_DIRECTORY) = 4</tmp/.tmpKJkGMD/records>
3221736 close(4</tmp/.tmpKJkGMD/records>) = 0
3221736 openat(AT_FDCWD</home/heathledger/Documents/ioi/repos/ioi>, "/tmp/.tmpKJkGMD/records/00000000000000000000.quv.tmp", O_RDWR|O_CREAT|O_TRUNC|O_CLOEXEC, 0600) = 4</tmp/.tmpKJkGMD/records/00000000000000000000.quv.tmp>
3221736 write(4</tmp/.tmpKJkGMD/records/00000000000000000000.quv.tmp>, "AFTQJ001\1\0\257$\212\177\265\362\210\v?G\272\340o\356\16\342-\302\109\350\254\334\221\n\216\304\316UB\226O\0\0\0\0\0\0\0\0\0\0\0\0\0\0\0\0\0\0\0\0\0\0\0\0\0\0\0\0\0\0\0\0\0\0\0\0\0\0\0\0$bootstrap\f\345\230v\346\21\264\20;vG\262$\7\213\24gS\211\305E\306`\361\357b\35\37\256v\330\307", 124) = 124
3221736 fsync(4</tmp/.tmpKJkGMD/records/00000000000000000000.quv.tmp>) = 0
3221736 rename("/tmp/.tmpKJkGMD/records/00000000000000000000.quv.tmp", "/tmp/.tmpKJkGMD/records/00000000000000000000.quv") = 0
3221736 openat(AT_FDCWD</home/heathledger/Documents/ioi/repos/ioi>, "/tmp/.tmpKJkGMD/records", O_RDONLY|O_CLOEXEC) = 5</tmp/.tmpKJkGMD/records>
3221736 fsync(5</tmp/.tmpKJkGMD/records>) = 0
3221736 close(5</tmp/.tmpKJkGMD/records>) = 0
3221736 close(4</tmp/.tmpKJkGMD/records/00000000000000000000.quv>) = 0
3221736 openat(AT_FDCWD</home/heathledger/Documents/ioi/repos/ioi>, "/tmp/.tmpKJkGMD/records/00000000000000000000.quv", O_RDONLY|O_CLOEXEC) = 4</tmp/.tmpKJkGMD/records/00000000000000000000.quv>
3221736 close(4</tmp/.tmpKJkGMD/records/00000000000000000000.quv>) = 0
3221736 openat(AT_FDCWD</home/heathledger/Documents/ioi/repos/ioi>, "/tmp/.tmpKJkGMD/records/00000000000000000000.quv", O_RDONLY|O_CLOEXEC) = 4</tmp/.tmpKJkGMD/records/00000000000000000000.quv>
3221736 close(4</tmp/.tmpKJkGMD/records/00000000000000000000.quv>) = 0
3221736 openat(AT_FDCWD</home/heathledger/Documents/ioi/repos/ioi>, "/tmp/.tmpKJkGMD/records/00000000000000000000.quv", O_RDONLY|O_CLOEXEC) = 4</tmp/.tmpKJkGMD/records/00000000000000000000.quv>
3221736 close(4</tmp/.tmpKJkGMD/records/00000000000000000000.quv>) = 0
3221736 openat(AT_FDCWD</home/heathledger/Documents/ioi/repos/ioi>, "/tmp/.tmpKJkGMD/records/00000000000000000000.quv", O_RDONLY|O_CLOEXEC) = 4</tmp/.tmpKJkGMD/records/00000000000000000000.quv>
3221736 close(4</tmp/.tmpKJkGMD/records/00000000000000000000.quv>) = 0
3221736 openat(AT_FDCWD</home/heathledger/Documents/ioi/repos/ioi>, "/tmp/.tmpKJkGMD/records.reserve", O_RDONLY|O_NONBLOCK|O_CLOEXEC|O_DIRECTORY) = 4</tmp/.tmpKJkGMD/records.reserve>
3221736 close(4</tmp/.tmpKJkGMD/records.reserve>) = 0
3221736 openat(AT_FDCWD</home/heathledger/Documents/ioi/repos/ioi>, "/tmp/.tmpKJkGMD/records.reserve/root.tmp", O_RDWR|O_CREAT|O_TRUNC|O_CLOEXEC, 0600) = 4</tmp/.tmpKJkGMD/records.reserve/root.tmp>
3221736 write(4</tmp/.tmpKJkGMD/records.reserve/root.tmp>, "\257$\212\177\265\362\210\v?G\272\340o\356\16\342-\302\109\350\254\334\221\n\216\304\316UB\226O\10\0\0\0\0\0\0\0\0 \0\0\0\0\0\0\tE\32\247\346\373m\302\326\270\262[<\313\177y\376\257\254\243\324\357\316\222w\270+\3568\3578\221", 80) = 80
3221736 fsync(4</tmp/.tmpKJkGMD/records.reserve/root.tmp>) = 0
3221736 rename("/tmp/.tmpKJkGMD/records.reserve/root.tmp", "/tmp/.tmpKJkGMD/records.reserve/root") = 0
3221736 openat(AT_FDCWD</home/heathledger/Documents/ioi/repos/ioi>, "/tmp/.tmpKJkGMD/records.reserve", O_RDONLY|O_CLOEXEC) = 5</tmp/.tmpKJkGMD/records.reserve>
3221736 fsync(5</tmp/.tmpKJkGMD/records.reserve>) = 0
3221736 close(5</tmp/.tmpKJkGMD/records.reserve>) = 0
3221736 close(4</tmp/.tmpKJkGMD/records.reserve/root>) = 0
3221736 openat(AT_FDCWD</home/heathledger/Documents/ioi/repos/ioi>, "/tmp/.tmpKJkGMD/records.reserve/00000000000000000001.rsv", O_RDWR|O_CREAT|O_NOFOLLOW|O_CLOEXEC, 0600) = 4</tmp/.tmpKJkGMD/records.reserve/00000000000000000001.rsv>
3221736 fallocate(4</tmp/.tmpKJkGMD/records.reserve/00000000000000000001.rsv>, FALLOC_FL_KEEP_SIZE, 0, 8192) = 0
3221736 close(4</tmp/.tmpKJkGMD/records.reserve/00000000000000000001.rsv>) = 0
3221736 openat(AT_FDCWD</home/heathledger/Documents/ioi/repos/ioi>, "/tmp/.tmpKJkGMD/records.reserve/00000000000000000002.rsv", O_RDWR|O_CREAT|O_NOFOLLOW|O_CLOEXEC, 0600) = 4</tmp/.tmpKJkGMD/records.reserve/00000000000000000002.rsv>
3221736 fallocate(4</tmp/.tmpKJkGMD/records.reserve/00000000000000000002.rsv>, FALLOC_FL_KEEP_SIZE, 0, 8192) = 0
3221736 close(4</tmp/.tmpKJkGMD/records.reserve/00000000000000000002.rsv>) = 0
3221736 openat(AT_FDCWD</home/heathledger/Documents/ioi/repos/ioi>, "/tmp/.tmpKJkGMD/records.reserve/00000000000000000003.rsv", O_RDWR|O_CREAT|O_NOFOLLOW|O_CLOEXEC, 0600) = 4</tmp/.tmpKJkGMD/records.reserve/00000000000000000003.rsv>
3221736 fallocate(4</tmp/.tmpKJkGMD/records.reserve/00000000000000000003.rsv>, FALLOC_FL_KEEP_SIZE, 0, 8192) = 0
3221736 close(4</tmp/.tmpKJkGMD/records.reserve/00000000000000000003.rsv>) = 0
3221736 openat(AT_FDCWD</home/heathledger/Documents/ioi/repos/ioi>, "/tmp/.tmpKJkGMD/records.reserve/00000000000000000004.rsv", O_RDWR|O_CREAT|O_NOFOLLOW|O_CLOEXEC, 0600) = 4</tmp/.tmpKJkGMD/records.reserve/00000000000000000004.rsv>
3221736 fallocate(4</tmp/.tmpKJkGMD/records.reserve/00000000000000000004.rsv>, FALLOC_FL_KEEP_SIZE, 0, 8192) = 0
3221736 close(4</tmp/.tmpKJkGMD/records.reserve/00000000000000000004.rsv>) = 0
3221736 openat(AT_FDCWD</home/heathledger/Documents/ioi/repos/ioi>, "/tmp/.tmpKJkGMD/records.reserve/00000000000000000005.rsv", O_RDWR|O_CREAT|O_NOFOLLOW|O_CLOEXEC, 0600) = 4</tmp/.tmpKJkGMD/records.reserve/00000000000000000005.rsv>
3221736 fallocate(4</tmp/.tmpKJkGMD/records.reserve/00000000000000000005.rsv>, FALLOC_FL_KEEP_SIZE, 0, 8192) = 0
3221736 close(4</tmp/.tmpKJkGMD/records.reserve/00000000000000000005.rsv>) = 0
3221736 openat(AT_FDCWD</home/heathledger/Documents/ioi/repos/ioi>, "/tmp/.tmpKJkGMD/records.reserve/00000000000000000006.rsv", O_RDWR|O_CREAT|O_NOFOLLOW|O_CLOEXEC, 0600) = 4</tmp/.tmpKJkGMD/records.reserve/00000000000000000006.rsv>
3221736 fallocate(4</tmp/.tmpKJkGMD/records.reserve/00000000000000000006.rsv>, FALLOC_FL_KEEP_SIZE, 0, 8192) = 0
3221736 close(4</tmp/.tmpKJkGMD/records.reserve/00000000000000000006.rsv>) = 0
3221736 openat(AT_FDCWD</home/heathledger/Documents/ioi/repos/ioi>, "/tmp/.tmpKJkGMD/records.reserve/00000000000000000007.rsv", O_RDWR|O_CREAT|O_NOFOLLOW|O_CLOEXEC, 0600) = 4</tmp/.tmpKJkGMD/records.reserve/00000000000000000007.rsv>
3221736 fallocate(4</tmp/.tmpKJkGMD/records.reserve/00000000000000000007.rsv>, FALLOC_FL_KEEP_SIZE, 0, 8192) = 0
3221736 close(4</tmp/.tmpKJkGMD/records.reserve/00000000000000000007.rsv>) = 0
3221736 openat(AT_FDCWD</home/heathledger/Documents/ioi/repos/ioi>, "/tmp/.tmpKJkGMD/records.reserve/00000000000000000001.rsv", O_RDWR|O_NOFOLLOW|O_CLOEXEC) = 4</tmp/.tmpKJkGMD/records.reserve/00000000000000000001.rsv>
3221736 fsync(4</tmp/.tmpKJkGMD/records.reserve/00000000000000000001.rsv>) = 0
3221736 close(4</tmp/.tmpKJkGMD/records.reserve/00000000000000000001.rsv>) = 0
3221736 openat(AT_FDCWD</home/heathledger/Documents/ioi/repos/ioi>, "/tmp/.tmpKJkGMD/records.reserve/00000000000000000002.rsv", O_RDWR|O_NOFOLLOW|O_CLOEXEC) = 4</tmp/.tmpKJkGMD/records.reserve/00000000000000000002.rsv>
3221736 fsync(4</tmp/.tmpKJkGMD/records.reserve/00000000000000000002.rsv>) = 0
3221736 close(4</tmp/.tmpKJkGMD/records.reserve/00000000000000000002.rsv>) = 0
3221736 openat(AT_FDCWD</home/heathledger/Documents/ioi/repos/ioi>, "/tmp/.tmpKJkGMD/records.reserve/00000000000000000003.rsv", O_RDWR|O_NOFOLLOW|O_CLOEXEC) = 4</tmp/.tmpKJkGMD/records.reserve/00000000000000000003.rsv>
3221736 fsync(4</tmp/.tmpKJkGMD/records.reserve/00000000000000000003.rsv>) = 0
3221736 close(4</tmp/.tmpKJkGMD/records.reserve/00000000000000000003.rsv>) = 0
3221736 openat(AT_FDCWD</home/heathledger/Documents/ioi/repos/ioi>, "/tmp/.tmpKJkGMD/records.reserve/00000000000000000004.rsv", O_RDWR|O_NOFOLLOW|O_CLOEXEC) = 4</tmp/.tmpKJkGMD/records.reserve/00000000000000000004.rsv>
3221736 fsync(4</tmp/.tmpKJkGMD/records.reserve/00000000000000000004.rsv>) = 0
3221736 close(4</tmp/.tmpKJkGMD/records.reserve/00000000000000000004.rsv>) = 0
3221736 openat(AT_FDCWD</home/heathledger/Documents/ioi/repos/ioi>, "/tmp/.tmpKJkGMD/records.reserve/00000000000000000005.rsv", O_RDWR|O_NOFOLLOW|O_CLOEXEC) = 4</tmp/.tmpKJkGMD/records.reserve/00000000000000000005.rsv>
3221736 fsync(4</tmp/.tmpKJkGMD/records.reserve/00000000000000000005.rsv>) = 0
3221736 close(4</tmp/.tmpKJkGMD/records.reserve/00000000000000000005.rsv>) = 0
3221736 openat(AT_FDCWD</home/heathledger/Documents/ioi/repos/ioi>, "/tmp/.tmpKJkGMD/records.reserve/00000000000000000006.rsv", O_RDWR|O_NOFOLLOW|O_CLOEXEC) = 4</tmp/.tmpKJkGMD/records.reserve/00000000000000000006.rsv>
3221736 fsync(4</tmp/.tmpKJkGMD/records.reserve/00000000000000000006.rsv>) = 0
3221736 close(4</tmp/.tmpKJkGMD/records.reserve/00000000000000000006.rsv>) = 0
3221736 openat(AT_FDCWD</home/heathledger/Documents/ioi/repos/ioi>, "/tmp/.tmpKJkGMD/records.reserve/00000000000000000007.rsv", O_RDWR|O_NOFOLLOW|O_CLOEXEC) = 4</tmp/.tmpKJkGMD/records.reserve/00000000000000000007.rsv>
3221736 fsync(4</tmp/.tmpKJkGMD/records.reserve/00000000000000000007.rsv>) = 0
3221736 close(4</tmp/.tmpKJkGMD/records.reserve/00000000000000000007.rsv>) = 0
3221736 openat(AT_FDCWD</home/heathledger/Documents/ioi/repos/ioi>, "/tmp/.tmpKJkGMD/records.reserve", O_RDONLY|O_CLOEXEC) = 4</tmp/.tmpKJkGMD/records.reserve>
3221736 fsync(4</tmp/.tmpKJkGMD/records.reserve>) = 0
3221736 close(4</tmp/.tmpKJkGMD/records.reserve>) = 0
3221736 openat(AT_FDCWD</home/heathledger/Documents/ioi/repos/ioi>, "/tmp/.tmpKJkGMD", O_RDONLY|O_CLOEXEC) = 4</tmp/.tmpKJkGMD>
3221736 fsync(4</tmp/.tmpKJkGMD>)       = 0
3221736 close(4</tmp/.tmpKJkGMD>)       = 0
3221736 openat(AT_FDCWD</home/heathledger/Documents/ioi/repos/ioi>, "/tmp", O_RDONLY|O_CLOEXEC) = 4</tmp>
3221736 fsync(4</tmp>)                  = 0
3221736 close(4</tmp>)                  = 0
3221736 openat(AT_FDCWD</home/heathledger/Documents/ioi/repos/ioi>, "/", O_RDONLY|O_CLOEXEC) = 4</>
3221736 fsync(4</>)                     = 0
3221736 close(4</>)                     = 0
3221736 openat(AT_FDCWD</home/heathledger/Documents/ioi/repos/ioi>, "/tmp/.tmpKJkGMD/records.reserve/00000000000000000001.rsv", O_RDONLY|O_CLOEXEC) = 4</tmp/.tmpKJkGMD/records.reserve/00000000000000000001.rsv>
3221736 close(4</tmp/.tmpKJkGMD/records.reserve/00000000000000000001.rsv>) = 0
3221736 openat(AT_FDCWD</home/heathledger/Documents/ioi/repos/ioi>, "/tmp/.tmpKJkGMD/records.reserve/00000000000000000002.rsv", O_RDONLY|O_CLOEXEC) = 4</tmp/.tmpKJkGMD/records.reserve/00000000000000000002.rsv>
3221736 close(4</tmp/.tmpKJkGMD/records.reserve/00000000000000000002.rsv>) = 0
3221736 openat(AT_FDCWD</home/heathledger/Documents/ioi/repos/ioi>, "/tmp/.tmpKJkGMD/records.reserve/00000000000000000003.rsv", O_RDONLY|O_CLOEXEC) = 4</tmp/.tmpKJkGMD/records.reserve/00000000000000000003.rsv>
3221736 close(4</tmp/.tmpKJkGMD/records.reserve/00000000000000000003.rsv>) = 0
3221736 openat(AT_FDCWD</home/heathledger/Documents/ioi/repos/ioi>, "/tmp/.tmpKJkGMD/records.reserve/00000000000000000004.rsv", O_RDONLY|O_CLOEXEC) = 4</tmp/.tmpKJkGMD/records.reserve/00000000000000000004.rsv>
3221736 close(4</tmp/.tmpKJkGMD/records.reserve/00000000000000000004.rsv>) = 0
3221736 openat(AT_FDCWD</home/heathledger/Documents/ioi/repos/ioi>, "/tmp/.tmpKJkGMD/records.reserve/00000000000000000005.rsv", O_RDONLY|O_CLOEXEC) = 4</tmp/.tmpKJkGMD/records.reserve/00000000000000000005.rsv>
3221736 close(4</tmp/.tmpKJkGMD/records.reserve/00000000000000000005.rsv>) = 0
3221736 openat(AT_FDCWD</home/heathledger/Documents/ioi/repos/ioi>, "/tmp/.tmpKJkGMD/records.reserve/00000000000000000006.rsv", O_RDONLY|O_CLOEXEC) = 4</tmp/.tmpKJkGMD/records.reserve/00000000000000000006.rsv>
3221736 close(4</tmp/.tmpKJkGMD/records.reserve/00000000000000000006.rsv>) = 0
3221736 openat(AT_FDCWD</home/heathledger/Documents/ioi/repos/ioi>, "/tmp/.tmpKJkGMD/records.reserve/00000000000000000007.rsv", O_RDONLY|O_CLOEXEC) = 4</tmp/.tmpKJkGMD/records.reserve/00000000000000000007.rsv>
3221736 close(4</tmp/.tmpKJkGMD/records.reserve/00000000000000000007.rsv>) = 0
3221736 openat(AT_FDCWD</home/heathledger/Documents/ioi/repos/ioi>, "/tmp/.tmpKJkGMD/custody.anchor", O_RDONLY|O_CLOEXEC) = 4</tmp/.tmpKJkGMD/custody.anchor>
3221736 close(4</tmp/.tmpKJkGMD/custody.anchor>) = 0
3221736 openat(AT_FDCWD</home/heathledger/Documents/ioi/repos/ioi>, "/tmp/.tmpKJkGMD/records", O_RDONLY|O_NONBLOCK|O_CLOEXEC|O_DIRECTORY) = 4</tmp/.tmpKJkGMD/records>
3221736 openat(AT_FDCWD</home/heathledger/Documents/ioi/repos/ioi>, "/tmp/.tmpKJkGMD/records/00000000000000000000.quv", O_RDONLY|O_CLOEXEC) = 5</tmp/.tmpKJkGMD/records/00000000000000000000.quv>
3221736 close(5</tmp/.tmpKJkGMD/records/00000000000000000000.quv>) = 0
3221736 close(4</tmp/.tmpKJkGMD/records>) = 0
3221736 openat(AT_FDCWD</home/heathledger/Documents/ioi/repos/ioi>, "/tmp/.tmpKJkGMD/records.reserve", O_RDONLY|O_NONBLOCK|O_CLOEXEC|O_DIRECTORY) = 4</tmp/.tmpKJkGMD/records.reserve>
3221736 openat(AT_FDCWD</home/heathledger/Documents/ioi/repos/ioi>, "/tmp/.tmpKJkGMD/records.reserve/00000000000000000005.rsv", O_RDONLY|O_CLOEXEC) = 5</tmp/.tmpKJkGMD/records.reserve/00000000000000000005.rsv>
3221736 close(5</tmp/.tmpKJkGMD/records.reserve/00000000000000000005.rsv>) = 0
3221736 openat(AT_FDCWD</home/heathledger/Documents/ioi/repos/ioi>, "/tmp/.tmpKJkGMD/records.reserve/00000000000000000001.rsv", O_RDONLY|O_CLOEXEC) = 5</tmp/.tmpKJkGMD/records.reserve/00000000000000000001.rsv>
3221736 close(5</tmp/.tmpKJkGMD/records.reserve/00000000000000000001.rsv>) = 0
3221736 openat(AT_FDCWD</home/heathledger/Documents/ioi/repos/ioi>, "/tmp/.tmpKJkGMD/records.reserve/00000000000000000007.rsv", O_RDONLY|O_CLOEXEC) = 5</tmp/.tmpKJkGMD/records.reserve/00000000000000000007.rsv>
3221736 close(5</tmp/.tmpKJkGMD/records.reserve/00000000000000000007.rsv>) = 0
3221736 openat(AT_FDCWD</home/heathledger/Documents/ioi/repos/ioi>, "/tmp/.tmpKJkGMD/records.reserve/00000000000000000002.rsv", O_RDONLY|O_CLOEXEC) = 5</tmp/.tmpKJkGMD/records.reserve/00000000000000000002.rsv>
3221736 close(5</tmp/.tmpKJkGMD/records.reserve/00000000000000000002.rsv>) = 0
3221736 openat(AT_FDCWD</home/heathledger/Documents/ioi/repos/ioi>, "/tmp/.tmpKJkGMD/records.reserve/00000000000000000006.rsv", O_RDONLY|O_CLOEXEC) = 5</tmp/.tmpKJkGMD/records.reserve/00000000000000000006.rsv>
3221736 close(5</tmp/.tmpKJkGMD/records.reserve/00000000000000000006.rsv>) = 0
3221736 openat(AT_FDCWD</home/heathledger/Documents/ioi/repos/ioi>, "/tmp/.tmpKJkGMD/records.reserve/root", O_RDONLY|O_CLOEXEC) = 5</tmp/.tmpKJkGMD/records.reserve/root>
3221736 close(5</tmp/.tmpKJkGMD/records.reserve/root>) = 0
3221736 openat(AT_FDCWD</home/heathledger/Documents/ioi/repos/ioi>, "/tmp/.tmpKJkGMD/records.reserve/00000000000000000004.rsv", O_RDONLY|O_CLOEXEC) = 5</tmp/.tmpKJkGMD/records.reserve/00000000000000000004.rsv>
3221736 close(5</tmp/.tmpKJkGMD/records.reserve/00000000000000000004.rsv>) = 0
3221736 openat(AT_FDCWD</home/heathledger/Documents/ioi/repos/ioi>, "/tmp/.tmpKJkGMD/records.reserve/00000000000000000003.rsv", O_RDONLY|O_CLOEXEC) = 5</tmp/.tmpKJkGMD/records.reserve/00000000000000000003.rsv>
3221736 close(5</tmp/.tmpKJkGMD/records.reserve/00000000000000000003.rsv>) = 0
3221736 close(4</tmp/.tmpKJkGMD/records.reserve>) = 0
3221736 openat(AT_FDCWD</home/heathledger/Documents/ioi/repos/ioi>, "/tmp/.tmpKJkGMD/records.reserve/00000000000000000001.rsv", O_RDWR|O_NOFOLLOW|O_CLOEXEC) = 4</tmp/.tmpKJkGMD/records.reserve/00000000000000000001.rsv>
3221736 close(4</tmp/.tmpKJkGMD/records.reserve/00000000000000000001.rsv>) = 0
3221736 openat(AT_FDCWD</home/heathledger/Documents/ioi/repos/ioi>, "/tmp/.tmpKJkGMD/custody.anchor", O_RDONLY|O_CLOEXEC) = 4</tmp/.tmpKJkGMD/custody.anchor>
3221736 close(4</tmp/.tmpKJkGMD/custody.anchor>) = 0
3221736 openat(AT_FDCWD</home/heathledger/Documents/ioi/repos/ioi>, "/tmp/.tmpKJkGMD/records", O_RDONLY|O_NONBLOCK|O_CLOEXEC|O_DIRECTORY) = 4</tmp/.tmpKJkGMD/records>
3221736 openat(AT_FDCWD</home/heathledger/Documents/ioi/repos/ioi>, "/tmp/.tmpKJkGMD/records/00000000000000000000.quv", O_RDONLY|O_CLOEXEC) = 5</tmp/.tmpKJkGMD/records/00000000000000000000.quv>
3221736 close(5</tmp/.tmpKJkGMD/records/00000000000000000000.quv>) = 0
3221736 close(4</tmp/.tmpKJkGMD/records>) = 0
3221736 openat(AT_FDCWD</home/heathledger/Documents/ioi/repos/ioi>, "/tmp/.tmpKJkGMD/records.reserve", O_RDONLY|O_NONBLOCK|O_CLOEXEC|O_DIRECTORY) = 4</tmp/.tmpKJkGMD/records.reserve>
3221736 openat(AT_FDCWD</home/heathledger/Documents/ioi/repos/ioi>, "/tmp/.tmpKJkGMD/records.reserve/00000000000000000005.rsv", O_RDONLY|O_CLOEXEC) = 5</tmp/.tmpKJkGMD/records.reserve/00000000000000000005.rsv>
3221736 close(5</tmp/.tmpKJkGMD/records.reserve/00000000000000000005.rsv>) = 0
3221736 openat(AT_FDCWD</home/heathledger/Documents/ioi/repos/ioi>, "/tmp/.tmpKJkGMD/records.reserve/00000000000000000001.rsv", O_RDONLY|O_CLOEXEC) = 5</tmp/.tmpKJkGMD/records.reserve/00000000000000000001.rsv>
3221736 close(5</tmp/.tmpKJkGMD/records.reserve/00000000000000000001.rsv>) = 0
3221736 openat(AT_FDCWD</home/heathledger/Documents/ioi/repos/ioi>, "/tmp/.tmpKJkGMD/records.reserve/00000000000000000007.rsv", O_RDONLY|O_CLOEXEC) = 5</tmp/.tmpKJkGMD/records.reserve/00000000000000000007.rsv>
3221736 close(5</tmp/.tmpKJkGMD/records.reserve/00000000000000000007.rsv>) = 0
3221736 openat(AT_FDCWD</home/heathledger/Documents/ioi/repos/ioi>, "/tmp/.tmpKJkGMD/records.reserve/00000000000000000002.rsv", O_RDONLY|O_CLOEXEC) = 5</tmp/.tmpKJkGMD/records.reserve/00000000000000000002.rsv>
3221736 close(5</tmp/.tmpKJkGMD/records.reserve/00000000000000000002.rsv>) = 0
3221736 openat(AT_FDCWD</home/heathledger/Documents/ioi/repos/ioi>, "/tmp/.tmpKJkGMD/records.reserve/00000000000000000006.rsv", O_RDONLY|O_CLOEXEC) = 5</tmp/.tmpKJkGMD/records.reserve/00000000000000000006.rsv>
3221736 close(5</tmp/.tmpKJkGMD/records.reserve/00000000000000000006.rsv>) = 0
3221736 openat(AT_FDCWD</home/heathledger/Documents/ioi/repos/ioi>, "/tmp/.tmpKJkGMD/records.reserve/root", O_RDONLY|O_CLOEXEC) = 5</tmp/.tmpKJkGMD/records.reserve/root>
3221736 close(5</tmp/.tmpKJkGMD/records.reserve/root>) = 0
3221736 openat(AT_FDCWD</home/heathledger/Documents/ioi/repos/ioi>, "/tmp/.tmpKJkGMD/records.reserve/00000000000000000004.rsv", O_RDONLY|O_CLOEXEC) = 5</tmp/.tmpKJkGMD/records.reserve/00000000000000000004.rsv>
3221736 close(5</tmp/.tmpKJkGMD/records.reserve/00000000000000000004.rsv>) = 0
3221736 openat(AT_FDCWD</home/heathledger/Documents/ioi/repos/ioi>, "/tmp/.tmpKJkGMD/records.reserve/00000000000000000003.rsv", O_RDONLY|O_CLOEXEC) = 5</tmp/.tmpKJkGMD/records.reserve/00000000000000000003.rsv>
3221736 close(5</tmp/.tmpKJkGMD/records.reserve/00000000000000000003.rsv>) = 0
3221736 close(4</tmp/.tmpKJkGMD/records.reserve>) = 0
3221736 openat(AT_FDCWD</home/heathledger/Documents/ioi/repos/ioi>, "/tmp/.tmpKJkGMD/records.reserve/00000000000000000001.rsv", O_RDWR|O_NOFOLLOW|O_CLOEXEC) = 4</tmp/.tmpKJkGMD/records.reserve/00000000000000000001.rsv>
3221736 write(4</tmp/.tmpKJkGMD/records.reserve/00000000000000000001.rsv>, "AFTQJ001\1\0\257$\212\177\265\362\210\v?G\272\340o\356\16\342-\302\109\350\254\334\221\n\216\304\316UB\226O\1\0\0\0\0\0\0\0006\214b\262 \3303\325\303\346<\363\306+\270\234\177~)\372eE\0\t\353n\n\246\262\223FU\4\1\245UmN\334W\236\346\2632]\f\231(\225\n\27-\f\367\274a7,\34\327H\273L\323&L", 116) = 116
3221736 fsync(4</tmp/.tmpKJkGMD/records.reserve/00000000000000000001.rsv>) = 0
3221736 rename("/tmp/.tmpKJkGMD/records.reserve/00000000000000000001.rsv", "/tmp/.tmpKJkGMD/records/00000000000000000001.quv") = 0
3221736 openat(AT_FDCWD</home/heathledger/Documents/ioi/repos/ioi>, "/tmp/.tmpKJkGMD/records", O_RDONLY|O_CLOEXEC) = 5</tmp/.tmpKJkGMD/records>
3221736 fsync(5</tmp/.tmpKJkGMD/records>) = 0
3221736 close(5</tmp/.tmpKJkGMD/records>) = 0
3221736 openat(AT_FDCWD</home/heathledger/Documents/ioi/repos/ioi>, "/tmp/.tmpKJkGMD/records.reserve", O_RDONLY|O_CLOEXEC) = 5</tmp/.tmpKJkGMD/records.reserve>
3221736 fsync(5</tmp/.tmpKJkGMD/records.reserve>) = 0
3221736 close(5</tmp/.tmpKJkGMD/records.reserve>) = 0
3221736 close(4</tmp/.tmpKJkGMD/records/00000000000000000001.quv>) = 0
3221736 openat(AT_FDCWD</home/heathledger/Documents/ioi/repos/ioi>, "/tmp/.tmpKJkGMD/custody.anchor.tmp", O_RDWR|O_CREAT|O_TRUNC|O_CLOEXEC, 0600) = 4</tmp/.tmpKJkGMD/custody.anchor.tmp>
3221736 write(4</tmp/.tmpKJkGMD/custody.anchor.tmp>, "AFTQJA01\1\0\257$\212\177\265\362\210\v?G\272\340o\356\16\342-\302\109\350\254\334\221\n\216\304\316UB\226O\1\0\0\0\0\0\0\0\232+\3IP\255\213}\204\217d\375\306\200\313\251\273|\251\334\23\22\33671\345\324\376*\fY\22\6\0\312'B\203h\240\350\3136\244\225,\213!?\322\244!\245\266\225\267\265\2449\2732i\240 ", 114) = 114
3221736 fsync(4</tmp/.tmpKJkGMD/custody.anchor.tmp>) = 0
3221736 rename("/tmp/.tmpKJkGMD/custody.anchor.tmp", "/tmp/.tmpKJkGMD/custody.anchor") = 0
3221736 openat(AT_FDCWD</home/heathledger/Documents/ioi/repos/ioi>, "/tmp/.tmpKJkGMD", O_RDONLY|O_CLOEXEC) = 5</tmp/.tmpKJkGMD>
3221736 fsync(5</tmp/.tmpKJkGMD>)       = 0
3221736 close(5</tmp/.tmpKJkGMD>)       = 0
3221736 close(4</tmp/.tmpKJkGMD/custody.anchor>) = 0
3221736 openat(AT_FDCWD</home/heathledger/Documents/ioi/repos/ioi>, "/tmp/.tmpKJkGMD/records/00000000000000000001.quv", O_RDONLY|O_CLOEXEC) = 4</tmp/.tmpKJkGMD/records/00000000000000000001.quv>
3221736 close(4</tmp/.tmpKJkGMD/records/00000000000000000001.quv>) = 0
3221736 openat(AT_FDCWD</home/heathledger/Documents/ioi/repos/ioi>, "/tmp/.tmpKJkGMD/records.reserve/00000000000000000002.rsv", O_RDWR|O_NOFOLLOW|O_CLOEXEC) = 4</tmp/.tmpKJkGMD/records.reserve/00000000000000000002.rsv>
3221736 write(4</tmp/.tmpKJkGMD/records.reserve/00000000000000000002.rsv>, "AFTQJ001\1\0\257$\212\177\265\362\210\v?G\272\340o\356\16\342-\302\109\350\254\334\221\n\216\304\316UB\226O\2\0\0\0\0\0\0\0\232+\3IP\255\213}\204\217d\375\306\200\313\251\273|\251\334\23\22\33671\345\324\376*\fY\22\4\2\335;\301\207\376E\347\32\305\347~DV\357\240z]8\325\317\261\206\261\10\302[Rh\234oJ{", 116) = 116
3221736 fsync(4</tmp/.tmpKJkGMD/records.reserve/00000000000000000002.rsv>) = 0
3221736 rename("/tmp/.tmpKJkGMD/records.reserve/00000000000000000002.rsv", "/tmp/.tmpKJkGMD/records/00000000000000000002.quv") = 0
3221736 openat(AT_FDCWD</home/heathledger/Documents/ioi/repos/ioi>, "/tmp/.tmpKJkGMD/records", O_RDONLY|O_CLOEXEC) = 5</tmp/.tmpKJkGMD/records>
3221736 fsync(5</tmp/.tmpKJkGMD/records>) = 0
3221736 close(5</tmp/.tmpKJkGMD/records>) = 0
3221736 openat(AT_FDCWD</home/heathledger/Documents/ioi/repos/ioi>, "/tmp/.tmpKJkGMD/records.reserve", O_RDONLY|O_CLOEXEC) = 5</tmp/.tmpKJkGMD/records.reserve>
3221736 fsync(5</tmp/.tmpKJkGMD/records.reserve>) = 0
3221736 close(5</tmp/.tmpKJkGMD/records.reserve>) = 0
3221736 close(4</tmp/.tmpKJkGMD/records/00000000000000000002.quv>) = 0
3221736 openat(AT_FDCWD</home/heathledger/Documents/ioi/repos/ioi>, "/tmp/.tmpKJkGMD/custody.anchor.tmp", O_RDWR|O_CREAT|O_TRUNC|O_CLOEXEC, 0600) = 4</tmp/.tmpKJkGMD/custody.anchor.tmp>
3221736 write(4</tmp/.tmpKJkGMD/custody.anchor.tmp>, "AFTQJA01\1\0\257$\212\177\265\362\210\v?G\272\340o\356\16\342-\302\109\350\254\334\221\n\216\304\316UB\226O\2\0\0\0\0\0\0\0\266\362\26\243t\373G\374B\230{ru\377(\320[\3055\242\331U!6Una\265\257%V\"\216\302\320\315\372\325\346\246e\220\224~\241\212\200c\253\35\234\v\n&\26\245ab\0\4wx\264\217", 114) = 114
3221736 fsync(4</tmp/.tmpKJkGMD/custody.anchor.tmp>) = 0
3221736 rename("/tmp/.tmpKJkGMD/custody.anchor.tmp", "/tmp/.tmpKJkGMD/custody.anchor") = 0
3221736 openat(AT_FDCWD</home/heathledger/Documents/ioi/repos/ioi>, "/tmp/.tmpKJkGMD", O_RDONLY|O_CLOEXEC) = 5</tmp/.tmpKJkGMD>
3221736 fsync(5</tmp/.tmpKJkGMD>)       = 0
3221736 close(5</tmp/.tmpKJkGMD>)       = 0
3221736 close(4</tmp/.tmpKJkGMD/custody.anchor>) = 0
3221736 openat(AT_FDCWD</home/heathledger/Documents/ioi/repos/ioi>, "/tmp/.tmpKJkGMD/records/00000000000000000002.quv", O_RDONLY|O_CLOEXEC) = 4</tmp/.tmpKJkGMD/records/00000000000000000002.quv>
3221736 close(4</tmp/.tmpKJkGMD/records/00000000000000000002.quv>) = 0
3221736 openat(AT_FDCWD</home/heathledger/Documents/ioi/repos/ioi>, "/tmp/.tmpKJkGMD/records.reserve/00000000000000000003.rsv", O_RDWR|O_NOFOLLOW|O_CLOEXEC) = 4</tmp/.tmpKJkGMD/records.reserve/00000000000000000003.rsv>
3221736 write(4</tmp/.tmpKJkGMD/records.reserve/00000000000000000003.rsv>, "AFTQJ001\1\0\257$\212\177\265\362\210\v?G\272\340o\356\16\342-\302\109\350\254\334\221\n\216\304\316UB\226O\3\0\0\0\0\0\0\0\266\362\26\243t\373G\374B\230{ru\377(\320[\3055\242\331U!6Una\265\257%V\"\4\3\316Z\223\230d\325\203\215\0175\31\0_\30\v\2\356\f\177\273\214@\230\342\274\317m\"u\303k\342", 116) = 116
3221736 fsync(4</tmp/.tmpKJkGMD/records.reserve/00000000000000000003.rsv>) = 0
3221736 rename("/tmp/.tmpKJkGMD/records.reserve/00000000000000000003.rsv", "/tmp/.tmpKJkGMD/records/00000000000000000003.quv") = 0
3221736 openat(AT_FDCWD</home/heathledger/Documents/ioi/repos/ioi>, "/tmp/.tmpKJkGMD/records", O_RDONLY|O_CLOEXEC) = 5</tmp/.tmpKJkGMD/records>
3221736 fsync(5</tmp/.tmpKJkGMD/records>) = 0
3221736 close(5</tmp/.tmpKJkGMD/records>) = 0
3221736 openat(AT_FDCWD</home/heathledger/Documents/ioi/repos/ioi>, "/tmp/.tmpKJkGMD/records.reserve", O_RDONLY|O_CLOEXEC) = 5</tmp/.tmpKJkGMD/records.reserve>
3221736 fsync(5</tmp/.tmpKJkGMD/records.reserve>) = 0
3221736 close(5</tmp/.tmpKJkGMD/records.reserve>) = 0
3221736 close(4</tmp/.tmpKJkGMD/records/00000000000000000003.quv>) = 0
3221736 openat(AT_FDCWD</home/heathledger/Documents/ioi/repos/ioi>, "/tmp/.tmpKJkGMD/custody.anchor.tmp", O_RDWR|O_CREAT|O_TRUNC|O_CLOEXEC, 0600) = 4</tmp/.tmpKJkGMD/custody.anchor.tmp>
3221736 write(4</tmp/.tmpKJkGMD/custody.anchor.tmp>, "AFTQJA01\1\0\257$\212\177\265\362\210\v?G\272\340o\356\16\342-\302\109\350\254\334\221\n\216\304\316UB\226O\3\0\0\0\0\0\0\0\3041\347oN\200\327Q\277\340\332Wi\r\270\346\270A\276\367f\2528\317\31\216\353v\2\333\247\274\216Hm\275\334.)Fl\242\247\202.\302T\343\28G-\275\220\34\5\202\322\315\341\322W\251\313", 114) = 114
3221736 fsync(4</tmp/.tmpKJkGMD/custody.anchor.tmp>) = 0
3221736 rename("/tmp/.tmpKJkGMD/custody.anchor.tmp", "/tmp/.tmpKJkGMD/custody.anchor") = 0
3221736 openat(AT_FDCWD</home/heathledger/Documents/ioi/repos/ioi>, "/tmp/.tmpKJkGMD", O_RDONLY|O_CLOEXEC) = 5</tmp/.tmpKJkGMD>
3221736 fsync(5</tmp/.tmpKJkGMD>)       = 0
3221736 close(5</tmp/.tmpKJkGMD>)       = 0
3221736 close(4</tmp/.tmpKJkGMD/custody.anchor>) = 0
3221736 openat(AT_FDCWD</home/heathledger/Documents/ioi/repos/ioi>, "/tmp/.tmpKJkGMD/records/00000000000000000003.quv", O_RDONLY|O_CLOEXEC) = 4</tmp/.tmpKJkGMD/records/00000000000000000003.quv>
3221736 close(4</tmp/.tmpKJkGMD/records/00000000000000000003.quv>) = 0
3221736 openat(AT_FDCWD</home/heathledger/Documents/ioi/repos/ioi>, "/tmp/.tmpKJkGMD/records.reserve/00000000000000000004.rsv", O_RDWR|O_NOFOLLOW|O_CLOEXEC) = 4</tmp/.tmpKJkGMD/records.reserve/00000000000000000004.rsv>
3221736 write(4</tmp/.tmpKJkGMD/records.reserve/00000000000000000004.rsv>, "AFTQJ001\1\0\257$\212\177\265\362\210\v?G\272\340o\356\16\342-\302\109\350\254\334\221\n\216\304\316UB\226O\4\0\0\0\0\0\0\0\3041\347oN\200\327Q\277\340\332Wi\r\270\346\270A\276\367f\2528\317\31\216\353v\2\333\247\274\4\4\346\331\376\317U\\\\\236\2=\301\200\204\341~\3769;B\226\227\331Z>\273\216%T\360\300\353\365", 116) = 116
3221736 fsync(4</tmp/.tmpKJkGMD/records.reserve/00000000000000000004.rsv>) = 0
3221736 rename("/tmp/.tmpKJkGMD/records.reserve/00000000000000000004.rsv", "/tmp/.tmpKJkGMD/records/00000000000000000004.quv") = 0
3221736 openat(AT_FDCWD</home/heathledger/Documents/ioi/repos/ioi>, "/tmp/.tmpKJkGMD/records", O_RDONLY|O_CLOEXEC) = 5</tmp/.tmpKJkGMD/records>
3221736 fsync(5</tmp/.tmpKJkGMD/records>) = 0
3221736 close(5</tmp/.tmpKJkGMD/records>) = 0
3221736 openat(AT_FDCWD</home/heathledger/Documents/ioi/repos/ioi>, "/tmp/.tmpKJkGMD/records.reserve", O_RDONLY|O_CLOEXEC) = 5</tmp/.tmpKJkGMD/records.reserve>
3221736 fsync(5</tmp/.tmpKJkGMD/records.reserve>) = 0
3221736 close(5</tmp/.tmpKJkGMD/records.reserve>) = 0
3221736 close(4</tmp/.tmpKJkGMD/records/00000000000000000004.quv>) = 0
3221736 openat(AT_FDCWD</home/heathledger/Documents/ioi/repos/ioi>, "/tmp/.tmpKJkGMD/custody.anchor.tmp", O_RDWR|O_CREAT|O_TRUNC|O_CLOEXEC, 0600) = 4</tmp/.tmpKJkGMD/custody.anchor.tmp>
3221736 write(4</tmp/.tmpKJkGMD/custody.anchor.tmp>, "AFTQJA01\1\0\257$\212\177\265\362\210\v?G\272\340o\356\16\342-\302\109\350\254\334\221\n\216\304\316UB\226O\4\0\0\0\0\0\0\0 \234\351\2112U\360\337$WY;G\321&2\330\234\331\223\366\303d\363\3628\27\r\266J\273}\265\320\206\26\372\206(K:K\0315\341N}L\17*\202=\312\235\211\24\261\0361\333\341D\341&", 114) = 114
3221736 fsync(4</tmp/.tmpKJkGMD/custody.anchor.tmp>) = 0
3221736 rename("/tmp/.tmpKJkGMD/custody.anchor.tmp", "/tmp/.tmpKJkGMD/custody.anchor") = 0
3221736 openat(AT_FDCWD</home/heathledger/Documents/ioi/repos/ioi>, "/tmp/.tmpKJkGMD", O_RDONLY|O_CLOEXEC) = 5</tmp/.tmpKJkGMD>
3221736 fsync(5</tmp/.tmpKJkGMD>)       = 0
3221736 close(5</tmp/.tmpKJkGMD>)       = 0
3221736 close(4</tmp/.tmpKJkGMD/custody.anchor>) = 0
3221736 openat(AT_FDCWD</home/heathledger/Documents/ioi/repos/ioi>, "/tmp/.tmpKJkGMD/records/00000000000000000004.quv", O_RDONLY|O_CLOEXEC) = 4</tmp/.tmpKJkGMD/records/00000000000000000004.quv>
3221736 close(4</tmp/.tmpKJkGMD/records/00000000000000000004.quv>) = 0
3221736 openat(AT_FDCWD</home/heathledger/Documents/ioi/repos/ioi>, "/tmp/.tmpKJkGMD/records.reserve/00000000000000000005.rsv", O_RDWR|O_NOFOLLOW|O_CLOEXEC) = 4</tmp/.tmpKJkGMD/records.reserve/00000000000000000005.rsv>
3221736 write(4</tmp/.tmpKJkGMD/records.reserve/00000000000000000005.rsv>, "AFTQJ001\1\0\257$\212\177\265\362\210\v?G\272\340o\356\16\342-\302\109\350\254\334\221\n\216\304\316UB\226O\5\0\0\0\0\0\0\0 \234\351\2112U\360\337$WY;G\321&2\330\234\331\223\366\303d\363\3628\27\r\266J\273}\4\5!\2020\211\214\30\33n5ed\4\31R\277sh\215\217\16J,\204$\4`\225\212\32\376\257+", 116) = 116
3221736 fsync(4</tmp/.tmpKJkGMD/records.reserve/00000000000000000005.rsv>) = 0
3221736 rename("/tmp/.tmpKJkGMD/records.reserve/00000000000000000005.rsv", "/tmp/.tmpKJkGMD/records/00000000000000000005.quv") = 0
3221736 openat(AT_FDCWD</home/heathledger/Documents/ioi/repos/ioi>, "/tmp/.tmpKJkGMD/records", O_RDONLY|O_CLOEXEC) = 5</tmp/.tmpKJkGMD/records>
3221736 fsync(5</tmp/.tmpKJkGMD/records>) = 0
3221736 close(5</tmp/.tmpKJkGMD/records>) = 0
3221736 openat(AT_FDCWD</home/heathledger/Documents/ioi/repos/ioi>, "/tmp/.tmpKJkGMD/records.reserve", O_RDONLY|O_CLOEXEC) = 5</tmp/.tmpKJkGMD/records.reserve>
3221736 fsync(5</tmp/.tmpKJkGMD/records.reserve>) = 0
3221736 close(5</tmp/.tmpKJkGMD/records.reserve>) = 0
3221736 close(4</tmp/.tmpKJkGMD/records/00000000000000000005.quv>) = 0
3221736 openat(AT_FDCWD</home/heathledger/Documents/ioi/repos/ioi>, "/tmp/.tmpKJkGMD/custody.anchor.tmp", O_RDWR|O_CREAT|O_TRUNC|O_CLOEXEC, 0600) = 4</tmp/.tmpKJkGMD/custody.anchor.tmp>
3221736 write(4</tmp/.tmpKJkGMD/custody.anchor.tmp>, "AFTQJA01\1\0\257$\212\177\265\362\210\v?G\272\340o\356\16\342-\302\109\350\254\334\221\n\216\304\316UB\226O\5\0\0\0\0\0\0\0\302'\377\330\245\367C;\372\363\344\222ty\n\320TGzv\313\256\320:\253\323\345\337\236\3171\5\362[U\37,\277I|%?\213\231\223\340_\r\374\202\6|\33\316\344\267\333\372f\34\214\0\266\372", 114) = 114
3221736 fsync(4</tmp/.tmpKJkGMD/custody.anchor.tmp>) = 0
3221736 rename("/tmp/.tmpKJkGMD/custody.anchor.tmp", "/tmp/.tmpKJkGMD/custody.anchor") = 0
3221736 openat(AT_FDCWD</home/heathledger/Documents/ioi/repos/ioi>, "/tmp/.tmpKJkGMD", O_RDONLY|O_CLOEXEC) = 5</tmp/.tmpKJkGMD>
3221736 fsync(5</tmp/.tmpKJkGMD>)       = 0
3221736 close(5</tmp/.tmpKJkGMD>)       = 0
3221736 close(4</tmp/.tmpKJkGMD/custody.anchor>) = 0
3221736 openat(AT_FDCWD</home/heathledger/Documents/ioi/repos/ioi>, "/tmp/.tmpKJkGMD/records/00000000000000000005.quv", O_RDONLY|O_CLOEXEC) = 4</tmp/.tmpKJkGMD/records/00000000000000000005.quv>
3221736 close(4</tmp/.tmpKJkGMD/records/00000000000000000005.quv>) = 0
3221736 openat(AT_FDCWD</home/heathledger/Documents/ioi/repos/ioi>, "/tmp/.tmpKJkGMD/records.reserve/00000000000000000006.rsv", O_RDWR|O_NOFOLLOW|O_CLOEXEC) = 4</tmp/.tmpKJkGMD/records.reserve/00000000000000000006.rsv>
3221736 write(4</tmp/.tmpKJkGMD/records.reserve/00000000000000000006.rsv>, "AFTQJ001\1\0\257$\212\177\265\362\210\v?G\272\340o\356\16\342-\302\109\350\254\334\221\n\216\304\316UB\226O\6\0\0\0\0\0\0\0\302'\377\330\245\367C;\372\363\344\222ty\n\320TGzv\313\256\320:\253\323\345\337\236\3171\5\4\6\"\27\343^}>?,Yni\n=\361\242R\32w\304\344\245\301\24\337\230\223\337Z\201\354\312\375", 116) = 116
3221736 fsync(4</tmp/.tmpKJkGMD/records.reserve/00000000000000000006.rsv>) = 0
3221736 rename("/tmp/.tmpKJkGMD/records.reserve/00000000000000000006.rsv", "/tmp/.tmpKJkGMD/records/00000000000000000006.quv") = 0
3221736 openat(AT_FDCWD</home/heathledger/Documents/ioi/repos/ioi>, "/tmp/.tmpKJkGMD/records", O_RDONLY|O_CLOEXEC) = 5</tmp/.tmpKJkGMD/records>
3221736 fsync(5</tmp/.tmpKJkGMD/records>) = 0
3221736 close(5</tmp/.tmpKJkGMD/records>) = 0
3221736 openat(AT_FDCWD</home/heathledger/Documents/ioi/repos/ioi>, "/tmp/.tmpKJkGMD/records.reserve", O_RDONLY|O_CLOEXEC) = 5</tmp/.tmpKJkGMD/records.reserve>
3221736 fsync(5</tmp/.tmpKJkGMD/records.reserve>) = 0
3221736 close(5</tmp/.tmpKJkGMD/records.reserve>) = 0
3221736 close(4</tmp/.tmpKJkGMD/records/00000000000000000006.quv>) = 0
3221736 openat(AT_FDCWD</home/heathledger/Documents/ioi/repos/ioi>, "/tmp/.tmpKJkGMD/custody.anchor.tmp", O_RDWR|O_CREAT|O_TRUNC|O_CLOEXEC, 0600) = 4</tmp/.tmpKJkGMD/custody.anchor.tmp>
3221736 write(4</tmp/.tmpKJkGMD/custody.anchor.tmp>, "AFTQJA01\1\0\257$\212\177\265\362\210\v?G\272\340o\356\16\342-\302\109\350\254\334\221\n\216\304\316UB\226O\6\0\0\0\0\0\0\0004t\2767\255e\205F\316\0074v\266\354\304\245;\332\313\26K\223Bj\361\v\335\353\21x-\272\345p8\200~0X\204>z\351GS\371\24\t\rF;\206\327k\270,\304\272$\251=#\256(", 114) = 114
3221736 fsync(4</tmp/.tmpKJkGMD/custody.anchor.tmp>) = 0
3221736 rename("/tmp/.tmpKJkGMD/custody.anchor.tmp", "/tmp/.tmpKJkGMD/custody.anchor") = 0
3221736 openat(AT_FDCWD</home/heathledger/Documents/ioi/repos/ioi>, "/tmp/.tmpKJkGMD", O_RDONLY|O_CLOEXEC) = 5</tmp/.tmpKJkGMD>
3221736 fsync(5</tmp/.tmpKJkGMD>)       = 0
3221736 close(5</tmp/.tmpKJkGMD>)       = 0
3221736 close(4</tmp/.tmpKJkGMD/custody.anchor>) = 0
3221736 openat(AT_FDCWD</home/heathledger/Documents/ioi/repos/ioi>, "/tmp/.tmpKJkGMD/records/00000000000000000006.quv", O_RDONLY|O_CLOEXEC) = 4</tmp/.tmpKJkGMD/records/00000000000000000006.quv>
3221736 close(4</tmp/.tmpKJkGMD/records/00000000000000000006.quv>) = 0
3221736 openat(AT_FDCWD</home/heathledger/Documents/ioi/repos/ioi>, "/tmp/.tmpKJkGMD/records.reserve/00000000000000000007.rsv", O_RDWR|O_NOFOLLOW|O_CLOEXEC) = 4</tmp/.tmpKJkGMD/records.reserve/00000000000000000007.rsv>
3221736 write(4</tmp/.tmpKJkGMD/records.reserve/00000000000000000007.rsv>, "AFTQJ001\1\0\257$\212\177\265\362\210\v?G\272\340o\356\16\342-\302\109\350\254\334\221\n\216\304\316UB\226O\7\0\0\0\0\0\0\0004t\2767\255e\205F\316\0074v\266\354\304\245;\332\313\26K\223Bj\361\v\335\353\21x-\272\4\7D\fl7\223\222W9R\25!\246\341Mx]T\214\376\307\2417\357\206\350v%\3174\32!\336", 116) = 116
3221736 fsync(4</tmp/.tmpKJkGMD/records.reserve/00000000000000000007.rsv>) = 0
3221736 rename("/tmp/.tmpKJkGMD/records.reserve/00000000000000000007.rsv", "/tmp/.tmpKJkGMD/records/00000000000000000007.quv") = 0
3221736 openat(AT_FDCWD</home/heathledger/Documents/ioi/repos/ioi>, "/tmp/.tmpKJkGMD/records", O_RDONLY|O_CLOEXEC) = 5</tmp/.tmpKJkGMD/records>
3221736 fsync(5</tmp/.tmpKJkGMD/records>) = 0
3221736 close(5</tmp/.tmpKJkGMD/records>) = 0
3221736 openat(AT_FDCWD</home/heathledger/Documents/ioi/repos/ioi>, "/tmp/.tmpKJkGMD/records.reserve", O_RDONLY|O_CLOEXEC) = 5</tmp/.tmpKJkGMD/records.reserve>
3221736 fsync(5</tmp/.tmpKJkGMD/records.reserve>) = 0
3221736 close(5</tmp/.tmpKJkGMD/records.reserve>) = 0
3221736 close(4</tmp/.tmpKJkGMD/records/00000000000000000007.quv>) = 0
3221736 openat(AT_FDCWD</home/heathledger/Documents/ioi/repos/ioi>, "/tmp/.tmpKJkGMD/custody.anchor.tmp", O_RDWR|O_CREAT|O_TRUNC|O_CLOEXEC, 0600) = 4</tmp/.tmpKJkGMD/custody.anchor.tmp>
3221736 write(4</tmp/.tmpKJkGMD/custody.anchor.tmp>, "AFTQJA01\1\0\257$\212\177\265\362\210\v?G\272\340o\356\16\342-\302\109\350\254\334\221\n\216\304\316UB\226O\7\0\0\0\0\0\0\0\243\35Ys\32Q>\27e\252\27\271N\302\303o\304\371n<\22\33~\236[\331`w\251\31a\363\322s\270]M\2\36\214\213\327c\6\316\353\257\377\t\301\341\375\272\244 \6\355\275\23\377/\3569\3", 114) = 114
3221736 fsync(4</tmp/.tmpKJkGMD/custody.anchor.tmp>) = 0
3221736 rename("/tmp/.tmpKJkGMD/custody.anchor.tmp", "/tmp/.tmpKJkGMD/custody.anchor") = 0
3221736 openat(AT_FDCWD</home/heathledger/Documents/ioi/repos/ioi>, "/tmp/.tmpKJkGMD", O_RDONLY|O_CLOEXEC) = 5</tmp/.tmpKJkGMD>
3221736 fsync(5</tmp/.tmpKJkGMD>)       = 0
3221736 close(5</tmp/.tmpKJkGMD>)       = 0
3221736 close(4</tmp/.tmpKJkGMD/custody.anchor>) = 0
3221736 openat(AT_FDCWD</home/heathledger/Documents/ioi/repos/ioi>, "/tmp/.tmpKJkGMD/records/00000000000000000007.quv", O_RDONLY|O_CLOEXEC) = 4</tmp/.tmpKJkGMD/records/00000000000000000007.quv>
3221736 close(4</tmp/.tmpKJkGMD/records/00000000000000000007.quv>) = 0
3221736 close(3</tmp/.tmpKJkGMD/custody.anchor.lock>) = 0
3221736 openat(AT_FDCWD</home/heathledger/Documents/ioi/repos/ioi>, "/tmp/.tmpKJkGMD", O_RDONLY|O_CLOEXEC) = 3</tmp/.tmpKJkGMD>
3221736 fsync(3</tmp/.tmpKJkGMD>)       = 0
3221736 close(3</tmp/.tmpKJkGMD>)       = 0
3221736 openat(AT_FDCWD</home/heathledger/Documents/ioi/repos/ioi>, "/tmp", O_RDONLY|O_CLOEXEC) = 3</tmp>
3221736 fsync(3</tmp>)                  = 0
3221736 close(3</tmp>)                  = 0
3221736 openat(AT_FDCWD</home/heathledger/Documents/ioi/repos/ioi>, "/", O_RDONLY|O_CLOEXEC) = 3</>
3221736 fsync(3</>)                     = 0
3221736 close(3</>)                     = 0
3221736 openat(AT_FDCWD</home/heathledger/Documents/ioi/repos/ioi>, "/tmp/.tmpKJkGMD", O_RDONLY|O_CLOEXEC) = 3</tmp/.tmpKJkGMD>
3221736 fsync(3</tmp/.tmpKJkGMD>)       = 0
3221736 close(3</tmp/.tmpKJkGMD>)       = 0
3221736 openat(AT_FDCWD</home/heathledger/Documents/ioi/repos/ioi>, "/tmp", O_RDONLY|O_CLOEXEC) = 3</tmp>
3221736 fsync(3</tmp>)                  = 0
3221736 close(3</tmp>)                  = 0
3221736 openat(AT_FDCWD</home/heathledger/Documents/ioi/repos/ioi>, "/", O_RDONLY|O_CLOEXEC) = 3</>
3221736 fsync(3</>)                     = 0
3221736 close(3</>)                     = 0
3221736 openat(AT_FDCWD</home/heathledger/Documents/ioi/repos/ioi>, "/tmp/.tmpKJkGMD/custody.anchor.lock", O_RDWR|O_CREAT|O_CLOEXEC, 0600) = 3</tmp/.tmpKJkGMD/custody.anchor.lock>
3221736 openat(AT_FDCWD</home/heathledger/Documents/ioi/repos/ioi>, "/tmp/.tmpKJkGMD/custody.anchor", O_RDONLY|O_CLOEXEC) = 4</tmp/.tmpKJkGMD/custody.anchor>
3221736 close(4</tmp/.tmpKJkGMD/custody.anchor>) = 0
3221736 openat(AT_FDCWD</home/heathledger/Documents/ioi/repos/ioi>, "/tmp/.tmpKJkGMD", O_RDONLY|O_CLOEXEC) = 4</tmp/.tmpKJkGMD>
3221736 fsync(4</tmp/.tmpKJkGMD>)       = 0
3221736 close(4</tmp/.tmpKJkGMD>)       = 0
3221736 openat(AT_FDCWD</home/heathledger/Documents/ioi/repos/ioi>, "/tmp/.tmpKJkGMD/records", O_RDONLY|O_NONBLOCK|O_CLOEXEC|O_DIRECTORY) = 4</tmp/.tmpKJkGMD/records>
3221736 close(4</tmp/.tmpKJkGMD/records>) = 0
3221736 openat(AT_FDCWD</home/heathledger/Documents/ioi/repos/ioi>, "/tmp/.tmpKJkGMD/records/00000000000000000000.quv", O_RDONLY|O_CLOEXEC) = 4</tmp/.tmpKJkGMD/records/00000000000000000000.quv>
3221736 close(4</tmp/.tmpKJkGMD/records/00000000000000000000.quv>) = 0
3221736 openat(AT_FDCWD</home/heathledger/Documents/ioi/repos/ioi>, "/tmp/.tmpKJkGMD/records/00000000000000000000.quv", O_RDONLY|O_CLOEXEC) = 4</tmp/.tmpKJkGMD/records/00000000000000000000.quv>
3221736 close(4</tmp/.tmpKJkGMD/records/00000000000000000000.quv>) = 0
3221736 openat(AT_FDCWD</home/heathledger/Documents/ioi/repos/ioi>, "/tmp/.tmpKJkGMD/records/00000000000000000001.quv", O_RDONLY|O_CLOEXEC) = 4</tmp/.tmpKJkGMD/records/00000000000000000001.quv>
3221736 close(4</tmp/.tmpKJkGMD/records/00000000000000000001.quv>) = 0
3221736 openat(AT_FDCWD</home/heathledger/Documents/ioi/repos/ioi>, "/tmp/.tmpKJkGMD/records/00000000000000000001.quv", O_RDONLY|O_CLOEXEC) = 4</tmp/.tmpKJkGMD/records/00000000000000000001.quv>
3221736 close(4</tmp/.tmpKJkGMD/records/00000000000000000001.quv>) = 0
3221736 openat(AT_FDCWD</home/heathledger/Documents/ioi/repos/ioi>, "/tmp/.tmpKJkGMD/records/00000000000000000002.quv", O_RDONLY|O_CLOEXEC) = 4</tmp/.tmpKJkGMD/records/00000000000000000002.quv>
3221736 close(4</tmp/.tmpKJkGMD/records/00000000000000000002.quv>) = 0
3221736 openat(AT_FDCWD</home/heathledger/Documents/ioi/repos/ioi>, "/tmp/.tmpKJkGMD/records/00000000000000000002.quv", O_RDONLY|O_CLOEXEC) = 4</tmp/.tmpKJkGMD/records/00000000000000000002.quv>
3221736 close(4</tmp/.tmpKJkGMD/records/00000000000000000002.quv>) = 0
3221736 openat(AT_FDCWD</home/heathledger/Documents/ioi/repos/ioi>, "/tmp/.tmpKJkGMD/records/00000000000000000003.quv", O_RDONLY|O_CLOEXEC) = 4</tmp/.tmpKJkGMD/records/00000000000000000003.quv>
3221736 close(4</tmp/.tmpKJkGMD/records/00000000000000000003.quv>) = 0
3221736 openat(AT_FDCWD</home/heathledger/Documents/ioi/repos/ioi>, "/tmp/.tmpKJkGMD/records/00000000000000000003.quv", O_RDONLY|O_CLOEXEC) = 4</tmp/.tmpKJkGMD/records/00000000000000000003.quv>
3221736 close(4</tmp/.tmpKJkGMD/records/00000000000000000003.quv>) = 0
3221736 openat(AT_FDCWD</home/heathledger/Documents/ioi/repos/ioi>, "/tmp/.tmpKJkGMD/records/00000000000000000004.quv", O_RDONLY|O_CLOEXEC) = 4</tmp/.tmpKJkGMD/records/00000000000000000004.quv>
3221736 close(4</tmp/.tmpKJkGMD/records/00000000000000000004.quv>) = 0
3221736 openat(AT_FDCWD</home/heathledger/Documents/ioi/repos/ioi>, "/tmp/.tmpKJkGMD/records/00000000000000000004.quv", O_RDONLY|O_CLOEXEC) = 4</tmp/.tmpKJkGMD/records/00000000000000000004.quv>
3221736 close(4</tmp/.tmpKJkGMD/records/00000000000000000004.quv>) = 0
3221736 openat(AT_FDCWD</home/heathledger/Documents/ioi/repos/ioi>, "/tmp/.tmpKJkGMD/records/00000000000000000005.quv", O_RDONLY|O_CLOEXEC) = 4</tmp/.tmpKJkGMD/records/00000000000000000005.quv>
3221736 close(4</tmp/.tmpKJkGMD/records/00000000000000000005.quv>) = 0
3221736 openat(AT_FDCWD</home/heathledger/Documents/ioi/repos/ioi>, "/tmp/.tmpKJkGMD/records/00000000000000000005.quv", O_RDONLY|O_CLOEXEC) = 4</tmp/.tmpKJkGMD/records/00000000000000000005.quv>
3221736 close(4</tmp/.tmpKJkGMD/records/00000000000000000005.quv>) = 0
3221736 openat(AT_FDCWD</home/heathledger/Documents/ioi/repos/ioi>, "/tmp/.tmpKJkGMD/records/00000000000000000006.quv", O_RDONLY|O_CLOEXEC) = 4</tmp/.tmpKJkGMD/records/00000000000000000006.quv>
3221736 close(4</tmp/.tmpKJkGMD/records/00000000000000000006.quv>) = 0
3221736 openat(AT_FDCWD</home/heathledger/Documents/ioi/repos/ioi>, "/tmp/.tmpKJkGMD/records/00000000000000000006.quv", O_RDONLY|O_CLOEXEC) = 4</tmp/.tmpKJkGMD/records/00000000000000000006.quv>
3221736 close(4</tmp/.tmpKJkGMD/records/00000000000000000006.quv>) = 0
3221736 openat(AT_FDCWD</home/heathledger/Documents/ioi/repos/ioi>, "/tmp/.tmpKJkGMD/records/00000000000000000007.quv", O_RDONLY|O_CLOEXEC) = 4</tmp/.tmpKJkGMD/records/00000000000000000007.quv>
3221736 close(4</tmp/.tmpKJkGMD/records/00000000000000000007.quv>) = 0
3221736 openat(AT_FDCWD</home/heathledger/Documents/ioi/repos/ioi>, "/tmp/.tmpKJkGMD/records/00000000000000000007.quv", O_RDONLY|O_CLOEXEC) = 4</tmp/.tmpKJkGMD/records/00000000000000000007.quv>
3221736 close(4</tmp/.tmpKJkGMD/records/00000000000000000007.quv>) = 0
3221736 openat(AT_FDCWD</home/heathledger/Documents/ioi/repos/ioi>, "/tmp/.tmpKJkGMD/records/00000000000000000000.quv", O_RDONLY|O_CLOEXEC) = 4</tmp/.tmpKJkGMD/records/00000000000000000000.quv>
3221736 close(4</tmp/.tmpKJkGMD/records/00000000000000000000.quv>) = 0
3221736 openat(AT_FDCWD</home/heathledger/Documents/ioi/repos/ioi>, "/tmp/.tmpKJkGMD/records/00000000000000000000.quv", O_RDONLY|O_CLOEXEC) = 4</tmp/.tmpKJkGMD/records/00000000000000000000.quv>
3221736 close(4</tmp/.tmpKJkGMD/records/00000000000000000000.quv>) = 0
3221736 openat(AT_FDCWD</home/heathledger/Documents/ioi/repos/ioi>, "/tmp/.tmpKJkGMD/records/00000000000000000001.quv", O_RDONLY|O_CLOEXEC) = 4</tmp/.tmpKJkGMD/records/00000000000000000001.quv>
3221736 close(4</tmp/.tmpKJkGMD/records/00000000000000000001.quv>) = 0
3221736 openat(AT_FDCWD</home/heathledger/Documents/ioi/repos/ioi>, "/tmp/.tmpKJkGMD/records/00000000000000000001.quv", O_RDONLY|O_CLOEXEC) = 4</tmp/.tmpKJkGMD/records/00000000000000000001.quv>
3221736 close(4</tmp/.tmpKJkGMD/records/00000000000000000001.quv>) = 0
3221736 openat(AT_FDCWD</home/heathledger/Documents/ioi/repos/ioi>, "/tmp/.tmpKJkGMD/records/00000000000000000002.quv", O_RDONLY|O_CLOEXEC) = 4</tmp/.tmpKJkGMD/records/00000000000000000002.quv>
3221736 close(4</tmp/.tmpKJkGMD/records/00000000000000000002.quv>) = 0
3221736 openat(AT_FDCWD</home/heathledger/Documents/ioi/repos/ioi>, "/tmp/.tmpKJkGMD/records/00000000000000000002.quv", O_RDONLY|O_CLOEXEC) = 4</tmp/.tmpKJkGMD/records/00000000000000000002.quv>
3221736 close(4</tmp/.tmpKJkGMD/records/00000000000000000002.quv>) = 0
3221736 openat(AT_FDCWD</home/heathledger/Documents/ioi/repos/ioi>, "/tmp/.tmpKJkGMD/records/00000000000000000003.quv", O_RDONLY|O_CLOEXEC) = 4</tmp/.tmpKJkGMD/records/00000000000000000003.quv>
3221736 close(4</tmp/.tmpKJkGMD/records/00000000000000000003.quv>) = 0
3221736 openat(AT_FDCWD</home/heathledger/Documents/ioi/repos/ioi>, "/tmp/.tmpKJkGMD/records/00000000000000000003.quv", O_RDONLY|O_CLOEXEC) = 4</tmp/.tmpKJkGMD/records/00000000000000000003.quv>
3221736 close(4</tmp/.tmpKJkGMD/records/00000000000000000003.quv>) = 0
3221736 openat(AT_FDCWD</home/heathledger/Documents/ioi/repos/ioi>, "/tmp/.tmpKJkGMD/records/00000000000000000004.quv", O_RDONLY|O_CLOEXEC) = 4</tmp/.tmpKJkGMD/records/00000000000000000004.quv>
3221736 close(4</tmp/.tmpKJkGMD/records/00000000000000000004.quv>) = 0
3221736 openat(AT_FDCWD</home/heathledger/Documents/ioi/repos/ioi>, "/tmp/.tmpKJkGMD/records/00000000000000000004.quv", O_RDONLY|O_CLOEXEC) = 4</tmp/.tmpKJkGMD/records/00000000000000000004.quv>
3221736 close(4</tmp/.tmpKJkGMD/records/00000000000000000004.quv>) = 0
3221736 openat(AT_FDCWD</home/heathledger/Documents/ioi/repos/ioi>, "/tmp/.tmpKJkGMD/records/00000000000000000005.quv", O_RDONLY|O_CLOEXEC) = 4</tmp/.tmpKJkGMD/records/00000000000000000005.quv>
3221736 close(4</tmp/.tmpKJkGMD/records/00000000000000000005.quv>) = 0
3221736 openat(AT_FDCWD</home/heathledger/Documents/ioi/repos/ioi>, "/tmp/.tmpKJkGMD/records/00000000000000000005.quv", O_RDONLY|O_CLOEXEC) = 4</tmp/.tmpKJkGMD/records/00000000000000000005.quv>
3221736 close(4</tmp/.tmpKJkGMD/records/00000000000000000005.quv>) = 0
3221736 openat(AT_FDCWD</home/heathledger/Documents/ioi/repos/ioi>, "/tmp/.tmpKJkGMD/records/00000000000000000006.quv", O_RDONLY|O_CLOEXEC) = 4</tmp/.tmpKJkGMD/records/00000000000000000006.quv>
3221736 close(4</tmp/.tmpKJkGMD/records/00000000000000000006.quv>) = 0
3221736 openat(AT_FDCWD</home/heathledger/Documents/ioi/repos/ioi>, "/tmp/.tmpKJkGMD/records/00000000000000000006.quv", O_RDONLY|O_CLOEXEC) = 4</tmp/.tmpKJkGMD/records/00000000000000000006.quv>
3221736 close(4</tmp/.tmpKJkGMD/records/00000000000000000006.quv>) = 0
3221736 openat(AT_FDCWD</home/heathledger/Documents/ioi/repos/ioi>, "/tmp/.tmpKJkGMD/records/00000000000000000007.quv", O_RDONLY|O_CLOEXEC) = 4</tmp/.tmpKJkGMD/records/00000000000000000007.quv>
3221736 close(4</tmp/.tmpKJkGMD/records/00000000000000000007.quv>) = 0
3221736 openat(AT_FDCWD</home/heathledger/Documents/ioi/repos/ioi>, "/tmp/.tmpKJkGMD/records/00000000000000000007.quv", O_RDONLY|O_CLOEXEC) = 4</tmp/.tmpKJkGMD/records/00000000000000000007.quv>
3221736 close(4</tmp/.tmpKJkGMD/records/00000000000000000007.quv>) = 0
3221736 openat(AT_FDCWD</home/heathledger/Documents/ioi/repos/ioi>, "/tmp/.tmpKJkGMD/records.reserve", O_RDONLY|O_NONBLOCK|O_CLOEXEC|O_DIRECTORY) = 4</tmp/.tmpKJkGMD/records.reserve>
3221736 openat(AT_FDCWD</home/heathledger/Documents/ioi/repos/ioi>, "/tmp/.tmpKJkGMD/records.reserve/root", O_RDWR|O_NOFOLLOW|O_CLOEXEC) = 5</tmp/.tmpKJkGMD/records.reserve/root>
3221736 close(5</tmp/.tmpKJkGMD/records.reserve/root>) = 0
3221736 close(4</tmp/.tmpKJkGMD/records.reserve>) = 0
3221736 openat(AT_FDCWD</home/heathledger/Documents/ioi/repos/ioi>, "/tmp/.tmpKJkGMD/records.reserve/root", O_RDONLY|O_CLOEXEC) = 4</tmp/.tmpKJkGMD/records.reserve/root>
3221736 close(4</tmp/.tmpKJkGMD/records.reserve/root>) = 0
3221736 openat(AT_FDCWD</home/heathledger/Documents/ioi/repos/ioi>, "/tmp/.tmpKJkGMD/records.reserve", O_RDONLY|O_CLOEXEC) = 4</tmp/.tmpKJkGMD/records.reserve>
3221736 fsync(4</tmp/.tmpKJkGMD/records.reserve>) = 0
3221736 close(4</tmp/.tmpKJkGMD/records.reserve>) = 0
3221736 openat(AT_FDCWD</home/heathledger/Documents/ioi/repos/ioi>, "/tmp/.tmpKJkGMD", O_RDONLY|O_CLOEXEC) = 4</tmp/.tmpKJkGMD>
3221736 fsync(4</tmp/.tmpKJkGMD>)       = 0
3221736 close(4</tmp/.tmpKJkGMD>)       = 0
3221736 openat(AT_FDCWD</home/heathledger/Documents/ioi/repos/ioi>, "/tmp", O_RDONLY|O_CLOEXEC) = 4</tmp>
3221736 fsync(4</tmp>)                  = 0
3221736 close(4</tmp>)                  = 0
3221736 openat(AT_FDCWD</home/heathledger/Documents/ioi/repos/ioi>, "/", O_RDONLY|O_CLOEXEC) = 4</>
3221736 fsync(4</>)                     = 0
3221736 close(4</>)                     = 0
3221736 close(3</tmp/.tmpKJkGMD/custody.anchor.lock>) = 0
3221736 openat(AT_FDCWD</home/heathledger/Documents/ioi/repos/ioi>, "/tmp/.tmpKJkGMD", O_RDONLY|O_NOFOLLOW|O_CLOEXEC|O_DIRECTORY) = 3</tmp/.tmpKJkGMD>
3221736 openat(3</tmp/.tmpKJkGMD>, "records", O_RDONLY|O_NOFOLLOW|O_CLOEXEC|O_DIRECTORY) = 4</tmp/.tmpKJkGMD/records>
3221736 close(4</tmp/.tmpKJkGMD/records>) = 0
3221736 openat(3</tmp/.tmpKJkGMD>, "records.reserve", O_RDONLY|O_NOFOLLOW|O_CLOEXEC|O_DIRECTORY) = 4</tmp/.tmpKJkGMD/records.reserve>
3221736 close(4</tmp/.tmpKJkGMD/records.reserve>) = 0
3221736 close(3</tmp/.tmpKJkGMD>)       = 0
3221736 +++ exited with 0 +++
3221735 write(1</home/heathledger/Documents/ioi/repos/ioi/internal-docs/architecture/protocols/aft/evidence/m17q-r1-member-reservation-2026-09-06/allocation-charge/trace/test.log>, "test aft::query_unanimity::journal::tests::reserved_records_preserve_allocation_and_inode_through_complete_lifetime ... ", 120) = 120
3221735 write(1</home/heathledger/Documents/ioi/repos/ioi/internal-docs/architecture/protocols/aft/evidence/m17q-r1-member-reservation-2026-09-06/allocation-charge/trace/test.log>, "ok", 2) = 2
3221735 write(1</home/heathledger/Documents/ioi/repos/ioi/internal-docs/architecture/protocols/aft/evidence/m17q-r1-member-reservation-2026-09-06/allocation-charge/trace/test.log>, "\n", 1) = 1
3221735 write(1</home/heathledger/Documents/ioi/repos/ioi/internal-docs/architecture/protocols/aft/evidence/m17q-r1-member-reservation-2026-09-06/allocation-charge/trace/test.log>, "\n", 1) = 1
3221735 write(1</home/heathledger/Documents/ioi/repos/ioi/internal-docs/architecture/protocols/aft/evidence/m17q-r1-member-reservation-2026-09-06/allocation-charge/trace/test.log>, "test result: ", 13) = 13
3221735 write(1</home/heathledger/Documents/ioi/repos/ioi/internal-docs/architecture/protocols/aft/evidence/m17q-r1-member-reservation-2026-09-06/allocation-charge/trace/test.log>, "ok", 2) = 2
3221735 write(1</home/heathledger/Documents/ioi/repos/ioi/internal-docs/architecture/protocols/aft/evidence/m17q-r1-member-reservation-2026-09-06/allocation-charge/trace/test.log>, ". 1 passed; 0 failed; 0 ignored; 0 measured; 305 filtered out", 61) = 61
3221735 write(1</home/heathledger/Documents/ioi/repos/ioi/internal-docs/architecture/protocols/aft/evidence/m17q-r1-member-reservation-2026-09-06/allocation-charge/trace/test.log>, "; finished in 0.61s", 19) = 19
3221735 write(1</home/heathledger/Documents/ioi/repos/ioi/internal-docs/architecture/protocols/aft/evidence/m17q-r1-member-reservation-2026-09-06/allocation-charge/trace/test.log>, "\n\n", 2) = 2
3221735 +++ exited with 0 +++
