2067068 openat(AT_FDCWD</home/heathledger/Documents/ioi/repos/ioi>, "/etc/ld.so.cache", O_RDONLY|O_CLOEXEC) = 3</etc/ld.so.cache>
2067068 close(3</etc/ld.so.cache>)      = 0
2067068 openat(AT_FDCWD</home/heathledger/Documents/ioi/repos/ioi>, "/lib/x86_64-linux-gnu/libgcc_s.so.1", O_RDONLY|O_CLOEXEC) = 3</usr/lib/x86_64-linux-gnu/libgcc_s.so.1>
2067068 close(3</usr/lib/x86_64-linux-gnu/libgcc_s.so.1>) = 0
2067068 openat(AT_FDCWD</home/heathledger/Documents/ioi/repos/ioi>, "/lib/x86_64-linux-gnu/libc.so.6", O_RDONLY|O_CLOEXEC) = 3</usr/lib/x86_64-linux-gnu/libc.so.6>
2067068 close(3</usr/lib/x86_64-linux-gnu/libc.so.6>) = 0
2067068 openat(AT_FDCWD</home/heathledger/Documents/ioi/repos/ioi>, "/proc/self/maps", O_RDONLY|O_CLOEXEC) = 3</proc/2067068/maps>
2067068 close(3</proc/2067068/maps>)    = 0
2067068 openat(AT_FDCWD</home/heathledger/Documents/ioi/repos/ioi>, "/usr/share/terminfo/l/linux", O_RDONLY|O_CLOEXEC) = 3</usr/share/terminfo/l/linux>
2067068 close(3</usr/share/terminfo/l/linux>) = 0
2067068 openat(AT_FDCWD</home/heathledger/Documents/ioi/repos/ioi>, "/proc/self/cgroup", O_RDONLY|O_CLOEXEC) = 3</proc/2067068/cgroup>
2067068 close(3</proc/2067068/cgroup>)  = 0
2067068 openat(AT_FDCWD</home/heathledger/Documents/ioi/repos/ioi>, "/sys/fs/cgroup/user.slice/user-1000.slice/user@1000.service/app.slice/app-org.chromium.Chromium-101080.scope/cpu.max", O_RDONLY|O_CLOEXEC) = -1 ENOENT (No such file or directory)
2067068 openat(AT_FDCWD</home/heathledger/Documents/ioi/repos/ioi>, "/sys/fs/cgroup/user.slice/user-1000.slice/user@1000.service/app.slice/cpu.max", O_RDONLY|O_CLOEXEC) = 3</sys/fs/cgroup/user.slice/user-1000.slice/user@1000.service/app.slice/cpu.max>
2067068 close(3</sys/fs/cgroup/user.slice/user-1000.slice/user@1000.service/app.slice/cpu.max>) = 0
2067068 openat(AT_FDCWD</home/heathledger/Documents/ioi/repos/ioi>, "/sys/fs/cgroup/user.slice/user-1000.slice/user@1000.service/cpu.max", O_RDONLY|O_CLOEXEC) = 3</sys/fs/cgroup/user.slice/user-1000.slice/user@1000.service/cpu.max>
2067068 close(3</sys/fs/cgroup/user.slice/user-1000.slice/user@1000.service/cpu.max>) = 0
2067068 openat(AT_FDCWD</home/heathledger/Documents/ioi/repos/ioi>, "/sys/fs/cgroup/user.slice/user-1000.slice/cpu.max", O_RDONLY|O_CLOEXEC) = 3</sys/fs/cgroup/user.slice/user-1000.slice/cpu.max>
2067068 close(3</sys/fs/cgroup/user.slice/user-1000.slice/cpu.max>) = 0
2067068 openat(AT_FDCWD</home/heathledger/Documents/ioi/repos/ioi>, "/sys/fs/cgroup/user.slice/cpu.max", O_RDONLY|O_CLOEXEC) = 3</sys/fs/cgroup/user.slice/cpu.max>
2067068 close(3</sys/fs/cgroup/user.slice/cpu.max>) = 0
2067068 openat(AT_FDCWD</home/heathledger/Documents/ioi/repos/ioi>, "/sys/fs/cgroup/cpu.max", O_RDONLY|O_CLOEXEC) = -1 ENOENT (No such file or directory)
2067068 write(1</home/heathledger/Documents/ioi/repos/ioi/internal-docs/architecture/protocols/aft/evidence/m16q-runs/20260907T152920Z-9ce911fe798b/endpoint-reservation/test.log>, "\nrunning 1 test\n", 16) = 16
2067068 openat(AT_FDCWD</home/heathledger/Documents/ioi/repos/ioi>, "/proc/self/cgroup", O_RDONLY|O_CLOEXEC) = 3</proc/2067068/cgroup>
2067068 close(3</proc/2067068/cgroup>)  = 0
2067068 openat(AT_FDCWD</home/heathledger/Documents/ioi/repos/ioi>, "/sys/fs/cgroup/user.slice/user-1000.slice/user@1000.service/app.slice/app-org.chromium.Chromium-101080.scope/cpu.max", O_RDONLY|O_CLOEXEC) = -1 ENOENT (No such file or directory)
2067068 openat(AT_FDCWD</home/heathledger/Documents/ioi/repos/ioi>, "/sys/fs/cgroup/user.slice/user-1000.slice/user@1000.service/app.slice/cpu.max", O_RDONLY|O_CLOEXEC) = 3</sys/fs/cgroup/user.slice/user-1000.slice/user@1000.service/app.slice/cpu.max>
2067068 close(3</sys/fs/cgroup/user.slice/user-1000.slice/user@1000.service/app.slice/cpu.max>) = 0
2067068 openat(AT_FDCWD</home/heathledger/Documents/ioi/repos/ioi>, "/sys/fs/cgroup/user.slice/user-1000.slice/user@1000.service/cpu.max", O_RDONLY|O_CLOEXEC) = 3</sys/fs/cgroup/user.slice/user-1000.slice/user@1000.service/cpu.max>
2067068 close(3</sys/fs/cgroup/user.slice/user-1000.slice/user@1000.service/cpu.max>) = 0
2067068 openat(AT_FDCWD</home/heathledger/Documents/ioi/repos/ioi>, "/sys/fs/cgroup/user.slice/user-1000.slice/cpu.max", O_RDONLY|O_CLOEXEC) = 3</sys/fs/cgroup/user.slice/user-1000.slice/cpu.max>
2067068 close(3</sys/fs/cgroup/user.slice/user-1000.slice/cpu.max>) = 0
2067068 openat(AT_FDCWD</home/heathledger/Documents/ioi/repos/ioi>, "/sys/fs/cgroup/user.slice/cpu.max", O_RDONLY|O_CLOEXEC) = 3</sys/fs/cgroup/user.slice/cpu.max>
2067068 close(3</sys/fs/cgroup/user.slice/cpu.max>) = 0
2067068 openat(AT_FDCWD</home/heathledger/Documents/ioi/repos/ioi>, "/sys/fs/cgroup/cpu.max", O_RDONLY|O_CLOEXEC) = -1 ENOENT (No such file or directory)
2067069 openat(AT_FDCWD</home/heathledger/Documents/ioi/repos/ioi>, "/tmp/.tmp6z3oO7/resource.lock", O_RDWR|O_CREAT|O_NOFOLLOW|O_CLOEXEC, 0600) = 3</tmp/.tmp6z3oO7/resource.lock>
2067069 fsync(3</tmp/.tmp6z3oO7/resource.lock>) = 0
2067069 close(3</tmp/.tmp6z3oO7/resource.lock>) = 0
2067069 openat(AT_FDCWD</home/heathledger/Documents/ioi/repos/ioi>, "/tmp/.tmp6z3oO7/records", O_RDONLY|O_CLOEXEC) = 3</tmp/.tmp6z3oO7/records>
2067069 fsync(3</tmp/.tmp6z3oO7/records>) = 0
2067069 close(3</tmp/.tmp6z3oO7/records>) = 0
2067069 openat(AT_FDCWD</home/heathledger/Documents/ioi/repos/ioi>, "/tmp/.tmp6z3oO7", O_RDONLY|O_CLOEXEC) = 3</tmp/.tmp6z3oO7>
2067069 fsync(3</tmp/.tmp6z3oO7>)       = 0
2067069 close(3</tmp/.tmp6z3oO7>)       = 0
2067069 openat(AT_FDCWD</home/heathledger/Documents/ioi/repos/ioi>, "/tmp", O_RDONLY|O_CLOEXEC) = 3</tmp>
2067069 fsync(3</tmp>)                  = 0
2067069 close(3</tmp>)                  = 0
2067069 openat(AT_FDCWD</home/heathledger/Documents/ioi/repos/ioi>, "/", O_RDONLY|O_CLOEXEC) = 3</>
2067069 fsync(3</>)                     = 0
2067069 close(3</>)                     = 0
2067069 openat(AT_FDCWD</home/heathledger/Documents/ioi/repos/ioi>, "/tmp/.tmp6z3oO7/resource.lock", O_RDWR|O_NOFOLLOW|O_CLOEXEC) = 3</tmp/.tmp6z3oO7/resource.lock>
2067069 openat(AT_FDCWD</home/heathledger/Documents/ioi/repos/ioi>, "/tmp/.tmp6z3oO7/records/b7152008cde8bb92263053413d6ba78f1b7a36ecde6fd42ddf1e6a0f1667edfd.json", O_RDWR|O_NOFOLLOW|O_CLOEXEC) = -1 ENOENT (No such file or directory)
2067069 openat(AT_FDCWD</home/heathledger/Documents/ioi/repos/ioi>, "/tmp/.tmp6z3oO7/records/.b7152008cde8bb92263053413d6ba78f1b7a36ecde6fd42ddf1e6a0f1667edfd.json.prepared", O_RDWR|O_NOFOLLOW|O_CLOEXEC) = -1 ENOENT (No such file or directory)
2067069 close(3</tmp/.tmp6z3oO7/resource.lock>) = 0
2067069 openat(AT_FDCWD</home/heathledger/Documents/ioi/repos/ioi>, "/tmp/.tmp6z3oO7/resource.lock", O_RDWR|O_CREAT|O_NOFOLLOW|O_CLOEXEC, 0600) = 3</tmp/.tmp6z3oO7/resource.lock>
2067069 fsync(3</tmp/.tmp6z3oO7/resource.lock>) = 0
2067069 close(3</tmp/.tmp6z3oO7/resource.lock>) = 0
2067069 openat(AT_FDCWD</home/heathledger/Documents/ioi/repos/ioi>, "/tmp/.tmp6z3oO7/records", O_RDONLY|O_CLOEXEC) = 3</tmp/.tmp6z3oO7/records>
2067069 fsync(3</tmp/.tmp6z3oO7/records>) = 0
2067069 close(3</tmp/.tmp6z3oO7/records>) = 0
2067069 openat(AT_FDCWD</home/heathledger/Documents/ioi/repos/ioi>, "/tmp/.tmp6z3oO7", O_RDONLY|O_CLOEXEC) = 3</tmp/.tmp6z3oO7>
2067069 fsync(3</tmp/.tmp6z3oO7>)       = 0
2067069 close(3</tmp/.tmp6z3oO7>)       = 0
2067069 openat(AT_FDCWD</home/heathledger/Documents/ioi/repos/ioi>, "/tmp", O_RDONLY|O_CLOEXEC) = 3</tmp>
2067069 fsync(3</tmp>)                  = 0
2067069 close(3</tmp>)                  = 0
2067069 openat(AT_FDCWD</home/heathledger/Documents/ioi/repos/ioi>, "/", O_RDONLY|O_CLOEXEC) = 3</>
2067069 fsync(3</>)                     = 0
2067069 close(3</>)                     = 0
2067069 openat(AT_FDCWD</home/heathledger/Documents/ioi/repos/ioi>, "/tmp/.tmp6z3oO7/resource.lock", O_RDWR|O_NOFOLLOW|O_CLOEXEC) = 3</tmp/.tmp6z3oO7/resource.lock>
2067069 openat(AT_FDCWD</home/heathledger/Documents/ioi/repos/ioi>, "/tmp/.tmp6z3oO7/records/b7152008cde8bb92263053413d6ba78f1b7a36ecde6fd42ddf1e6a0f1667edfd.json", O_RDWR|O_NOFOLLOW|O_CLOEXEC) = -1 ENOENT (No such file or directory)
2067069 openat(AT_FDCWD</home/heathledger/Documents/ioi/repos/ioi>, "/tmp/.tmp6z3oO7/records/.b7152008cde8bb92263053413d6ba78f1b7a36ecde6fd42ddf1e6a0f1667edfd.json.prepared", O_RDWR|O_CREAT|O_NOFOLLOW|O_CLOEXEC, 0600) = 4</tmp/.tmp6z3oO7/records/.b7152008cde8bb92263053413d6ba78f1b7a36ecde6fd42ddf1e6a0f1667edfd.json.prepared>
2067069 fallocate(4</tmp/.tmp6z3oO7/records/.b7152008cde8bb92263053413d6ba78f1b7a36ecde6fd42ddf1e6a0f1667edfd.json.prepared>, FALLOC_FL_KEEP_SIZE, 0, 81920) = 0
2067069 write(4</tmp/.tmp6z3oO7/records/.b7152008cde8bb92263053413d6ba78f1b7a36ecde6fd42ddf1e6a0f1667edfd.json.prepared>, "                                                                                                                                                                                                                                                                "..., 8192) = 8192
2067069 write(4</tmp/.tmp6z3oO7/records/.b7152008cde8bb92263053413d6ba78f1b7a36ecde6fd42ddf1e6a0f1667edfd.json.prepared>, "                                                                                                                                                                                                                                                                "..., 8192) = 8192
2067069 write(4</tmp/.tmp6z3oO7/records/.b7152008cde8bb92263053413d6ba78f1b7a36ecde6fd42ddf1e6a0f1667edfd.json.prepared>, "                                                                                                                                                                                                                                                                "..., 8192) = 8192
2067069 write(4</tmp/.tmp6z3oO7/records/.b7152008cde8bb92263053413d6ba78f1b7a36ecde6fd42ddf1e6a0f1667edfd.json.prepared>, "                                                                                                                                                                                                                                                                "..., 8192) = 8192
2067069 write(4</tmp/.tmp6z3oO7/records/.b7152008cde8bb92263053413d6ba78f1b7a36ecde6fd42ddf1e6a0f1667edfd.json.prepared>, "                                                                                                                                                                                                                                                                "..., 8192) = 8192
2067069 write(4</tmp/.tmp6z3oO7/records/.b7152008cde8bb92263053413d6ba78f1b7a36ecde6fd42ddf1e6a0f1667edfd.json.prepared>, "                                                                                                                                                                                                                                                                "..., 8192) = 8192
2067069 write(4</tmp/.tmp6z3oO7/records/.b7152008cde8bb92263053413d6ba78f1b7a36ecde6fd42ddf1e6a0f1667edfd.json.prepared>, "                                                                                                                                                                                                                                                                "..., 8192) = 8192
2067069 write(4</tmp/.tmp6z3oO7/records/.b7152008cde8bb92263053413d6ba78f1b7a36ecde6fd42ddf1e6a0f1667edfd.json.prepared>, "                                                                                                                                                                                                                                                                "..., 8192) = 8192
2067069 write(4</tmp/.tmp6z3oO7/records/.b7152008cde8bb92263053413d6ba78f1b7a36ecde6fd42ddf1e6a0f1667edfd.json.prepared>, "                                                                                                                                                                                                                                                                "..., 8192) = 8192
2067069 write(4</tmp/.tmp6z3oO7/records/.b7152008cde8bb92263053413d6ba78f1b7a36ecde6fd42ddf1e6a0f1667edfd.json.prepared>, "                                                                                                                                                                                                                                                                "..., 8192) = 8192
2067069 fsync(4</tmp/.tmp6z3oO7/records/.b7152008cde8bb92263053413d6ba78f1b7a36ecde6fd42ddf1e6a0f1667edfd.json.prepared>) = 0
2067069 openat(AT_FDCWD</home/heathledger/Documents/ioi/repos/ioi>, "/tmp/.tmp6z3oO7/records", O_RDONLY|O_CLOEXEC) = 5</tmp/.tmp6z3oO7/records>
2067069 fsync(5</tmp/.tmp6z3oO7/records>) = 0
2067069 close(5</tmp/.tmp6z3oO7/records>) = 0
2067069 openat(AT_FDCWD</home/heathledger/Documents/ioi/repos/ioi>, "/tmp/.tmp6z3oO7", O_RDONLY|O_CLOEXEC) = 5</tmp/.tmp6z3oO7>
2067069 fsync(5</tmp/.tmp6z3oO7>)       = 0
2067069 close(5</tmp/.tmp6z3oO7>)       = 0
2067069 openat(AT_FDCWD</home/heathledger/Documents/ioi/repos/ioi>, "/tmp", O_RDONLY|O_CLOEXEC) = 5</tmp>
2067069 fsync(5</tmp>)                  = 0
2067069 close(5</tmp>)                  = 0
2067069 openat(AT_FDCWD</home/heathledger/Documents/ioi/repos/ioi>, "/", O_RDONLY|O_CLOEXEC) = 5</>
2067069 fsync(5</>)                     = 0
2067069 close(5</>)                     = 0
2067069 close(4</tmp/.tmp6z3oO7/records/.b7152008cde8bb92263053413d6ba78f1b7a36ecde6fd42ddf1e6a0f1667edfd.json.prepared>) = 0
2067069 close(3</tmp/.tmp6z3oO7/resource.lock>) = 0
2067069 openat(AT_FDCWD</home/heathledger/Documents/ioi/repos/ioi>, "/tmp/.tmp6z3oO7/records/.b7152008cde8bb92263053413d6ba78f1b7a36ecde6fd42ddf1e6a0f1667edfd.json.prepared", O_RDONLY|O_CLOEXEC) = 3</tmp/.tmp6z3oO7/records/.b7152008cde8bb92263053413d6ba78f1b7a36ecde6fd42ddf1e6a0f1667edfd.json.prepared>
2067069 write(2</home/heathledger/Documents/ioi/repos/ioi/internal-docs/architecture/protocols/aft/evidence/m16q-runs/20260907T152920Z-9ce911fe798b/endpoint-reservation/test.log>, "AFT_ENDPOINT_LIVE_BEGIN\n", 24) = 24
2067069 openat(AT_FDCWD</home/heathledger/Documents/ioi/repos/ioi>, "/tmp/.tmp6z3oO7/resource.lock", O_RDWR|O_NOFOLLOW|O_CLOEXEC) = 4</tmp/.tmp6z3oO7/resource.lock>
2067069 openat(AT_FDCWD</home/heathledger/Documents/ioi/repos/ioi>, "/tmp/.tmp6z3oO7/records/b7152008cde8bb92263053413d6ba78f1b7a36ecde6fd42ddf1e6a0f1667edfd.json", O_RDWR|O_NOFOLLOW|O_CLOEXEC) = -1 ENOENT (No such file or directory)
2067069 openat(AT_FDCWD</home/heathledger/Documents/ioi/repos/ioi>, "/tmp/.tmp6z3oO7/records/.b7152008cde8bb92263053413d6ba78f1b7a36ecde6fd42ddf1e6a0f1667edfd.json.prepared", O_RDWR|O_NOFOLLOW|O_CLOEXEC) = 5</tmp/.tmp6z3oO7/records/.b7152008cde8bb92263053413d6ba78f1b7a36ecde6fd42ddf1e6a0f1667edfd.json.prepared>
2067069 write(5</tmp/.tmp6z3oO7/records/.b7152008cde8bb92263053413d6ba78f1b7a36ecde6fd42ddf1e6a0f1667edfd.json.prepared>, "{\"evidence\":[123,34,115,105,103,110,97,116,117,114,101,95,98,97,115,101,54,52,34,58,34,103,70,120,100,110,97,77,114,80,103,47,74,102,84,108,77,73,119,57,88,72,105,104,77,86,112,118,66,121,119,116,118,65,54,73,47,73,56,66,49,65,78,119,43,108,101,88,118,65,5"..., 19166) = 19166
2067069 fsync(5</tmp/.tmp6z3oO7/records/.b7152008cde8bb92263053413d6ba78f1b7a36ecde6fd42ddf1e6a0f1667edfd.json.prepared>) = 0
2067069 rename("/tmp/.tmp6z3oO7/records/.b7152008cde8bb92263053413d6ba78f1b7a36ecde6fd42ddf1e6a0f1667edfd.json.prepared", "/tmp/.tmp6z3oO7/records/b7152008cde8bb92263053413d6ba78f1b7a36ecde6fd42ddf1e6a0f1667edfd.json") = 0
2067069 openat(AT_FDCWD</home/heathledger/Documents/ioi/repos/ioi>, "/tmp/.tmp6z3oO7/records", O_RDONLY|O_CLOEXEC) = 6</tmp/.tmp6z3oO7/records>
2067069 fsync(6</tmp/.tmp6z3oO7/records>) = 0
2067069 close(6</tmp/.tmp6z3oO7/records>) = 0
2067069 close(5</tmp/.tmp6z3oO7/records/b7152008cde8bb92263053413d6ba78f1b7a36ecde6fd42ddf1e6a0f1667edfd.json>) = 0
2067069 close(4</tmp/.tmp6z3oO7/resource.lock>) = 0
2067069 write(2</home/heathledger/Documents/ioi/repos/ioi/internal-docs/architecture/protocols/aft/evidence/m16q-runs/20260907T152920Z-9ce911fe798b/endpoint-reservation/test.log>, "AFT_ENDPOINT_LIVE_END\n", 22) = 22
2067069 openat(AT_FDCWD</home/heathledger/Documents/ioi/repos/ioi>, "/tmp/.tmp6z3oO7/records/b7152008cde8bb92263053413d6ba78f1b7a36ecde6fd42ddf1e6a0f1667edfd.json", O_RDONLY|O_CLOEXEC) = 4</tmp/.tmp6z3oO7/records/b7152008cde8bb92263053413d6ba78f1b7a36ecde6fd42ddf1e6a0f1667edfd.json>
2067069 close(4</tmp/.tmp6z3oO7/records/b7152008cde8bb92263053413d6ba78f1b7a36ecde6fd42ddf1e6a0f1667edfd.json>) = 0
2067069 openat(AT_FDCWD</home/heathledger/Documents/ioi/repos/ioi>, "/tmp/.tmp6z3oO7/resource.lock", O_RDWR|O_NOFOLLOW|O_CLOEXEC) = 4</tmp/.tmp6z3oO7/resource.lock>
2067069 openat(AT_FDCWD</home/heathledger/Documents/ioi/repos/ioi>, "/tmp/.tmp6z3oO7/records/b7152008cde8bb92263053413d6ba78f1b7a36ecde6fd42ddf1e6a0f1667edfd.json", O_RDWR|O_NOFOLLOW|O_CLOEXEC) = 5</tmp/.tmp6z3oO7/records/b7152008cde8bb92263053413d6ba78f1b7a36ecde6fd42ddf1e6a0f1667edfd.json>
2067069 close(5</tmp/.tmp6z3oO7/records/b7152008cde8bb92263053413d6ba78f1b7a36ecde6fd42ddf1e6a0f1667edfd.json>) = 0
2067069 close(4</tmp/.tmp6z3oO7/resource.lock>) = 0
2067069 openat(AT_FDCWD</home/heathledger/Documents/ioi/repos/ioi>, "/tmp/.tmp6z3oO7/records/b7152008cde8bb92263053413d6ba78f1b7a36ecde6fd42ddf1e6a0f1667edfd.json", O_RDONLY|O_CLOEXEC) = 4</tmp/.tmp6z3oO7/records/b7152008cde8bb92263053413d6ba78f1b7a36ecde6fd42ddf1e6a0f1667edfd.json>
2067069 close(4</tmp/.tmp6z3oO7/records/b7152008cde8bb92263053413d6ba78f1b7a36ecde6fd42ddf1e6a0f1667edfd.json>) = 0
2067069 openat(AT_FDCWD</home/heathledger/Documents/ioi/repos/ioi>, "/tmp/.tmp6z3oO7/records/.b7152008cde8bb92263053413d6ba78f1b7a36ecde6fd42ddf1e6a0f1667edfd.json.prepared", O_WRONLY|O_CREAT|O_TRUNC|O_CLOEXEC, 0666) = 4</tmp/.tmp6z3oO7/records/.b7152008cde8bb92263053413d6ba78f1b7a36ecde6fd42ddf1e6a0f1667edfd.json.prepared>
2067069 write(4</tmp/.tmp6z3oO7/records/.b7152008cde8bb92263053413d6ba78f1b7a36ecde6fd42ddf1e6a0f1667edfd.json.prepared>, "interrupted spare", 17) = 17
2067069 close(4</tmp/.tmp6z3oO7/records/.b7152008cde8bb92263053413d6ba78f1b7a36ecde6fd42ddf1e6a0f1667edfd.json.prepared>) = 0
2067069 openat(AT_FDCWD</home/heathledger/Documents/ioi/repos/ioi>, "/tmp/.tmp6z3oO7/resource.lock", O_RDWR|O_NOFOLLOW|O_CLOEXEC) = 4</tmp/.tmp6z3oO7/resource.lock>
2067069 openat(AT_FDCWD</home/heathledger/Documents/ioi/repos/ioi>, "/tmp/.tmp6z3oO7/records/b7152008cde8bb92263053413d6ba78f1b7a36ecde6fd42ddf1e6a0f1667edfd.json", O_RDWR|O_NOFOLLOW|O_CLOEXEC) = 5</tmp/.tmp6z3oO7/records/b7152008cde8bb92263053413d6ba78f1b7a36ecde6fd42ddf1e6a0f1667edfd.json>
2067069 close(5</tmp/.tmp6z3oO7/records/b7152008cde8bb92263053413d6ba78f1b7a36ecde6fd42ddf1e6a0f1667edfd.json>) = 0
2067069 close(4</tmp/.tmp6z3oO7/resource.lock>) = 0
2067069 openat(AT_FDCWD</home/heathledger/Documents/ioi/repos/ioi>, "/tmp/.tmp6z3oO7/records/.b7152008cde8bb92263053413d6ba78f1b7a36ecde6fd42ddf1e6a0f1667edfd.json.prepared", O_RDONLY|O_CLOEXEC) = 4</tmp/.tmp6z3oO7/records/.b7152008cde8bb92263053413d6ba78f1b7a36ecde6fd42ddf1e6a0f1667edfd.json.prepared>
2067069 close(4</tmp/.tmp6z3oO7/records/.b7152008cde8bb92263053413d6ba78f1b7a36ecde6fd42ddf1e6a0f1667edfd.json.prepared>) = 0
2067069 openat(AT_FDCWD</home/heathledger/Documents/ioi/repos/ioi>, "/tmp/.tmp6z3oO7/resource.lock", O_RDWR|O_NOFOLLOW|O_CLOEXEC) = 4</tmp/.tmp6z3oO7/resource.lock>
2067069 openat(AT_FDCWD</home/heathledger/Documents/ioi/repos/ioi>, "/tmp/.tmp6z3oO7/records/b7152008cde8bb92263053413d6ba78f1b7a36ecde6fd42ddf1e6a0f1667edfd.json", O_RDWR|O_NOFOLLOW|O_CLOEXEC) = 5</tmp/.tmp6z3oO7/records/b7152008cde8bb92263053413d6ba78f1b7a36ecde6fd42ddf1e6a0f1667edfd.json>
2067069 close(5</tmp/.tmp6z3oO7/records/b7152008cde8bb92263053413d6ba78f1b7a36ecde6fd42ddf1e6a0f1667edfd.json>) = 0
2067069 close(4</tmp/.tmp6z3oO7/resource.lock>) = 0
2067069 openat(AT_FDCWD</home/heathledger/Documents/ioi/repos/ioi>, "/tmp/.tmp6z3oO7/resource.lock", O_RDWR|O_NOFOLLOW|O_CLOEXEC) = 4</tmp/.tmp6z3oO7/resource.lock>
2067069 openat(AT_FDCWD</home/heathledger/Documents/ioi/repos/ioi>, "/tmp/.tmp6z3oO7/records/b7152008cde8bb92263053413d6ba78f1b7a36ecde6fd42ddf1e6a0f1667edfd.json", O_RDWR|O_NOFOLLOW|O_CLOEXEC) = 5</tmp/.tmp6z3oO7/records/b7152008cde8bb92263053413d6ba78f1b7a36ecde6fd42ddf1e6a0f1667edfd.json>
2067069 close(5</tmp/.tmp6z3oO7/records/b7152008cde8bb92263053413d6ba78f1b7a36ecde6fd42ddf1e6a0f1667edfd.json>) = 0
2067069 close(4</tmp/.tmp6z3oO7/resource.lock>) = 0
2067069 openat(AT_FDCWD</home/heathledger/Documents/ioi/repos/ioi>, "/tmp/.tmp6z3oO7/records/b7152008cde8bb92263053413d6ba78f1b7a36ecde6fd42ddf1e6a0f1667edfd.json", O_RDONLY|O_CLOEXEC) = 4</tmp/.tmp6z3oO7/records/b7152008cde8bb92263053413d6ba78f1b7a36ecde6fd42ddf1e6a0f1667edfd.json>
2067069 close(4</tmp/.tmp6z3oO7/records/b7152008cde8bb92263053413d6ba78f1b7a36ecde6fd42ddf1e6a0f1667edfd.json>) = 0
2067069 openat(AT_FDCWD</home/heathledger/Documents/ioi/repos/ioi>, "/tmp/.tmp6z3oO7/resource.lock", O_RDWR|O_CREAT|O_NOFOLLOW|O_CLOEXEC, 0600) = 4</tmp/.tmp6z3oO7/resource.lock>
2067069 fsync(4</tmp/.tmp6z3oO7/resource.lock>) = 0
2067069 close(4</tmp/.tmp6z3oO7/resource.lock>) = 0
2067069 openat(AT_FDCWD</home/heathledger/Documents/ioi/repos/ioi>, "/tmp/.tmp6z3oO7/records", O_RDONLY|O_CLOEXEC) = 4</tmp/.tmp6z3oO7/records>
2067069 fsync(4</tmp/.tmp6z3oO7/records>) = 0
2067069 close(4</tmp/.tmp6z3oO7/records>) = 0
2067069 openat(AT_FDCWD</home/heathledger/Documents/ioi/repos/ioi>, "/tmp/.tmp6z3oO7", O_RDONLY|O_CLOEXEC) = 4</tmp/.tmp6z3oO7>
2067069 fsync(4</tmp/.tmp6z3oO7>)       = 0
2067069 close(4</tmp/.tmp6z3oO7>)       = 0
2067069 openat(AT_FDCWD</home/heathledger/Documents/ioi/repos/ioi>, "/tmp", O_RDONLY|O_CLOEXEC) = 4</tmp>
2067069 fsync(4</tmp>)                  = 0
2067069 close(4</tmp>)                  = 0
2067069 openat(AT_FDCWD</home/heathledger/Documents/ioi/repos/ioi>, "/", O_RDONLY|O_CLOEXEC) = 4</>
2067069 fsync(4</>)                     = 0
2067069 close(4</>)                     = 0
2067069 openat(AT_FDCWD</home/heathledger/Documents/ioi/repos/ioi>, "/tmp/.tmp6z3oO7/resource.lock", O_RDWR|O_NOFOLLOW|O_CLOEXEC) = 4</tmp/.tmp6z3oO7/resource.lock>
2067069 openat(AT_FDCWD</home/heathledger/Documents/ioi/repos/ioi>, "/tmp/.tmp6z3oO7/records/b7152008cde8bb92263053413d6ba78f1b7a36ecde6fd42ddf1e6a0f1667edfd.json", O_RDWR|O_NOFOLLOW|O_CLOEXEC) = 5</tmp/.tmp6z3oO7/records/b7152008cde8bb92263053413d6ba78f1b7a36ecde6fd42ddf1e6a0f1667edfd.json>
2067069 close(5</tmp/.tmp6z3oO7/records/b7152008cde8bb92263053413d6ba78f1b7a36ecde6fd42ddf1e6a0f1667edfd.json>) = 0
2067069 close(4</tmp/.tmp6z3oO7/resource.lock>) = 0
2067069 openat(AT_FDCWD</home/heathledger/Documents/ioi/repos/ioi>, "/tmp/.tmp6z3oO7/records/b7152008cde8bb92263053413d6ba78f1b7a36ecde6fd42ddf1e6a0f1667edfd.json", O_WRONLY|O_CREAT|O_TRUNC|O_CLOEXEC, 0666) = 4</tmp/.tmp6z3oO7/records/b7152008cde8bb92263053413d6ba78f1b7a36ecde6fd42ddf1e6a0f1667edfd.json>
2067069 write(4</tmp/.tmp6z3oO7/records/b7152008cde8bb92263053413d6ba78f1b7a36ecde6fd42ddf1e6a0f1667edfd.json>, "corrupt active", 14) = 14
2067069 close(4</tmp/.tmp6z3oO7/records/b7152008cde8bb92263053413d6ba78f1b7a36ecde6fd42ddf1e6a0f1667edfd.json>) = 0
2067069 openat(AT_FDCWD</home/heathledger/Documents/ioi/repos/ioi>, "/tmp/.tmp6z3oO7/resource.lock", O_RDWR|O_NOFOLLOW|O_CLOEXEC) = 4</tmp/.tmp6z3oO7/resource.lock>
2067069 openat(AT_FDCWD</home/heathledger/Documents/ioi/repos/ioi>, "/tmp/.tmp6z3oO7/records/b7152008cde8bb92263053413d6ba78f1b7a36ecde6fd42ddf1e6a0f1667edfd.json", O_RDWR|O_NOFOLLOW|O_CLOEXEC) = 5</tmp/.tmp6z3oO7/records/b7152008cde8bb92263053413d6ba78f1b7a36ecde6fd42ddf1e6a0f1667edfd.json>
2067069 close(5</tmp/.tmp6z3oO7/records/b7152008cde8bb92263053413d6ba78f1b7a36ecde6fd42ddf1e6a0f1667edfd.json>) = 0
2067069 close(4</tmp/.tmp6z3oO7/resource.lock>) = 0
2067069 openat(AT_FDCWD</home/heathledger/Documents/ioi/repos/ioi>, "/tmp/.tmp6z3oO7/resource.lock", O_RDWR|O_NOFOLLOW|O_CLOEXEC) = 4</tmp/.tmp6z3oO7/resource.lock>
2067069 openat(AT_FDCWD</home/heathledger/Documents/ioi/repos/ioi>, "/tmp/.tmp6z3oO7/records/b7152008cde8bb92263053413d6ba78f1b7a36ecde6fd42ddf1e6a0f1667edfd.json", O_RDWR|O_NOFOLLOW|O_CLOEXEC) = 5</tmp/.tmp6z3oO7/records/b7152008cde8bb92263053413d6ba78f1b7a36ecde6fd42ddf1e6a0f1667edfd.json>
2067069 close(5</tmp/.tmp6z3oO7/records/b7152008cde8bb92263053413d6ba78f1b7a36ecde6fd42ddf1e6a0f1667edfd.json>) = 0
2067069 close(4</tmp/.tmp6z3oO7/resource.lock>) = 0
2067069 openat(AT_FDCWD</home/heathledger/Documents/ioi/repos/ioi>, "/tmp/.tmp6z3oO7/records/b7152008cde8bb92263053413d6ba78f1b7a36ecde6fd42ddf1e6a0f1667edfd.json", O_RDONLY|O_CLOEXEC) = 4</tmp/.tmp6z3oO7/records/b7152008cde8bb92263053413d6ba78f1b7a36ecde6fd42ddf1e6a0f1667edfd.json>
2067069 close(4</tmp/.tmp6z3oO7/records/b7152008cde8bb92263053413d6ba78f1b7a36ecde6fd42ddf1e6a0f1667edfd.json>) = 0
2067069 openat(AT_FDCWD</home/heathledger/Documents/ioi/repos/ioi>, "/tmp/.tmp6z3oO7/records/.b7152008cde8bb92263053413d6ba78f1b7a36ecde6fd42ddf1e6a0f1667edfd.json.prepared", O_RDONLY|O_CLOEXEC) = 4</tmp/.tmp6z3oO7/records/.b7152008cde8bb92263053413d6ba78f1b7a36ecde6fd42ddf1e6a0f1667edfd.json.prepared>
2067069 close(4</tmp/.tmp6z3oO7/records/.b7152008cde8bb92263053413d6ba78f1b7a36ecde6fd42ddf1e6a0f1667edfd.json.prepared>) = 0
2067069 openat(AT_FDCWD</home/heathledger/Documents/ioi/repos/ioi>, "/proc/sys/vm/overcommit_memory", O_RDONLY|O_CLOEXEC) = 4</proc/sys/vm/overcommit_memory>
2067069 close(4</proc/sys/vm/overcommit_memory>) = 0
2067069 close(3</tmp/.tmp6z3oO7/records/b7152008cde8bb92263053413d6ba78f1b7a36ecde6fd42ddf1e6a0f1667edfd.json>) = 0
2067069 openat(AT_FDCWD</home/heathledger/Documents/ioi/repos/ioi>, "/tmp/.tmp6z3oO7", O_RDONLY|O_NOFOLLOW|O_CLOEXEC|O_DIRECTORY) = 3</tmp/.tmp6z3oO7>
2067069 openat(3</tmp/.tmp6z3oO7>, "records", O_RDONLY|O_NOFOLLOW|O_CLOEXEC|O_DIRECTORY) = 4</tmp/.tmp6z3oO7/records>
2067069 close(4</tmp/.tmp6z3oO7/records>) = 0
2067069 close(3</tmp/.tmp6z3oO7>)       = 0
2067069 +++ exited with 0 +++
2067068 write(1</home/heathledger/Documents/ioi/repos/ioi/internal-docs/architecture/protocols/aft/evidence/m16q-runs/20260907T152920Z-9ce911fe798b/endpoint-reservation/test.log>, "test consequence::tests::online_pq_endpoint_consumes_reserved_inode_and_retains_active_authority ... ", 101) = 101
2067068 write(1</home/heathledger/Documents/ioi/repos/ioi/internal-docs/architecture/protocols/aft/evidence/m16q-runs/20260907T152920Z-9ce911fe798b/endpoint-reservation/test.log>, "ok", 2) = 2
2067068 write(1</home/heathledger/Documents/ioi/repos/ioi/internal-docs/architecture/protocols/aft/evidence/m16q-runs/20260907T152920Z-9ce911fe798b/endpoint-reservation/test.log>, "\n", 1) = 1
2067068 write(1</home/heathledger/Documents/ioi/repos/ioi/internal-docs/architecture/protocols/aft/evidence/m16q-runs/20260907T152920Z-9ce911fe798b/endpoint-reservation/test.log>, "\n", 1) = 1
2067068 write(1</home/heathledger/Documents/ioi/repos/ioi/internal-docs/architecture/protocols/aft/evidence/m16q-runs/20260907T152920Z-9ce911fe798b/endpoint-reservation/test.log>, "test result: ", 13) = 13
2067068 write(1</home/heathledger/Documents/ioi/repos/ioi/internal-docs/architecture/protocols/aft/evidence/m16q-runs/20260907T152920Z-9ce911fe798b/endpoint-reservation/test.log>, "ok", 2) = 2
2067068 write(1</home/heathledger/Documents/ioi/repos/ioi/internal-docs/architecture/protocols/aft/evidence/m16q-runs/20260907T152920Z-9ce911fe798b/endpoint-reservation/test.log>, ". 1 passed; 0 failed; 0 ignored; 0 measured; 127 filtered out", 61) = 61
2067068 write(1</home/heathledger/Documents/ioi/repos/ioi/internal-docs/architecture/protocols/aft/evidence/m16q-runs/20260907T152920Z-9ce911fe798b/endpoint-reservation/test.log>, "; finished in 3.58s", 19) = 19
2067068 write(1</home/heathledger/Documents/ioi/repos/ioi/internal-docs/architecture/protocols/aft/evidence/m16q-runs/20260907T152920Z-9ce911fe798b/endpoint-reservation/test.log>, "\n\n", 2) = 2
2067068 +++ exited with 0 +++
