   Compiling curve25519-dalek v4.1.3
   Compiling icu_normalizer v2.1.1
   Compiling netlink-proto v0.11.5
   Compiling zvariant v3.15.2
   Compiling hyper v1.8.1
   Compiling procfs v0.16.0
   Compiling tracing-subscriber v0.3.22
   Compiling selectors v0.22.0
   Compiling tokio-stream v0.1.18
   Compiling imageproc v0.25.0
   Compiling ioi-memory v0.1.0 (/home/heathledger/Documents/ioi/repos/ioi/crates/memory)
   Compiling wasmtime-cache v21.0.2
   Compiling lopdf v0.38.0
   Compiling selectors v0.25.0
   Compiling fxprof-processed-profile v0.6.0
   Compiling wasm-metadata v0.10.20
   Compiling wit-parser v0.14.0
   Compiling rtnetlink v0.13.1
   Compiling idna_adapter v1.2.1
   Compiling tonic v0.11.0
   Compiling wasmtime v21.0.2
   Compiling idna v1.1.0
   Compiling kuchiki v0.8.1
   Compiling scraper v0.18.1
   Compiling prometheus v0.13.4
   Compiling hyper-util v0.1.20
   Compiling ed25519-dalek v2.2.0
   Compiling x25519-dalek v2.0.1
   Compiling url v2.5.8
   Compiling if-watch v3.2.1
   Compiling zbus_names v2.6.1
   Compiling libp2p-identity v0.2.13
   Compiling axum v0.7.9
   Compiling zbus v3.15.2
   Compiling multiaddr v0.18.2
   Compiling hickory-proto v0.24.4
   Compiling reqwest v0.11.27
   Compiling http-types v2.12.0
   Compiling async-native-tls v0.3.3
   Compiling tungstenite v0.20.1
   Compiling lettre v0.11.19
   Compiling wit-component v0.21.0
   Compiling libp2p-core v0.41.3
   Compiling async-tungstenite v0.23.0
   Compiling pdf-extract v0.10.0
   Compiling libp2p-swarm v0.44.2
   Compiling libp2p-yamux v0.45.2
   Compiling libp2p-noise v0.44.0
   Compiling libp2p-tcp v0.41.0
   Compiling chromiumoxide v0.5.7
   Compiling async-h1 v2.3.4
   Compiling http-client v6.5.3
   Compiling surf v2.3.2
   Compiling libp2p-request-response v0.26.3
   Compiling libp2p-mdns v0.45.1
   Compiling libp2p-gossipsub v0.46.1
   Compiling libp2p-identify v0.44.2
   Compiling libp2p-connection-limits v0.3.1
   Compiling libp2p-allow-block-list v0.3.0
   Compiling chromiumoxide_fetcher v0.5.3
   Compiling ioi-telemetry v0.1.0 (/home/heathledger/Documents/ioi/repos/ioi/crates/telemetry)
   Compiling libp2p v0.53.2
   Compiling atspi-common v0.3.0
   Compiling ioi-types v0.1.0 (/home/heathledger/Documents/ioi/repos/ioi/crates/types)
   Compiling wiggle v21.0.2
   Compiling wasmtime-wasi v21.0.2
   Compiling atspi-proxies v0.3.0
   Compiling atspi-connection v0.3.0
   Compiling atspi v0.19.0
warning: structure field `runtimeTruthSource` should have a snake case name
    --> crates/types/src/app/generated/architecture_contracts.rs:5223:9
     |
5223 |     pub runtimeTruthSource: Option<GoalRunV1RuntimeTruthSource>,
     |         ^^^^^^^^^^^^^^^^^^ help: convert the identifier to snake case: `runtime_truth_source`
     |
     = note: `#[warn(non_snake_case)]` (part of `#[warn(nonstandard_style)]`) on by default

warning: structure field `runtimeTruthSource` should have a snake case name
    --> crates/types/src/app/generated/architecture_contracts.rs:9220:9
     |
9220 |     pub runtimeTruthSource: ArtifactAvailabilityIncidentOperationV1RuntimeTruthSource,
     |         ^^^^^^^^^^^^^^^^^^ help: convert the identifier to snake case: `runtime_truth_source`

warning: structure field `agentgresTruthSource` should have a snake case name
    --> crates/types/src/app/generated/architecture_contracts.rs:9221:9
     |
9221 |     pub agentgresTruthSource: ArtifactAvailabilityIncidentOperationV1AgentgresTruthSource,
     |         ^^^^^^^^^^^^^^^^^^^^ help: convert the identifier to snake case: `agentgres_truth_source`

warning: structure field `runtimeTruthSource` should have a snake case name
    --> crates/types/src/app/generated/architecture_contracts.rs:9480:9
     |
9480 |     pub runtimeTruthSource: ArtifactAvailabilityIncidentV1RuntimeTruthSource,
     |         ^^^^^^^^^^^^^^^^^^ help: convert the identifier to snake case: `runtime_truth_source`

warning: structure field `runtimeTruthSource` should have a snake case name
    --> crates/types/src/app/generated/architecture_contracts.rs:9718:9
     |
9718 |     pub runtimeTruthSource: ArtifactAvailabilityIncidentV1AgentgresOperationRuntimeTruthSource,
     |         ^^^^^^^^^^^^^^^^^^ help: convert the identifier to snake case: `runtime_truth_source`

warning: structure field `agentgresTruthSource` should have a snake case name
    --> crates/types/src/app/generated/architecture_contracts.rs:9719:9
     |
9719 |     pub agentgresTruthSource: ArtifactAvailabilityIncidentV1AgentgresOperationAgentgresTruthSource,
     |         ^^^^^^^^^^^^^^^^^^^^ help: convert the identifier to snake case: `agentgres_truth_source`

warning: structure field `requiresDaemonGate` should have a snake case name
     --> crates/types/src/app/generated/architecture_contracts.rs:26731:9
      |
26731 |     pub requiresDaemonGate: HarnessSessionBindingAdmissionV1RequiresDaemonGate,
      |         ^^^^^^^^^^^^^^^^^^ help: convert the identifier to snake case: `requires_daemon_gate`

warning: structure field `runtimeTruthSource` should have a snake case name
     --> crates/types/src/app/generated/architecture_contracts.rs:26732:9
      |
26732 |     pub runtimeTruthSource: HarnessSessionBindingAdmissionV1RuntimeTruthSource,
      |         ^^^^^^^^^^^^^^^^^^ help: convert the identifier to snake case: `runtime_truth_source`

warning: structure field `runtimeTruthSource` should have a snake case name
     --> crates/types/src/app/generated/architecture_contracts.rs:27154:9
      |
27154 |     pub runtimeTruthSource: HarnessSessionBindingV1RuntimeTruthSource,
      |         ^^^^^^^^^^^^^^^^^^ help: convert the identifier to snake case: `runtime_truth_source`

warning: structure field `requiresDaemonGate` should have a snake case name
     --> crates/types/src/app/generated/architecture_contracts.rs:27566:9
      |
27566 |     pub requiresDaemonGate: HarnessSessionReadinessV1RequiresDaemonGate,
      |         ^^^^^^^^^^^^^^^^^^ help: convert the identifier to snake case: `requires_daemon_gate`

warning: structure field `runtimeTruthSource` should have a snake case name
     --> crates/types/src/app/generated/architecture_contracts.rs:27567:9
      |
27567 |     pub runtimeTruthSource: HarnessSessionReadinessV1RuntimeTruthSource,
      |         ^^^^^^^^^^^^^^^^^^ help: convert the identifier to snake case: `runtime_truth_source`

warning: structure field `requiresDaemonGate` should have a snake case name
     --> crates/types/src/app/generated/architecture_contracts.rs:27844:9
      |
27844 |     pub requiresDaemonGate: HarnessSessionSpawnV1RequiresDaemonGate,
      |         ^^^^^^^^^^^^^^^^^^ help: convert the identifier to snake case: `requires_daemon_gate`

warning: structure field `runtimeTruthSource` should have a snake case name
     --> crates/types/src/app/generated/architecture_contracts.rs:27845:9
      |
27845 |     pub runtimeTruthSource: HarnessSessionSpawnV1RuntimeTruthSource,
      |         ^^^^^^^^^^^^^^^^^^ help: convert the identifier to snake case: `runtime_truth_source`

warning: structure field `requiresDaemonGate` should have a snake case name
     --> crates/types/src/app/generated/architecture_contracts.rs:28316:9
      |
28316 |     pub requiresDaemonGate: HarnessSessionTerminalAttachV1RequiresDaemonGate,
      |         ^^^^^^^^^^^^^^^^^^ help: convert the identifier to snake case: `requires_daemon_gate`

warning: structure field `runtimeTruthSource` should have a snake case name
     --> crates/types/src/app/generated/architecture_contracts.rs:28317:9
      |
28317 |     pub runtimeTruthSource: HarnessSessionTerminalAttachV1RuntimeTruthSource,
      |         ^^^^^^^^^^^^^^^^^^ help: convert the identifier to snake case: `runtime_truth_source`

warning: structure field `runtimeTruthSource` should have a snake case name
     --> crates/types/src/app/generated/architecture_contracts.rs:28756:9
      |
28756 |     pub runtimeTruthSource:
      |         ^^^^^^^^^^^^^^^^^^ help: convert the identifier to snake case: `runtime_truth_source`

warning: structure field `requiresDaemonGate` should have a snake case name
     --> crates/types/src/app/generated/architecture_contracts.rs:31709:9
      |
31709 |     pub requiresDaemonGate: HypervisorSessionLaunchRecipeAdmissionV1RequiresDaemonGate,
      |         ^^^^^^^^^^^^^^^^^^ help: convert the identifier to snake case: `requires_daemon_gate`

warning: structure field `runtimeTruthSource` should have a snake case name
     --> crates/types/src/app/generated/architecture_contracts.rs:31710:9
      |
31710 |     pub runtimeTruthSource: HypervisorSessionLaunchRecipeAdmissionV1RuntimeTruthSource,
      |         ^^^^^^^^^^^^^^^^^^ help: convert the identifier to snake case: `runtime_truth_source`

warning: structure field `runtimeTruthSource` should have a snake case name
     --> crates/types/src/app/generated/architecture_contracts.rs:93444:9
      |
93444 |     pub runtimeTruthSource: ManagedWorkerInstanceStateV1LastTransitionAdmissionRuntimeTruthSource,
      |         ^^^^^^^^^^^^^^^^^^ help: convert the identifier to snake case: `runtime_truth_source`

   Compiling ioi-api v0.1.0 (/home/heathledger/Documents/ioi/repos/ioi/crates/api)
   Compiling ioi-pii v0.1.0 (/home/heathledger/Documents/ioi/repos/ioi/crates/pii)
warning: `ioi-types` (lib) generated 19 warnings
   Compiling ioi-crypto v0.1.0 (/home/heathledger/Documents/ioi/repos/ioi/crates/crypto)
   Compiling ioi-storage v0.1.0 (/home/heathledger/Documents/ioi/repos/ioi/crates/storage)
   Compiling ioi-system v0.1.0 (/home/heathledger/Documents/ioi/repos/ioi/crates/system)
   Compiling zk-driver-succinct v0.1.0 (/home/heathledger/Documents/ioi/repos/ioi/crates/plugins/zk-driver-succinct)
warning: unused variable: `public_inputs`
   --> crates/plugins/zk-driver-succinct/src/lib.rs:121:9
    |
121 |         public_inputs: &CanonicalCollapseContinuityPublicInputs,
    |         ^^^^^^^^^^^^^ help: if this is intentional, prefix it with an underscore: `_public_inputs`
    |
    = note: `#[warn(unused_variables)]` (part of `#[warn(unused)]`) on by default

warning: `zk-driver-succinct` (lib) generated 1 warning (run `cargo fix --lib -p zk-driver-succinct` to apply 1 suggestion)
   Compiling ioi-drivers v0.1.0 (/home/heathledger/Documents/ioi/repos/ioi/crates/drivers)
   Compiling ioi-ipc v0.2.0 (/home/heathledger/Documents/ioi/repos/ioi/crates/ipc)
   Compiling ioi-finality v0.1.0 (/home/heathledger/Documents/ioi/repos/ioi/crates/ioi-finality)
   Compiling ioi-state v0.1.0 (/home/heathledger/Documents/ioi/repos/ioi/crates/state)
   Compiling agentgres v0.1.0 (/home/heathledger/Documents/ioi/repos/ioi/crates/agentgres)
warning: unused doc comment
   --> crates/agentgres/src/event_stream.rs:229:1
    |
229 | / /// Confirm the substrate log is durable on disk.
230 | | ///
231 | | /// The fault-injection hook travels WITH the discipline: a durability
232 | | /// confirmation whose failure path is unreachable in test is a confirmation
...   |
235 | | /// pre-lift implementation so the M4 fault-injection proofs keep exercising
236 | | /// this exact path.
    | |_-------------------^
    |   |
    |   rustdoc does not generate documentation for macro invocations
    |
    = help: to document an item produced by a macro, the macro must produce the documentation as part of its expansion
    = note: `#[warn(unused_doc_comments)]` (part of `#[warn(unused)]`) on by default

   Compiling ioi-client v0.2.0 (/home/heathledger/Documents/ioi/repos/ioi/crates/client)
warning: `agentgres` (lib) generated 1 warning
   Compiling ioi-services v0.1.0 (/home/heathledger/Documents/ioi/repos/ioi/crates/services)
   Compiling ioi-vm-wasm v0.1.0 (/home/heathledger/Documents/ioi/repos/ioi/crates/vm/wasm)
warning: unused imports: `chat_reply_looks_like_source_candidate_list`, `chat_reply_looks_like_tool_plan`, and `workspace_chat_reply_looks_terminal`
  --> crates/services/src/agentic/runtime/service/tool_execution/processing/phases/execute_tool_phase/tool_outcome.rs:23:5
   |
23 |     chat_reply_looks_like_source_candidate_list, chat_reply_looks_like_tool_plan,
   |     ^^^^^^^^^^^^^^^^^^^^^^^^^^^^^^^^^^^^^^^^^^^  ^^^^^^^^^^^^^^^^^^^^^^^^^^^^^^^
24 |     file_mutation_policy_action_report_candidate, goal_requires_fresh_retrieval_before_chat_reply,
25 |     source_candidate_chat_reply_blocker, workspace_chat_reply_looks_terminal,
   |                                          ^^^^^^^^^^^^^^^^^^^^^^^^^^^^^^^^^^^
   |
   = note: `#[warn(unused_imports)]` (part of `#[warn(unused)]`) on by default

warning: unused imports: `HandoverAcceptance` and `HandoverApproval`
   --> crates/services/src/guardian_registry/mod.rs:107:55
    |
107 |     GuardianWitnessFaultEvidence, GuardianWitnessSet, HandoverAcceptance, HandoverApproval,
    |                                                       ^^^^^^^^^^^^^^^^^^  ^^^^^^^^^^^^^^^^

warning: unused import: `require_identity`
 --> crates/services/src/wallet_network/handlers/identity.rs:6:46
  |
6 |     is_encrypted_secret_payload, load_typed, require_identity, store_typed,
  |                                              ^^^^^^^^^^^^^^^^

warning: function `append_event_line` is never used
   --> crates/services/src/agentic/runtime/event_log_bridge.rs:233:4
    |
233 | fn append_event_line(state_dir: &str, event_stream_id: &str, event: &Value) -> Result<(), String> {
    |    ^^^^^^^^^^^^^^^^^
    |
    = note: `#[warn(dead_code)]` (part of `#[warn(unused)]`) on by default

warning: method `to_value` is never used
   --> crates/services/src/agentic/runtime/kernel/repository_workflow.rs:195:8
    |
194 | impl RepositoryWorkflowProjectionRecord {
    | --------------------------------------- method in this implementation
195 |     fn to_value(&self) -> Value {
    |        ^^^^^^^^

warning: function `set_array_strings` is never used
   --> crates/services/src/agentic/runtime/kernel/runtime_conversation_artifact_control.rs:570:4
    |
570 | fn set_array_strings(value: &mut Value, key: &str, values: &[String]) {
    |    ^^^^^^^^^^^^^^^^^

warning: method `to_value` is never used
   --> crates/services/src/agentic/runtime/kernel/runtime_lifecycle.rs:196:8
    |
195 | impl RuntimeLifecycleProjectionRecord {
    | ------------------------------------- method in this implementation
196 |     fn to_value(&self) -> Value {
    |        ^^^^^^^^

warning: method `to_value` is never used
   --> crates/services/src/agentic/runtime/kernel/runtime_mcp_serve.rs:635:8
    |
634 | impl RuntimeMcpServeToolCallPlanRecord {
    | -------------------------------------- method in this implementation
635 |     fn to_value(&self) -> Value {
    |        ^^^^^^^^

warning: method `to_value` is never used
   --> crates/services/src/agentic/runtime/kernel/runtime_mcp_serve.rs:664:8
    |
663 | impl RuntimeMcpServeToolResultProjectionRecord {
    | ---------------------------------------------- method in this implementation
664 |     fn to_value(&self) -> Value {
    |        ^^^^^^^^

warning: method `to_value` is never used
   --> crates/services/src/agentic/runtime/kernel/runtime_tool_catalog.rs:144:8
    |
143 | impl RuntimeToolCatalogProjectionRecord {
    | --------------------------------------- method in this implementation
144 |     fn to_value(&self) -> Value {
    |        ^^^^^^^^

warning: method `to_value` is never used
   --> crates/services/src/agentic/runtime/kernel/skill_hook_registry.rs:137:8
    |
136 | impl SkillHookRegistryProjectionRecord {
    | -------------------------------------- method in this implementation
137 |     fn to_value(&self) -> Value {
    |        ^^^^^^^^

warning: function `require_identity` is never used
  --> crates/services/src/wallet_network/support.rs:25:15
   |
25 | pub(super) fn require_identity(state: &dyn StateAccess) -> Result<VaultIdentity, TransactionError> {
   |               ^^^^^^^^^^^^^^^^

   Compiling ioi-tx v0.1.0 (/home/heathledger/Documents/ioi/repos/ioi/crates/tx)
   Compiling ioi-consensus v0.1.0 (/home/heathledger/Documents/ioi/repos/ioi/crates/consensus)
warning: unused imports: `AnchoredRegenesisRoot`, `LineageRelation`, and `lineage_relation`
  --> crates/consensus/src/aft/adversarial_campaigns.rs:15:5
   |
15 |     lineage_relation, AnchoredRegenesisRoot, BoundaryRingConfig, LineageRelation,
   |     ^^^^^^^^^^^^^^^^  ^^^^^^^^^^^^^^^^^^^^^                      ^^^^^^^^^^^^^^^
   |
   = note: `#[warn(unused_imports)]` (part of `#[warn(unused)]`) on by default

warning: type `ReservationLimits` is more private than the item `MemberJournal::open_reserved`
   --> crates/consensus/src/aft/query_unanimity/journal.rs:261:5
    |
261 | /     pub(super) fn open_reserved(
262 | |         directory: &Path,
263 | |         anchor_path: &Path,
264 | |         key: QuvHash,
...   |
269 | |         replay: impl FnMut(u64, &[u8]) -> Result<(), QuvError>,
270 | |     ) -> Result<Self, QuvError> {
    | |_______________________________^ associated function `MemberJournal::open_reserved` is reachable at visibility `pub(in crate::aft::query_unanimity)`
    |
note: but type `ReservationLimits` is only usable at visibility `pub(in crate::aft::query_unanimity::journal)`
   --> crates/consensus/src/aft/query_unanimity/journal/reservation.rs:8:1
    |
  8 | pub(super) struct ReservationLimits {
    | ^^^^^^^^^^^^^^^^^^^^^^^^^^^^^^^^^^^
    = note: `#[warn(private_interfaces)]` on by default

warning: function `honest_ring` is never used
  --> crates/consensus/src/aft/adversarial_campaigns.rs:73:15
   |
73 | pub(crate) fn honest_ring(members: &[u8]) -> BoundaryRingMembershipSim {
   |               ^^^^^^^^^^^
   |
   = note: `#[warn(dead_code)]` (part of `#[warn(unused)]`) on by default

warning: `ioi-consensus` (lib) generated 3 warnings (run `cargo fix --lib -p ioi-consensus` to apply 1 suggestion)
rustc-LLVM ERROR: IO failure on output stream: No space left on device
warning: `ioi-services` (lib) generated 12 warnings (run `cargo fix --lib -p ioi-services` to apply 3 suggestions)
error: could not compile `ioi-services` (lib); 12 warnings emitted

Caused by:
  process didn't exit successfully: `/home/heathledger/.rustup/toolchains/1.93.1-x86_64-unknown-linux-gnu/bin/rustc --crate-name ioi_services --edition=2021 crates/services/src/lib.rs --error-format=json --json=diagnostic-rendered-ansi,artifacts,future-incompat --crate-type lib --emit=dep-info,metadata,link -C embed-bitcode=no -C debuginfo=2 --cfg 'feature="default"' --check-cfg 'cfg(docsrs,test)' --check-cfg 'cfg(feature, values("agentic", "default", "gas-escrow"))' -C metadata=2e4ce3423fe8b740 -C extra-filename=-d9a444c8cb31a022 --out-dir /home/heathledger/Documents/ioi/repos/ioi/target/debug/deps -C incremental=/home/heathledger/Documents/ioi/repos/ioi/target/debug/incremental -L dependency=/home/heathledger/Documents/ioi/repos/ioi/target/debug/deps --extern agentgres=/home/heathledger/Documents/ioi/repos/ioi/target/debug/deps/libagentgres-f3c11783835637d7.rmeta --extern anyhow=/home/heathledger/Documents/ioi/repos/ioi/target/debug/deps/libanyhow-e4b36a114f2c200a.rmeta --extern async_trait=/home/heathledger/Documents/ioi/repos/ioi/target/debug/deps/libasync_trait-8fd05269b62a5d8b.so --extern base64=/home/heathledger/Documents/ioi/repos/ioi/target/debug/deps/libbase64-875bfc4e67fbd42b.rmeta --extern bincode=/home/heathledger/Documents/ioi/repos/ioi/target/debug/deps/libbincode-111fec060f54af2f.rmeta --extern bytes=/home/heathledger/Documents/ioi/repos/ioi/target/debug/deps/libbytes-cf40fbe3a2faf369.rmeta --extern dcrypt=/home/heathledger/Documents/ioi/repos/ioi/target/debug/deps/libdcrypt-88bf578347033bcb.rmeta --extern dotenvy=/home/heathledger/Documents/ioi/repos/ioi/target/debug/deps/libdotenvy-38d331921aa0e6a8.rmeta --extern fd_lock=/home/heathledger/Documents/ioi/repos/ioi/target/debug/deps/libfd_lock-407f075b393de721.rmeta --extern hex=/home/heathledger/Documents/ioi/repos/ioi/target/debug/deps/libhex-84642f359e99796e.rmeta --extern image=/home/heathledger/Documents/ioi/repos/ioi/target/debug/deps/libimage-b09ef30181405cea.rmeta --extern image_hasher=/home/heathledger/Documents/ioi/repos/ioi/target/debug/deps/libimage_hasher-605cd97056a5472f.rmeta --extern imap=/home/heathledger/Documents/ioi/repos/ioi/target/debug/deps/libimap-ad4ba8b8fcb495d3.rmeta --extern ioi_api=/home/heathledger/Documents/ioi/repos/ioi/target/debug/deps/libioi_api-1b8d14a7a2a306bc.rmeta --extern ioi_client=/home/heathledger/Documents/ioi/repos/ioi/target/debug/deps/libioi_client