2069689 openat(AT_FDCWD</home/heathledger/Documents/ioi/repos/ioi>, "/etc/ld.so.cache", O_RDONLY|O_CLOEXEC) = 3</etc/ld.so.cache>
2069689 close(3</etc/ld.so.cache>)      = 0
2069689 openat(AT_FDCWD</home/heathledger/Documents/ioi/repos/ioi>, "/lib/x86_64-linux-gnu/libgcc_s.so.1", O_RDONLY|O_CLOEXEC) = 3</usr/lib/x86_64-linux-gnu/libgcc_s.so.1>
2069689 close(3</usr/lib/x86_64-linux-gnu/libgcc_s.so.1>) = 0
2069689 openat(AT_FDCWD</home/heathledger/Documents/ioi/repos/ioi>, "/lib/x86_64-linux-gnu/libc.so.6", O_RDONLY|O_CLOEXEC) = 3</usr/lib/x86_64-linux-gnu/libc.so.6>
2069689 close(3</usr/lib/x86_64-linux-gnu/libc.so.6>) = 0
2069689 openat(AT_FDCWD</home/heathledger/Documents/ioi/repos/ioi>, "/proc/self/maps", O_RDONLY|O_CLOEXEC) = 3</proc/2069689/maps>
2069689 close(3</proc/2069689/maps>)    = 0
2069689 openat(AT_FDCWD</home/heathledger/Documents/ioi/repos/ioi>, "/usr/share/terminfo/l/linux", O_RDONLY|O_CLOEXEC) = 3</usr/share/terminfo/l/linux>
2069689 close(3</usr/share/terminfo/l/linux>) = 0
2069689 openat(AT_FDCWD</home/heathledger/Documents/ioi/repos/ioi>, "/proc/self/cgroup", O_RDONLY|O_CLOEXEC) = 3</proc/2069689/cgroup>
2069689 close(3</proc/2069689/cgroup>)  = 0
2069689 openat(AT_FDCWD</home/heathledger/Documents/ioi/repos/ioi>, "/sys/fs/cgroup/user.slice/user-1000.slice/user@1000.service/app.slice/app-org.chromium.Chromium-101080.scope/cpu.max", O_RDONLY|O_CLOEXEC) = -1 ENOENT (No such file or directory)
2069689 openat(AT_FDCWD</home/heathledger/Documents/ioi/repos/ioi>, "/sys/fs/cgroup/user.slice/user-1000.slice/user@1000.service/app.slice/cpu.max", O_RDONLY|O_CLOEXEC) = 3</sys/fs/cgroup/user.slice/user-1000.slice/user@1000.service/app.slice/cpu.max>
2069689 close(3</sys/fs/cgroup/user.slice/user-1000.slice/user@1000.service/app.slice/cpu.max>) = 0
2069689 openat(AT_FDCWD</home/heathledger/Documents/ioi/repos/ioi>, "/sys/fs/cgroup/user.slice/user-1000.slice/user@1000.service/cpu.max", O_RDONLY|O_CLOEXEC) = 3</sys/fs/cgroup/user.slice/user-1000.slice/user@1000.service/cpu.max>
2069689 close(3</sys/fs/cgroup/user.slice/user-1000.slice/user@1000.service/cpu.max>) = 0
2069689 openat(AT_FDCWD</home/heathledger/Documents/ioi/repos/ioi>, "/sys/fs/cgroup/user.slice/user-1000.slice/cpu.max", O_RDONLY|O_CLOEXEC) = 3</sys/fs/cgroup/user.slice/user-1000.slice/cpu.max>
2069689 close(3</sys/fs/cgroup/user.slice/user-1000.slice/cpu.max>) = 0
2069689 openat(AT_FDCWD</home/heathledger/Documents/ioi/repos/ioi>, "/sys/fs/cgroup/user.slice/cpu.max", O_RDONLY|O_CLOEXEC) = 3</sys/fs/cgroup/user.slice/cpu.max>
2069689 close(3</sys/fs/cgroup/user.slice/cpu.max>) = 0
2069689 openat(AT_FDCWD</home/heathledger/Documents/ioi/repos/ioi>, "/sys/fs/cgroup/cpu.max", O_RDONLY|O_CLOEXEC) = -1 ENOENT (No such file or directory)
2069689 write(1</home/heathledger/Documents/ioi/repos/ioi/internal-docs/architecture/protocols/aft/evidence/m16q-runs/20260907T152920Z-9ce911fe798b/receipt-reservation/reuse-test.log>, "\nrunning 1 test\n", 16) = 16
2069689 openat(AT_FDCWD</home/heathledger/Documents/ioi/repos/ioi>, "/proc/self/cgroup", O_RDONLY|O_CLOEXEC) = 3</proc/2069689/cgroup>
2069689 close(3</proc/2069689/cgroup>)  = 0
2069689 openat(AT_FDCWD</home/heathledger/Documents/ioi/repos/ioi>, "/sys/fs/cgroup/user.slice/user-1000.slice/user@1000.service/app.slice/app-org.chromium.Chromium-101080.scope/cpu.max", O_RDONLY|O_CLOEXEC) = -1 ENOENT (No such file or directory)
2069689 openat(AT_FDCWD</home/heathledger/Documents/ioi/repos/ioi>, "/sys/fs/cgroup/user.slice/user-1000.slice/user@1000.service/app.slice/cpu.max", O_RDONLY|O_CLOEXEC) = 3</sys/fs/cgroup/user.slice/user-1000.slice/user@1000.service/app.slice/cpu.max>
2069689 close(3</sys/fs/cgroup/user.slice/user-1000.slice/user@1000.service/app.slice/cpu.max>) = 0
2069689 openat(AT_FDCWD</home/heathledger/Documents/ioi/repos/ioi>, "/sys/fs/cgroup/user.slice/user-1000.slice/user@1000.service/cpu.max", O_RDONLY|O_CLOEXEC) = 3</sys/fs/cgroup/user.slice/user-1000.slice/user@1000.service/cpu.max>
2069689 close(3</sys/fs/cgroup/user.slice/user-1000.slice/user@1000.service/cpu.max>) = 0
2069689 openat(AT_FDCWD</home/heathledger/Documents/ioi/repos/ioi>, "/sys/fs/cgroup/user.slice/user-1000.slice/cpu.max", O_RDONLY|O_CLOEXEC) = 3</sys/fs/cgroup/user.slice/user-1000.slice/cpu.max>
2069689 close(3</sys/fs/cgroup/user.slice/user-1000.slice/cpu.max>) = 0
2069689 openat(AT_FDCWD</home/heathledger/Documents/ioi/repos/ioi>, "/sys/fs/cgroup/user.slice/cpu.max", O_RDONLY|O_CLOEXEC) = 3</sys/fs/cgroup/user.slice/cpu.max>
2069689 close(3</sys/fs/cgroup/user.slice/cpu.max>) = 0
2069689 openat(AT_FDCWD</home/heathledger/Documents/ioi/repos/ioi>, "/sys/fs/cgroup/cpu.max", O_RDONLY|O_CLOEXEC) = -1 ENOENT (No such file or directory)
2069690 openat(AT_FDCWD</home/heathledger/Documents/ioi/repos/ioi>, "/tmp/.tmpWdXhkr/receipt.json", O_WRONLY|O_CREAT|O_TRUNC|O_CLOEXEC, 0666) = 3</tmp/.tmpWdXhkr/receipt.json>
2069690 write(3</tmp/.tmpWdXhkr/receipt.json>, "original receipt", 16) = 16
2069690 close(3</tmp/.tmpWdXhkr/receipt.json>) = 0
2069690 openat(AT_FDCWD</home/heathledger/Documents/ioi/repos/ioi>, "/tmp/.tmpWdXhkr/receipt.json", O_RDWR|O_NOFOLLOW|O_CLOEXEC) = 3</tmp/.tmpWdXhkr/receipt.json>
2069690 close(3</tmp/.tmpWdXhkr/receipt.json>) = 0
2069690 openat(AT_FDCWD</home/heathledger/Documents/ioi/repos/ioi>, "/tmp/.tmpWdXhkr/.receipt.json.prepared", O_RDWR|O_CREAT|O_NOFOLLOW|O_CLOEXEC, 0600) = 3</tmp/.tmpWdXhkr/.receipt.json.prepared>
2069690 ftruncate(3</tmp/.tmpWdXhkr/.receipt.json.prepared>, 0) = 0
2069690 fallocate(3</tmp/.tmpWdXhkr/.receipt.json.prepared>, FALLOC_FL_KEEP_SIZE, 0, 20480) = 0
2069690 write(3</tmp/.tmpWdXhkr/.receipt.json.prepared>, "\0\0\0\0\0\0\0\0\0\0\0\0\0\0\0\0\0\0\0\0\0\0\0\0\0\0\0\0\0\0\0\0\0\0\0\0\0\0\0\0\0\0\0\0\0\0\0\0\0\0\0\0\0\0\0\0\0\0\0\0\0\0\0\0\0\0\0\0\0\0\0\0\0\0\0\0\0\0\0\0\0\0\0\0\0\0\0\0\0\0\0\0\0\0\0\0\0\0\0\0\0\0\0\0\0\0\0\0\0\0\0\0\0\0\0\0\0\0\0\0\0\0\0\0\0\0\0\0"..., 16384) = 16384
2069690 write(3</tmp/.tmpWdXhkr/.receipt.json.prepared>, "\0\0\0\0\0\0\0\0\0\0\0\0\0\0\0\0\0\0\0\0\0\0\0\0\0\0\0\0\0\0\0\0\0\0\0\0\0\0\0\0\0\0\0\0\0\0\0\0\0\0\0\0\0\0\0\0\0\0\0\0\0\0\0\0\0\0\0\0\0\0\0\0\0\0\0\0\0\0\0\0\0\0\0\0\0\0\0\0\0\0\0\0\0\0\0\0\0\0\0\0\0\0\0\0\0\0\0\0\0\0\0\0\0\0\0\0\0\0\0\0\0\0\0\0\0\0\0\0"..., 4096) = 4096
2069690 fsync(3</tmp/.tmpWdXhkr/.receipt.json.prepared>) = 0
2069690 write(3</tmp/.tmpWdXhkr/.receipt.json.prepared>, "AFTCR001\20\0\0\0\0\0\0\0\0P\0\0\0\0\0\0\0P\0\0\0\0\0\0", 32) = 32
2069690 write(3</tmp/.tmpWdXhkr/.receipt.json.prepared>, "original receipt", 16) = 16
2069690 fsync(3</tmp/.tmpWdXhkr/.receipt.json.prepared>) = 0
2069690 close(3</tmp/.tmpWdXhkr/.receipt.json.prepared>) = 0
2069690 renameat2(AT_FDCWD</home/heathledger/Documents/ioi/repos/ioi>, "/tmp/.tmpWdXhkr/receipt.json", AT_FDCWD</home/heathledger/Documents/ioi/repos/ioi>, "/tmp/.tmpWdXhkr/.receipt.json.prepared", RENAME_EXCHANGE) = 0
2069690 openat(AT_FDCWD</home/heathledger/Documents/ioi/repos/ioi>, "/tmp/.tmpWdXhkr", O_RDONLY|O_CLOEXEC) = 3</tmp/.tmpWdXhkr>
2069690 fsync(3</tmp/.tmpWdXhkr>)       = 0
2069690 close(3</tmp/.tmpWdXhkr>)       = 0
2069690 openat(AT_FDCWD</home/heathledger/Documents/ioi/repos/ioi>, "/tmp/.tmpWdXhkr/.receipt.json.prepared", O_RDWR|O_CREAT|O_NOFOLLOW|O_CLOEXEC, 0600) = 3</tmp/.tmpWdXhkr/.receipt.json.prepared>
2069690 ftruncate(3</tmp/.tmpWdXhkr/.receipt.json.prepared>, 0) = 0
2069690 fallocate(3</tmp/.tmpWdXhkr/.receipt.json.prepared>, FALLOC_FL_KEEP_SIZE, 0, 20480) = 0
2069690 write(3</tmp/.tmpWdXhkr/.receipt.json.prepared>, "\0\0\0\0\0\0\0\0\0\0\0\0\0\0\0\0\0\0\0\0\0\0\0\0\0\0\0\0\0\0\0\0\0\0\0\0\0\0\0\0\0\0\0\0\0\0\0\0\0\0\0\0\0\0\0\0\0\0\0\0\0\0\0\0\0\0\0\0\0\0\0\0\0\0\0\0\0\0\0\0\0\0\0\0\0\0\0\0\0\0\0\0\0\0\0\0\0\0\0\0\0\0\0\0\0\0\0\0\0\0\0\0\0\0\0\0\0\0\0\0\0\0\0\0\0\0\0\0"..., 16384) = 16384
2069690 write(3</tmp/.tmpWdXhkr/.receipt.json.prepared>, "\0\0\0\0\0\0\0\0\0\0\0\0\0\0\0\0\0\0\0\0\0\0\0\0\0\0\0\0\0\0\0\0\0\0\0\0\0\0\0\0\0\0\0\0\0\0\0\0\0\0\0\0\0\0\0\0\0\0\0\0\0\0\0\0\0\0\0\0\0\0\0\0\0\0\0\0\0\0\0\0\0\0\0\0\0\0\0\0\0\0\0\0\0\0\0\0\0\0\0\0\0\0\0\0\0\0\0\0\0\0\0\0\0\0\0\0\0\0\0\0\0\0\0\0\0\0\0\0"..., 4096) = 4096
2069690 fsync(3</tmp/.tmpWdXhkr/.receipt.json.prepared>) = 0
2069690 write(3</tmp/.tmpWdXhkr/.receipt.json.prepared>, "AFTCR001\20\0\0\0\0\0\0\0\0P\0\0\0\0\0\0\0P\0\0\0\0\0\0", 32) = 32
2069690 write(3</tmp/.tmpWdXhkr/.receipt.json.prepared>, "original receipt", 16) = 16
2069690 fsync(3</tmp/.tmpWdXhkr/.receipt.json.prepared>) = 0
2069690 close(3</tmp/.tmpWdXhkr/.receipt.json.prepared>) = 0
2069690 openat(AT_FDCWD</home/heathledger/Documents/ioi/repos/ioi>, "/tmp/.tmpWdXhkr", O_RDONLY|O_CLOEXEC) = 3</tmp/.tmpWdXhkr>
2069690 fsync(3</tmp/.tmpWdXhkr>)       = 0
2069690 close(3</tmp/.tmpWdXhkr>)       = 0
2069690 openat(AT_FDCWD</home/heathledger/Documents/ioi/repos/ioi>, "/tmp", O_RDONLY|O_CLOEXEC) = 3</tmp>
2069690 fsync(3</tmp>)                  = 0
2069690 close(3</tmp>)                  = 0
2069690 openat(AT_FDCWD</home/heathledger/Documents/ioi/repos/ioi>, "/", O_RDONLY|O_CLOEXEC) = 3</>
2069690 fsync(3</>)                     = 0
2069690 close(3</>)                     = 0
2069690 openat(AT_FDCWD</home/heathledger/Documents/ioi/repos/ioi>, "/tmp/.tmpWdXhkr/receipt.json", O_RDWR|O_NOFOLLOW|O_CLOEXEC) = 3</tmp/.tmpWdXhkr/receipt.json>
2069690 openat(AT_FDCWD</home/heathledger/Documents/ioi/repos/ioi>, "/tmp/.tmpWdXhkr/.receipt.json.prepared", O_RDWR|O_NOFOLLOW|O_CLOEXEC) = 4</tmp/.tmpWdXhkr/.receipt.json.prepared>
2069690 write(4</tmp/.tmpWdXhkr/.receipt.json.prepared>, "AFTCR001\17\0\0\0\0\0\0\0\0P\0\0\0\0\0\0\0P\0\0\0\0\0\0", 32) = 32
2069690 write(4</tmp/.tmpWdXhkr/.receipt.json.prepared>, "current receipt", 15) = 15
2069690 fsync(4</tmp/.tmpWdXhkr/.receipt.json.prepared>) = 0
2069690 renameat2(AT_FDCWD</home/heathledger/Documents/ioi/repos/ioi>, "/tmp/.tmpWdXhkr/receipt.json", AT_FDCWD</home/heathledger/Documents/ioi/repos/ioi>, "/tmp/.tmpWdXhkr/.receipt.json.prepared", RENAME_EXCHANGE) = 0
2069690 openat(AT_FDCWD</home/heathledger/Documents/ioi/repos/ioi>, "/tmp/.tmpWdXhkr", O_RDONLY|O_CLOEXEC) = 5</tmp/.tmpWdXhkr>
2069690 fsync(5</tmp/.tmpWdXhkr>)       = 0
2069690 close(5</tmp/.tmpWdXhkr>)       = 0
2069690 close(4</tmp/.tmpWdXhkr/receipt.json>) = 0
2069690 close(3</tmp/.tmpWdXhkr/.receipt.json.prepared>) = 0
2069690 openat(AT_FDCWD</home/heathledger/Documents/ioi/repos/ioi>, "/tmp/.tmpWdXhkr/receipt.json", O_RDONLY|O_CLOEXEC) = 3</tmp/.tmpWdXhkr/receipt.json>
2069690 close(3</tmp/.tmpWdXhkr/receipt.json>) = 0
2069690 openat(AT_FDCWD</home/heathledger/Documents/ioi/repos/ioi>, "/tmp/.tmpWdXhkr/.receipt.json.prepared", O_RDONLY|O_CLOEXEC) = 3</tmp/.tmpWdXhkr/.receipt.json.prepared>
2069690 close(3</tmp/.tmpWdXhkr/.receipt.json.prepared>) = 0
2069690 write(2</home/heathledger/Documents/ioi/repos/ioi/internal-docs/architecture/protocols/aft/evidence/m16q-runs/20260907T152920Z-9ce911fe798b/receipt-reservation/reuse-test.log>, "AFT_RECEIPT_REUSE_BEGIN\n", 24) = 24
2069690 openat(AT_FDCWD</home/heathledger/Documents/ioi/repos/ioi>, "/tmp/.tmpWdXhkr/receipt.json", O_RDWR|O_NOFOLLOW|O_CLOEXEC) = 3</tmp/.tmpWdXhkr/receipt.json>
2069690 close(3</tmp/.tmpWdXhkr/receipt.json>) = 0
2069690 openat(AT_FDCWD</home/heathledger/Documents/ioi/repos/ioi>, "/tmp/.tmpWdXhkr/.receipt.json.prepared", O_RDWR|O_NOFOLLOW|O_CLOEXEC) = 3</tmp/.tmpWdXhkr/.receipt.json.prepared>
2069690 openat(AT_FDCWD</home/heathledger/Documents/ioi/repos/ioi>, "/tmp/.tmpWdXhkr/receipt.json", O_RDWR|O_NOFOLLOW|O_CLOEXEC) = 4</tmp/.tmpWdXhkr/receipt.json>
2069690 fsync(4</tmp/.tmpWdXhkr/receipt.json>) = 0
2069690 close(4</tmp/.tmpWdXhkr/receipt.json>) = 0
2069690 fsync(3</tmp/.tmpWdXhkr/.receipt.json.prepared>) = 0
2069690 openat(AT_FDCWD</home/heathledger/Documents/ioi/repos/ioi>, "/tmp/.tmpWdXhkr", O_RDONLY|O_CLOEXEC) = 4</tmp/.tmpWdXhkr>
2069690 fsync(4</tmp/.tmpWdXhkr>)       = 0
2069690 close(4</tmp/.tmpWdXhkr>)       = 0
2069690 openat(AT_FDCWD</home/heathledger/Documents/ioi/repos/ioi>, "/tmp", O_RDONLY|O_CLOEXEC) = 4</tmp>
2069690 fsync(4</tmp>)                  = 0
2069690 close(4</tmp>)                  = 0
2069690 openat(AT_FDCWD</home/heathledger/Documents/ioi/repos/ioi>, "/", O_RDONLY|O_CLOEXEC) = 4</>
2069690 fsync(4</>)                     = 0
2069690 close(4</>)                     = 0
2069690 close(3</tmp/.tmpWdXhkr/.receipt.json.prepared>) = 0
2069690 openat(AT_FDCWD</home/heathledger/Documents/ioi/repos/ioi>, "/tmp/.tmpWdXhkr/receipt.json", O_RDWR|O_NOFOLLOW|O_CLOEXEC) = 3</tmp/.tmpWdXhkr/receipt.json>
2069690 close(3</tmp/.tmpWdXhkr/receipt.json>) = 0
2069690 openat(AT_FDCWD</home/heathledger/Documents/ioi/repos/ioi>, "/tmp/.tmpWdXhkr/.receipt.json.prepared", O_RDWR|O_NOFOLLOW|O_CLOEXEC) = 3</tmp/.tmpWdXhkr/.receipt.json.prepared>
2069690 openat(AT_FDCWD</home/heathledger/Documents/ioi/repos/ioi>, "/tmp/.tmpWdXhkr/receipt.json", O_RDWR|O_NOFOLLOW|O_CLOEXEC) = 4</tmp/.tmpWdXhkr/receipt.json>
2069690 fsync(4</tmp/.tmpWdXhkr/receipt.json>) = 0
2069690 close(4</tmp/.tmpWdXhkr/receipt.json>) = 0
2069690 fsync(3</tmp/.tmpWdXhkr/.receipt.json.prepared>) = 0
2069690 openat(AT_FDCWD</home/heathledger/Documents/ioi/repos/ioi>, "/tmp/.tmpWdXhkr", O_RDONLY|O_CLOEXEC) = 4</tmp/.tmpWdXhkr>
2069690 fsync(4</tmp/.tmpWdXhkr>)       = 0
2069690 close(4</tmp/.tmpWdXhkr>)       = 0
2069690 openat(AT_FDCWD</home/heathledger/Documents/ioi/repos/ioi>, "/tmp", O_RDONLY|O_CLOEXEC) = 4</tmp>
2069690 fsync(4</tmp>)                  = 0
2069690 close(4</tmp>)                  = 0
2069690 openat(AT_FDCWD</home/heathledger/Documents/ioi/repos/ioi>, "/", O_RDONLY|O_CLOEXEC) = 4</>
2069690 fsync(4</>)                     = 0
2069690 close(4</>)                     = 0
2069690 close(3</tmp/.tmpWdXhkr/.receipt.json.prepared>) = 0
2069690 write(2</home/heathledger/Documents/ioi/repos/ioi/internal-docs/architecture/protocols/aft/evidence/m16q-runs/20260907T152920Z-9ce911fe798b/receipt-reservation/reuse-test.log>, "AFT_RECEIPT_REUSE_END\n", 22) = 22
2069690 openat(AT_FDCWD</home/heathledger/Documents/ioi/repos/ioi>, "/tmp/.tmpWdXhkr/receipt.json", O_RDONLY|O_CLOEXEC) = 3</tmp/.tmpWdXhkr/receipt.json>
2069690 close(3</tmp/.tmpWdXhkr/receipt.json>) = 0
2069690 openat(AT_FDCWD</home/heathledger/Documents/ioi/repos/ioi>, "/tmp/.tmpWdXhkr/.receipt.json.prepared", O_RDONLY|O_CLOEXEC) = 3</tmp/.tmpWdXhkr/.receipt.json.prepared>
2069690 close(3</tmp/.tmpWdXhkr/.receipt.json.prepared>) = 0
2069690 openat(AT_FDCWD</home/heathledger/Documents/ioi/repos/ioi>, "/tmp/.tmpWdXhkr/receipt.json", O_RDWR|O_NOFOLLOW|O_CLOEXEC) = 3</tmp/.tmpWdXhkr/receipt.json>
2069690 close(3</tmp/.tmpWdXhkr/receipt.json>) = 0
2069690 openat(AT_FDCWD</home/heathledger/Documents/ioi/repos/ioi>, "/tmp/.tmpWdXhkr/.receipt.json.prepared", O_WRONLY|O_CREAT|O_TRUNC|O_CLOEXEC, 0666) = 3</tmp/.tmpWdXhkr/.receipt.json.prepared>
2069690 write(3</tmp/.tmpWdXhkr/.receipt.json.prepared>, "partial", 7) = 7
2069690 close(3</tmp/.tmpWdXhkr/.receipt.json.prepared>) = 0
2069690 openat(AT_FDCWD</home/heathledger/Documents/ioi/repos/ioi>, "/tmp/.tmpWdXhkr/receipt.json", O_RDWR|O_NOFOLLOW|O_CLOEXEC) = 3</tmp/.tmpWdXhkr/receipt.json>
2069690 close(3</tmp/.tmpWdXhkr/receipt.json>) = 0
2069690 openat(AT_FDCWD</home/heathledger/Documents/ioi/repos/ioi>, "/tmp/.tmpWdXhkr/.receipt.json.prepared", O_RDWR|O_NOFOLLOW|O_CLOEXEC) = 3</tmp/.tmpWdXhkr/.receipt.json.prepared>
2069690 close(3</tmp/.tmpWdXhkr/.receipt.json.prepared>) = 0
2069690 openat(AT_FDCWD</home/heathledger/Documents/ioi/repos/ioi>, "/tmp/.tmpWdXhkr/.receipt.json.prepared", O_RDWR|O_CREAT|O_NOFOLLOW|O_CLOEXEC, 0600) = 3</tmp/.tmpWdXhkr/.receipt.json.prepared>
2069690 ftruncate(3</tmp/.tmpWdXhkr/.receipt.json.prepared>, 0) = 0
2069690 fallocate(3</tmp/.tmpWdXhkr/.receipt.json.prepared>, FALLOC_FL_KEEP_SIZE, 0, 20480) = 0
2069690 write(3</tmp/.tmpWdXhkr/.receipt.json.prepared>, "\0\0\0\0\0\0\0\0\0\0\0\0\0\0\0\0\0\0\0\0\0\0\0\0\0\0\0\0\0\0\0\0\0\0\0\0\0\0\0\0\0\0\0\0\0\0\0\0\0\0\0\0\0\0\0\0\0\0\0\0\0\0\0\0\0\0\0\0\0\0\0\0\0\0\0\0\0\0\0\0\0\0\0\0\0\0\0\0\0\0\0\0\0\0\0\0\0\0\0\0\0\0\0\0\0\0\0\0\0\0\0\0\0\0\0\0\0\0\0\0\0\0\0\0\0\0\0\0"..., 16384) = 16384
2069690 write(3</tmp/.tmpWdXhkr/.receipt.json.prepared>, "\0\0\0\0\0\0\0\0\0\0\0\0\0\0\0\0\0\0\0\0\0\0\0\0\0\0\0\0\0\0\0\0\0\0\0\0\0\0\0\0\0\0\0\0\0\0\0\0\0\0\0\0\0\0\0\0\0\0\0\0\0\0\0\0\0\0\0\0\0\0\0\0\0\0\0\0\0\0\0\0\0\0\0\0\0\0\0\0\0\0\0\0\0\0\0\0\0\0\0\0\0\0\0\0\0\0\0\0\0\0\0\0\0\0\0\0\0\0\0\0\0\0\0\0\0\0\0\0"..., 4096) = 4096
2069690 fsync(3</tmp/.tmpWdXhkr/.receipt.json.prepared>) = 0
2069690 write(3</tmp/.tmpWdXhkr/.receipt.json.prepared>, "AFTCR001\17\0\0\0\0\0\0\0\0P\0\0\0\0\0\0\0P\0\0\0\0\0\0", 32) = 32
2069690 write(3</tmp/.tmpWdXhkr/.receipt.json.prepared>, "current receipt", 15) = 15
2069690 fsync(3</tmp/.tmpWdXhkr/.receipt.json.prepared>) = 0
2069690 close(3</tmp/.tmpWdXhkr/.receipt.json.prepared>) = 0
2069690 renameat2(AT_FDCWD</home/heathledger/Documents/ioi/repos/ioi>, "/tmp/.tmpWdXhkr/receipt.json", AT_FDCWD</home/heathledger/Documents/ioi/repos/ioi>, "/tmp/.tmpWdXhkr/.receipt.json.prepared", RENAME_EXCHANGE) = 0
2069690 openat(AT_FDCWD</home/heathledger/Documents/ioi/repos/ioi>, "/tmp/.tmpWdXhkr", O_RDONLY|O_CLOEXEC) = 3</tmp/.tmpWdXhkr>
2069690 fsync(3</tmp/.tmpWdXhkr>)       = 0
2069690 close(3</tmp/.tmpWdXhkr>)       = 0
2069690 openat(AT_FDCWD</home/heathledger/Documents/ioi/repos/ioi>, "/tmp/.tmpWdXhkr/.receipt.json.prepared", O_RDWR|O_CREAT|O_NOFOLLOW|O_CLOEXEC, 0600) = 3</tmp/.tmpWdXhkr/.receipt.json.prepared>
2069690 ftruncate(3</tmp/.tmpWdXhkr/.receipt.json.prepared>, 0) = 0
2069690 fallocate(3</tmp/.tmpWdXhkr/.receipt.json.prepared>, FALLOC_FL_KEEP_SIZE, 0, 20480) = 0
2069690 write(3</tmp/.tmpWdXhkr/.receipt.json.prepared>, "\0\0\0\0\0\0\0\0\0\0\0\0\0\0\0\0\0\0\0\0\0\0\0\0\0\0\0\0\0\0\0\0\0\0\0\0\0\0\0\0\0\0\0\0\0\0\0\0\0\0\0\0\0\0\0\0\0\0\0\0\0\0\0\0\0\0\0\0\0\0\0\0\0\0\0\0\0\0\0\0\0\0\0\0\0\0\0\0\0\0\0\0\0\0\0\0\0\0\0\0\0\0\0\0\0\0\0\0\0\0\0\0\0\0\0\0\0\0\0\0\0\0\0\0\0\0\0\0"..., 16384) = 16384
2069690 write(3</tmp/.tmpWdXhkr/.receipt.json.prepared>, "\0\0\0\0\0\0\0\0\0\0\0\0\0\0\0\0\0\0\0\0\0\0\0\0\0\0\0\0\0\0\0\0\0\0\0\0\0\0\0\0\0\0\0\0\0\0\0\0\0\0\0\0\0\0\0\0\0\0\0\0\0\0\0\0\0\0\0\0\0\0\0\0\0\0\0\0\0\0\0\0\0\0\0\0\0\0\0\0\0\0\0\0\0\0\0\0\0\0\0\0\0\0\0\0\0\0\0\0\0\0\0\0\0\0\0\0\0\0\0\0\0\0\0\0\0\0\0\0"..., 4096) = 4096
2069690 fsync(3</tmp/.tmpWdXhkr/.receipt.json.prepared>) = 0
2069690 write(3</tmp/.tmpWdXhkr/.receipt.json.prepared>, "AFTCR001\17\0\0\0\0\0\0\0\0P\0\0\0\0\0\0\0P\0\0\0\0\0\0", 32) = 32
2069690 write(3</tmp/.tmpWdXhkr/.receipt.json.prepared>, "current receipt", 15) = 15
2069690 fsync(3</tmp/.tmpWdXhkr/.receipt.json.prepared>) = 0
2069690 close(3</tmp/.tmpWdXhkr/.receipt.json.prepared>) = 0
2069690 openat(AT_FDCWD</home/heathledger/Documents/ioi/repos/ioi>, "/tmp/.tmpWdXhkr", O_RDONLY|O_CLOEXEC) = 3</tmp/.tmpWdXhkr>
2069690 fsync(3</tmp/.tmpWdXhkr>)       = 0
2069690 close(3</tmp/.tmpWdXhkr>)       = 0
2069690 openat(AT_FDCWD</home/heathledger/Documents/ioi/repos/ioi>, "/tmp", O_RDONLY|O_CLOEXEC) = 3</tmp>
2069690 fsync(3</tmp>)                  = 0
2069690 close(3</tmp>)                  = 0
2069690 openat(AT_FDCWD</home/heathledger/Documents/ioi/repos/ioi>, "/", O_RDONLY|O_CLOEXEC) = 3</>
2069690 fsync(3</>)                     = 0
2069690 close(3</>)                     = 0
2069690 openat(AT_FDCWD</home/heathledger/Documents/ioi/repos/ioi>, "/tmp/.tmpWdXhkr/receipt.json", O_RDWR|O_NOFOLLOW|O_CLOEXEC) = 3</tmp/.tmpWdXhkr/receipt.json>
2069690 close(3</tmp/.tmpWdXhkr/receipt.json>) = 0
2069690 openat(AT_FDCWD</home/heathledger/Documents/ioi/repos/ioi>, "/tmp/.tmpWdXhkr/receipt.json", O_RDWR|O_NOFOLLOW|O_CLOEXEC) = 3</tmp/.tmpWdXhkr/receipt.json>
2069690 openat(AT_FDCWD</home/heathledger/Documents/ioi/repos/ioi>, "/tmp/.tmpWdXhkr/.receipt.json.prepared", O_RDWR|O_NOFOLLOW|O_CLOEXEC) = 4</tmp/.tmpWdXhkr/.receipt.json.prepared>
2069690 write(4</tmp/.tmpWdXhkr/.receipt.json.prepared>, "AFTCR001\f\0\0\0\0\0\0\0\0P\0\0\0\0\0\0\0P\0\0\0\0\0\0", 32) = 32
2069690 write(4</tmp/.tmpWdXhkr/.receipt.json.prepared>, "next receipt", 12) = 12
2069690 fsync(4</tmp/.tmpWdXhkr/.receipt.json.prepared>) = 0
2069690 renameat2(AT_FDCWD</home/heathledger/Documents/ioi/repos/ioi>, "/tmp/.tmpWdXhkr/receipt.json", AT_FDCWD</home/heathledger/Documents/ioi/repos/ioi>, "/tmp/.tmpWdXhkr/.receipt.json.prepared", RENAME_EXCHANGE) = 0
2069690 openat(AT_FDCWD</home/heathledger/Documents/ioi/repos/ioi>, "/tmp/.tmpWdXhkr", O_RDONLY|O_CLOEXEC) = 5</tmp/.tmpWdXhkr>
2069690 fsync(5</tmp/.tmpWdXhkr>)       = 0
2069690 close(5</tmp/.tmpWdXhkr>)       = 0
2069690 close(4</tmp/.tmpWdXhkr/receipt.json>) = 0
2069690 close(3</tmp/.tmpWdXhkr/.receipt.json.prepared>) = 0
2069690 openat(AT_FDCWD</home/heathledger/Documents/ioi/repos/ioi>, "/tmp/.tmpWdXhkr/receipt.json", O_RDWR|O_NOFOLLOW|O_CLOEXEC) = 3</tmp/.tmpWdXhkr/receipt.json>
2069690 close(3</tmp/.tmpWdXhkr/receipt.json>) = 0
2069690 openat(AT_FDCWD</home/heathledger/Documents/ioi/repos/ioi>, "/tmp/.tmpWdXhkr/receipt.json", O_RDONLY|O_CLOEXEC) = 3</tmp/.tmpWdXhkr/receipt.json>
2069690 close(3</tmp/.tmpWdXhkr/receipt.json>) = 0
2069690 openat(AT_FDCWD</home/heathledger/Documents/ioi/repos/ioi>, "/tmp/.tmpWdXhkr/receipt.json", O_WRONLY|O_CREAT|O_TRUNC|O_CLOEXEC, 0666) = 3</tmp/.tmpWdXhkr/receipt.json>
2069690 write(3</tmp/.tmpWdXhkr/receipt.json>, "AFTCR001\377\377\377\377\377\377\377\377\0P\0\0\0\0\0\0\0P\0\0\0\0\0\0next receiptipt\0\0\0\0\0\0\0\0\0\0\0\0\0\0\0\0\0\0\0\0\0\0\0\0\0\0\0\0\0\0\0\0\0\0\0\0\0\0\0\0\0\0\0\0\0\0\0\0\0\0\0\0\0\0\0\0\0\0\0\0\0\0\0\0\0\0\0\0\0\0\0\0\0\0\0\0\0\0\0\0\0"..., 20480) = 20480
2069690 close(3</tmp/.tmpWdXhkr/receipt.json>) = 0
2069690 openat(AT_FDCWD</home/heathledger/Documents/ioi/repos/ioi>, "/tmp/.tmpWdXhkr/.receipt.json.prepared", O_RDONLY|O_CLOEXEC) = 3</tmp/.tmpWdXhkr/.receipt.json.prepared>
2069690 close(3</tmp/.tmpWdXhkr/.receipt.json.prepared>) = 0
2069690 openat(AT_FDCWD</home/heathledger/Documents/ioi/repos/ioi>, "/tmp/.tmpWdXhkr/receipt.json", O_RDWR|O_NOFOLLOW|O_CLOEXEC) = 3</tmp/.tmpWdXhkr/receipt.json>
2069690 close(3</tmp/.tmpWdXhkr/receipt.json>) = 0
2069690 openat(AT_FDCWD</home/heathledger/Documents/ioi/repos/ioi>, "/tmp/.tmpWdXhkr/receipt.json", O_RDONLY|O_CLOEXEC) = 3</tmp/.tmpWdXhkr/receipt.json>
2069690 close(3</tmp/.tmpWdXhkr/receipt.json>) = 0
2069690 openat(AT_FDCWD</home/heathledger/Documents/ioi/repos/ioi>, "/tmp/.tmpWdXhkr/.receipt.json.prepared", O_RDONLY|O_CLOEXEC) = 3</tmp/.tmpWdXhkr/.receipt.json.prepared>
2069690 close(3</tmp/.tmpWdXhkr/.receipt.json.prepared>) = 0
2069690 openat(AT_FDCWD</home/heathledger/Documents/ioi/repos/ioi>, "/proc/sys/vm/overcommit_memory", O_RDONLY|O_CLOEXEC) = 3</proc/sys/vm/overcommit_memory>
2069690 close(3</proc/sys/vm/overcommit_memory>) = 0
2069690 openat(AT_FDCWD</home/heathledger/Documents/ioi/repos/ioi>, "/tmp/.tmpWdXhkr", O_RDONLY|O_NOFOLLOW|O_CLOEXEC|O_DIRECTORY) = 3</tmp/.tmpWdXhkr>
2069690 unlinkat(3</tmp/.tmpWdXhkr>, "receipt.json", 0) = 0
2069690 unlinkat(3</tmp/.tmpWdXhkr>, ".receipt.json.prepared", 0) = 0
2069690 close(3</tmp/.tmpWdXhkr>)       = 0
2069690 unlinkat(AT_FDCWD</home/heathledger/Documents/ioi/repos/ioi>, "/tmp/.tmpWdXhkr", AT_REMOVEDIR) = 0
2069690 +++ exited with 0 +++
2069689 write(1</home/heathledger/Documents/ioi/repos/ioi/internal-docs/architecture/protocols/aft/evidence/m16q-runs/20260907T152920Z-9ce911fe798b/receipt-reservation/reuse-test.log>, "test consequence::tests::receipt_preparation_reuses_valid_pair_and_repairs_only_incomplete_spare ... ", 101) = 101
2069689 write(1</home/heathledger/Documents/ioi/repos/ioi/internal-docs/architecture/protocols/aft/evidence/m16q-runs/20260907T152920Z-9ce911fe798b/receipt-reservation/reuse-test.log>, "ok", 2) = 2
2069689 write(1</home/heathledger/Documents/ioi/repos/ioi/internal-docs/architecture/protocols/aft/evidence/m16q-runs/20260907T152920Z-9ce911fe798b/receipt-reservation/reuse-test.log>, "\n", 1) = 1
2069689 write(1</home/heathledger/Documents/ioi/repos/ioi/internal-docs/architecture/protocols/aft/evidence/m16q-runs/20260907T152920Z-9ce911fe798b/receipt-reservation/reuse-test.log>, "\n", 1) = 1
2069689 write(1</home/heathledger/Documents/ioi/repos/ioi/internal-docs/architecture/protocols/aft/evidence/m16q-runs/20260907T152920Z-9ce911fe798b/receipt-reservation/reuse-test.log>, "test result: ", 13) = 13
2069689 write(1</home/heathledger/Documents/ioi/repos/ioi/internal-docs/architecture/protocols/aft/evidence/m16q-runs/20260907T152920Z-9ce911fe798b/receipt-reservation/reuse-test.log>, "ok", 2) = 2
2069689 write(1</home/heathledger/Documents/ioi/repos/ioi/internal-docs/architecture/protocols/aft/evidence/m16q-runs/20260907T152920Z-9ce911fe798b/receipt-reservation/reuse-test.log>, ". 1 passed; 0 failed; 0 ignored; 0 measured; 127 filtered out", 61) = 61
2069689 write(1</home/heathledger/Documents/ioi/repos/ioi/internal-docs/architecture/protocols/aft/evidence/m16q-runs/20260907T152920Z-9ce911fe798b/receipt-reservation/reuse-test.log>, "; finished in 0.26s", 19) = 19
2069689 write(1</home/heathledger/Documents/ioi/repos/ioi/internal-docs/architecture/protocols/aft/evidence/m16q-runs/20260907T152920Z-9ce911fe798b/receipt-reservation/reuse-test.log>, "\n\n", 2) = 2
2069689 +++ exited with 0 +++
