TLC2 Version 2026.08.11.125311 (rev: 0894c34)
Warning: Please run the Java VM, which executes TLC with a throughput optimized garbage collector, by passing the "-XX:+UseParallelGC" property.
(Use the -nowarning option to disable this warning.)
Running breadth-first search Model-Checking with fp 14 and seed -5166523141957072054 with 1 worker on 24 cores with 256MB heap and 64MB offheap memory [pid: 1217449] (Linux 6.17.9-76061709-generic amd64, Ubuntu 21.0.10 64bit, MSBDiskFPSet, DiskStateQueue).
Parsing file /home/heathledger/Documents/ioi/repos/ioi/internal-docs/architecture/protocols/aft/formal/maximal_visibility/QuvHeadTriggeredPreparation.tla
Parsing file /home/heathledger/Documents/ioi/repos/ioi/internal-docs/architecture/protocols/aft/formal/maximal_visibility/QuvHeadInterleaving.tla
Parsing file /tmp/tlc-3578311641495161644/_TLCTrace.tla (jar:file:/home/heathledger/Documents/ioi/repos/ioi/.internal/formal-cache/tools/tla/tla2tools.jar!/tla2sany/StandardModules/_TLCTrace.tla)
Parsing file /home/heathledger/Documents/ioi/repos/ioi/internal-docs/architecture/protocols/aft/formal/maximal_visibility/QuvHeadPreparation.tla
Parsing file /tmp/tlc-3578311641495161644/Naturals.tla (jar:file:/home/heathledger/Documents/ioi/repos/ioi/.internal/formal-cache/tools/tla/tla2tools.jar!/tla2sany/StandardModules/Naturals.tla)
Parsing file /tmp/tlc-3578311641495161644/Sequences.tla (jar:file:/home/heathledger/Documents/ioi/repos/ioi/.internal/formal-cache/tools/tla/tla2tools.jar!/tla2sany/StandardModules/Sequences.tla)
Parsing file /tmp/tlc-3578311641495161644/FiniteSets.tla (jar:file:/home/heathledger/Documents/ioi/repos/ioi/.internal/formal-cache/tools/tla/tla2tools.jar!/tla2sany/StandardModules/FiniteSets.tla)
Parsing file /tmp/tlc-3578311641495161644/TLC.tla (jar:file:/home/heathledger/Documents/ioi/repos/ioi/.internal/formal-cache/tools/tla/tla2tools.jar!/tla2sany/StandardModules/TLC.tla)
Parsing file /tmp/tlc-3578311641495161644/TLCExt.tla (jar:file:/home/heathledger/Documents/ioi/repos/ioi/.internal/formal-cache/tools/tla/tla2tools.jar!/tla2sany/StandardModules/TLCExt.tla)
Parsing file /tmp/tlc-3578311641495161644/Integers.tla (jar:file:/home/heathledger/Documents/ioi/repos/ioi/.internal/formal-cache/tools/tla/tla2tools.jar!/tla2sany/StandardModules/Integers.tla)
Semantic processing of module Naturals
Semantic processing of module Sequences
Semantic processing of module FiniteSets
Semantic processing of module QuvHeadPreparation
Semantic processing of module QuvHeadInterleaving
Semantic processing of module TLC
Semantic processing of module Integers
Semantic processing of module TLCExt
Semantic processing of module _TLCTrace
Semantic processing of module QuvHeadTriggeredPreparation
Linting of module QuvHeadPreparation
Linting of module QuvHeadInterleaving
Linting of module TLCExt
Linting of module _TLCTrace
Linting of module QuvHeadTriggeredPreparation
Starting... (2026-09-05 00:39:47)
Warning: The invariant TriggeredPremises is a constant-level formula (i.e., it contains no variables, primes, or temporal operators) and evaluates to TRUE. To assert constant-level formulas in your spec, use ASSUME ConstInv. If you optionally want to give the assumption a name, write ASSUME YourAssumption == ConstInv instead. See https://explain.tlapl.us/assumptions-and-invariants for additional details.
Implied-temporal checking--satisfiability problem has 1 branches.
Computing initial states...
Finished computing initial states: 1 distinct state generated at 2026-09-05 00:39:47.
Progress(11) at 2026-09-05 00:39:47: 19 states generated, 15 distinct states found, 0 states left on queue.
Checking temporal properties for the complete state space with 15 total distinct states at (2026-09-05 00:39:47)
Error: Temporal property AllTriggeredHistoriesAdvance was violated.

Error: The following behavior constitutes a counter-example:

State 1: <Initial predicate>
/\ grants = ( m1 :> [slot |-> 0, value |-> "A", parent |-> "rooted genesis"] @@
  m2 :> [slot |-> 0, value |-> "A", parent |-> "rooted genesis"] )
/\ operations = ( m1 :>
      [ slot |-> 0,
        value |-> "A",
        parent |-> "rooted genesis",
        captured |-> (m1 :> {} @@ m2 :> {}),
        capturedFirst |-> (m1 :> "unseen" @@ m2 :> "unseen"),
        received |-> {} ] @@
  m2 :>
      [ slot |-> 0,
        value |-> "A",
        parent |-> "rooted genesis",
        captured |-> (m1 :> {} @@ m2 :> {}),
        capturedFirst |-> (m1 :> "unseen" @@ m2 :> "unseen"),
        received |-> {} ] )
/\ histories = (m1 :> <<>> @@ m2 :> <<>>)
/\ firstSeen = (m1 :> <<"unseen", "unseen">> @@ m2 :> <<"unseen", "unseen">>)
/\ seen = (m1 :> <<{}, {}>> @@ m2 :> <<{}, {}>>)

State 2: <TriggeredBegin(m1,"A") line 10, col 5 to line 14, col 18 of module QuvHeadTriggeredPreparation>
/\ grants = ( m1 :> [slot |-> 0, value |-> "A", parent |-> "rooted genesis"] @@
  m2 :> [slot |-> 0, value |-> "A", parent |-> "rooted genesis"] )
/\ operations = ( m1 :>
      [ slot |-> 1,
        value |-> "A",
        parent |-> "rooted genesis",
        captured |-> (m1 :> {} @@ m2 :> {}),
        capturedFirst |-> (m1 :> "unseen" @@ m2 :> "unseen"),
        received |-> {} ] @@
  m2 :>
      [ slot |-> 0,
        value |-> "A",
        parent |-> "rooted genesis",
        captured |-> (m1 :> {} @@ m2 :> {}),
        capturedFirst |-> (m1 :> "unseen" @@ m2 :> "unseen"),
        received |-> {} ] )
/\ histories = (m1 :> <<>> @@ m2 :> <<>>)
/\ firstSeen = (m1 :> <<"unseen", "unseen">> @@ m2 :> <<"unseen", "unseen">>)
/\ seen = (m1 :> <<{}, {}>> @@ m2 :> <<{}, {}>>)

State 3: <Capture(m1,m1) line 28, col 5 to line 38, col 38 of module QuvHeadInterleaving>
/\ grants = ( m1 :> [slot |-> 0, value |-> "A", parent |-> "rooted genesis"] @@
  m2 :> [slot |-> 0, value |-> "A", parent |-> "rooted genesis"] )
/\ operations = ( m1 :>
      [ slot |-> 1,
        value |-> "A",
        parent |-> "rooted genesis",
        captured |-> (m1 :> {"A"} @@ m2 :> {}),
        capturedFirst |-> (m1 :> "A" @@ m2 :> "unseen"),
        received |-> {} ] @@
  m2 :>
      [ slot |-> 0,
        value |-> "A",
        parent |-> "rooted genesis",
        captured |-> (m1 :> {} @@ m2 :> {}),
        capturedFirst |-> (m1 :> "unseen" @@ m2 :> "unseen"),
        received |-> {} ] )
/\ histories = (m1 :> <<>> @@ m2 :> <<>>)
/\ firstSeen = (m1 :> <<"A", "unseen">> @@ m2 :> <<"unseen", "unseen">>)
/\ seen = (m1 :> <<{"A"}, {}>> @@ m2 :> <<{}, {}>>)

State 4: <Capture(m1,m2) line 28, col 5 to line 38, col 38 of module QuvHeadInterleaving>
/\ grants = ( m1 :> [slot |-> 0, value |-> "A", parent |-> "rooted genesis"] @@
  m2 :> [slot |-> 0, value |-> "A", parent |-> "rooted genesis"] )
/\ operations = ( m1 :>
      [ slot |-> 1,
        value |-> "A",
        parent |-> "rooted genesis",
        captured |-> (m1 :> {"A"} @@ m2 :> {"A"}),
        capturedFirst |-> (m1 :> "A" @@ m2 :> "A"),
        received |-> {} ] @@
  m2 :>
      [ slot |-> 0,
        value |-> "A",
        parent |-> "rooted genesis",
        captured |-> (m1 :> {} @@ m2 :> {}),
        capturedFirst |-> (m1 :> "unseen" @@ m2 :> "unseen"),
        received |-> {} ] )
/\ histories = (m1 :> <<>> @@ m2 :> <<>>)
/\ firstSeen = (m1 :> <<"A", "unseen">> @@ m2 :> <<"A", "unseen">>)
/\ seen = (m1 :> <<{"A"}, {}>> @@ m2 :> <<{"A"}, {}>>)

State 5: <Observe(m1,m1) line 40, col 5 to line 44, col 55 of module QuvHeadInterleaving>
/\ grants = ( m1 :> [slot |-> 0, value |-> "A", parent |-> "rooted genesis"] @@
  m2 :> [slot |-> 0, value |-> "A", parent |-> "rooted genesis"] )
/\ operations = ( m1 :>
      [ slot |-> 1,
        value |-> "A",
        parent |-> "rooted genesis",
        captured |-> (m1 :> {"A"} @@ m2 :> {"A"}),
        capturedFirst |-> (m1 :> "A" @@ m2 :> "A"),
        received |-> {m1} ] @@
  m2 :>
      [ slot |-> 0,
        value |-> "A",
        parent |-> "rooted genesis",
        captured |-> (m1 :> {} @@ m2 :> {}),
        capturedFirst |-> (m1 :> "unseen" @@ m2 :> "unseen"),
        received |-> {} ] )
/\ histories = (m1 :> <<>> @@ m2 :> <<>>)
/\ firstSeen = (m1 :> <<"A", "unseen">> @@ m2 :> <<"A", "unseen">>)
/\ seen = (m1 :> <<{"A"}, {}>> @@ m2 :> <<{"A"}, {}>>)

State 6: <Observe(m1,m2) line 40, col 5 to line 44, col 55 of module QuvHeadInterleaving>
/\ grants = ( m1 :> [slot |-> 0, value |-> "A", parent |-> "rooted genesis"] @@
  m2 :> [slot |-> 0, value |-> "A", parent |-> "rooted genesis"] )
/\ operations = ( m1 :>
      [ slot |-> 1,
        value |-> "A",
        parent |-> "rooted genesis",
        captured |-> (m1 :> {"A"} @@ m2 :> {"A"}),
        capturedFirst |-> (m1 :> "A" @@ m2 :> "A"),
        received |-> {m1, m2} ] @@
  m2 :>
      [ slot |-> 0,
        value |-> "A",
        parent |-> "rooted genesis",
        captured |-> (m1 :> {} @@ m2 :> {}),
        capturedFirst |-> (m1 :> "unseen" @@ m2 :> "unseen"),
        received |-> {} ] )
/\ histories = (m1 :> <<>> @@ m2 :> <<>>)
/\ firstSeen = (m1 :> <<"A", "unseen">> @@ m2 :> <<"A", "unseen">>)
/\ seen = (m1 :> <<{"A"}, {}>> @@ m2 :> <<{"A"}, {}>>)

State 7: <Decide(m1) line 46, col 5 to line 57, col 47 of module QuvHeadInterleaving>
/\ grants = ( m1 :> [slot |-> 1, value |-> "A", parent |-> "rooted genesis"] @@
  m2 :> [slot |-> 0, value |-> "A", parent |-> "rooted genesis"] )
/\ operations = ( m1 :>
      [ slot |-> 0,
        value |-> "A",
        parent |-> "rooted genesis",
        captured |-> (m1 :> {} @@ m2 :> {}),
        capturedFirst |-> (m1 :> "unseen" @@ m2 :> "unseen"),
        received |-> {} ] @@
  m2 :>
      [ slot |-> 0,
        value |-> "A",
        parent |-> "rooted genesis",
        captured |-> (m1 :> {} @@ m2 :> {}),
        capturedFirst |-> (m1 :> "unseen" @@ m2 :> "unseen"),
        received |-> {} ] )
/\ histories = (m1 :> <<>> @@ m2 :> <<>>)
/\ firstSeen = (m1 :> <<"A", "unseen">> @@ m2 :> <<"A", "unseen">>)
/\ seen = (m1 :> <<{"A"}, {}>> @@ m2 :> <<{"A"}, {}>>)

State 8: <ConcurrentAdvance(m1) line 58, col 25 to line 58, col 73 of module QuvHeadInterleaving>
/\ grants = ( m1 :> [slot |-> 0, value |-> "A", parent |-> "rooted genesis"] @@
  m2 :> [slot |-> 0, value |-> "A", parent |-> "rooted genesis"] )
/\ operations = ( m1 :>
      [ slot |-> 0,
        value |-> "A",
        parent |-> "rooted genesis",
        captured |-> (m1 :> {} @@ m2 :> {}),
        capturedFirst |-> (m1 :> "unseen" @@ m2 :> "unseen"),
        received |-> {} ] @@
  m2 :>
      [ slot |-> 0,
        value |-> "A",
        parent |-> "rooted genesis",
        captured |-> (m1 :> {} @@ m2 :> {}),
        capturedFirst |-> (m1 :> "unseen" @@ m2 :> "unseen"),
        received |-> {} ] )
/\ histories = (m1 :> <<"A">> @@ m2 :> <<>>)
/\ firstSeen = (m1 :> <<"A", "unseen">> @@ m2 :> <<"A", "unseen">>)
/\ seen = (m1 :> <<{"A"}, {}>> @@ m2 :> <<{"A"}, {}>>)

State 9: <TriggeredBegin(m1,"A") line 10, col 5 to line 14, col 18 of module QuvHeadTriggeredPreparation>
/\ grants = ( m1 :> [slot |-> 0, value |-> "A", parent |-> "rooted genesis"] @@
  m2 :> [slot |-> 0, value |-> "A", parent |-> "rooted genesis"] )
/\ operations = ( m1 :>
      [ slot |-> 2,
        value |-> "A",
        parent |-> "A",
        captured |-> (m1 :> {} @@ m2 :> {}),
        capturedFirst |-> (m1 :> "unseen" @@ m2 :> "unseen"),
        received |-> {} ] @@
  m2 :>
      [ slot |-> 0,
        value |-> "A",
        parent |-> "rooted genesis",
        captured |-> (m1 :> {} @@ m2 :> {}),
        capturedFirst |-> (m1 :> "unseen" @@ m2 :> "unseen"),
        received |-> {} ] )
/\ histories = (m1 :> <<"A">> @@ m2 :> <<>>)
/\ firstSeen = (m1 :> <<"A", "unseen">> @@ m2 :> <<"A", "unseen">>)
/\ seen = (m1 :> <<{"A"}, {}>> @@ m2 :> <<{"A"}, {}>>)

State 10: <Capture(m1,m1) line 28, col 5 to line 38, col 38 of module QuvHeadInterleaving>
/\ grants = ( m1 :> [slot |-> 0, value |-> "A", parent |-> "rooted genesis"] @@
  m2 :> [slot |-> 0, value |-> "A", parent |-> "rooted genesis"] )
/\ operations = ( m1 :>
      [ slot |-> 2,
        value |-> "A",
        parent |-> "A",
        captured |-> (m1 :> {"A"} @@ m2 :> {}),
        capturedFirst |-> (m1 :> "A" @@ m2 :> "unseen"),
        received |-> {} ] @@
  m2 :>
      [ slot |-> 0,
        value |-> "A",
        parent |-> "rooted genesis",
        captured |-> (m1 :> {} @@ m2 :> {}),
        capturedFirst |-> (m1 :> "unseen" @@ m2 :> "unseen"),
        received |-> {} ] )
/\ histories = (m1 :> <<"A">> @@ m2 :> <<>>)
/\ firstSeen = (m1 :> <<"A", "A">> @@ m2 :> <<"A", "unseen">>)
/\ seen = (m1 :> <<{"A"}, {"A"}>> @@ m2 :> <<{"A"}, {}>>)

State 11: <Observe(m1,m1) line 40, col 5 to line 44, col 55 of module QuvHeadInterleaving>
/\ grants = ( m1 :> [slot |-> 0, value |-> "A", parent |-> "rooted genesis"] @@
  m2 :> [slot |-> 0, value |-> "A", parent |-> "rooted genesis"] )
/\ operations = ( m1 :>
      [ slot |-> 2,
        value |-> "A",
        parent |-> "A",
        captured |-> (m1 :> {"A"} @@ m2 :> {}),
        capturedFirst |-> (m1 :> "A" @@ m2 :> "unseen"),
        received |-> {m1} ] @@
  m2 :>
      [ slot |-> 0,
        value |-> "A",
        parent |-> "rooted genesis",
        captured |-> (m1 :> {} @@ m2 :> {}),
        capturedFirst |-> (m1 :> "unseen" @@ m2 :> "unseen"),
        received |-> {} ] )
/\ histories = (m1 :> <<"A">> @@ m2 :> <<>>)
/\ firstSeen = (m1 :> <<"A", "A">> @@ m2 :> <<"A", "unseen">>)
/\ seen = (m1 :> <<{"A"}, {"A"}>> @@ m2 :> <<{"A"}, {}>>)

State 12: Stuttering
Finished checking temporal properties in 00s at 2026-09-05 00:39:47
19 states generated, 15 distinct states found, 0 states left on queue.
The depth of the complete state graph search is 11.
Finished in 00s at (2026-09-05 00:39:47)
Trace exploration spec path: ./QuvHeadTriggeredPreparation_TTrace_1788583186.tla
