census OK: 54 modules = 41 executed + 13 manifest-marked (manual)
TLC2 Version 2026.08.11.125311 (rev: 0894c34)
Warning: Please run the Java VM, which executes TLC with a throughput optimized garbage collector, by passing the "-XX:+UseParallelGC" property.
(Use the -nowarning option to disable this warning.)
Running breadth-first search Model-Checking with fp 67 and seed 4287699577723062500 with 1 worker on 24 cores with 24000MB heap and 64MB offheap memory [pid: 1235123] (Linux 6.17.9-76061709-generic amd64, Ubuntu 21.0.10 64bit, MSBDiskFPSet, DiskStateQueue).
Parsing file /home/heathledger/Documents/ioi/repos/ioi/internal-docs/architecture/protocols/aft/formal/maximal_visibility/QuvHeadTriggeredPreparation.tla
Parsing file /home/heathledger/Documents/ioi/repos/ioi/internal-docs/architecture/protocols/aft/formal/maximal_visibility/QuvHeadInterleaving.tla
Parsing file /tmp/tlc-1887820899795309681/_TLCTrace.tla (jar:file:/home/heathledger/Documents/ioi/repos/ioi/.internal/formal-cache/tools/tla/tla2tools.jar!/tla2sany/StandardModules/_TLCTrace.tla)
Parsing file /home/heathledger/Documents/ioi/repos/ioi/internal-docs/architecture/protocols/aft/formal/maximal_visibility/QuvHeadPreparation.tla
Parsing file /tmp/tlc-1887820899795309681/Naturals.tla (jar:file:/home/heathledger/Documents/ioi/repos/ioi/.internal/formal-cache/tools/tla/tla2tools.jar!/tla2sany/StandardModules/Naturals.tla)
Parsing file /tmp/tlc-1887820899795309681/Sequences.tla (jar:file:/home/heathledger/Documents/ioi/repos/ioi/.internal/formal-cache/tools/tla/tla2tools.jar!/tla2sany/StandardModules/Sequences.tla)
Parsing file /tmp/tlc-1887820899795309681/FiniteSets.tla (jar:file:/home/heathledger/Documents/ioi/repos/ioi/.internal/formal-cache/tools/tla/tla2tools.jar!/tla2sany/StandardModules/FiniteSets.tla)
Parsing file /tmp/tlc-1887820899795309681/TLC.tla (jar:file:/home/heathledger/Documents/ioi/repos/ioi/.internal/formal-cache/tools/tla/tla2tools.jar!/tla2sany/StandardModules/TLC.tla)
Parsing file /tmp/tlc-1887820899795309681/TLCExt.tla (jar:file:/home/heathledger/Documents/ioi/repos/ioi/.internal/formal-cache/tools/tla/tla2tools.jar!/tla2sany/StandardModules/TLCExt.tla)
Parsing file /tmp/tlc-1887820899795309681/Integers.tla (jar:file:/home/heathledger/Documents/ioi/repos/ioi/.internal/formal-cache/tools/tla/tla2tools.jar!/tla2sany/StandardModules/Integers.tla)
Semantic processing of module Naturals
Semantic processing of module Sequences
Semantic processing of module FiniteSets
Semantic processing of module QuvHeadPreparation
Semantic processing of module QuvHeadInterleaving
Semantic processing of module TLC
Semantic processing of module Integers
Semantic processing of module TLCExt
Semantic processing of module _TLCTrace
Semantic processing of module QuvHeadTriggeredPreparation
Linting of module QuvHeadPreparation
Linting of module QuvHeadInterleaving
Linting of module TLCExt
Linting of module _TLCTrace
Linting of module QuvHeadTriggeredPreparation
Starting... (2026-09-05 00:40:44)
Warning: The invariant TriggeredPremises is a constant-level formula (i.e., it contains no variables, primes, or temporal operators) and evaluates to TRUE. To assert constant-level formulas in your spec, use ASSUME ConstInv. If you optionally want to give the assumption a name, write ASSUME YourAssumption == ConstInv instead. See https://explain.tlapl.us/assumptions-and-invariants for additional details.
Implied-temporal checking--satisfiability problem has 1 branches.
Computing initial states...
Finished computing initial states: 1 distinct state generated at 2026-09-05 00:40:44.
Progress(29) at 2026-09-05 00:40:44: 547 states generated, 232 distinct states found, 0 states left on queue.
Checking temporal properties for the complete state space with 232 total distinct states at (2026-09-05 00:40:44)
Finished checking temporal properties in 00s at 2026-09-05 00:40:44
Model checking completed. No error has been found.
  Estimates of the probability that TLC did not check all reachable states
  because two distinct states had the same fingerprint:
  calculated (optimistic):  val = 4.0E-15
547 states generated, 232 distinct states found, 0 states left on queue.
The depth of the complete state graph search is 29.
The average outdegree of the complete state graph is 1 (minimum is 0, the maximum 3 and the 95th percentile is 3).
Finished in 00s at (2026-09-05 00:40:44)
TLC2 Version 2026.08.11.125311 (rev: 0894c34)
Warning: Please run the Java VM, which executes TLC with a throughput optimized garbage collector, by passing the "-XX:+UseParallelGC" property.
(Use the -nowarning option to disable this warning.)
Running breadth-first search Model-Checking with fp 115 and seed 8751589426155927501 with 1 worker on 24 cores with 24000MB heap and 64MB offheap memory [pid: 1235415] (Linux 6.17.9-76061709-generic amd64, Ubuntu 21.0.10 64bit, MSBDiskFPSet, DiskStateQueue).
Parsing file /home/heathledger/Documents/ioi/repos/ioi/internal-docs/architecture/protocols/aft/formal/maximal_visibility/QuvHeadTriggeredPreparation.tla
Parsing file /home/heathledger/Documents/ioi/repos/ioi/internal-docs/architecture/protocols/aft/formal/maximal_visibility/QuvHeadInterleaving.tla
Parsing file /tmp/tlc-17190471325737858524/_TLCTrace.tla (jar:file:/home/heathledger/Documents/ioi/repos/ioi/.internal/formal-cache/tools/tla/tla2tools.jar!/tla2sany/StandardModules/_TLCTrace.tla)
Parsing file /home/heathledger/Documents/ioi/repos/ioi/internal-docs/architecture/protocols/aft/formal/maximal_visibility/QuvHeadPreparation.tla
Parsing file /tmp/tlc-17190471325737858524/Naturals.tla (jar:file:/home/heathledger/Documents/ioi/repos/ioi/.internal/formal-cache/tools/tla/tla2tools.jar!/tla2sany/StandardModules/Naturals.tla)
Parsing file /tmp/tlc-17190471325737858524/Sequences.tla (jar:file:/home/heathledger/Documents/ioi/repos/ioi/.internal/formal-cache/tools/tla/tla2tools.jar!/tla2sany/StandardModules/Sequences.tla)
Parsing file /tmp/tlc-17190471325737858524/FiniteSets.tla (jar:file:/home/heathledger/Documents/ioi/repos/ioi/.internal/formal-cache/tools/tla/tla2tools.jar!/tla2sany/StandardModules/FiniteSets.tla)
Parsing file /tmp/tlc-17190471325737858524/TLC.tla (jar:file:/home/heathledger/Documents/ioi/repos/ioi/.internal/formal-cache/tools/tla/tla2tools.jar!/tla2sany/StandardModules/TLC.tla)
Parsing file /tmp/tlc-17190471325737858524/TLCExt.tla (jar:file:/home/heathledger/Documents/ioi/repos/ioi/.internal/formal-cache/tools/tla/tla2tools.jar!/tla2sany/StandardModules/TLCExt.tla)
Parsing file /tmp/tlc-17190471325737858524/Integers.tla (jar:file:/home/heathledger/Documents/ioi/repos/ioi/.internal/formal-cache/tools/tla/tla2tools.jar!/tla2sany/StandardModules/Integers.tla)
Semantic processing of module Naturals
Semantic processing of module Sequences
Semantic processing of module FiniteSets
Semantic processing of module QuvHeadPreparation
Semantic processing of module QuvHeadInterleaving
Semantic processing of module TLC
Semantic processing of module Integers
Semantic processing of module TLCExt
Semantic processing of module _TLCTrace
Semantic processing of module QuvHeadTriggeredPreparation
Linting of module QuvHeadPreparation
Linting of module QuvHeadInterleaving
Linting of module TLCExt
Linting of module _TLCTrace
Linting of module QuvHeadTriggeredPreparation
Starting... (2026-09-05 00:40:44)
Warning: The invariant TriggeredPremises is a constant-level formula (i.e., it contains no variables, primes, or temporal operators) and evaluates to TRUE. To assert constant-level formulas in your spec, use ASSUME ConstInv. If you optionally want to give the assumption a name, write ASSUME YourAssumption == ConstInv instead. See https://explain.tlapl.us/assumptions-and-invariants for additional details.
Implied-temporal checking--satisfiability problem has 1 branches.
Computing initial states...
Finished computing initial states: 1 distinct state generated at 2026-09-05 00:40:45.
Progress(29) at 2026-09-05 00:40:45: 547 states generated, 232 distinct states found, 0 states left on queue.
Checking temporal properties for the complete state space with 232 total distinct states at (2026-09-05 00:40:45)
Finished checking temporal properties in 00s at 2026-09-05 00:40:45
Model checking completed. No error has been found.
  Estimates of the probability that TLC did not check all reachable states
  because two distinct states had the same fingerprint:
  calculated (optimistic):  val = 4.0E-15
547 states generated, 232 distinct states found, 0 states left on queue.
The depth of the complete state graph search is 29.
The average outdegree of the complete state graph is 1 (minimum is 0, the maximum 3 and the 95th percentile is 3).
Finished in 00s at (2026-09-05 00:40:45)
TLC2 Version 2026.08.11.125311 (rev: 0894c34)
Warning: Please run the Java VM, which executes TLC with a throughput optimized garbage collector, by passing the "-XX:+UseParallelGC" property.
(Use the -nowarning option to disable this warning.)
Running breadth-first search Model-Checking with fp 41 and seed -9062316315949524639 with 1 worker on 24 cores with 24000MB heap and 64MB offheap memory [pid: 1235605] (Linux 6.17.9-76061709-generic amd64, Ubuntu 21.0.10 64bit, MSBDiskFPSet, DiskStateQueue).
Parsing file /tmp/tmp.ngSa2VUQGE/QuvHeadTriggeredPreparation.tla
Parsing file /tmp/tmp.ngSa2VUQGE/QuvHeadInterleaving.tla
Parsing file /tmp/tlc-11431559141038076008/_TLCTrace.tla (jar:file:/home/heathledger/Documents/ioi/repos/ioi/.internal/formal-cache/tools/tla/tla2tools.jar!/tla2sany/StandardModules/_TLCTrace.tla)
Parsing file /tmp/tmp.ngSa2VUQGE/QuvHeadPreparation.tla
Parsing file /tmp/tlc-11431559141038076008/Naturals.tla (jar:file:/home/heathledger/Documents/ioi/repos/ioi/.internal/formal-cache/tools/tla/tla2tools.jar!/tla2sany/StandardModules/Naturals.tla)
Parsing file /tmp/tlc-11431559141038076008/Sequences.tla (jar:file:/home/heathledger/Documents/ioi/repos/ioi/.internal/formal-cache/tools/tla/tla2tools.jar!/tla2sany/StandardModules/Sequences.tla)
Parsing file /tmp/tlc-11431559141038076008/FiniteSets.tla (jar:file:/home/heathledger/Documents/ioi/repos/ioi/.internal/formal-cache/tools/tla/tla2tools.jar!/tla2sany/StandardModules/FiniteSets.tla)
Parsing file /tmp/tlc-11431559141038076008/TLC.tla (jar:file:/home/heathledger/Documents/ioi/repos/ioi/.internal/formal-cache/tools/tla/tla2tools.jar!/tla2sany/StandardModules/TLC.tla)
Parsing file /tmp/tlc-11431559141038076008/TLCExt.tla (jar:file:/home/heathledger/Documents/ioi/repos/ioi/.internal/formal-cache/tools/tla/tla2tools.jar!/tla2sany/StandardModules/TLCExt.tla)
Parsing file /tmp/tlc-11431559141038076008/Integers.tla (jar:file:/home/heathledger/Documents/ioi/repos/ioi/.internal/formal-cache/tools/tla/tla2tools.jar!/tla2sany/StandardModules/Integers.tla)
Semantic processing of module Naturals
Semantic processing of module Sequences
Semantic processing of module FiniteSets
Semantic processing of module QuvHeadPreparation
Semantic processing of module QuvHeadInterleaving
Semantic processing of module TLC
Semantic processing of module Integers
Semantic processing of module TLCExt
Semantic processing of module _TLCTrace
Semantic processing of module QuvHeadTriggeredPreparation
Linting of module QuvHeadPreparation
Linting of module QuvHeadInterleaving
Linting of module TLCExt
Linting of module _TLCTrace
Linting of module QuvHeadTriggeredPreparation
Starting... (2026-09-05 00:40:45)
Warning: The invariant TriggeredPremises is a constant-level formula (i.e., it contains no variables, primes, or temporal operators) and evaluates to TRUE. To assert constant-level formulas in your spec, use ASSUME ConstInv. If you optionally want to give the assumption a name, write ASSUME YourAssumption == ConstInv instead. See https://explain.tlapl.us/assumptions-and-invariants for additional details.
Implied-temporal checking--satisfiability problem has 1 branches.
Computing initial states...
Finished computing initial states: 1 distinct state generated at 2026-09-05 00:40:45.
Progress(11) at 2026-09-05 00:40:45: 19 states generated, 15 distinct states found, 0 states left on queue.
Checking temporal properties for the complete state space with 15 total distinct states at (2026-09-05 00:40:45)
Error: Temporal property AllTriggeredHistoriesAdvance was violated.

Error: The following behavior constitutes a counter-example:

State 1: <Initial predicate>
/\ grants = ( m1 :> [slot |-> 0, value |-> "A", parent |-> "rooted genesis"] @@
  m2 :> [slot |-> 0, value |-> "A", parent |-> "rooted genesis"] )
/\ operations = ( m1 :>
      [ slot |-> 0,
        value |-> "A",
        parent |-> "rooted genesis",
        captured |-> (m1 :> {} @@ m2 :> {}),
        capturedFirst |-> (m1 :> "unseen" @@ m2 :> "unseen"),
        received |-> {} ] @@
  m2 :>
      [ slot |-> 0,
        value |-> "A",
        parent |-> "rooted genesis",
        captured |-> (m1 :> {} @@ m2 :> {}),
        capturedFirst |-> (m1 :> "unseen" @@ m2 :> "unseen"),
        received |-> {} ] )
/\ histories = (m1 :> <<>> @@ m2 :> <<>>)
/\ firstSeen = (m1 :> <<"unseen", "unseen">> @@ m2 :> <<"unseen", "unseen">>)
/\ seen = (m1 :> <<{}, {}>> @@ m2 :> <<{}, {}>>)

State 2: <TriggeredBegin(m1,"A") line 10, col 5 to line 14, col 18 of module QuvHeadTriggeredPreparation>
/\ grants = ( m1 :> [slot |-> 0, value |-> "A", parent |-> "rooted genesis"] @@
  m2 :> [slot |-> 0, value |-> "A", parent |-> "rooted genesis"] )
/\ operations = ( m1 :>
      [ slot |-> 1,
        value |-> "A",
        parent |-> "rooted genesis",
        captured |-> (m1 :> {} @@ m2 :> {}),
        capturedFirst |-> (m1 :> "unseen" @@ m2 :> "unseen"),
        received |-> {} ] @@
  m2 :>
      [ slot |-> 0,
        value |-> "A",
        parent |-> "rooted genesis",
        captured |-> (m1 :> {} @@ m2 :> {}),
        capturedFirst |-> (m1 :> "unseen" @@ m2 :> "unseen"),
        received |-> {} ] )
/\ histories = (m1 :> <<>> @@ m2 :> <<>>)
/\ firstSeen = (m1 :> <<"unseen", "unseen">> @@ m2 :> <<"unseen", "unseen">>)
/\ seen = (m1 :> <<{}, {}>> @@ m2 :> <<{}, {}>>)

State 3: <Capture(m1,m2) line 28, col 5 to line 38, col 38 of module QuvHeadInterleaving>
/\ grants = ( m1 :> [slot |-> 0, value |-> "A", parent |-> "rooted genesis"] @@
  m2 :> [slot |-> 0, value |-> "A", parent |-> "rooted genesis"] )
/\ operations = ( m1 :>
      [ slot |-> 1,
        value |-> "A",
        parent |-> "rooted genesis",
        captured |-> (m1 :> {} @@ m2 :> {"A"}),
        capturedFirst |-> (m1 :> "unseen" @@ m2 :> "A"),
        received |-> {} ] @@
  m2 :>
      [ slot |-> 0,
        value |-> "A",
        parent |-> "rooted genesis",
        captured |-> (m1 :> {} @@ m2 :> {}),
        capturedFirst |-> (m1 :> "unseen" @@ m2 :> "unseen"),
        received |-> {} ] )
/\ histories = (m1 :> <<>> @@ m2 :> <<>>)
/\ firstSeen = (m1 :> <<"unseen", "unseen">> @@ m2 :> <<"A", "unseen">>)
/\ seen = (m1 :> <<{}, {}>> @@ m2 :> <<{"A"}, {}>>)

State 4: <Capture(m1,m1) line 28, col 5 to line 38, col 38 of module QuvHeadInterleaving>
/\ grants = ( m1 :> [slot |-> 0, value |-> "A", parent |-> "rooted genesis"] @@
  m2 :> [slot |-> 0, value |-> "A", parent |-> "rooted genesis"] )
/\ operations = ( m1 :>
      [ slot |-> 1,
        value |-> "A",
        parent |-> "rooted genesis",
        captured |-> (m1 :> {"A"} @@ m2 :> {"A"}),
        capturedFirst |-> (m1 :> "A" @@ m2 :> "A"),
        received |-> {} ] @@
  m2 :>
      [ slot |-> 0,
        value |-> "A",
        parent |-> "rooted genesis",
        captured |-> (m1 :> {} @@ m2 :> {}),
        capturedFirst |-> (m1 :> "unseen" @@ m2 :> "unseen"),
        received |-> {} ] )
/\ histories = (m1 :> <<>> @@ m2 :> <<>>)
/\ firstSeen = (m1 :> <<"A", "unseen">> @@ m2 :> <<"A", "unseen">>)
/\ seen = (m1 :> <<{"A"}, {}>> @@ m2 :> <<{"A"}, {}>>)

State 5: <Observe(m1,m1) line 40, col 5 to line 44, col 55 of module QuvHeadInterleaving>
/\ grants = ( m1 :> [slot |-> 0, value |-> "A", parent |-> "rooted genesis"] @@
  m2 :> [slot |-> 0, value |-> "A", parent |-> "rooted genesis"] )
/\ operations = ( m1 :>
      [ slot |-> 1,
        value |-> "A",
        parent |-> "rooted genesis",
        captured |-> (m1 :> {"A"} @@ m2 :> {"A"}),
        capturedFirst |-> (m1 :> "A" @@ m2 :> "A"),
        received |-> {m1} ] @@
  m2 :>
      [ slot |-> 0,
        value |-> "A",
        parent |-> "rooted genesis",
        captured |-> (m1 :> {} @@ m2 :> {}),
        capturedFirst |-> (m1 :> "unseen" @@ m2 :> "unseen"),
        received |-> {} ] )
/\ histories = (m1 :> <<>> @@ m2 :> <<>>)
/\ firstSeen = (m1 :> <<"A", "unseen">> @@ m2 :> <<"A", "unseen">>)
/\ seen = (m1 :> <<{"A"}, {}>> @@ m2 :> <<{"A"}, {}>>)

State 6: <Observe(m1,m2) line 40, col 5 to line 44, col 55 of module QuvHeadInterleaving>
/\ grants = ( m1 :> [slot |-> 0, value |-> "A", parent |-> "rooted genesis"] @@
  m2 :> [slot |-> 0, value |-> "A", parent |-> "rooted genesis"] )
/\ operations = ( m1 :>
      [ slot |-> 1,
        value |-> "A",
        parent |-> "rooted genesis",
        captured |-> (m1 :> {"A"} @@ m2 :> {"A"}),
        capturedFirst |-> (m1 :> "A" @@ m2 :> "A"),
        received |-> {m1, m2} ] @@
  m2 :>
      [ slot |-> 0,
        value |-> "A",
        parent |-> "rooted genesis",
        captured |-> (m1 :> {} @@ m2 :> {}),
        capturedFirst |-> (m1 :> "unseen" @@ m2 :> "unseen"),
        received |-> {} ] )
/\ histories = (m1 :> <<>> @@ m2 :> <<>>)
/\ firstSeen = (m1 :> <<"A", "unseen">> @@ m2 :> <<"A", "unseen">>)
/\ seen = (m1 :> <<{"A"}, {}>> @@ m2 :> <<{"A"}, {}>>)

State 7: <Decide(m1) line 46, col 5 to line 57, col 47 of module QuvHeadInterleaving>
/\ grants = ( m1 :> [slot |-> 1, value |-> "A", parent |-> "rooted genesis"] @@
  m2 :> [slot |-> 0, value |-> "A", parent |-> "rooted genesis"] )
/\ operations = ( m1 :>
      [ slot |-> 0,
        value |-> "A",
        parent |-> "rooted genesis",
        captured |-> (m1 :> {} @@ m2 :> {}),
        capturedFirst |-> (m1 :> "unseen" @@ m2 :> "unseen"),
        received |-> {} ] @@
  m2 :>
      [ slot |-> 0,
        value |-> "A",
        parent |-> "rooted genesis",
        captured |-> (m1 :> {} @@ m2 :> {}),
        capturedFirst |-> (m1 :> "unseen" @@ m2 :> "unseen"),
        received |-> {} ] )
/\ histories = (m1 :> <<>> @@ m2 :> <<>>)
/\ firstSeen = (m1 :> <<"A", "unseen">> @@ m2 :> <<"A", "unseen">>)
/\ seen = (m1 :> <<{"A"}, {}>> @@ m2 :> <<{"A"}, {}>>)

State 8: <ConcurrentAdvance(m1) line 58, col 25 to line 58, col 73 of module QuvHeadInterleaving>
/\ grants = ( m1 :> [slot |-> 0, value |-> "A", parent |-> "rooted genesis"] @@
  m2 :> [slot |-> 0, value |-> "A", parent |-> "rooted genesis"] )
/\ operations = ( m1 :>
      [ slot |-> 0,
        value |-> "A",
        parent |-> "rooted genesis",
        captured |-> (m1 :> {} @@ m2 :> {}),
        capturedFirst |-> (m1 :> "unseen" @@ m2 :> "unseen"),
        received |-> {} ] @@
  m2 :>
      [ slot |-> 0,
        value |-> "A",
        parent |-> "rooted genesis",
        captured |-> (m1 :> {} @@ m2 :> {}),
        capturedFirst |-> (m1 :> "unseen" @@ m2 :> "unseen"),
        received |-> {} ] )
/\ histories = (m1 :> <<"A">> @@ m2 :> <<>>)
/\ firstSeen = (m1 :> <<"A", "unseen">> @@ m2 :> <<"A", "unseen">>)
/\ seen = (m1 :> <<{"A"}, {}>> @@ m2 :> <<{"A"}, {}>>)

State 9: <TriggeredBegin(m1,"A") line 10, col 5 to line 14, col 18 of module QuvHeadTriggeredPreparation>
/\ grants = ( m1 :> [slot |-> 0, value |-> "A", parent |-> "rooted genesis"] @@
  m2 :> [slot |-> 0, value |-> "A", parent |-> "rooted genesis"] )
/\ operations = ( m1 :>
      [ slot |-> 2,
        value |-> "A",
        parent |-> "A",
        captured |-> (m1 :> {} @@ m2 :> {}),
        capturedFirst |-> (m1 :> "unseen" @@ m2 :> "unseen"),
        received |-> {} ] @@
  m2 :>
      [ slot |-> 0,
        value |-> "A",
        parent |-> "rooted genesis",
        captured |-> (m1 :> {} @@ m2 :> {}),
        capturedFirst |-> (m1 :> "unseen" @@ m2 :> "unseen"),
        received |-> {} ] )
/\ histories = (m1 :> <<"A">> @@ m2 :> <<>>)
/\ firstSeen = (m1 :> <<"A", "unseen">> @@ m2 :> <<"A", "unseen">>)
/\ seen = (m1 :> <<{"A"}, {}>> @@ m2 :> <<{"A"}, {}>>)

State 10: <Capture(m1,m1) line 28, col 5 to line 38, col 38 of module QuvHeadInterleaving>
/\ grants = ( m1 :> [slot |-> 0, value |-> "A", parent |-> "rooted genesis"] @@
  m2 :> [slot |-> 0, value |-> "A", parent |-> "rooted genesis"] )
/\ operations = ( m1 :>
      [ slot |-> 2,
        value |-> "A",
        parent |-> "A",
        captured |-> (m1 :> {"A"} @@ m2 :> {}),
        capturedFirst |-> (m1 :> "A" @@ m2 :> "unseen"),
        received |-> {} ] @@
  m2 :>
      [ slot |-> 0,
        value |-> "A",
        parent |-> "rooted genesis",
        captured |-> (m1 :> {} @@ m2 :> {}),
        capturedFirst |-> (m1 :> "unseen" @@ m2 :> "unseen"),
        received |-> {} ] )
/\ histories = (m1 :> <<"A">> @@ m2 :> <<>>)
/\ firstSeen = (m1 :> <<"A", "A">> @@ m2 :> <<"A", "unseen">>)
/\ seen = (m1 :> <<{"A"}, {"A"}>> @@ m2 :> <<{"A"}, {}>>)

State 11: <Observe(m1,m1) line 40, col 5 to line 44, col 55 of module QuvHeadInterleaving>
/\ grants = ( m1 :> [slot |-> 0, value |-> "A", parent |-> "rooted genesis"] @@
  m2 :> [slot |-> 0, value |-> "A", parent |-> "rooted genesis"] )
/\ operations = ( m1 :>
      [ slot |-> 2,
        value |-> "A",
        parent |-> "A",
        captured |-> (m1 :> {"A"} @@ m2 :> {}),
        capturedFirst |-> (m1 :> "A" @@ m2 :> "unseen"),
        received |-> {m1} ] @@
  m2 :>
      [ slot |-> 0,
        value |-> "A",
        parent |-> "rooted genesis",
        captured |-> (m1 :> {} @@ m2 :> {}),
        capturedFirst |-> (m1 :> "unseen" @@ m2 :> "unseen"),
        received |-> {} ] )
/\ histories = (m1 :> <<"A">> @@ m2 :> <<>>)
/\ firstSeen = (m1 :> <<"A", "A">> @@ m2 :> <<"A", "unseen">>)
/\ seen = (m1 :> <<{"A"}, {"A"}>> @@ m2 :> <<{"A"}, {}>>)

State 12: Stuttering
Finished checking temporal properties in 00s at 2026-09-05 00:40:45
19 states generated, 15 distinct states found, 0 states left on queue.
The depth of the complete state graph search is 11.
Finished in 00s at (2026-09-05 00:40:45)
Trace exploration spec path: ./QuvHeadTriggeredPreparation_TTrace_1788583245.tla
expected counterexample observed: QuvHeadTriggeredPreparation.tla: Temporal property AllTriggeredHistoriesAdvance was violated
