2081149 openat(AT_FDCWD</home/heathledger/Documents/ioi/repos/ioi>, "/etc/ld.so.cache", O_RDONLY|O_CLOEXEC) = 3</etc/ld.so.cache>
2081149 close(3</etc/ld.so.cache>)      = 0
2081149 openat(AT_FDCWD</home/heathledger/Documents/ioi/repos/ioi>, "/lib/x86_64-linux-gnu/libstdc++.so.6", O_RDONLY|O_CLOEXEC) = 3</usr/lib/x86_64-linux-gnu/libstdc++.so.6.0.33>
2081149 close(3</usr/lib/x86_64-linux-gnu/libstdc++.so.6.0.33>) = 0
2081149 openat(AT_FDCWD</home/heathledger/Documents/ioi/repos/ioi>, "/lib/x86_64-linux-gnu/libgcc_s.so.1", O_RDONLY|O_CLOEXEC) = 3</usr/lib/x86_64-linux-gnu/libgcc_s.so.1>
2081149 close(3</usr/lib/x86_64-linux-gnu/libgcc_s.so.1>) = 0
2081149 openat(AT_FDCWD</home/heathledger/Documents/ioi/repos/ioi>, "/lib/x86_64-linux-gnu/libm.so.6", O_RDONLY|O_CLOEXEC) = 3</usr/lib/x86_64-linux-gnu/libm.so.6>
2081149 close(3</usr/lib/x86_64-linux-gnu/libm.so.6>) = 0
2081149 openat(AT_FDCWD</home/heathledger/Documents/ioi/repos/ioi>, "/lib/x86_64-linux-gnu/libc.so.6", O_RDONLY|O_CLOEXEC) = 3</usr/lib/x86_64-linux-gnu/libc.so.6>
2081149 close(3</usr/lib/x86_64-linux-gnu/libc.so.6>) = 0
2081149 openat(AT_FDCWD</home/heathledger/Documents/ioi/repos/ioi>, "/proc/self/maps", O_RDONLY|O_CLOEXEC) = 3</proc/2081149/maps>
2081149 close(3</proc/2081149/maps>)    = 0
2081149 openat(AT_FDCWD</home/heathledger/Documents/ioi/repos/ioi>, "/usr/share/terminfo/l/linux", O_RDONLY|O_CLOEXEC) = 3</usr/share/terminfo/l/linux>
2081149 close(3</usr/share/terminfo/l/linux>) = 0
2081149 openat(AT_FDCWD</home/heathledger/Documents/ioi/repos/ioi>, "/proc/self/cgroup", O_RDONLY|O_CLOEXEC) = 3</proc/2081149/cgroup>
2081149 close(3</proc/2081149/cgroup>)  = 0
2081149 openat(AT_FDCWD</home/heathledger/Documents/ioi/repos/ioi>, "/sys/fs/cgroup/user.slice/user-1000.slice/user@1000.service/app.slice/app-org.chromium.Chromium-101080.scope/cpu.max", O_RDONLY|O_CLOEXEC) = -1 ENOENT (No such file or directory)
2081149 openat(AT_FDCWD</home/heathledger/Documents/ioi/repos/ioi>, "/sys/fs/cgroup/user.slice/user-1000.slice/user@1000.service/app.slice/cpu.max", O_RDONLY|O_CLOEXEC) = 3</sys/fs/cgroup/user.slice/user-1000.slice/user@1000.service/app.slice/cpu.max>
2081149 close(3</sys/fs/cgroup/user.slice/user-1000.slice/user@1000.service/app.slice/cpu.max>) = 0
2081149 openat(AT_FDCWD</home/heathledger/Documents/ioi/repos/ioi>, "/sys/fs/cgroup/user.slice/user-1000.slice/user@1000.service/cpu.max", O_RDONLY|O_CLOEXEC) = 3</sys/fs/cgroup/user.slice/user-1000.slice/user@1000.service/cpu.max>
2081149 close(3</sys/fs/cgroup/user.slice/user-1000.slice/user@1000.service/cpu.max>) = 0
2081149 openat(AT_FDCWD</home/heathledger/Documents/ioi/repos/ioi>, "/sys/fs/cgroup/user.slice/user-1000.slice/cpu.max", O_RDONLY|O_CLOEXEC) = 3</sys/fs/cgroup/user.slice/user-1000.slice/cpu.max>
2081149 close(3</sys/fs/cgroup/user.slice/user-1000.slice/cpu.max>) = 0
2081149 openat(AT_FDCWD</home/heathledger/Documents/ioi/repos/ioi>, "/sys/fs/cgroup/user.slice/cpu.max", O_RDONLY|O_CLOEXEC) = 3</sys/fs/cgroup/user.slice/cpu.max>
2081149 close(3</sys/fs/cgroup/user.slice/cpu.max>) = 0
2081149 openat(AT_FDCWD</home/heathledger/Documents/ioi/repos/ioi>, "/sys/fs/cgroup/cpu.max", O_RDONLY|O_CLOEXEC) = -1 ENOENT (No such file or directory)
2081149 openat(AT_FDCWD</home/heathledger/Documents/ioi/repos/ioi>, "/proc/self/cgroup", O_RDONLY|O_CLOEXEC) = 3</proc/2081149/cgroup>
2081149 close(3</proc/2081149/cgroup>)  = 0
2081149 openat(AT_FDCWD</home/heathledger/Documents/ioi/repos/ioi>, "/sys/fs/cgroup/user.slice/user-1000.slice/user@1000.service/app.slice/app-org.chromium.Chromium-101080.scope/cpu.max", O_RDONLY|O_CLOEXEC) = -1 ENOENT (No such file or directory)
2081149 openat(AT_FDCWD</home/heathledger/Documents/ioi/repos/ioi>, "/sys/fs/cgroup/user.slice/user-1000.slice/user@1000.service/app.slice/cpu.max", O_RDONLY|O_CLOEXEC) = 3</sys/fs/cgroup/user.slice/user-1000.slice/user@1000.service/app.slice/cpu.max>
2081149 close(3</sys/fs/cgroup/user.slice/user-1000.slice/user@1000.service/app.slice/cpu.max>) = 0
2081149 openat(AT_FDCWD</home/heathledger/Documents/ioi/repos/ioi>, "/sys/fs/cgroup/user.slice/user-1000.slice/user@1000.service/cpu.max", O_RDONLY|O_CLOEXEC) = 3</sys/fs/cgroup/user.slice/user-1000.slice/user@1000.service/cpu.max>
2081149 close(3</sys/fs/cgroup/user.slice/user-1000.slice/user@1000.service/cpu.max>) = 0
2081149 openat(AT_FDCWD</home/heathledger/Documents/ioi/repos/ioi>, "/sys/fs/cgroup/user.slice/user-1000.slice/cpu.max", O_RDONLY|O_CLOEXEC) = 3</sys/fs/cgroup/user.slice/user-1000.slice/cpu.max>
2081149 close(3</sys/fs/cgroup/user.slice/user-1000.slice/cpu.max>) = 0
2081149 openat(AT_FDCWD</home/heathledger/Documents/ioi/repos/ioi>, "/sys/fs/cgroup/user.slice/cpu.max", O_RDONLY|O_CLOEXEC) = 3</sys/fs/cgroup/user.slice/cpu.max>
2081149 close(3</sys/fs/cgroup/user.slice/cpu.max>) = 0
2081149 openat(AT_FDCWD</home/heathledger/Documents/ioi/repos/ioi>, "/sys/fs/cgroup/cpu.max", O_RDONLY|O_CLOEXEC) = -1 ENOENT (No such file or directory)
2081150 openat(AT_FDCWD</home/heathledger/Documents/ioi/repos/ioi>, "/tmp/.tmppLfVzt", O_RDONLY|O_CLOEXEC) = 3</tmp/.tmppLfVzt>
2081150 fsync(3</tmp/.tmppLfVzt>)       = 0
2081150 close(3</tmp/.tmppLfVzt>)       = 0
2081150 openat(AT_FDCWD</home/heathledger/Documents/ioi/repos/ioi>, "/tmp", O_RDONLY|O_CLOEXEC) = 3</tmp>
2081150 fsync(3</tmp>)                  = 0
2081150 close(3</tmp>)                  = 0
2081150 openat(AT_FDCWD</home/heathledger/Documents/ioi/repos/ioi>, "/", O_RDONLY|O_CLOEXEC) = 3</>
2081150 fsync(3</>)                     = 0
2081150 close(3</>)                     = 0
2081150 openat(AT_FDCWD</home/heathledger/Documents/ioi/repos/ioi>, "/tmp/.tmppLfVzt/reserved.outbox.lock", O_RDWR|O_CREAT|O_CLOEXEC, 0600) = 3</tmp/.tmppLfVzt/reserved.outbox.lock>
2081150 openat(AT_FDCWD</home/heathledger/Documents/ioi/repos/ioi>, "/tmp/.tmppLfVzt/reserved.outbox.tmp", O_WRONLY|O_CREAT|O_TRUNC|O_CLOEXEC, 0600) = 4</tmp/.tmppLfVzt/reserved.outbox.tmp>
2081150 fsync(4</tmp/.tmppLfVzt/reserved.outbox.tmp>) = 0
2081150 rename("/tmp/.tmppLfVzt/reserved.outbox.tmp", "/tmp/.tmppLfVzt/reserved.outbox") = 0
2081150 openat(AT_FDCWD</home/heathledger/Documents/ioi/repos/ioi>, "/tmp/.tmppLfVzt", O_RDONLY|O_CLOEXEC) = 5</tmp/.tmppLfVzt>
2081150 fsync(5</tmp/.tmppLfVzt>)       = 0
2081150 close(5</tmp/.tmppLfVzt>)       = 0
2081150 close(4</tmp/.tmppLfVzt/reserved.outbox>) = 0
2081150 openat(AT_FDCWD</home/heathledger/Documents/ioi/repos/ioi>, "/tmp/.tmppLfVzt/reserved.outbox.entries", O_RDONLY|O_CLOEXEC) = 4</tmp/.tmppLfVzt/reserved.outbox.entries>
2081150 fsync(4</tmp/.tmppLfVzt/reserved.outbox.entries>) = 0
2081150 close(4</tmp/.tmppLfVzt/reserved.outbox.entries>) = 0
2081150 openat(AT_FDCWD</home/heathledger/Documents/ioi/repos/ioi>, "/tmp/.tmppLfVzt", O_RDONLY|O_CLOEXEC) = 4</tmp/.tmppLfVzt>
2081150 fsync(4</tmp/.tmppLfVzt>)       = 0
2081150 close(4</tmp/.tmppLfVzt>)       = 0
2081150 openat(AT_FDCWD</home/heathledger/Documents/ioi/repos/ioi>, "/tmp", O_RDONLY|O_CLOEXEC) = 4</tmp>
2081150 fsync(4</tmp>)                  = 0
2081150 close(4</tmp>)                  = 0
2081150 openat(AT_FDCWD</home/heathledger/Documents/ioi/repos/ioi>, "/", O_RDONLY|O_CLOEXEC) = 4</>
2081150 fsync(4</>)                     = 0
2081150 close(4</>)                     = 0
2081150 openat(AT_FDCWD</home/heathledger/Documents/ioi/repos/ioi>, "/tmp/.tmppLfVzt/reserved.outbox", O_RDONLY|O_CLOEXEC) = 4</tmp/.tmppLfVzt/reserved.outbox>
2081150 close(4</tmp/.tmppLfVzt/reserved.outbox>) = 0
2081150 openat(AT_FDCWD</home/heathledger/Documents/ioi/repos/ioi>, "/tmp/.tmppLfVzt/reserved.outbox.tmp", O_WRONLY|O_CREAT|O_TRUNC|O_CLOEXEC, 0600) = 4</tmp/.tmppLfVzt/reserved.outbox.tmp>
2081150 fsync(4</tmp/.tmppLfVzt/reserved.outbox.tmp>) = 0
2081150 rename("/tmp/.tmppLfVzt/reserved.outbox.tmp", "/tmp/.tmppLfVzt/reserved.outbox") = 0
2081150 openat(AT_FDCWD</home/heathledger/Documents/ioi/repos/ioi>, "/tmp/.tmppLfVzt", O_RDONLY|O_CLOEXEC) = 5</tmp/.tmppLfVzt>
2081150 fsync(5</tmp/.tmppLfVzt>)       = 0
2081150 close(5</tmp/.tmppLfVzt>)       = 0
2081150 close(4</tmp/.tmppLfVzt/reserved.outbox>) = 0
2081150 openat(AT_FDCWD</home/heathledger/Documents/ioi/repos/ioi>, "/tmp/.tmppLfVzt/reserved.outbox", O_RDONLY|O_CLOEXEC) = 4</tmp/.tmppLfVzt/reserved.outbox>
2081150 close(4</tmp/.tmppLfVzt/reserved.outbox>) = 0
2081150 openat(AT_FDCWD</home/heathledger/Documents/ioi/repos/ioi>, "/tmp/.tmppLfVzt/reserved.outbox", O_RDONLY|O_CLOEXEC) = 4</tmp/.tmppLfVzt/reserved.outbox>
2081150 openat(AT_FDCWD</home/heathledger/Documents/ioi/repos/ioi>, "/tmp/.tmppLfVzt/reserved.outbox", O_RDONLY|O_CLOEXEC) = 5</tmp/.tmppLfVzt/reserved.outbox>
2081150 close(5</tmp/.tmppLfVzt/reserved.outbox>) = 0
2081150 close(4</tmp/.tmppLfVzt/reserved.outbox>) = 0
2081150 openat(AT_FDCWD</home/heathledger/Documents/ioi/repos/ioi>, "/tmp/.tmppLfVzt/reserved.outbox.inactive", O_RDWR|O_CREAT|O_NOFOLLOW|O_CLOEXEC, 0600) = 4</tmp/.tmppLfVzt/reserved.outbox.inactive>
2081150 fallocate(4</tmp/.tmppLfVzt/reserved.outbox.inactive>, 0, 0, 135168) = 0
2081150 ftruncate(4</tmp/.tmppLfVzt/reserved.outbox.inactive>, 135168) = 0
2081150 fsync(4</tmp/.tmppLfVzt/reserved.outbox.inactive>) = 0
2081150 fsync(4</tmp/.tmppLfVzt/reserved.outbox.inactive>) = 0
2081150 openat(AT_FDCWD</home/heathledger/Documents/ioi/repos/ioi>, "/tmp/.tmppLfVzt", O_RDONLY|O_CLOEXEC) = 5</tmp/.tmppLfVzt>
2081150 fsync(5</tmp/.tmppLfVzt>)       = 0
2081150 close(5</tmp/.tmppLfVzt>)       = 0
2081150 openat(AT_FDCWD</home/heathledger/Documents/ioi/repos/ioi>, "/tmp/.tmppLfVzt/reserved.outbox", O_RDONLY|O_CLOEXEC) = 5</tmp/.tmppLfVzt/reserved.outbox>
2081150 close(5</tmp/.tmppLfVzt/reserved.outbox>) = 0
2081150 openat(AT_FDCWD</home/heathledger/Documents/ioi/repos/ioi>, "/tmp/.tmppLfVzt/reserved.outbox.tmp", O_RDWR|O_CREAT|O_NOFOLLOW|O_CLOEXEC, 0600) = 5</tmp/.tmppLfVzt/reserved.outbox.tmp>
2081150 fallocate(5</tmp/.tmppLfVzt/reserved.outbox.tmp>, 0, 0, 135168) = 0
2081150 ftruncate(5</tmp/.tmppLfVzt/reserved.outbox.tmp>, 135168) = 0
2081150 fsync(5</tmp/.tmppLfVzt/reserved.outbox.tmp>) = 0
2081150 fsync(5</tmp/.tmppLfVzt/reserved.outbox.tmp>) = 0
2081150 rename("/tmp/.tmppLfVzt/reserved.outbox.tmp", "/tmp/.tmppLfVzt/reserved.outbox") = 0
2081150 openat(AT_FDCWD</home/heathledger/Documents/ioi/repos/ioi>, "/tmp/.tmppLfVzt", O_RDONLY|O_CLOEXEC) = 6</tmp/.tmppLfVzt>
2081150 fsync(6</tmp/.tmppLfVzt>)       = 0
2081150 close(6</tmp/.tmppLfVzt>)       = 0
2081150 close(5</tmp/.tmppLfVzt/reserved.outbox>) = 0
2081150 renameat2(AT_FDCWD</home/heathledger/Documents/ioi/repos/ioi>, "/tmp/.tmppLfVzt/reserved.outbox", AT_FDCWD</home/heathledger/Documents/ioi/repos/ioi>, "/tmp/.tmppLfVzt/reserved.outbox.inactive", RENAME_EXCHANGE) = 0
2081150 openat(AT_FDCWD</home/heathledger/Documents/ioi/repos/ioi>, "/tmp/.tmppLfVzt", O_RDONLY|O_CLOEXEC) = 5</tmp/.tmppLfVzt>
2081150 fsync(5</tmp/.tmppLfVzt>)       = 0
2081150 close(5</tmp/.tmppLfVzt>)       = 0
2081150 close(4</tmp/.tmppLfVzt/reserved.outbox>) = 0
2081150 openat(AT_FDCWD</home/heathledger/Documents/ioi/repos/ioi>, "/tmp/.tmppLfVzt/reserved.outbox", O_RDONLY|O_CLOEXEC) = 4</tmp/.tmppLfVzt/reserved.outbox>
2081150 openat(AT_FDCWD</home/heathledger/Documents/ioi/repos/ioi>, "/tmp/.tmppLfVzt/reserved.outbox", O_RDONLY|O_CLOEXEC) = 5</tmp/.tmppLfVzt/reserved.outbox>
2081150 close(5</tmp/.tmppLfVzt/reserved.outbox>) = 0
2081150 close(4</tmp/.tmppLfVzt/reserved.outbox>) = 0
2081150 openat(AT_FDCWD</home/heathledger/Documents/ioi/repos/ioi>, "/tmp/.tmppLfVzt/reserved.outbox.quv-arena", O_RDWR|O_CREAT|O_NOFOLLOW|O_CLOEXEC, 0600) = 4</tmp/.tmppLfVzt/reserved.outbox.quv-arena>
2081150 fallocate(4</tmp/.tmppLfVzt/reserved.outbox.quv-arena>, 0, 0, 167936) = 0
2081150 ftruncate(4</tmp/.tmppLfVzt/reserved.outbox.quv-arena>, 167936) = 0
2081150 fsync(4</tmp/.tmppLfVzt/reserved.outbox.quv-arena>) = 0
2081150 fsync(4</tmp/.tmppLfVzt/reserved.outbox.quv-arena>) = 0
2081150 openat(AT_FDCWD</home/heathledger/Documents/ioi/repos/ioi>, "/tmp/.tmppLfVzt", O_RDONLY|O_CLOEXEC) = 5</tmp/.tmppLfVzt>
2081150 fsync(5</tmp/.tmppLfVzt>)       = 0
2081150 close(5</tmp/.tmppLfVzt>)       = 0
2081150 close(4</tmp/.tmppLfVzt/reserved.outbox.quv-arena>) = 0
2081150 openat(AT_FDCWD</home/heathledger/Documents/ioi/repos/ioi>, "/tmp/.tmppLfVzt/reserved.outbox.quv-arena", O_RDWR|O_NOFOLLOW|O_CLOEXEC) = 4</tmp/.tmppLfVzt/reserved.outbox.quv-arena>
2081150 close(4</tmp/.tmppLfVzt/reserved.outbox.quv-arena>) = 0
2081150 openat(AT_FDCWD</home/heathledger/Documents/ioi/repos/ioi>, "/tmp/.tmppLfVzt/reserved.outbox", O_RDONLY|O_CLOEXEC) = 4</tmp/.tmppLfVzt/reserved.outbox>
2081150 close(4</tmp/.tmppLfVzt/reserved.outbox>) = 0
2081150 openat(AT_FDCWD</home/heathledger/Documents/ioi/repos/ioi>, "/tmp/.tmppLfVzt/reserved.outbox", O_RDONLY|O_CLOEXEC) = 4</tmp/.tmppLfVzt/reserved.outbox>
2081150 openat(AT_FDCWD</home/heathledger/Documents/ioi/repos/ioi>, "/tmp/.tmppLfVzt/reserved.outbox.inactive", O_RDWR|O_NOFOLLOW|O_CLOEXEC) = 5</tmp/.tmppLfVzt/reserved.outbox.inactive>
2081150 fsync(5</tmp/.tmppLfVzt/reserved.outbox.inactive>) = 0
2081150 renameat2(AT_FDCWD</home/heathledger/Documents/ioi/repos/ioi>, "/tmp/.tmppLfVzt/reserved.outbox", AT_FDCWD</home/heathledger/Documents/ioi/repos/ioi>, "/tmp/.tmppLfVzt/reserved.outbox.inactive", RENAME_EXCHANGE) = 0
2081150 openat(AT_FDCWD</home/heathledger/Documents/ioi/repos/ioi>, "/tmp/.tmppLfVzt", O_RDONLY|O_CLOEXEC) = 6</tmp/.tmppLfVzt>
2081150 fsync(6</tmp/.tmppLfVzt>)       = 0
2081150 close(6</tmp/.tmppLfVzt>)       = 0
2081150 close(5</tmp/.tmppLfVzt/reserved.outbox>) = 0
2081150 close(4</tmp/.tmppLfVzt/reserved.outbox.inactive>) = 0
2081150 openat(AT_FDCWD</home/heathledger/Documents/ioi/repos/ioi>, "/tmp/.tmppLfVzt/reserved.outbox", O_RDONLY|O_CLOEXEC) = 4</tmp/.tmppLfVzt/reserved.outbox>
2081150 openat(AT_FDCWD</home/heathledger/Documents/ioi/repos/ioi>, "/tmp/.tmppLfVzt/reserved.outbox", O_RDONLY|O_CLOEXEC) = 5</tmp/.tmppLfVzt/reserved.outbox>
2081150 close(5</tmp/.tmppLfVzt/reserved.outbox>) = 0
2081150 close(4</tmp/.tmppLfVzt/reserved.outbox>) = 0
2081150 openat(AT_FDCWD</home/heathledger/Documents/ioi/repos/ioi>, "/tmp/.tmppLfVzt/reserved.outbox.entries", O_RDONLY|O_NONBLOCK|O_CLOEXEC|O_DIRECTORY) = 4</tmp/.tmppLfVzt/reserved.outbox.entries>
2081150 close(4</tmp/.tmppLfVzt/reserved.outbox.entries>) = 0
2081150 openat(AT_FDCWD</home/heathledger/Documents/ioi/repos/ioi>, "/tmp/.tmppLfVzt/reserved.outbox", O_RDONLY|O_CLOEXEC) = 4</tmp/.tmppLfVzt/reserved.outbox>
2081150 close(4</tmp/.tmppLfVzt/reserved.outbox>) = 0
2081150 openat(AT_FDCWD</home/heathledger/Documents/ioi/repos/ioi>, "/tmp/.tmppLfVzt/reserved.outbox.inactive", O_RDONLY|O_CLOEXEC) = 4</tmp/.tmppLfVzt/reserved.outbox.inactive>
2081150 close(4</tmp/.tmppLfVzt/reserved.outbox.inactive>) = 0
2081150 openat(AT_FDCWD</home/heathledger/Documents/ioi/repos/ioi>, "/tmp/.tmppLfVzt/reserved.outbox.quv-arena", O_RDWR|O_NOFOLLOW|O_CLOEXEC) = 4</tmp/.tmppLfVzt/reserved.outbox.quv-arena>
2081150 close(4</tmp/.tmppLfVzt/reserved.outbox.quv-arena>) = 0
2081150 openat(AT_FDCWD</home/heathledger/Documents/ioi/repos/ioi>, "/tmp/.tmppLfVzt/reserved.outbox.entries/2e1b22591e77ee930f3e69238dc44b3d77de023aaf065e0c287305a27902a831.tmp", O_WRONLY|O_CREAT|O_TRUNC|O_CLOEXEC, 0600) = 4</tmp/.tmppLfVzt/reserved.outbox.entries/2e1b22591e77ee930f3e69238dc44b3d77de023aaf065e0c287305a27902a831.tmp>
2081150 fsync(4</tmp/.tmppLfVzt/reserved.outbox.entries/2e1b22591e77ee930f3e69238dc44b3d77de023aaf065e0c287305a27902a831.tmp>) = 0
2081150 rename("/tmp/.tmppLfVzt/reserved.outbox.entries/2e1b22591e77ee930f3e69238dc44b3d77de023aaf065e0c287305a27902a831.tmp", "/tmp/.tmppLfVzt/reserved.outbox.entries/2e1b22591e77ee930f3e69238dc44b3d77de023aaf065e0c287305a27902a831") = 0
2081150 openat(AT_FDCWD</home/heathledger/Documents/ioi/repos/ioi>, "/tmp/.tmppLfVzt/reserved.outbox.entries", O_RDONLY|O_CLOEXEC) = 5</tmp/.tmppLfVzt/reserved.outbox.entries>
2081150 fsync(5</tmp/.tmppLfVzt/reserved.outbox.entries>) = 0
2081150 close(5</tmp/.tmppLfVzt/reserved.outbox.entries>) = 0
2081150 close(4</tmp/.tmppLfVzt/reserved.outbox.entries/2e1b22591e77ee930f3e69238dc44b3d77de023aaf065e0c287305a27902a831>) = 0
2081150 openat(AT_FDCWD</home/heathledger/Documents/ioi/repos/ioi>, "/tmp/.tmppLfVzt/reserved.outbox", O_RDONLY|O_CLOEXEC) = 4</tmp/.tmppLfVzt/reserved.outbox>
2081150 close(4</tmp/.tmppLfVzt/reserved.outbox>) = 0
2081150 openat(AT_FDCWD</home/heathledger/Documents/ioi/repos/ioi>, "/tmp/.tmppLfVzt/reserved.outbox", O_RDONLY|O_CLOEXEC) = 4</tmp/.tmppLfVzt/reserved.outbox>
2081150 openat(AT_FDCWD</home/heathledger/Documents/ioi/repos/ioi>, "/tmp/.tmppLfVzt/reserved.outbox.inactive", O_RDWR|O_NOFOLLOW|O_CLOEXEC) = 5</tmp/.tmppLfVzt/reserved.outbox.inactive>
2081150 fsync(5</tmp/.tmppLfVzt/reserved.outbox.inactive>) = 0
2081150 renameat2(AT_FDCWD</home/heathledger/Documents/ioi/repos/ioi>, "/tmp/.tmppLfVzt/reserved.outbox", AT_FDCWD</home/heathledger/Documents/ioi/repos/ioi>, "/tmp/.tmppLfVzt/reserved.outbox.inactive", RENAME_EXCHANGE) = 0
2081150 openat(AT_FDCWD</home/heathledger/Documents/ioi/repos/ioi>, "/tmp/.tmppLfVzt", O_RDONLY|O_CLOEXEC) = 6</tmp/.tmppLfVzt>
2081150 fsync(6</tmp/.tmppLfVzt>)       = 0
2081150 close(6</tmp/.tmppLfVzt>)       = 0
2081150 close(5</tmp/.tmppLfVzt/reserved.outbox>) = 0
2081150 close(4</tmp/.tmppLfVzt/reserved.outbox.inactive>) = 0
2081150 openat(AT_FDCWD</home/heathledger/Documents/ioi/repos/ioi>, "/tmp/.tmppLfVzt/reserved.outbox", O_RDONLY|O_CLOEXEC) = 4</tmp/.tmppLfVzt/reserved.outbox>
2081150 close(4</tmp/.tmppLfVzt/reserved.outbox>) = 0
2081150 openat(AT_FDCWD</home/heathledger/Documents/ioi/repos/ioi>, "/tmp/.tmppLfVzt/reserved.outbox.inactive", O_RDONLY|O_CLOEXEC) = 4</tmp/.tmppLfVzt/reserved.outbox.inactive>
2081150 close(4</tmp/.tmppLfVzt/reserved.outbox.inactive>) = 0
2081150 openat(AT_FDCWD</home/heathledger/Documents/ioi/repos/ioi>, "/tmp/.tmppLfVzt/reserved.outbox.quv-arena", O_RDWR|O_NOFOLLOW|O_CLOEXEC) = 4</tmp/.tmppLfVzt/reserved.outbox.quv-arena>
2081150 close(4</tmp/.tmppLfVzt/reserved.outbox.quv-arena>) = 0
2081150 openat(AT_FDCWD</home/heathledger/Documents/ioi/repos/ioi>, "/tmp/.tmppLfVzt/reserved.outbox", O_RDONLY|O_CLOEXEC) = 4</tmp/.tmppLfVzt/reserved.outbox>
2081150 close(4</tmp/.tmppLfVzt/reserved.outbox>) = 0
2081150 openat(AT_FDCWD</home/heathledger/Documents/ioi/repos/ioi>, "/tmp/.tmppLfVzt/reserved.outbox", O_RDONLY|O_CLOEXEC) = 4</tmp/.tmppLfVzt/reserved.outbox>
2081150 openat(AT_FDCWD</home/heathledger/Documents/ioi/repos/ioi>, "/tmp/.tmppLfVzt/reserved.outbox.inactive", O_RDWR|O_NOFOLLOW|O_CLOEXEC) = 5</tmp/.tmppLfVzt/reserved.outbox.inactive>
2081150 fsync(5</tmp/.tmppLfVzt/reserved.outbox.inactive>) = 0
2081150 renameat2(AT_FDCWD</home/heathledger/Documents/ioi/repos/ioi>, "/tmp/.tmppLfVzt/reserved.outbox", AT_FDCWD</home/heathledger/Documents/ioi/repos/ioi>, "/tmp/.tmppLfVzt/reserved.outbox.inactive", RENAME_EXCHANGE) = 0
2081150 openat(AT_FDCWD</home/heathledger/Documents/ioi/repos/ioi>, "/tmp/.tmppLfVzt", O_RDONLY|O_CLOEXEC) = 6</tmp/.tmppLfVzt>
2081150 fsync(6</tmp/.tmppLfVzt>)       = 0
2081150 close(6</tmp/.tmppLfVzt>)       = 0
2081150 close(5</tmp/.tmppLfVzt/reserved.outbox>) = 0
2081150 close(4</tmp/.tmppLfVzt/reserved.outbox.inactive>) = 0
2081150 openat(AT_FDCWD</home/heathledger/Documents/ioi/repos/ioi>, "/tmp/.tmppLfVzt/reserved.outbox.entries", O_RDONLY|O_CLOEXEC) = 4</tmp/.tmppLfVzt/reserved.outbox.entries>
2081150 fsync(4</tmp/.tmppLfVzt/reserved.outbox.entries>) = 0
2081150 close(4</tmp/.tmppLfVzt/reserved.outbox.entries>) = 0
2081150 openat(AT_FDCWD</home/heathledger/Documents/ioi/repos/ioi>, "/tmp/.tmppLfVzt/reserved.outbox", O_RDONLY|O_CLOEXEC) = 4</tmp/.tmppLfVzt/reserved.outbox>
2081150 close(4</tmp/.tmppLfVzt/reserved.outbox>) = 0
2081150 openat(AT_FDCWD</home/heathledger/Documents/ioi/repos/ioi>, "/tmp/.tmppLfVzt/reserved.outbox.inactive", O_RDONLY|O_CLOEXEC) = 4</tmp/.tmppLfVzt/reserved.outbox.inactive>
2081150 close(4</tmp/.tmppLfVzt/reserved.outbox.inactive>) = 0
2081150 openat(AT_FDCWD</home/heathledger/Documents/ioi/repos/ioi>, "/tmp/.tmppLfVzt/reserved.outbox.quv-arena", O_RDWR|O_NOFOLLOW|O_CLOEXEC) = 4</tmp/.tmppLfVzt/reserved.outbox.quv-arena>
2081150 close(4</tmp/.tmppLfVzt/reserved.outbox.quv-arena>) = 0
2081150 openat(AT_FDCWD</home/heathledger/Documents/ioi/repos/ioi>, "/tmp/.tmppLfVzt/reserved.outbox.entries/850408e26ed6e8ac491021ad0c03dc2564b67446bc87aabb2c7b50c8fa680009.tmp", O_WRONLY|O_CREAT|O_TRUNC|O_CLOEXEC, 0600) = 4</tmp/.tmppLfVzt/reserved.outbox.entries/850408e26ed6e8ac491021ad0c03dc2564b67446bc87aabb2c7b50c8fa680009.tmp>
2081150 fsync(4</tmp/.tmppLfVzt/reserved.outbox.entries/850408e26ed6e8ac491021ad0c03dc2564b67446bc87aabb2c7b50c8fa680009.tmp>) = 0
2081150 rename("/tmp/.tmppLfVzt/reserved.outbox.entries/850408e26ed6e8ac491021ad0c03dc2564b67446bc87aabb2c7b50c8fa680009.tmp", "/tmp/.tmppLfVzt/reserved.outbox.entries/850408e26ed6e8ac491021ad0c03dc2564b67446bc87aabb2c7b50c8fa680009") = 0
2081150 openat(AT_FDCWD</home/heathledger/Documents/ioi/repos/ioi>, "/tmp/.tmppLfVzt/reserved.outbox.entries", O_RDONLY|O_CLOEXEC) = 5</tmp/.tmppLfVzt/reserved.outbox.entries>
2081150 fsync(5</tmp/.tmppLfVzt/reserved.outbox.entries>) = 0
2081150 close(5</tmp/.tmppLfVzt/reserved.outbox.entries>) = 0
2081150 close(4</tmp/.tmppLfVzt/reserved.outbox.entries/850408e26ed6e8ac491021ad0c03dc2564b67446bc87aabb2c7b50c8fa680009>) = 0
2081150 openat(AT_FDCWD</home/heathledger/Documents/ioi/repos/ioi>, "/tmp/.tmppLfVzt/reserved.outbox", O_RDONLY|O_CLOEXEC) = 4</tmp/.tmppLfVzt/reserved.outbox>
2081150 close(4</tmp/.tmppLfVzt/reserved.outbox>) = 0
2081150 openat(AT_FDCWD</home/heathledger/Documents/ioi/repos/ioi>, "/tmp/.tmppLfVzt/reserved.outbox", O_RDONLY|O_CLOEXEC) = 4</tmp/.tmppLfVzt/reserved.outbox>
2081150 openat(AT_FDCWD</home/heathledger/Documents/ioi/repos/ioi>, "/tmp/.tmppLfVzt/reserved.outbox.inactive", O_RDWR|O_NOFOLLOW|O_CLOEXEC) = 5</tmp/.tmppLfVzt/reserved.outbox.inactive>
2081150 fsync(5</tmp/.tmppLfVzt/reserved.outbox.inactive>) = 0
2081150 renameat2(AT_FDCWD</home/heathledger/Documents/ioi/repos/ioi>, "/tmp/.tmppLfVzt/reserved.outbox", AT_FDCWD</home/heathledger/Documents/ioi/repos/ioi>, "/tmp/.tmppLfVzt/reserved.outbox.inactive", RENAME_EXCHANGE) = 0
2081150 openat(AT_FDCWD</home/heathledger/Documents/ioi/repos/ioi>, "/tmp/.tmppLfVzt", O_RDONLY|O_CLOEXEC) = 6</tmp/.tmppLfVzt>
2081150 fsync(6</tmp/.tmppLfVzt>)       = 0
2081150 close(6</tmp/.tmppLfVzt>)       = 0
2081150 close(5</tmp/.tmppLfVzt/reserved.outbox>) = 0
2081150 close(4</tmp/.tmppLfVzt/reserved.outbox.inactive>) = 0
2081150 openat(AT_FDCWD</home/heathledger/Documents/ioi/repos/ioi>, "/tmp/.tmppLfVzt/reserved.outbox", O_RDONLY|O_CLOEXEC) = 4</tmp/.tmppLfVzt/reserved.outbox>
2081150 close(4</tmp/.tmppLfVzt/reserved.outbox>) = 0
2081150 openat(AT_FDCWD</home/heathledger/Documents/ioi/repos/ioi>, "/tmp/.tmppLfVzt/reserved.outbox.inactive", O_RDONLY|O_CLOEXEC) = 4</tmp/.tmppLfVzt/reserved.outbox.inactive>
2081150 close(4</tmp/.tmppLfVzt/reserved.outbox.inactive>) = 0
2081150 openat(AT_FDCWD</home/heathledger/Documents/ioi/repos/ioi>, "/tmp/.tmppLfVzt/reserved.outbox.quv-arena", O_RDWR|O_NOFOLLOW|O_CLOEXEC) = 4</tmp/.tmppLfVzt/reserved.outbox.quv-arena>
2081150 close(4</tmp/.tmppLfVzt/reserved.outbox.quv-arena>) = 0
2081150 openat(AT_FDCWD</home/heathledger/Documents/ioi/repos/ioi>, "/tmp/.tmppLfVzt/reserved.outbox", O_RDONLY|O_CLOEXEC) = 4</tmp/.tmppLfVzt/reserved.outbox>
2081150 close(4</tmp/.tmppLfVzt/reserved.outbox>) = 0
2081150 openat(AT_FDCWD</home/heathledger/Documents/ioi/repos/ioi>, "/tmp/.tmppLfVzt/reserved.outbox", O_RDONLY|O_CLOEXEC) = 4</tmp/.tmppLfVzt/reserved.outbox>
2081150 openat(AT_FDCWD</home/heathledger/Documents/ioi/repos/ioi>, "/tmp/.tmppLfVzt/reserved.outbox.inactive", O_RDWR|O_NOFOLLOW|O_CLOEXEC) = 5</tmp/.tmppLfVzt/reserved.outbox.inactive>
2081150 fsync(5</tmp/.tmppLfVzt/reserved.outbox.inactive>) = 0
2081150 renameat2(AT_FDCWD</home/heathledger/Documents/ioi/repos/ioi>, "/tmp/.tmppLfVzt/reserved.outbox", AT_FDCWD</home/heathledger/Documents/ioi/repos/ioi>, "/tmp/.tmppLfVzt/reserved.outbox.inactive", RENAME_EXCHANGE) = 0
2081150 openat(AT_FDCWD</home/heathledger/Documents/ioi/repos/ioi>, "/tmp/.tmppLfVzt", O_RDONLY|O_CLOEXEC) = 6</tmp/.tmppLfVzt>
2081150 fsync(6</tmp/.tmppLfVzt>)       = 0
2081150 close(6</tmp/.tmppLfVzt>)       = 0
2081150 close(5</tmp/.tmppLfVzt/reserved.outbox>) = 0
2081150 close(4</tmp/.tmppLfVzt/reserved.outbox.inactive>) = 0
2081150 openat(AT_FDCWD</home/heathledger/Documents/ioi/repos/ioi>, "/tmp/.tmppLfVzt/reserved.outbox.entries", O_RDONLY|O_CLOEXEC) = 4</tmp/.tmppLfVzt/reserved.outbox.entries>
2081150 fsync(4</tmp/.tmppLfVzt/reserved.outbox.entries>) = 0
2081150 close(4</tmp/.tmppLfVzt/reserved.outbox.entries>) = 0
2081150 openat(AT_FDCWD</home/heathledger/Documents/ioi/repos/ioi>, "/tmp/.tmppLfVzt/reserved.outbox", O_RDONLY|O_CLOEXEC) = 4</tmp/.tmppLfVzt/reserved.outbox>
2081150 close(4</tmp/.tmppLfVzt/reserved.outbox>) = 0
2081150 openat(AT_FDCWD</home/heathledger/Documents/ioi/repos/ioi>, "/tmp/.tmppLfVzt/reserved.outbox.inactive", O_RDONLY|O_CLOEXEC) = 4</tmp/.tmppLfVzt/reserved.outbox.inactive>
2081150 close(4</tmp/.tmppLfVzt/reserved.outbox.inactive>) = 0
2081150 openat(AT_FDCWD</home/heathledger/Documents/ioi/repos/ioi>, "/tmp/.tmppLfVzt/reserved.outbox.quv-arena", O_RDWR|O_NOFOLLOW|O_CLOEXEC) = 4</tmp/.tmppLfVzt/reserved.outbox.quv-arena>
2081150 close(4</tmp/.tmppLfVzt/reserved.outbox.quv-arena>) = 0
2081150 openat(AT_FDCWD</home/heathledger/Documents/ioi/repos/ioi>, "/tmp/.tmppLfVzt/reserved.outbox.entries/c65e672f4d82552291bc87ad0a2accb89ed6c4f08dc89383963750ec58e0464e.tmp", O_WRONLY|O_CREAT|O_TRUNC|O_CLOEXEC, 0600) = 4</tmp/.tmppLfVzt/reserved.outbox.entries/c65e672f4d82552291bc87ad0a2accb89ed6c4f08dc89383963750ec58e0464e.tmp>
2081150 fsync(4</tmp/.tmppLfVzt/reserved.outbox.entries/c65e672f4d82552291bc87ad0a2accb89ed6c4f08dc89383963750ec58e0464e.tmp>) = 0
2081150 rename("/tmp/.tmppLfVzt/reserved.outbox.entries/c65e672f4d82552291bc87ad0a2accb89ed6c4f08dc89383963750ec58e0464e.tmp", "/tmp/.tmppLfVzt/reserved.outbox.entries/c65e672f4d82552291bc87ad0a2accb89ed6c4f08dc89383963750ec58e0464e") = 0
2081150 openat(AT_FDCWD</home/heathledger/Documents/ioi/repos/ioi>, "/tmp/.tmppLfVzt/reserved.outbox.entries", O_RDONLY|O_CLOEXEC) = 5</tmp/.tmppLfVzt/reserved.outbox.entries>
2081150 fsync(5</tmp/.tmppLfVzt/reserved.outbox.entries>) = 0
2081150 close(5</tmp/.tmppLfVzt/reserved.outbox.entries>) = 0
2081150 close(4</tmp/.tmppLfVzt/reserved.outbox.entries/c65e672f4d82552291bc87ad0a2accb89ed6c4f08dc89383963750ec58e0464e>) = 0
2081150 openat(AT_FDCWD</home/heathledger/Documents/ioi/repos/ioi>, "/tmp/.tmppLfVzt/reserved.outbox", O_RDONLY|O_CLOEXEC) = 4</tmp/.tmppLfVzt/reserved.outbox>
2081150 close(4</tmp/.tmppLfVzt/reserved.outbox>) = 0
2081150 openat(AT_FDCWD</home/heathledger/Documents/ioi/repos/ioi>, "/tmp/.tmppLfVzt/reserved.outbox", O_RDONLY|O_CLOEXEC) = 4</tmp/.tmppLfVzt/reserved.outbox>
2081150 openat(AT_FDCWD</home/heathledger/Documents/ioi/repos/ioi>, "/tmp/.tmppLfVzt/reserved.outbox.inactive", O_RDWR|O_NOFOLLOW|O_CLOEXEC) = 5</tmp/.tmppLfVzt/reserved.outbox.inactive>
2081150 fsync(5</tmp/.tmppLfVzt/reserved.outbox.inactive>) = 0
2081150 renameat2(AT_FDCWD</home/heathledger/Documents/ioi/repos/ioi>, "/tmp/.tmppLfVzt/reserved.outbox", AT_FDCWD</home/heathledger/Documents/ioi/repos/ioi>, "/tmp/.tmppLfVzt/reserved.outbox.inactive", RENAME_EXCHANGE) = 0
2081150 openat(AT_FDCWD</home/heathledger/Documents/ioi/repos/ioi>, "/tmp/.tmppLfVzt", O_RDONLY|O_CLOEXEC) = 6</tmp/.tmppLfVzt>
2081150 fsync(6</tmp/.tmppLfVzt>)       = 0
2081150 close(6</tmp/.tmppLfVzt>)       = 0
2081150 close(5</tmp/.tmppLfVzt/reserved.outbox>) = 0
2081150 close(4</tmp/.tmppLfVzt/reserved.outbox.inactive>) = 0
2081150 openat(AT_FDCWD</home/heathledger/Documents/ioi/repos/ioi>, "/tmp/.tmppLfVzt/reserved.outbox", O_RDONLY|O_CLOEXEC) = 4</tmp/.tmppLfVzt/reserved.outbox>
2081150 close(4</tmp/.tmppLfVzt/reserved.outbox>) = 0
2081150 openat(AT_FDCWD</home/heathledger/Documents/ioi/repos/ioi>, "/tmp/.tmppLfVzt/reserved.outbox.inactive", O_RDONLY|O_CLOEXEC) = 4</tmp/.tmppLfVzt/reserved.outbox.inactive>
2081150 close(4</tmp/.tmppLfVzt/reserved.outbox.inactive>) = 0
2081150 openat(AT_FDCWD</home/heathledger/Documents/ioi/repos/ioi>, "/tmp/.tmppLfVzt/reserved.outbox.quv-arena", O_RDWR|O_NOFOLLOW|O_CLOEXEC) = 4</tmp/.tmppLfVzt/reserved.outbox.quv-arena>
2081150 close(4</tmp/.tmppLfVzt/reserved.outbox.quv-arena>) = 0
2081150 openat(AT_FDCWD</home/heathledger/Documents/ioi/repos/ioi>, "/tmp/.tmppLfVzt/reserved.outbox", O_RDONLY|O_CLOEXEC) = 4</tmp/.tmppLfVzt/reserved.outbox>
2081150 close(4</tmp/.tmppLfVzt/reserved.outbox>) = 0
2081150 openat(AT_FDCWD</home/heathledger/Documents/ioi/repos/ioi>, "/tmp/.tmppLfVzt/reserved.outbox", O_RDONLY|O_CLOEXEC) = 4</tmp/.tmppLfVzt/reserved.outbox>
2081150 openat(AT_FDCWD</home/heathledger/Documents/ioi/repos/ioi>, "/tmp/.tmppLfVzt/reserved.outbox.inactive", O_RDWR|O_NOFOLLOW|O_CLOEXEC) = 5</tmp/.tmppLfVzt/reserved.outbox.inactive>
2081150 fsync(5</tmp/.tmppLfVzt/reserved.outbox.inactive>) = 0
2081150 renameat2(AT_FDCWD</home/heathledger/Documents/ioi/repos/ioi>, "/tmp/.tmppLfVzt/reserved.outbox", AT_FDCWD</home/heathledger/Documents/ioi/repos/ioi>, "/tmp/.tmppLfVzt/reserved.outbox.inactive", RENAME_EXCHANGE) = 0
2081150 openat(AT_FDCWD</home/heathledger/Documents/ioi/repos/ioi>, "/tmp/.tmppLfVzt", O_RDONLY|O_CLOEXEC) = 6</tmp/.tmppLfVzt>
2081150 fsync(6</tmp/.tmppLfVzt>)       = 0
2081150 close(6</tmp/.tmppLfVzt>)       = 0
2081150 close(5</tmp/.tmppLfVzt/reserved.outbox>) = 0
2081150 close(4</tmp/.tmppLfVzt/reserved.outbox.inactive>) = 0
2081150 openat(AT_FDCWD</home/heathledger/Documents/ioi/repos/ioi>, "/tmp/.tmppLfVzt/reserved.outbox.entries", O_RDONLY|O_CLOEXEC) = 4</tmp/.tmppLfVzt/reserved.outbox.entries>
2081150 fsync(4</tmp/.tmppLfVzt/reserved.outbox.entries>) = 0
2081150 close(4</tmp/.tmppLfVzt/reserved.outbox.entries>) = 0
2081150 openat(AT_FDCWD</home/heathledger/Documents/ioi/repos/ioi>, "/tmp/.tmppLfVzt/reserved.outbox", O_RDONLY|O_CLOEXEC) = 4</tmp/.tmppLfVzt/reserved.outbox>
2081150 close(4</tmp/.tmppLfVzt/reserved.outbox>) = 0
2081150 openat(AT_FDCWD</home/heathledger/Documents/ioi/repos/ioi>, "/tmp/.tmppLfVzt/reserved.outbox.inactive", O_RDONLY|O_CLOEXEC) = 4</tmp/.tmppLfVzt/reserved.outbox.inactive>
2081150 close(4</tmp/.tmppLfVzt/reserved.outbox.inactive>) = 0
2081150 openat(AT_FDCWD</home/heathledger/Documents/ioi/repos/ioi>, "/tmp/.tmppLfVzt/reserved.outbox.quv-arena", O_RDWR|O_NOFOLLOW|O_CLOEXEC) = 4</tmp/.tmppLfVzt/reserved.outbox.quv-arena>
2081150 close(4</tmp/.tmppLfVzt/reserved.outbox.quv-arena>) = 0
2081150 openat(AT_FDCWD</home/heathledger/Documents/ioi/repos/ioi>, "/tmp/.tmppLfVzt/reserved.outbox.entries/f4af414bc52272b12ee0d6c794591253f9b939558d724e34265590b1e0a1ca0f.tmp", O_WRONLY|O_CREAT|O_TRUNC|O_CLOEXEC, 0600) = 4</tmp/.tmppLfVzt/reserved.outbox.entries/f4af414bc52272b12ee0d6c794591253f9b939558d724e34265590b1e0a1ca0f.tmp>
2081150 fsync(4</tmp/.tmppLfVzt/reserved.outbox.entries/f4af414bc52272b12ee0d6c794591253f9b939558d724e34265590b1e0a1ca0f.tmp>) = 0
2081150 rename("/tmp/.tmppLfVzt/reserved.outbox.entries/f4af414bc52272b12ee0d6c794591253f9b939558d724e34265590b1e0a1ca0f.tmp", "/tmp/.tmppLfVzt/reserved.outbox.entries/f4af414bc52272b12ee0d6c794591253f9b939558d724e34265590b1e0a1ca0f") = 0
2081150 openat(AT_FDCWD</home/heathledger/Documents/ioi/repos/ioi>, "/tmp/.tmppLfVzt/reserved.outbox.entries", O_RDONLY|O_CLOEXEC) = 5</tmp/.tmppLfVzt/reserved.outbox.entries>
2081150 fsync(5</tmp/.tmppLfVzt/reserved.outbox.entries>) = 0
2081150 close(5</tmp/.tmppLfVzt/reserved.outbox.entries>) = 0
2081150 close(4</tmp/.tmppLfVzt/reserved.outbox.entries/f4af414bc52272b12ee0d6c794591253f9b939558d724e34265590b1e0a1ca0f>) = 0
2081150 openat(AT_FDCWD</home/heathledger/Documents/ioi/repos/ioi>, "/tmp/.tmppLfVzt/reserved.outbox", O_RDONLY|O_CLOEXEC) = 4</tmp/.tmppLfVzt/reserved.outbox>
2081150 close(4</tmp/.tmppLfVzt/reserved.outbox>) = 0
2081150 openat(AT_FDCWD</home/heathledger/Documents/ioi/repos/ioi>, "/tmp/.tmppLfVzt/reserved.outbox", O_RDONLY|O_CLOEXEC) = 4</tmp/.tmppLfVzt/reserved.outbox>
2081150 openat(AT_FDCWD</home/heathledger/Documents/ioi/repos/ioi>, "/tmp/.tmppLfVzt/reserved.outbox.inactive", O_RDWR|O_NOFOLLOW|O_CLOEXEC) = 5</tmp/.tmppLfVzt/reserved.outbox.inactive>
2081150 fsync(5</tmp/.tmppLfVzt/reserved.outbox.inactive>) = 0
2081150 renameat2(AT_FDCWD</home/heathledger/Documents/ioi/repos/ioi>, "/tmp/.tmppLfVzt/reserved.outbox", AT_FDCWD</home/heathledger/Documents/ioi/repos/ioi>, "/tmp/.tmppLfVzt/reserved.outbox.inactive", RENAME_EXCHANGE) = 0
2081150 openat(AT_FDCWD</home/heathledger/Documents/ioi/repos/ioi>, "/tmp/.tmppLfVzt", O_RDONLY|O_CLOEXEC) = 6</tmp/.tmppLfVzt>
2081150 fsync(6</tmp/.tmppLfVzt>)       = 0
2081150 close(6</tmp/.tmppLfVzt>)       = 0
2081150 close(5</tmp/.tmppLfVzt/reserved.outbox>) = 0
2081150 close(4</tmp/.tmppLfVzt/reserved.outbox.inactive>) = 0
2081150 openat(AT_FDCWD</home/heathledger/Documents/ioi/repos/ioi>, "/tmp/.tmppLfVzt/reserved.outbox", O_RDONLY|O_CLOEXEC) = 4</tmp/.tmppLfVzt/reserved.outbox>
2081150 close(4</tmp/.tmppLfVzt/reserved.outbox>) = 0
2081150 openat(AT_FDCWD</home/heathledger/Documents/ioi/repos/ioi>, "/tmp/.tmppLfVzt/reserved.outbox.inactive", O_RDONLY|O_CLOEXEC) = 4</tmp/.tmppLfVzt/reserved.outbox.inactive>
2081150 close(4</tmp/.tmppLfVzt/reserved.outbox.inactive>) = 0
2081150 openat(AT_FDCWD</home/heathledger/Documents/ioi/repos/ioi>, "/tmp/.tmppLfVzt/reserved.outbox.quv-arena", O_RDWR|O_NOFOLLOW|O_CLOEXEC) = 4</tmp/.tmppLfVzt/reserved.outbox.quv-arena>
2081150 close(4</tmp/.tmppLfVzt/reserved.outbox.quv-arena>) = 0
2081150 openat(AT_FDCWD</home/heathledger/Documents/ioi/repos/ioi>, "/tmp/.tmppLfVzt/reserved.outbox", O_RDONLY|O_CLOEXEC) = 4</tmp/.tmppLfVzt/reserved.outbox>
2081150 close(4</tmp/.tmppLfVzt/reserved.outbox>) = 0
2081150 openat(AT_FDCWD</home/heathledger/Documents/ioi/repos/ioi>, "/tmp/.tmppLfVzt/reserved.outbox", O_RDONLY|O_CLOEXEC) = 4</tmp/.tmppLfVzt/reserved.outbox>
2081150 openat(AT_FDCWD</home/heathledger/Documents/ioi/repos/ioi>, "/tmp/.tmppLfVzt/reserved.outbox.inactive", O_RDWR|O_NOFOLLOW|O_CLOEXEC) = 5</tmp/.tmppLfVzt/reserved.outbox.inactive>
2081150 fsync(5</tmp/.tmppLfVzt/reserved.outbox.inactive>) = 0
2081150 renameat2(AT_FDCWD</home/heathledger/Documents/ioi/repos/ioi>, "/tmp/.tmppLfVzt/reserved.outbox", AT_FDCWD</home/heathledger/Documents/ioi/repos/ioi>, "/tmp/.tmppLfVzt/reserved.outbox.inactive", RENAME_EXCHANGE) = 0
2081150 openat(AT_FDCWD</home/heathledger/Documents/ioi/repos/ioi>, "/tmp/.tmppLfVzt", O_RDONLY|O_CLOEXEC) = 6</tmp/.tmppLfVzt>
2081150 fsync(6</tmp/.tmppLfVzt>)       = 0
2081150 close(6</tmp/.tmppLfVzt>)       = 0
2081150 close(5</tmp/.tmppLfVzt/reserved.outbox>) = 0
2081150 close(4</tmp/.tmppLfVzt/reserved.outbox.inactive>) = 0
2081150 openat(AT_FDCWD</home/heathledger/Documents/ioi/repos/ioi>, "/tmp/.tmppLfVzt/reserved.outbox.entries", O_RDONLY|O_CLOEXEC) = 4</tmp/.tmppLfVzt/reserved.outbox.entries>
2081150 fsync(4</tmp/.tmppLfVzt/reserved.outbox.entries>) = 0
2081150 close(4</tmp/.tmppLfVzt/reserved.outbox.entries>) = 0
2081150 openat(AT_FDCWD</home/heathledger/Documents/ioi/repos/ioi>, "/tmp/.tmppLfVzt/reserved.outbox", O_RDONLY|O_CLOEXEC) = 4</tmp/.tmppLfVzt/reserved.outbox>
2081150 close(4</tmp/.tmppLfVzt/reserved.outbox>) = 0
2081150 openat(AT_FDCWD</home/heathledger/Documents/ioi/repos/ioi>, "/tmp/.tmppLfVzt/reserved.outbox.inactive", O_RDONLY|O_CLOEXEC) = 4</tmp/.tmppLfVzt/reserved.outbox.inactive>
2081150 close(4</tmp/.tmppLfVzt/reserved.outbox.inactive>) = 0
2081150 openat(AT_FDCWD</home/heathledger/Documents/ioi/repos/ioi>, "/tmp/.tmppLfVzt/reserved.outbox.quv-arena", O_RDWR|O_NOFOLLOW|O_CLOEXEC) = 4</tmp/.tmppLfVzt/reserved.outbox.quv-arena>
2081150 close(4</tmp/.tmppLfVzt/reserved.outbox.quv-arena>) = 0
2081150 openat(AT_FDCWD</home/heathledger/Documents/ioi/repos/ioi>, "/tmp/.tmppLfVzt/reserved.outbox.entries/09b29a3e7165673022bc9db3359915169e7650e04776645a1c183f03f22f0b06.tmp", O_WRONLY|O_CREAT|O_TRUNC|O_CLOEXEC, 0600) = 4</tmp/.tmppLfVzt/reserved.outbox.entries/09b29a3e7165673022bc9db3359915169e7650e04776645a1c183f03f22f0b06.tmp>
2081150 fsync(4</tmp/.tmppLfVzt/reserved.outbox.entries/09b29a3e7165673022bc9db3359915169e7650e04776645a1c183f03f22f0b06.tmp>) = 0
2081150 rename("/tmp/.tmppLfVzt/reserved.outbox.entries/09b29a3e7165673022bc9db3359915169e7650e04776645a1c183f03f22f0b06.tmp", "/tmp/.tmppLfVzt/reserved.outbox.entries/09b29a3e7165673022bc9db3359915169e7650e04776645a1c183f03f22f0b06") = 0
2081150 openat(AT_FDCWD</home/heathledger/Documents/ioi/repos/ioi>, "/tmp/.tmppLfVzt/reserved.outbox.entries", O_RDONLY|O_CLOEXEC) = 5</tmp/.tmppLfVzt/reserved.outbox.entries>
2081150 fsync(5</tmp/.tmppLfVzt/reserved.outbox.entries>) = 0
2081150 close(5</tmp/.tmppLfVzt/reserved.outbox.entries>) = 0
2081150 close(4</tmp/.tmppLfVzt/reserved.outbox.entries/09b29a3e7165673022bc9db3359915169e7650e04776645a1c183f03f22f0b06>) = 0
2081150 openat(AT_FDCWD</home/heathledger/Documents/ioi/repos/ioi>, "/tmp/.tmppLfVzt/reserved.outbox", O_RDONLY|O_CLOEXEC) = 4</tmp/.tmppLfVzt/reserved.outbox>
2081150 close(4</tmp/.tmppLfVzt/reserved.outbox>) = 0
2081150 openat(AT_FDCWD</home/heathledger/Documents/ioi/repos/ioi>, "/tmp/.tmppLfVzt/reserved.outbox", O_RDONLY|O_CLOEXEC) = 4</tmp/.tmppLfVzt/reserved.outbox>
2081150 openat(AT_FDCWD</home/heathledger/Documents/ioi/repos/ioi>, "/tmp/.tmppLfVzt/reserved.outbox.inactive", O_RDWR|O_NOFOLLOW|O_CLOEXEC) = 5</tmp/.tmppLfVzt/reserved.outbox.inactive>
2081150 fsync(5</tmp/.tmppLfVzt/reserved.outbox.inactive>) = 0
2081150 renameat2(AT_FDCWD</home/heathledger/Documents/ioi/repos/ioi>, "/tmp/.tmppLfVzt/reserved.outbox", AT_FDCWD</home/heathledger/Documents/ioi/repos/ioi>, "/tmp/.tmppLfVzt/reserved.outbox.inactive", RENAME_EXCHANGE) = 0
2081150 openat(AT_FDCWD</home/heathledger/Documents/ioi/repos/ioi>, "/tmp/.tmppLfVzt", O_RDONLY|O_CLOEXEC) = 6</tmp/.tmppLfVzt>
2081150 fsync(6</tmp/.tmppLfVzt>)       = 0
2081150 close(6</tmp/.tmppLfVzt>)       = 0
2081150 close(5</tmp/.tmppLfVzt/reserved.outbox>) = 0
2081150 close(4</tmp/.tmppLfVzt/reserved.outbox.inactive>) = 0
2081150 openat(AT_FDCWD</home/heathledger/Documents/ioi/repos/ioi>, "/tmp/.tmppLfVzt/reserved.outbox", O_RDONLY|O_CLOEXEC) = 4</tmp/.tmppLfVzt/reserved.outbox>
2081150 close(4</tmp/.tmppLfVzt/reserved.outbox>) = 0
2081150 openat(AT_FDCWD</home/heathledger/Documents/ioi/repos/ioi>, "/tmp/.tmppLfVzt/reserved.outbox.inactive", O_RDONLY|O_CLOEXEC) = 4</tmp/.tmppLfVzt/reserved.outbox.inactive>
2081150 close(4</tmp/.tmppLfVzt/reserved.outbox.inactive>) = 0
2081150 openat(AT_FDCWD</home/heathledger/Documents/ioi/repos/ioi>, "/tmp/.tmppLfVzt/reserved.outbox.quv-arena", O_RDWR|O_NOFOLLOW|O_CLOEXEC) = 4</tmp/.tmppLfVzt/reserved.outbox.quv-arena>
2081150 close(4</tmp/.tmppLfVzt/reserved.outbox.quv-arena>) = 0
2081150 openat(AT_FDCWD</home/heathledger/Documents/ioi/repos/ioi>, "/tmp/.tmppLfVzt/reserved.outbox", O_RDONLY|O_CLOEXEC) = 4</tmp/.tmppLfVzt/reserved.outbox>
2081150 close(4</tmp/.tmppLfVzt/reserved.outbox>) = 0
2081150 openat(AT_FDCWD</home/heathledger/Documents/ioi/repos/ioi>, "/tmp/.tmppLfVzt/reserved.outbox", O_RDONLY|O_CLOEXEC) = 4</tmp/.tmppLfVzt/reserved.outbox>
2081150 openat(AT_FDCWD</home/heathledger/Documents/ioi/repos/ioi>, "/tmp/.tmppLfVzt/reserved.outbox.inactive", O_RDWR|O_NOFOLLOW|O_CLOEXEC) = 5</tmp/.tmppLfVzt/reserved.outbox.inactive>
2081150 fsync(5</tmp/.tmppLfVzt/reserved.outbox.inactive>) = 0
2081150 renameat2(AT_FDCWD</home/heathledger/Documents/ioi/repos/ioi>, "/tmp/.tmppLfVzt/reserved.outbox", AT_FDCWD</home/heathledger/Documents/ioi/repos/ioi>, "/tmp/.tmppLfVzt/reserved.outbox.inactive", RENAME_EXCHANGE) = 0
2081150 openat(AT_FDCWD</home/heathledger/Documents/ioi/repos/ioi>, "/tmp/.tmppLfVzt", O_RDONLY|O_CLOEXEC) = 6</tmp/.tmppLfVzt>
2081150 fsync(6</tmp/.tmppLfVzt>)       = 0
2081150 close(6</tmp/.tmppLfVzt>)       = 0
2081150 close(5</tmp/.tmppLfVzt/reserved.outbox>) = 0
2081150 close(4</tmp/.tmppLfVzt/reserved.outbox.inactive>) = 0
2081150 openat(AT_FDCWD</home/heathledger/Documents/ioi/repos/ioi>, "/tmp/.tmppLfVzt/reserved.outbox.entries", O_RDONLY|O_CLOEXEC) = 4</tmp/.tmppLfVzt/reserved.outbox.entries>
2081150 fsync(4</tmp/.tmppLfVzt/reserved.outbox.entries>) = 0
2081150 close(4</tmp/.tmppLfVzt/reserved.outbox.entries>) = 0
2081150 openat(AT_FDCWD</home/heathledger/Documents/ioi/repos/ioi>, "/tmp/.tmppLfVzt/reserved.outbox", O_RDONLY|O_CLOEXEC) = 4</tmp/.tmppLfVzt/reserved.outbox>
2081150 close(4</tmp/.tmppLfVzt/reserved.outbox>) = 0
2081150 openat(AT_FDCWD</home/heathledger/Documents/ioi/repos/ioi>, "/tmp/.tmppLfVzt/reserved.outbox.inactive", O_RDONLY|O_CLOEXEC) = 4</tmp/.tmppLfVzt/reserved.outbox.inactive>
2081150 close(4</tmp/.tmppLfVzt/reserved.outbox.inactive>) = 0
2081150 openat(AT_FDCWD</home/heathledger/Documents/ioi/repos/ioi>, "/tmp/.tmppLfVzt/reserved.outbox.quv-arena", O_RDWR|O_NOFOLLOW|O_CLOEXEC) = 4</tmp/.tmppLfVzt/reserved.outbox.quv-arena>
2081150 close(4</tmp/.tmppLfVzt/reserved.outbox.quv-arena>) = 0
2081150 openat(AT_FDCWD</home/heathledger/Documents/ioi/repos/ioi>, "/tmp/.tmppLfVzt/reserved.outbox.entries/dcfe138a3d39c4e912f75a28c6373f96b9b33ee032fffb6686d8039e996c6d90.tmp", O_WRONLY|O_CREAT|O_TRUNC|O_CLOEXEC, 0600) = 4</tmp/.tmppLfVzt/reserved.outbox.entries/dcfe138a3d39c4e912f75a28c6373f96b9b33ee032fffb6686d8039e996c6d90.tmp>
2081150 fsync(4</tmp/.tmppLfVzt/reserved.outbox.entries/dcfe138a3d39c4e912f75a28c6373f96b9b33ee032fffb6686d8039e996c6d90.tmp>) = 0
2081150 rename("/tmp/.tmppLfVzt/reserved.outbox.entries/dcfe138a3d39c4e912f75a28c6373f96b9b33ee032fffb6686d8039e996c6d90.tmp", "/tmp/.tmppLfVzt/reserved.outbox.entries/dcfe138a3d39c4e912f75a28c6373f96b9b33ee032fffb6686d8039e996c6d90") = 0
2081150 openat(AT_FDCWD</home/heathledger/Documents/ioi/repos/ioi>, "/tmp/.tmppLfVzt/reserved.outbox.entries", O_RDONLY|O_CLOEXEC) = 5</tmp/.tmppLfVzt/reserved.outbox.entries>
2081150 fsync(5</tmp/.tmppLfVzt/reserved.outbox.entries>) = 0
2081150 close(5</tmp/.tmppLfVzt/reserved.outbox.entries>) = 0
2081150 close(4</tmp/.tmppLfVzt/reserved.outbox.entries/dcfe138a3d39c4e912f75a28c6373f96b9b33ee032fffb6686d8039e996c6d90>) = 0
2081150 openat(AT_FDCWD</home/heathledger/Documents/ioi/repos/ioi>, "/tmp/.tmppLfVzt/reserved.outbox", O_RDONLY|O_CLOEXEC) = 4</tmp/.tmppLfVzt/reserved.outbox>
2081150 close(4</tmp/.tmppLfVzt/reserved.outbox>) = 0
2081150 openat(AT_FDCWD</home/heathledger/Documents/ioi/repos/ioi>, "/tmp/.tmppLfVzt/reserved.outbox", O_RDONLY|O_CLOEXEC) = 4</tmp/.tmppLfVzt/reserved.outbox>
2081150 openat(AT_FDCWD</home/heathledger/Documents/ioi/repos/ioi>, "/tmp/.tmppLfVzt/reserved.outbox.inactive", O_RDWR|O_NOFOLLOW|O_CLOEXEC) = 5</tmp/.tmppLfVzt/reserved.outbox.inactive>
2081150 fsync(5</tmp/.tmppLfVzt/reserved.outbox.inactive>) = 0
2081150 renameat2(AT_FDCWD</home/heathledger/Documents/ioi/repos/ioi>, "/tmp/.tmppLfVzt/reserved.outbox", AT_FDCWD</home/heathledger/Documents/ioi/repos/ioi>, "/tmp/.tmppLfVzt/reserved.outbox.inactive", RENAME_EXCHANGE) = 0
2081150 openat(AT_FDCWD</home/heathledger/Documents/ioi/repos/ioi>, "/tmp/.tmppLfVzt", O_RDONLY|O_CLOEXEC) = 6</tmp/.tmppLfVzt>
2081150 fsync(6</tmp/.tmppLfVzt>)       = 0
2081150 close(6</tmp/.tmppLfVzt>)       = 0
2081150 close(5</tmp/.tmppLfVzt/reserved.outbox>) = 0
2081150 close(4</tmp/.tmppLfVzt/reserved.outbox.inactive>) = 0
2081150 openat(AT_FDCWD</home/heathledger/Documents/ioi/repos/ioi>, "/tmp/.tmppLfVzt/reserved.outbox", O_RDONLY|O_CLOEXEC) = 4</tmp/.tmppLfVzt/reserved.outbox>
2081150 close(4</tmp/.tmppLfVzt/reserved.outbox>) = 0
2081150 openat(AT_FDCWD</home/heathledger/Documents/ioi/repos/ioi>, "/tmp/.tmppLfVzt/reserved.outbox.inactive", O_RDONLY|O_CLOEXEC) = 4</tmp/.tmppLfVzt/reserved.outbox.inactive>
2081150 close(4</tmp/.tmppLfVzt/reserved.outbox.inactive>) = 0
2081150 openat(AT_FDCWD</home/heathledger/Documents/ioi/repos/ioi>, "/tmp/.tmppLfVzt/reserved.outbox.quv-arena", O_RDWR|O_NOFOLLOW|O_CLOEXEC) = 4</tmp/.tmppLfVzt/reserved.outbox.quv-arena>
2081150 close(4</tmp/.tmppLfVzt/reserved.outbox.quv-arena>) = 0
2081150 openat(AT_FDCWD</home/heathledger/Documents/ioi/repos/ioi>, "/tmp/.tmppLfVzt/reserved.outbox", O_RDONLY|O_CLOEXEC) = 4</tmp/.tmppLfVzt/reserved.outbox>
2081150 close(4</tmp/.tmppLfVzt/reserved.outbox>) = 0
2081150 openat(AT_FDCWD</home/heathledger/Documents/ioi/repos/ioi>, "/tmp/.tmppLfVzt/reserved.outbox", O_RDONLY|O_CLOEXEC) = 4</tmp/.tmppLfVzt/reserved.outbox>
2081150 openat(AT_FDCWD</home/heathledger/Documents/ioi/repos/ioi>, "/tmp/.tmppLfVzt/reserved.outbox.inactive", O_RDWR|O_NOFOLLOW|O_CLOEXEC) = 5</tmp/.tmppLfVzt/reserved.outbox.inactive>
2081150 fsync(5</tmp/.tmppLfVzt/reserved.outbox.inactive>) = 0
2081150 renameat2(AT_FDCWD</home/heathledger/Documents/ioi/repos/ioi>, "/tmp/.tmppLfVzt/reserved.outbox", AT_FDCWD</home/heathledger/Documents/ioi/repos/ioi>, "/tmp/.tmppLfVzt/reserved.outbox.inactive", RENAME_EXCHANGE) = 0
2081150 openat(AT_FDCWD</home/heathledger/Documents/ioi/repos/ioi>, "/tmp/.tmppLfVzt", O_RDONLY|O_CLOEXEC) = 6</tmp/.tmppLfVzt>
2081150 fsync(6</tmp/.tmppLfVzt>)       = 0
2081150 close(6</tmp/.tmppLfVzt>)       = 0
2081150 close(5</tmp/.tmppLfVzt/reserved.outbox>) = 0
2081150 close(4</tmp/.tmppLfVzt/reserved.outbox.inactive>) = 0
2081150 openat(AT_FDCWD</home/heathledger/Documents/ioi/repos/ioi>, "/tmp/.tmppLfVzt/reserved.outbox.entries", O_RDONLY|O_CLOEXEC) = 4</tmp/.tmppLfVzt/reserved.outbox.entries>
2081150 fsync(4</tmp/.tmppLfVzt/reserved.outbox.entries>) = 0
2081150 close(4</tmp/.tmppLfVzt/reserved.outbox.entries>) = 0
2081150 openat(AT_FDCWD</home/heathledger/Documents/ioi/repos/ioi>, "/tmp/.tmppLfVzt/reserved.outbox", O_RDONLY|O_CLOEXEC) = 4</tmp/.tmppLfVzt/reserved.outbox>
2081150 close(4</tmp/.tmppLfVzt/reserved.outbox>) = 0
2081150 openat(AT_FDCWD</home/heathledger/Documents/ioi/repos/ioi>, "/tmp/.tmppLfVzt/reserved.outbox.inactive", O_RDONLY|O_CLOEXEC) = 4</tmp/.tmppLfVzt/reserved.outbox.inactive>
2081150 close(4</tmp/.tmppLfVzt/reserved.outbox.inactive>) = 0
2081150 openat(AT_FDCWD</home/heathledger/Documents/ioi/repos/ioi>, "/tmp/.tmppLfVzt/reserved.outbox.quv-arena", O_RDWR|O_NOFOLLOW|O_CLOEXEC) = 4</tmp/.tmppLfVzt/reserved.outbox.quv-arena>
2081150 close(4</tmp/.tmppLfVzt/reserved.outbox.quv-arena>) = 0
2081150 openat(AT_FDCWD</home/heathledger/Documents/ioi/repos/ioi>, "/tmp/.tmppLfVzt/reserved.outbox.entries/939c41d55bb65a9f1a36e3e5609f1c51395edad9574225e438d586017f4f76e4.tmp", O_WRONLY|O_CREAT|O_TRUNC|O_CLOEXEC, 0600) = 4</tmp/.tmppLfVzt/reserved.outbox.entries/939c41d55bb65a9f1a36e3e5609f1c51395edad9574225e438d586017f4f76e4.tmp>
2081150 fsync(4</tmp/.tmppLfVzt/reserved.outbox.entries/939c41d55bb65a9f1a36e3e5609f1c51395edad9574225e438d586017f4f76e4.tmp>) = 0
2081150 rename("/tmp/.tmppLfVzt/reserved.outbox.entries/939c41d55bb65a9f1a36e3e5609f1c51395edad9574225e438d586017f4f76e4.tmp", "/tmp/.tmppLfVzt/reserved.outbox.entries/939c41d55bb65a9f1a36e3e5609f1c51395edad9574225e438d586017f4f76e4") = 0
2081150 openat(AT_FDCWD</home/heathledger/Documents/ioi/repos/ioi>, "/tmp/.tmppLfVzt/reserved.outbox.entries", O_RDONLY|O_CLOEXEC) = 5</tmp/.tmppLfVzt/reserved.outbox.entries>
2081150 fsync(5</tmp/.tmppLfVzt/reserved.outbox.entries>) = 0
2081150 close(5</tmp/.tmppLfVzt/reserved.outbox.entries>) = 0
2081150 close(4</tmp/.tmppLfVzt/reserved.outbox.entries/939c41d55bb65a9f1a36e3e5609f1c51395edad9574225e438d586017f4f76e4>) = 0
2081150 openat(AT_FDCWD</home/heathledger/Documents/ioi/repos/ioi>, "/tmp/.tmppLfVzt/reserved.outbox", O_RDONLY|O_CLOEXEC) = 4</tmp/.tmppLfVzt/reserved.outbox>
2081150 close(4</tmp/.tmppLfVzt/reserved.outbox>) = 0
2081150 openat(AT_FDCWD</home/heathledger/Documents/ioi/repos/ioi>, "/tmp/.tmppLfVzt/reserved.outbox", O_RDONLY|O_CLOEXEC) = 4</tmp/.tmppLfVzt/reserved.outbox>
2081150 openat(AT_FDCWD</home/heathledger/Documents/ioi/repos/ioi>, "/tmp/.tmppLfVzt/reserved.outbox.inactive", O_RDWR|O_NOFOLLOW|O_CLOEXEC) = 5</tmp/.tmppLfVzt/reserved.outbox.inactive>
2081150 fsync(5</tmp/.tmppLfVzt/reserved.outbox.inactive>) = 0
2081150 renameat2(AT_FDCWD</home/heathledger/Documents/ioi/repos/ioi>, "/tmp/.tmppLfVzt/reserved.outbox", AT_FDCWD</home/heathledger/Documents/ioi/repos/ioi>, "/tmp/.tmppLfVzt/reserved.outbox.inactive", RENAME_EXCHANGE) = 0
2081150 openat(AT_FDCWD</home/heathledger/Documents/ioi/repos/ioi>, "/tmp/.tmppLfVzt", O_RDONLY|O_CLOEXEC) = 6</tmp/.tmppLfVzt>
2081150 fsync(6</tmp/.tmppLfVzt>)       = 0
2081150 close(6</tmp/.tmppLfVzt>)       = 0
2081150 close(5</tmp/.tmppLfVzt/reserved.outbox>) = 0
2081150 close(4</tmp/.tmppLfVzt/reserved.outbox.inactive>) = 0
2081150 openat(AT_FDCWD</home/heathledger/Documents/ioi/repos/ioi>, "/tmp/.tmppLfVzt/reserved.outbox", O_RDONLY|O_CLOEXEC) = 4</tmp/.tmppLfVzt/reserved.outbox>
2081150 close(4</tmp/.tmppLfVzt/reserved.outbox>) = 0
2081150 openat(AT_FDCWD</home/heathledger/Documents/ioi/repos/ioi>, "/tmp/.tmppLfVzt/reserved.outbox.inactive", O_RDONLY|O_CLOEXEC) = 4</tmp/.tmppLfVzt/reserved.outbox.inactive>
2081150 close(4</tmp/.tmppLfVzt/reserved.outbox.inactive>) = 0
2081150 openat(AT_FDCWD</home/heathledger/Documents/ioi/repos/ioi>, "/tmp/.tmppLfVzt/reserved.outbox.quv-arena", O_RDWR|O_NOFOLLOW|O_CLOEXEC) = 4</tmp/.tmppLfVzt/reserved.outbox.quv-arena>
2081150 close(4</tmp/.tmppLfVzt/reserved.outbox.quv-arena>) = 0
2081150 openat(AT_FDCWD</home/heathledger/Documents/ioi/repos/ioi>, "/tmp/.tmppLfVzt/reserved.outbox", O_RDONLY|O_CLOEXEC) = 4</tmp/.tmppLfVzt/reserved.outbox>
2081150 close(4</tmp/.tmppLfVzt/reserved.outbox>) = 0
2081150 openat(AT_FDCWD</home/heathledger/Documents/ioi/repos/ioi>, "/tmp/.tmppLfVzt/reserved.outbox", O_RDONLY|O_CLOEXEC) = 4</tmp/.tmppLfVzt/reserved.outbox>
2081150 openat(AT_FDCWD</home/heathledger/Documents/ioi/repos/ioi>, "/tmp/.tmppLfVzt/reserved.outbox.inactive", O_RDWR|O_NOFOLLOW|O_CLOEXEC) = 5</tmp/.tmppLfVzt/reserved.outbox.inactive>
2081150 fsync(5</tmp/.tmppLfVzt/reserved.outbox.inactive>) = 0
2081150 renameat2(AT_FDCWD</home/heathledger/Documents/ioi/repos/ioi>, "/tmp/.tmppLfVzt/reserved.outbox", AT_FDCWD</home/heathledger/Documents/ioi/repos/ioi>, "/tmp/.tmppLfVzt/reserved.outbox.inactive", RENAME_EXCHANGE) = 0
2081150 openat(AT_FDCWD</home/heathledger/Documents/ioi/repos/ioi>, "/tmp/.tmppLfVzt", O_RDONLY|O_CLOEXEC) = 6</tmp/.tmppLfVzt>
2081150 fsync(6</tmp/.tmppLfVzt>)       = 0
2081150 close(6</tmp/.tmppLfVzt>)       = 0
2081150 close(5</tmp/.tmppLfVzt/reserved.outbox>) = 0
2081150 close(4</tmp/.tmppLfVzt/reserved.outbox.inactive>) = 0
2081150 openat(AT_FDCWD</home/heathledger/Documents/ioi/repos/ioi>, "/tmp/.tmppLfVzt/reserved.outbox.entries", O_RDONLY|O_CLOEXEC) = 4</tmp/.tmppLfVzt/reserved.outbox.entries>
2081150 fsync(4</tmp/.tmppLfVzt/reserved.outbox.entries>) = 0
2081150 close(4</tmp/.tmppLfVzt/reserved.outbox.entries>) = 0
2081150 openat(AT_FDCWD</home/heathledger/Documents/ioi/repos/ioi>, "/tmp/.tmppLfVzt/reserved.outbox", O_RDONLY|O_CLOEXEC) = 4</tmp/.tmppLfVzt/reserved.outbox>
2081150 close(4</tmp/.tmppLfVzt/reserved.outbox>) = 0
2081150 openat(AT_FDCWD</home/heathledger/Documents/ioi/repos/ioi>, "/tmp/.tmppLfVzt/reserved.outbox.inactive", O_RDONLY|O_CLOEXEC) = 4</tmp/.tmppLfVzt/reserved.outbox.inactive>
2081150 close(4</tmp/.tmppLfVzt/reserved.outbox.inactive>) = 0
2081150 openat(AT_FDCWD</home/heathledger/Documents/ioi/repos/ioi>, "/tmp/.tmppLfVzt/reserved.outbox.quv-arena", O_RDWR|O_NOFOLLOW|O_CLOEXEC) = 4</tmp/.tmppLfVzt/reserved.outbox.quv-arena>
2081150 close(4</tmp/.tmppLfVzt/reserved.outbox.quv-arena>) = 0
2081150 openat(AT_FDCWD</home/heathledger/Documents/ioi/repos/ioi>, "/tmp/.tmppLfVzt/reserved.outbox.entries/32c32ff16a0c4f2b33194ddef178423af275ef773e2e80f14e5b2ecd59c9d802.tmp", O_WRONLY|O_CREAT|O_TRUNC|O_CLOEXEC, 0600) = 4</tmp/.tmppLfVzt/reserved.outbox.entries/32c32ff16a0c4f2b33194ddef178423af275ef773e2e80f14e5b2ecd59c9d802.tmp>
2081150 fsync(4</tmp/.tmppLfVzt/reserved.outbox.entries/32c32ff16a0c4f2b33194ddef178423af275ef773e2e80f14e5b2ecd59c9d802.tmp>) = 0
2081150 rename("/tmp/.tmppLfVzt/reserved.outbox.entries/32c32ff16a0c4f2b33194ddef178423af275ef773e2e80f14e5b2ecd59c9d802.tmp", "/tmp/.tmppLfVzt/reserved.outbox.entries/32c32ff16a0c4f2b33194ddef178423af275ef773e2e80f14e5b2ecd59c9d802") = 0
2081150 openat(AT_FDCWD</home/heathledger/Documents/ioi/repos/ioi>, "/tmp/.tmppLfVzt/reserved.outbox.entries", O_RDONLY|O_CLOEXEC) = 5</tmp/.tmppLfVzt/reserved.outbox.entries>
2081150 fsync(5</tmp/.tmppLfVzt/reserved.outbox.entries>) = 0
2081150 close(5</tmp/.tmppLfVzt/reserved.outbox.entries>) = 0
2081150 close(4</tmp/.tmppLfVzt/reserved.outbox.entries/32c32ff16a0c4f2b33194ddef178423af275ef773e2e80f14e5b2ecd59c9d802>) = 0
2081150 openat(AT_FDCWD</home/heathledger/Documents/ioi/repos/ioi>, "/tmp/.tmppLfVzt/reserved.outbox", O_RDONLY|O_CLOEXEC) = 4</tmp/.tmppLfVzt/reserved.outbox>
2081150 close(4</tmp/.tmppLfVzt/reserved.outbox>) = 0
2081150 openat(AT_FDCWD</home/heathledger/Documents/ioi/repos/ioi>, "/tmp/.tmppLfVzt/reserved.outbox", O_RDONLY|O_CLOEXEC) = 4</tmp/.tmppLfVzt/reserved.outbox>
2081150 openat(AT_FDCWD</home/heathledger/Documents/ioi/repos/ioi>, "/tmp/.tmppLfVzt/reserved.outbox.inactive", O_RDWR|O_NOFOLLOW|O_CLOEXEC) = 5</tmp/.tmppLfVzt/reserved.outbox.inactive>
2081150 fsync(5</tmp/.tmppLfVzt/reserved.outbox.inactive>) = 0
2081150 renameat2(AT_FDCWD</home/heathledger/Documents/ioi/repos/ioi>, "/tmp/.tmppLfVzt/reserved.outbox", AT_FDCWD</home/heathledger/Documents/ioi/repos/ioi>, "/tmp/.tmppLfVzt/reserved.outbox.inactive", RENAME_EXCHANGE) = 0
2081150 openat(AT_FDCWD</home/heathledger/Documents/ioi/repos/ioi>, "/tmp/.tmppLfVzt", O_RDONLY|O_CLOEXEC) = 6</tmp/.tmppLfVzt>
2081150 fsync(6</tmp/.tmppLfVzt>)       = 0
2081150 close(6</tmp/.tmppLfVzt>)       = 0
2081150 close(5</tmp/.tmppLfVzt/reserved.outbox>) = 0
2081150 close(4</tmp/.tmppLfVzt/reserved.outbox.inactive>) = 0
2081150 openat(AT_FDCWD</home/heathledger/Documents/ioi/repos/ioi>, "/tmp/.tmppLfVzt/reserved.outbox", O_RDONLY|O_CLOEXEC) = 4</tmp/.tmppLfVzt/reserved.outbox>
2081150 close(4</tmp/.tmppLfVzt/reserved.outbox>) = 0
2081150 openat(AT_FDCWD</home/heathledger/Documents/ioi/repos/ioi>, "/tmp/.tmppLfVzt/reserved.outbox.inactive", O_RDONLY|O_CLOEXEC) = 4</tmp/.tmppLfVzt/reserved.outbox.inactive>
2081150 close(4</tmp/.tmppLfVzt/reserved.outbox.inactive>) = 0
2081150 openat(AT_FDCWD</home/heathledger/Documents/ioi/repos/ioi>, "/tmp/.tmppLfVzt/reserved.outbox.quv-arena", O_RDWR|O_NOFOLLOW|O_CLOEXEC) = 4</tmp/.tmppLfVzt/reserved.outbox.quv-arena>
2081150 close(4</tmp/.tmppLfVzt/reserved.outbox.quv-arena>) = 0
2081150 openat(AT_FDCWD</home/heathledger/Documents/ioi/repos/ioi>, "/tmp/.tmppLfVzt/reserved.outbox", O_RDONLY|O_CLOEXEC) = 4</tmp/.tmppLfVzt/reserved.outbox>
2081150 close(4</tmp/.tmppLfVzt/reserved.outbox>) = 0
2081150 openat(AT_FDCWD</home/heathledger/Documents/ioi/repos/ioi>, "/tmp/.tmppLfVzt/reserved.outbox", O_RDONLY|O_CLOEXEC) = 4</tmp/.tmppLfVzt/reserved.outbox>
2081150 openat(AT_FDCWD</home/heathledger/Documents/ioi/repos/ioi>, "/tmp/.tmppLfVzt/reserved.outbox.inactive", O_RDWR|O_NOFOLLOW|O_CLOEXEC) = 5</tmp/.tmppLfVzt/reserved.outbox.inactive>
2081150 fsync(5</tmp/.tmppLfVzt/reserved.outbox.inactive>) = 0
2081150 renameat2(AT_FDCWD</home/heathledger/Documents/ioi/repos/ioi>, "/tmp/.tmppLfVzt/reserved.outbox", AT_FDCWD</home/heathledger/Documents/ioi/repos/ioi>, "/tmp/.tmppLfVzt/reserved.outbox.inactive", RENAME_EXCHANGE) = 0
2081150 openat(AT_FDCWD</home/heathledger/Documents/ioi/repos/ioi>, "/tmp/.tmppLfVzt", O_RDONLY|O_CLOEXEC) = 6</tmp/.tmppLfVzt>
2081150 fsync(6</tmp/.tmppLfVzt>)       = 0
2081150 close(6</tmp/.tmppLfVzt>)       = 0
2081150 close(5</tmp/.tmppLfVzt/reserved.outbox>) = 0
2081150 close(4</tmp/.tmppLfVzt/reserved.outbox.inactive>) = 0
2081150 openat(AT_FDCWD</home/heathledger/Documents/ioi/repos/ioi>, "/tmp/.tmppLfVzt/reserved.outbox.entries", O_RDONLY|O_CLOEXEC) = 4</tmp/.tmppLfVzt/reserved.outbox.entries>
2081150 fsync(4</tmp/.tmppLfVzt/reserved.outbox.entries>) = 0
2081150 close(4</tmp/.tmppLfVzt/reserved.outbox.entries>) = 0
2081150 openat(AT_FDCWD</home/heathledger/Documents/ioi/repos/ioi>, "/tmp/.tmppLfVzt/reserved.outbox", O_RDONLY|O_CLOEXEC) = 4</tmp/.tmppLfVzt/reserved.outbox>
2081150 close(4</tmp/.tmppLfVzt/reserved.outbox>) = 0
2081150 openat(AT_FDCWD</home/heathledger/Documents/ioi/repos/ioi>, "/tmp/.tmppLfVzt/reserved.outbox.inactive", O_RDONLY|O_CLOEXEC) = 4</tmp/.tmppLfVzt/reserved.outbox.inactive>
2081150 close(4</tmp/.tmppLfVzt/reserved.outbox.inactive>) = 0
2081150 close(3</tmp/.tmppLfVzt/reserved.outbox.lock>) = 0
2081150 openat(AT_FDCWD</home/heathledger/Documents/ioi/repos/ioi>, "/tmp/.tmppLfVzt", O_RDONLY|O_CLOEXEC) = 3</tmp/.tmppLfVzt>
2081150 fsync(3</tmp/.tmppLfVzt>)       = 0
2081150 close(3</tmp/.tmppLfVzt>)       = 0
2081150 openat(AT_FDCWD</home/heathledger/Documents/ioi/repos/ioi>, "/tmp", O_RDONLY|O_CLOEXEC) = 3</tmp>
2081150 fsync(3</tmp>)                  = 0
2081150 close(3</tmp>)                  = 0
2081150 openat(AT_FDCWD</home/heathledger/Documents/ioi/repos/ioi>, "/", O_RDONLY|O_CLOEXEC) = 3</>
2081150 fsync(3</>)                     = 0
2081150 close(3</>)                     = 0
2081150 openat(AT_FDCWD</home/heathledger/Documents/ioi/repos/ioi>, "/tmp/.tmppLfVzt/reserved.outbox.lock", O_RDWR|O_CREAT|O_CLOEXEC, 0600) = 3</tmp/.tmppLfVzt/reserved.outbox.lock>
2081150 openat(AT_FDCWD</home/heathledger/Documents/ioi/repos/ioi>, "/tmp/.tmppLfVzt/reserved.outbox", O_RDONLY|O_CLOEXEC) = 4</tmp/.tmppLfVzt/reserved.outbox>
2081150 close(4</tmp/.tmppLfVzt/reserved.outbox>) = 0
2081150 openat(AT_FDCWD</home/heathledger/Documents/ioi/repos/ioi>, "/tmp/.tmppLfVzt/reserved.outbox", O_RDONLY|O_CLOEXEC) = 4</tmp/.tmppLfVzt/reserved.outbox>
2081150 openat(AT_FDCWD</home/heathledger/Documents/ioi/repos/ioi>, "/tmp/.tmppLfVzt/reserved.outbox", O_RDONLY|O_CLOEXEC) = 5</tmp/.tmppLfVzt/reserved.outbox>
2081150 close(5</tmp/.tmppLfVzt/reserved.outbox>) = 0
2081150 close(4</tmp/.tmppLfVzt/reserved.outbox>) = 0
2081150 openat(AT_FDCWD</home/heathledger/Documents/ioi/repos/ioi>, "/tmp/.tmppLfVzt/reserved.outbox.quv-arena", O_RDWR|O_NOFOLLOW|O_CLOEXEC) = 4</tmp/.tmppLfVzt/reserved.outbox.quv-arena>
2081150 close(4</tmp/.tmppLfVzt/reserved.outbox.quv-arena>) = 0
2081150 openat(AT_FDCWD</home/heathledger/Documents/ioi/repos/ioi>, "/tmp/.tmppLfVzt/reserved.outbox", O_RDONLY|O_CLOEXEC) = 4</tmp/.tmppLfVzt/reserved.outbox>
2081150 openat(AT_FDCWD</home/heathledger/Documents/ioi/repos/ioi>, "/tmp/.tmppLfVzt/reserved.outbox", O_RDONLY|O_CLOEXEC) = 5</tmp/.tmppLfVzt/reserved.outbox>
2081150 close(5</tmp/.tmppLfVzt/reserved.outbox>) = 0
2081150 close(4</tmp/.tmppLfVzt/reserved.outbox>) = 0
2081150 openat(AT_FDCWD</home/heathledger/Documents/ioi/repos/ioi>, "/tmp/.tmppLfVzt/reserved.outbox.entries", O_RDONLY|O_NONBLOCK|O_CLOEXEC|O_DIRECTORY) = 4</tmp/.tmppLfVzt/reserved.outbox.entries>
2081150 close(4</tmp/.tmppLfVzt/reserved.outbox.entries>) = 0
2081150 openat(AT_FDCWD</home/heathledger/Documents/ioi/repos/ioi>, "/tmp/.tmppLfVzt/reserved.outbox", O_RDONLY|O_CLOEXEC) = 4</tmp/.tmppLfVzt/reserved.outbox>
2081150 close(4</tmp/.tmppLfVzt/reserved.outbox>) = 0
2081150 openat(AT_FDCWD</home/heathledger/Documents/ioi/repos/ioi>, "/tmp/.tmppLfVzt/reserved.outbox", O_RDONLY|O_CLOEXEC) = 4</tmp/.tmppLfVzt/reserved.outbox>
2081150 openat(AT_FDCWD</home/heathledger/Documents/ioi/repos/ioi>, "/tmp/.tmppLfVzt/reserved.outbox", O_RDONLY|O_CLOEXEC) = 5</tmp/.tmppLfVzt/reserved.outbox>
2081150 close(5</tmp/.tmppLfVzt/reserved.outbox>) = 0
2081150 close(4</tmp/.tmppLfVzt/reserved.outbox>) = 0
2081150 openat(AT_FDCWD</home/heathledger/Documents/ioi/repos/ioi>, "/tmp/.tmppLfVzt/reserved.outbox.inactive", O_RDWR|O_CREAT|O_NOFOLLOW|O_CLOEXEC, 0600) = 4</tmp/.tmppLfVzt/reserved.outbox.inactive>
2081150 fallocate(4</tmp/.tmppLfVzt/reserved.outbox.inactive>, 0, 0, 135168) = 0
2081150 ftruncate(4</tmp/.tmppLfVzt/reserved.outbox.inactive>, 135168) = 0
2081150 fsync(4</tmp/.tmppLfVzt/reserved.outbox.inactive>) = 0
2081150 fsync(4</tmp/.tmppLfVzt/reserved.outbox.inactive>) = 0
2081150 openat(AT_FDCWD</home/heathledger/Documents/ioi/repos/ioi>, "/tmp/.tmppLfVzt", O_RDONLY|O_CLOEXEC) = 5</tmp/.tmppLfVzt>
2081150 fsync(5</tmp/.tmppLfVzt>)       = 0
2081150 close(5</tmp/.tmppLfVzt>)       = 0
2081150 openat(AT_FDCWD</home/heathledger/Documents/ioi/repos/ioi>, "/tmp/.tmppLfVzt/reserved.outbox", O_RDONLY|O_CLOEXEC) = 5</tmp/.tmppLfVzt/reserved.outbox>
2081150 close(5</tmp/.tmppLfVzt/reserved.outbox>) = 0
2081150 openat(AT_FDCWD</home/heathledger/Documents/ioi/repos/ioi>, "/tmp/.tmppLfVzt/reserved.outbox", O_RDONLY|O_CLOEXEC) = 5</tmp/.tmppLfVzt/reserved.outbox>
2081150 close(5</tmp/.tmppLfVzt/reserved.outbox>) = 0
2081150 renameat2(AT_FDCWD</home/heathledger/Documents/ioi/repos/ioi>, "/tmp/.tmppLfVzt/reserved.outbox", AT_FDCWD</home/heathledger/Documents/ioi/repos/ioi>, "/tmp/.tmppLfVzt/reserved.outbox.inactive", RENAME_EXCHANGE) = 0
2081150 openat(AT_FDCWD</home/heathledger/Documents/ioi/repos/ioi>, "/tmp/.tmppLfVzt", O_RDONLY|O_CLOEXEC) = 5</tmp/.tmppLfVzt>
2081150 fsync(5</tmp/.tmppLfVzt>)       = 0
2081150 close(5</tmp/.tmppLfVzt>)       = 0
2081150 close(4</tmp/.tmppLfVzt/reserved.outbox>) = 0
2081150 openat(AT_FDCWD</home/heathledger/Documents/ioi/repos/ioi>, "/tmp/.tmppLfVzt/reserved.outbox", O_RDONLY|O_CLOEXEC) = 4</tmp/.tmppLfVzt/reserved.outbox>
2081150 openat(AT_FDCWD</home/heathledger/Documents/ioi/repos/ioi>, "/tmp/.tmppLfVzt/reserved.outbox", O_RDONLY|O_CLOEXEC) = 5</tmp/.tmppLfVzt/reserved.outbox>
2081150 close(5</tmp/.tmppLfVzt/reserved.outbox>) = 0
2081150 close(4</tmp/.tmppLfVzt/reserved.outbox>) = 0
2081150 openat(AT_FDCWD</home/heathledger/Documents/ioi/repos/ioi>, "/tmp/.tmppLfVzt/reserved.outbox.quv-arena", O_RDWR|O_NOFOLLOW|O_CLOEXEC) = 4</tmp/.tmppLfVzt/reserved.outbox.quv-arena>
2081150 close(4</tmp/.tmppLfVzt/reserved.outbox.quv-arena>) = 0
2081150 close(3</tmp/.tmppLfVzt/reserved.outbox.lock>) = 0
2081150 openat(AT_FDCWD</home/heathledger/Documents/ioi/repos/ioi>, "/tmp/.tmppLfVzt", O_RDONLY|O_NOFOLLOW|O_CLOEXEC|O_DIRECTORY) = 3</tmp/.tmppLfVzt>
2081150 openat(3</tmp/.tmppLfVzt>, "reserved.outbox.entries", O_RDONLY|O_NOFOLLOW|O_CLOEXEC|O_DIRECTORY) = 4</tmp/.tmppLfVzt/reserved.outbox.entries>
2081150 close(4</tmp/.tmppLfVzt/reserved.outbox.entries>) = 0
2081150 close(3</tmp/.tmppLfVzt>)       = 0
2081150 +++ exited with 0 +++
2081149 +++ exited with 0 +++
