2152941 openat(AT_FDCWD</home/heathledger/Documents/ioi/repos/ioi>, "/etc/ld.so.cache", O_RDONLY|O_CLOEXEC) = 3</etc/ld.so.cache>
2152941 close(3</etc/ld.so.cache>)      = 0
2152941 openat(AT_FDCWD</home/heathledger/Documents/ioi/repos/ioi>, "/lib/x86_64-linux-gnu/libstdc++.so.6", O_RDONLY|O_CLOEXEC) = 3</usr/lib/x86_64-linux-gnu/libstdc++.so.6.0.33>
2152941 close(3</usr/lib/x86_64-linux-gnu/libstdc++.so.6.0.33>) = 0
2152941 openat(AT_FDCWD</home/heathledger/Documents/ioi/repos/ioi>, "/lib/x86_64-linux-gnu/libgcc_s.so.1", O_RDONLY|O_CLOEXEC) = 3</usr/lib/x86_64-linux-gnu/libgcc_s.so.1>
2152941 close(3</usr/lib/x86_64-linux-gnu/libgcc_s.so.1>) = 0
2152941 openat(AT_FDCWD</home/heathledger/Documents/ioi/repos/ioi>, "/lib/x86_64-linux-gnu/libm.so.6", O_RDONLY|O_CLOEXEC) = 3</usr/lib/x86_64-linux-gnu/libm.so.6>
2152941 close(3</usr/lib/x86_64-linux-gnu/libm.so.6>) = 0
2152941 openat(AT_FDCWD</home/heathledger/Documents/ioi/repos/ioi>, "/lib/x86_64-linux-gnu/libc.so.6", O_RDONLY|O_CLOEXEC) = 3</usr/lib/x86_64-linux-gnu/libc.so.6>
2152941 close(3</usr/lib/x86_64-linux-gnu/libc.so.6>) = 0
2152941 openat(AT_FDCWD</home/heathledger/Documents/ioi/repos/ioi>, "/proc/self/maps", O_RDONLY|O_CLOEXEC) = 3</proc/2152941/maps>
2152941 close(3</proc/2152941/maps>)    = 0
2152941 openat(AT_FDCWD</home/heathledger/Documents/ioi/repos/ioi>, "/usr/share/terminfo/l/linux", O_RDONLY|O_CLOEXEC) = 3</usr/share/terminfo/l/linux>
2152941 close(3</usr/share/terminfo/l/linux>) = 0
2152941 openat(AT_FDCWD</home/heathledger/Documents/ioi/repos/ioi>, "/proc/self/cgroup", O_RDONLY|O_CLOEXEC) = 3</proc/2152941/cgroup>
2152941 close(3</proc/2152941/cgroup>)  = 0
2152941 openat(AT_FDCWD</home/heathledger/Documents/ioi/repos/ioi>, "/sys/fs/cgroup/user.slice/user-1000.slice/user@1000.service/app.slice/app-org.chromium.Chromium-101080.scope/cpu.max", O_RDONLY|O_CLOEXEC) = -1 ENOENT (No such file or directory)
2152941 openat(AT_FDCWD</home/heathledger/Documents/ioi/repos/ioi>, "/sys/fs/cgroup/user.slice/user-1000.slice/user@1000.service/app.slice/cpu.max", O_RDONLY|O_CLOEXEC) = 3</sys/fs/cgroup/user.slice/user-1000.slice/user@1000.service/app.slice/cpu.max>
2152941 close(3</sys/fs/cgroup/user.slice/user-1000.slice/user@1000.service/app.slice/cpu.max>) = 0
2152941 openat(AT_FDCWD</home/heathledger/Documents/ioi/repos/ioi>, "/sys/fs/cgroup/user.slice/user-1000.slice/user@1000.service/cpu.max", O_RDONLY|O_CLOEXEC) = 3</sys/fs/cgroup/user.slice/user-1000.slice/user@1000.service/cpu.max>
2152941 close(3</sys/fs/cgroup/user.slice/user-1000.slice/user@1000.service/cpu.max>) = 0
2152941 openat(AT_FDCWD</home/heathledger/Documents/ioi/repos/ioi>, "/sys/fs/cgroup/user.slice/user-1000.slice/cpu.max", O_RDONLY|O_CLOEXEC) = 3</sys/fs/cgroup/user.slice/user-1000.slice/cpu.max>
2152941 close(3</sys/fs/cgroup/user.slice/user-1000.slice/cpu.max>) = 0
2152941 openat(AT_FDCWD</home/heathledger/Documents/ioi/repos/ioi>, "/sys/fs/cgroup/user.slice/cpu.max", O_RDONLY|O_CLOEXEC) = 3</sys/fs/cgroup/user.slice/cpu.max>
2152941 close(3</sys/fs/cgroup/user.slice/cpu.max>) = 0
2152941 openat(AT_FDCWD</home/heathledger/Documents/ioi/repos/ioi>, "/sys/fs/cgroup/cpu.max", O_RDONLY|O_CLOEXEC) = -1 ENOENT (No such file or directory)
2152941 openat(AT_FDCWD</home/heathledger/Documents/ioi/repos/ioi>, "/proc/self/cgroup", O_RDONLY|O_CLOEXEC) = 3</proc/2152941/cgroup>
2152941 close(3</proc/2152941/cgroup>)  = 0
2152941 openat(AT_FDCWD</home/heathledger/Documents/ioi/repos/ioi>, "/sys/fs/cgroup/user.slice/user-1000.slice/user@1000.service/app.slice/app-org.chromium.Chromium-101080.scope/cpu.max", O_RDONLY|O_CLOEXEC) = -1 ENOENT (No such file or directory)
2152941 openat(AT_FDCWD</home/heathledger/Documents/ioi/repos/ioi>, "/sys/fs/cgroup/user.slice/user-1000.slice/user@1000.service/app.slice/cpu.max", O_RDONLY|O_CLOEXEC) = 3</sys/fs/cgroup/user.slice/user-1000.slice/user@1000.service/app.slice/cpu.max>
2152941 close(3</sys/fs/cgroup/user.slice/user-1000.slice/user@1000.service/app.slice/cpu.max>) = 0
2152941 openat(AT_FDCWD</home/heathledger/Documents/ioi/repos/ioi>, "/sys/fs/cgroup/user.slice/user-1000.slice/user@1000.service/cpu.max", O_RDONLY|O_CLOEXEC) = 3</sys/fs/cgroup/user.slice/user-1000.slice/user@1000.service/cpu.max>
2152941 close(3</sys/fs/cgroup/user.slice/user-1000.slice/user@1000.service/cpu.max>) = 0
2152941 openat(AT_FDCWD</home/heathledger/Documents/ioi/repos/ioi>, "/sys/fs/cgroup/user.slice/user-1000.slice/cpu.max", O_RDONLY|O_CLOEXEC) = 3</sys/fs/cgroup/user.slice/user-1000.slice/cpu.max>
2152941 close(3</sys/fs/cgroup/user.slice/user-1000.slice/cpu.max>) = 0
2152941 openat(AT_FDCWD</home/heathledger/Documents/ioi/repos/ioi>, "/sys/fs/cgroup/user.slice/cpu.max", O_RDONLY|O_CLOEXEC) = 3</sys/fs/cgroup/user.slice/cpu.max>
2152941 close(3</sys/fs/cgroup/user.slice/cpu.max>) = 0
2152941 openat(AT_FDCWD</home/heathledger/Documents/ioi/repos/ioi>, "/sys/fs/cgroup/cpu.max", O_RDONLY|O_CLOEXEC) = -1 ENOENT (No such file or directory)
2152942 mkdir("/tmp/.tmpKjEMmU", 0777)  = 0
2152942 mkdir("/tmp/.tmpKjEMmU", 0700)  = -1 EEXIST (File exists)
2152942 openat(AT_FDCWD</home/heathledger/Documents/ioi/repos/ioi>, "/tmp/.tmpKjEMmU", O_RDONLY|O_CLOEXEC) = 3</tmp/.tmpKjEMmU>
2152942 fsync(3</tmp/.tmpKjEMmU>)       = 0
2152942 close(3</tmp/.tmpKjEMmU>)       = 0
2152942 openat(AT_FDCWD</home/heathledger/Documents/ioi/repos/ioi>, "/tmp", O_RDONLY|O_CLOEXEC) = 3</tmp>
2152942 fsync(3</tmp>)                  = 0
2152942 close(3</tmp>)                  = 0
2152942 openat(AT_FDCWD</home/heathledger/Documents/ioi/repos/ioi>, "/", O_RDONLY|O_CLOEXEC) = 3</>
2152942 fsync(3</>)                     = 0
2152942 close(3</>)                     = 0
2152942 openat(AT_FDCWD</home/heathledger/Documents/ioi/repos/ioi>, "/tmp/.tmpKjEMmU/index.outbox.lock", O_RDWR|O_CREAT|O_CLOEXEC, 0600) = 3</tmp/.tmpKjEMmU/index.outbox.lock>
2152942 openat(AT_FDCWD</home/heathledger/Documents/ioi/repos/ioi>, "/tmp/.tmpKjEMmU/index.outbox.tmp", O_WRONLY|O_CREAT|O_TRUNC|O_CLOEXEC, 0600) = 4</tmp/.tmpKjEMmU/index.outbox.tmp>
2152942 fsync(4</tmp/.tmpKjEMmU/index.outbox.tmp>) = 0
2152942 rename("/tmp/.tmpKjEMmU/index.outbox.tmp", "/tmp/.tmpKjEMmU/index.outbox") = 0
2152942 openat(AT_FDCWD</home/heathledger/Documents/ioi/repos/ioi>, "/tmp/.tmpKjEMmU", O_RDONLY|O_CLOEXEC) = 5</tmp/.tmpKjEMmU>
2152942 fsync(5</tmp/.tmpKjEMmU>)       = 0
2152942 close(5</tmp/.tmpKjEMmU>)       = 0
2152942 close(4</tmp/.tmpKjEMmU/index.outbox>) = 0
2152942 mkdir("/tmp/.tmpKjEMmU/index.outbox.entries", 0700) = 0
2152942 openat(AT_FDCWD</home/heathledger/Documents/ioi/repos/ioi>, "/tmp/.tmpKjEMmU/index.outbox.entries", O_RDONLY|O_CLOEXEC) = 4</tmp/.tmpKjEMmU/index.outbox.entries>
2152942 fsync(4</tmp/.tmpKjEMmU/index.outbox.entries>) = 0
2152942 close(4</tmp/.tmpKjEMmU/index.outbox.entries>) = 0
2152942 openat(AT_FDCWD</home/heathledger/Documents/ioi/repos/ioi>, "/tmp/.tmpKjEMmU", O_RDONLY|O_CLOEXEC) = 4</tmp/.tmpKjEMmU>
2152942 fsync(4</tmp/.tmpKjEMmU>)       = 0
2152942 close(4</tmp/.tmpKjEMmU>)       = 0
2152942 openat(AT_FDCWD</home/heathledger/Documents/ioi/repos/ioi>, "/tmp", O_RDONLY|O_CLOEXEC) = 4</tmp>
2152942 fsync(4</tmp>)                  = 0
2152942 close(4</tmp>)                  = 0
2152942 openat(AT_FDCWD</home/heathledger/Documents/ioi/repos/ioi>, "/", O_RDONLY|O_CLOEXEC) = 4</>
2152942 fsync(4</>)                     = 0
2152942 close(4</>)                     = 0
2152942 openat(AT_FDCWD</home/heathledger/Documents/ioi/repos/ioi>, "/tmp/.tmpKjEMmU/index.outbox", O_RDONLY|O_CLOEXEC) = 4</tmp/.tmpKjEMmU/index.outbox>
2152942 close(4</tmp/.tmpKjEMmU/index.outbox>) = 0
2152942 openat(AT_FDCWD</home/heathledger/Documents/ioi/repos/ioi>, "/tmp/.tmpKjEMmU/index.outbox.tmp", O_WRONLY|O_CREAT|O_TRUNC|O_CLOEXEC, 0600) = 4</tmp/.tmpKjEMmU/index.outbox.tmp>
2152942 fsync(4</tmp/.tmpKjEMmU/index.outbox.tmp>) = 0
2152942 rename("/tmp/.tmpKjEMmU/index.outbox.tmp", "/tmp/.tmpKjEMmU/index.outbox") = 0
2152942 openat(AT_FDCWD</home/heathledger/Documents/ioi/repos/ioi>, "/tmp/.tmpKjEMmU", O_RDONLY|O_CLOEXEC) = 5</tmp/.tmpKjEMmU>
2152942 fsync(5</tmp/.tmpKjEMmU>)       = 0
2152942 close(5</tmp/.tmpKjEMmU>)       = 0
2152942 close(4</tmp/.tmpKjEMmU/index.outbox>) = 0
2152942 openat(AT_FDCWD</home/heathledger/Documents/ioi/repos/ioi>, "/tmp/.tmpKjEMmU/index.outbox", O_RDONLY|O_CLOEXEC) = 4</tmp/.tmpKjEMmU/index.outbox>
2152942 close(4</tmp/.tmpKjEMmU/index.outbox>) = 0
2152942 openat(AT_FDCWD</home/heathledger/Documents/ioi/repos/ioi>, "/tmp/.tmpKjEMmU/index.outbox", O_RDONLY|O_CLOEXEC) = 4</tmp/.tmpKjEMmU/index.outbox>
2152942 openat(AT_FDCWD</home/heathledger/Documents/ioi/repos/ioi>, "/tmp/.tmpKjEMmU/index.outbox", O_RDONLY|O_CLOEXEC) = 5</tmp/.tmpKjEMmU/index.outbox>
2152942 close(5</tmp/.tmpKjEMmU/index.outbox>) = 0
2152942 close(4</tmp/.tmpKjEMmU/index.outbox>) = 0
2152942 openat(AT_FDCWD</home/heathledger/Documents/ioi/repos/ioi>, "/tmp/.tmpKjEMmU/index.outbox.inactive", O_RDWR|O_CREAT|O_NOFOLLOW|O_CLOEXEC, 0600) = 4</tmp/.tmpKjEMmU/index.outbox.inactive>
2152942 fsync(4</tmp/.tmpKjEMmU/index.outbox.inactive>) = 0
2152942 fsync(4</tmp/.tmpKjEMmU/index.outbox.inactive>) = 0
2152942 openat(AT_FDCWD</home/heathledger/Documents/ioi/repos/ioi>, "/tmp/.tmpKjEMmU", O_RDONLY|O_CLOEXEC) = 5</tmp/.tmpKjEMmU>
2152942 fsync(5</tmp/.tmpKjEMmU>)       = 0
2152942 close(5</tmp/.tmpKjEMmU>)       = 0
2152942 openat(AT_FDCWD</home/heathledger/Documents/ioi/repos/ioi>, "/tmp/.tmpKjEMmU/index.outbox", O_RDONLY|O_CLOEXEC) = 5</tmp/.tmpKjEMmU/index.outbox>
2152942 close(5</tmp/.tmpKjEMmU/index.outbox>) = 0
2152942 openat(AT_FDCWD</home/heathledger/Documents/ioi/repos/ioi>, "/tmp/.tmpKjEMmU/index.outbox.tmp", O_RDWR|O_CREAT|O_NOFOLLOW|O_CLOEXEC, 0600) = 5</tmp/.tmpKjEMmU/index.outbox.tmp>
2152942 fsync(5</tmp/.tmpKjEMmU/index.outbox.tmp>) = 0
2152942 fsync(5</tmp/.tmpKjEMmU/index.outbox.tmp>) = 0
2152942 rename("/tmp/.tmpKjEMmU/index.outbox.tmp", "/tmp/.tmpKjEMmU/index.outbox") = 0
2152942 openat(AT_FDCWD</home/heathledger/Documents/ioi/repos/ioi>, "/tmp/.tmpKjEMmU", O_RDONLY|O_CLOEXEC) = 6</tmp/.tmpKjEMmU>
2152942 fsync(6</tmp/.tmpKjEMmU>)       = 0
2152942 close(6</tmp/.tmpKjEMmU>)       = 0
2152942 close(5</tmp/.tmpKjEMmU/index.outbox>) = 0
2152942 openat(AT_FDCWD</home/heathledger/Documents/ioi/repos/ioi>, "/tmp/.tmpKjEMmU", O_RDONLY|O_CLOEXEC) = 5</tmp/.tmpKjEMmU>
2152942 fsync(5</tmp/.tmpKjEMmU>)       = 0
2152942 close(5</tmp/.tmpKjEMmU>)       = 0
2152942 close(4</tmp/.tmpKjEMmU/index.outbox>) = 0
2152942 openat(AT_FDCWD</home/heathledger/Documents/ioi/repos/ioi>, "/tmp/.tmpKjEMmU/index.outbox", O_RDONLY|O_CLOEXEC) = 4</tmp/.tmpKjEMmU/index.outbox>
2152942 openat(AT_FDCWD</home/heathledger/Documents/ioi/repos/ioi>, "/tmp/.tmpKjEMmU/index.outbox", O_RDONLY|O_CLOEXEC) = 5</tmp/.tmpKjEMmU/index.outbox>
2152942 close(5</tmp/.tmpKjEMmU/index.outbox>) = 0
2152942 close(4</tmp/.tmpKjEMmU/index.outbox>) = 0
2152942 openat(AT_FDCWD</home/heathledger/Documents/ioi/repos/ioi>, "/tmp/.tmpKjEMmU/index.outbox.quv-arena", O_RDWR|O_CREAT|O_NOFOLLOW|O_CLOEXEC, 0600) = 4</tmp/.tmpKjEMmU/index.outbox.quv-arena>
2152942 fsync(4</tmp/.tmpKjEMmU/index.outbox.quv-arena>) = 0
2152942 fsync(4</tmp/.tmpKjEMmU/index.outbox.quv-arena>) = 0
2152942 openat(AT_FDCWD</home/heathledger/Documents/ioi/repos/ioi>, "/tmp/.tmpKjEMmU", O_RDONLY|O_CLOEXEC) = 5</tmp/.tmpKjEMmU>
2152942 fsync(5</tmp/.tmpKjEMmU>)       = 0
2152942 close(5</tmp/.tmpKjEMmU>)       = 0
2152942 close(4</tmp/.tmpKjEMmU/index.outbox.quv-arena>) = 0
2152942 openat(AT_FDCWD</home/heathledger/Documents/ioi/repos/ioi>, "/tmp/.tmpKjEMmU/index.outbox.quv-arena", O_RDWR|O_NOFOLLOW|O_CLOEXEC) = 4</tmp/.tmpKjEMmU/index.outbox.quv-arena>
2152942 close(4</tmp/.tmpKjEMmU/index.outbox.quv-arena>) = 0
2152942 openat(AT_FDCWD</home/heathledger/Documents/ioi/repos/ioi>, "/tmp/.tmpKjEMmU/index.outbox", O_RDONLY|O_CLOEXEC) = 4</tmp/.tmpKjEMmU/index.outbox>
2152942 close(4</tmp/.tmpKjEMmU/index.outbox>) = 0
2152942 openat(AT_FDCWD</home/heathledger/Documents/ioi/repos/ioi>, "/tmp/.tmpKjEMmU/index.outbox", O_RDONLY|O_CLOEXEC) = 4</tmp/.tmpKjEMmU/index.outbox>
2152942 openat(AT_FDCWD</home/heathledger/Documents/ioi/repos/ioi>, "/tmp/.tmpKjEMmU/index.outbox.inactive", O_RDWR|O_NOFOLLOW|O_CLOEXEC) = 5</tmp/.tmpKjEMmU/index.outbox.inactive>
2152942 fsync(5</tmp/.tmpKjEMmU/index.outbox.inactive>) = 0
2152942 openat(AT_FDCWD</home/heathledger/Documents/ioi/repos/ioi>, "/tmp/.tmpKjEMmU", O_RDONLY|O_CLOEXEC) = 6</tmp/.tmpKjEMmU>
2152942 fsync(6</tmp/.tmpKjEMmU>)       = 0
2152942 close(6</tmp/.tmpKjEMmU>)       = 0
2152942 close(5</tmp/.tmpKjEMmU/index.outbox>) = 0
2152942 close(4</tmp/.tmpKjEMmU/index.outbox.inactive>) = 0
2152942 openat(AT_FDCWD</home/heathledger/Documents/ioi/repos/ioi>, "/tmp/.tmpKjEMmU/index.outbox", O_RDONLY|O_CLOEXEC) = 4</tmp/.tmpKjEMmU/index.outbox>
2152942 openat(AT_FDCWD</home/heathledger/Documents/ioi/repos/ioi>, "/tmp/.tmpKjEMmU/index.outbox", O_RDONLY|O_CLOEXEC) = 5</tmp/.tmpKjEMmU/index.outbox>
2152942 close(5</tmp/.tmpKjEMmU/index.outbox>) = 0
2152942 close(4</tmp/.tmpKjEMmU/index.outbox>) = 0
2152942 openat(AT_FDCWD</home/heathledger/Documents/ioi/repos/ioi>, "/tmp/.tmpKjEMmU/index.outbox.entries", O_RDONLY|O_NONBLOCK|O_CLOEXEC|O_DIRECTORY) = 4</tmp/.tmpKjEMmU/index.outbox.entries>
2152942 close(4</tmp/.tmpKjEMmU/index.outbox.entries>) = 0
2152942 openat(AT_FDCWD</home/heathledger/Documents/ioi/repos/ioi>, "/tmp/.tmpKjEMmU/index.outbox.quv-arena", O_RDWR|O_NOFOLLOW|O_CLOEXEC) = 4</tmp/.tmpKjEMmU/index.outbox.quv-arena>
2152942 close(4</tmp/.tmpKjEMmU/index.outbox.quv-arena>) = 0
2152942 openat(AT_FDCWD</home/heathledger/Documents/ioi/repos/ioi>, "/tmp/.tmpKjEMmU/index.outbox.entries/5dfef5269539fbeb942857a332aaf071ac4daee0ef03b0deb678ef8c89004937.tmp", O_WRONLY|O_CREAT|O_TRUNC|O_CLOEXEC, 0600) = 4</tmp/.tmpKjEMmU/index.outbox.entries/5dfef5269539fbeb942857a332aaf071ac4daee0ef03b0deb678ef8c89004937.tmp>
2152942 fsync(4</tmp/.tmpKjEMmU/index.outbox.entries/5dfef5269539fbeb942857a332aaf071ac4daee0ef03b0deb678ef8c89004937.tmp>) = 0
2152942 rename("/tmp/.tmpKjEMmU/index.outbox.entries/5dfef5269539fbeb942857a332aaf071ac4daee0ef03b0deb678ef8c89004937.tmp", "/tmp/.tmpKjEMmU/index.outbox.entries/5dfef5269539fbeb942857a332aaf071ac4daee0ef03b0deb678ef8c89004937") = 0
2152942 openat(AT_FDCWD</home/heathledger/Documents/ioi/repos/ioi>, "/tmp/.tmpKjEMmU/index.outbox.entries", O_RDONLY|O_CLOEXEC) = 5</tmp/.tmpKjEMmU/index.outbox.entries>
2152942 fsync(5</tmp/.tmpKjEMmU/index.outbox.entries>) = 0
2152942 close(5</tmp/.tmpKjEMmU/index.outbox.entries>) = 0
2152942 close(4</tmp/.tmpKjEMmU/index.outbox.entries/5dfef5269539fbeb942857a332aaf071ac4daee0ef03b0deb678ef8c89004937>) = 0
2152942 openat(AT_FDCWD</home/heathledger/Documents/ioi/repos/ioi>, "/tmp/.tmpKjEMmU/index.outbox", O_RDONLY|O_CLOEXEC) = 4</tmp/.tmpKjEMmU/index.outbox>
2152942 close(4</tmp/.tmpKjEMmU/index.outbox>) = 0
2152942 openat(AT_FDCWD</home/heathledger/Documents/ioi/repos/ioi>, "/tmp/.tmpKjEMmU/index.outbox", O_RDONLY|O_CLOEXEC) = 4</tmp/.tmpKjEMmU/index.outbox>
2152942 openat(AT_FDCWD</home/heathledger/Documents/ioi/repos/ioi>, "/tmp/.tmpKjEMmU/index.outbox.inactive", O_RDWR|O_NOFOLLOW|O_CLOEXEC) = 5</tmp/.tmpKjEMmU/index.outbox.inactive>
2152942 fsync(5</tmp/.tmpKjEMmU/index.outbox.inactive>) = 0
2152942 openat(AT_FDCWD</home/heathledger/Documents/ioi/repos/ioi>, "/tmp/.tmpKjEMmU", O_RDONLY|O_CLOEXEC) = 6</tmp/.tmpKjEMmU>
2152942 fsync(6</tmp/.tmpKjEMmU>)       = 0
2152942 close(6</tmp/.tmpKjEMmU>)       = 0
2152942 close(5</tmp/.tmpKjEMmU/index.outbox>) = 0
2152942 close(4</tmp/.tmpKjEMmU/index.outbox.inactive>) = 0
2152942 openat(AT_FDCWD</home/heathledger/Documents/ioi/repos/ioi>, "/tmp/.tmpKjEMmU/index.outbox", O_RDONLY|O_CLOEXEC) = 4</tmp/.tmpKjEMmU/index.outbox>
2152942 close(4</tmp/.tmpKjEMmU/index.outbox>) = 0
2152942 openat(AT_FDCWD</home/heathledger/Documents/ioi/repos/ioi>, "/tmp/.tmpKjEMmU/index.outbox.quv-arena", O_RDWR|O_NOFOLLOW|O_CLOEXEC) = 4</tmp/.tmpKjEMmU/index.outbox.quv-arena>
2152942 close(4</tmp/.tmpKjEMmU/index.outbox.quv-arena>) = 0
2152942 openat(AT_FDCWD</home/heathledger/Documents/ioi/repos/ioi>, "/tmp/.tmpKjEMmU/index.outbox.entries/bfda7557b26ba2db032dad88ee86dfb65e5a135d89854df67a6244e165dae759.tmp", O_WRONLY|O_CREAT|O_TRUNC|O_CLOEXEC, 0600) = 4</tmp/.tmpKjEMmU/index.outbox.entries/bfda7557b26ba2db032dad88ee86dfb65e5a135d89854df67a6244e165dae759.tmp>
2152942 fsync(4</tmp/.tmpKjEMmU/index.outbox.entries/bfda7557b26ba2db032dad88ee86dfb65e5a135d89854df67a6244e165dae759.tmp>) = 0
2152942 rename("/tmp/.tmpKjEMmU/index.outbox.entries/bfda7557b26ba2db032dad88ee86dfb65e5a135d89854df67a6244e165dae759.tmp", "/tmp/.tmpKjEMmU/index.outbox.entries/bfda7557b26ba2db032dad88ee86dfb65e5a135d89854df67a6244e165dae759") = 0
2152942 openat(AT_FDCWD</home/heathledger/Documents/ioi/repos/ioi>, "/tmp/.tmpKjEMmU/index.outbox.entries", O_RDONLY|O_CLOEXEC) = 5</tmp/.tmpKjEMmU/index.outbox.entries>
2152942 fsync(5</tmp/.tmpKjEMmU/index.outbox.entries>) = 0
2152942 close(5</tmp/.tmpKjEMmU/index.outbox.entries>) = 0
2152942 close(4</tmp/.tmpKjEMmU/index.outbox.entries/bfda7557b26ba2db032dad88ee86dfb65e5a135d89854df67a6244e165dae759>) = 0
2152942 openat(AT_FDCWD</home/heathledger/Documents/ioi/repos/ioi>, "/tmp/.tmpKjEMmU/index.outbox", O_RDONLY|O_CLOEXEC) = 4</tmp/.tmpKjEMmU/index.outbox>
2152942 close(4</tmp/.tmpKjEMmU/index.outbox>) = 0
2152942 close(3</tmp/.tmpKjEMmU/index.outbox.lock>) = 0
2152942 mkdir("/tmp/.tmpKjEMmU", 0700)  = -1 EEXIST (File exists)
2152942 openat(AT_FDCWD</home/heathledger/Documents/ioi/repos/ioi>, "/tmp/.tmpKjEMmU", O_RDONLY|O_CLOEXEC) = 3</tmp/.tmpKjEMmU>
2152942 fsync(3</tmp/.tmpKjEMmU>)       = 0
2152942 close(3</tmp/.tmpKjEMmU>)       = 0
2152942 openat(AT_FDCWD</home/heathledger/Documents/ioi/repos/ioi>, "/tmp", O_RDONLY|O_CLOEXEC) = 3</tmp>
2152942 fsync(3</tmp>)                  = 0
2152942 close(3</tmp>)                  = 0
2152942 openat(AT_FDCWD</home/heathledger/Documents/ioi/repos/ioi>, "/", O_RDONLY|O_CLOEXEC) = 3</>
2152942 fsync(3</>)                     = 0
2152942 close(3</>)                     = 0
2152942 openat(AT_FDCWD</home/heathledger/Documents/ioi/repos/ioi>, "/tmp/.tmpKjEMmU/index.outbox.lock", O_RDWR|O_CREAT|O_CLOEXEC, 0600) = 3</tmp/.tmpKjEMmU/index.outbox.lock>
2152942 openat(AT_FDCWD</home/heathledger/Documents/ioi/repos/ioi>, "/tmp/.tmpKjEMmU/index.outbox", O_RDONLY|O_CLOEXEC) = 4</tmp/.tmpKjEMmU/index.outbox>
2152942 close(4</tmp/.tmpKjEMmU/index.outbox>) = 0
2152942 openat(AT_FDCWD</home/heathledger/Documents/ioi/repos/ioi>, "/tmp/.tmpKjEMmU/index.outbox", O_RDONLY|O_CLOEXEC) = 4</tmp/.tmpKjEMmU/index.outbox>
2152942 openat(AT_FDCWD</home/heathledger/Documents/ioi/repos/ioi>, "/tmp/.tmpKjEMmU/index.outbox", O_RDONLY|O_CLOEXEC) = 5</tmp/.tmpKjEMmU/index.outbox>
2152942 close(5</tmp/.tmpKjEMmU/index.outbox>) = 0
2152942 close(4</tmp/.tmpKjEMmU/index.outbox>) = 0
2152942 openat(AT_FDCWD</home/heathledger/Documents/ioi/repos/ioi>, "/tmp/.tmpKjEMmU/index.outbox.quv-arena", O_RDWR|O_NOFOLLOW|O_CLOEXEC) = 4</tmp/.tmpKjEMmU/index.outbox.quv-arena>
2152942 openat(AT_FDCWD</home/heathledger/Documents/ioi/repos/ioi>, "/tmp/.tmpKjEMmU/index.outbox.entries/5dfef5269539fbeb942857a332aaf071ac4daee0ef03b0deb678ef8c89004937", O_RDONLY|O_CLOEXEC) = 5</tmp/.tmpKjEMmU/index.outbox.entries/5dfef5269539fbeb942857a332aaf071ac4daee0ef03b0deb678ef8c89004937>
2152942 close(5</tmp/.tmpKjEMmU/index.outbox.entries/5dfef5269539fbeb942857a332aaf071ac4daee0ef03b0deb678ef8c89004937>) = 0
2152942 close(4</tmp/.tmpKjEMmU/index.outbox.quv-arena>) = 0
2152942 openat(AT_FDCWD</home/heathledger/Documents/ioi/repos/ioi>, "/tmp/.tmpKjEMmU/index.outbox", O_RDONLY|O_CLOEXEC) = 4</tmp/.tmpKjEMmU/index.outbox>
2152942 openat(AT_FDCWD</home/heathledger/Documents/ioi/repos/ioi>, "/tmp/.tmpKjEMmU/index.outbox", O_RDONLY|O_CLOEXEC) = 5</tmp/.tmpKjEMmU/index.outbox>
2152942 close(5</tmp/.tmpKjEMmU/index.outbox>) = 0
2152942 close(4</tmp/.tmpKjEMmU/index.outbox>) = 0
2152942 openat(AT_FDCWD</home/heathledger/Documents/ioi/repos/ioi>, "/tmp/.tmpKjEMmU/index.outbox.entries", O_RDONLY|O_NONBLOCK|O_CLOEXEC|O_DIRECTORY) = 4</tmp/.tmpKjEMmU/index.outbox.entries>
2152942 close(4</tmp/.tmpKjEMmU/index.outbox.entries>) = 0
2152942 openat(AT_FDCWD</home/heathledger/Documents/ioi/repos/ioi>, "/tmp/.tmpKjEMmU/index.outbox.entries", O_RDONLY|O_CLOEXEC) = 4</tmp/.tmpKjEMmU/index.outbox.entries>
2152942 fsync(4</tmp/.tmpKjEMmU/index.outbox.entries>) = 0
2152942 close(4</tmp/.tmpKjEMmU/index.outbox.entries>) = 0
2152942 openat(AT_FDCWD</home/heathledger/Documents/ioi/repos/ioi>, "/tmp/.tmpKjEMmU/index.outbox", O_RDONLY|O_CLOEXEC) = 4</tmp/.tmpKjEMmU/index.outbox>
2152942 close(4</tmp/.tmpKjEMmU/index.outbox>) = 0
2152942 openat(AT_FDCWD</home/heathledger/Documents/ioi/repos/ioi>, "/tmp/.tmpKjEMmU/index.outbox", O_RDONLY|O_CLOEXEC) = 4</tmp/.tmpKjEMmU/index.outbox>
2152942 openat(AT_FDCWD</home/heathledger/Documents/ioi/repos/ioi>, "/tmp/.tmpKjEMmU/index.outbox", O_RDONLY|O_CLOEXEC) = 5</tmp/.tmpKjEMmU/index.outbox>
2152942 close(5</tmp/.tmpKjEMmU/index.outbox>) = 0
2152942 close(4</tmp/.tmpKjEMmU/index.outbox>) = 0
2152942 openat(AT_FDCWD</home/heathledger/Documents/ioi/repos/ioi>, "/tmp/.tmpKjEMmU/index.outbox.inactive", O_RDWR|O_CREAT|O_NOFOLLOW|O_CLOEXEC, 0600) = 4</tmp/.tmpKjEMmU/index.outbox.inactive>
2152942 fsync(4</tmp/.tmpKjEMmU/index.outbox.inactive>) = 0
2152942 fsync(4</tmp/.tmpKjEMmU/index.outbox.inactive>) = 0
2152942 openat(AT_FDCWD</home/heathledger/Documents/ioi/repos/ioi>, "/tmp/.tmpKjEMmU", O_RDONLY|O_CLOEXEC) = 5</tmp/.tmpKjEMmU>
2152942 fsync(5</tmp/.tmpKjEMmU>)       = 0
2152942 close(5</tmp/.tmpKjEMmU>)       = 0
2152942 openat(AT_FDCWD</home/heathledger/Documents/ioi/repos/ioi>, "/tmp/.tmpKjEMmU/index.outbox", O_RDONLY|O_CLOEXEC) = 5</tmp/.tmpKjEMmU/index.outbox>
2152942 close(5</tmp/.tmpKjEMmU/index.outbox>) = 0
2152942 openat(AT_FDCWD</home/heathledger/Documents/ioi/repos/ioi>, "/tmp/.tmpKjEMmU/index.outbox", O_RDONLY|O_CLOEXEC) = 5</tmp/.tmpKjEMmU/index.outbox>
2152942 close(5</tmp/.tmpKjEMmU/index.outbox>) = 0
2152942 openat(AT_FDCWD</home/heathledger/Documents/ioi/repos/ioi>, "/tmp/.tmpKjEMmU", O_RDONLY|O_CLOEXEC) = 5</tmp/.tmpKjEMmU>
2152942 fsync(5</tmp/.tmpKjEMmU>)       = 0
2152942 close(5</tmp/.tmpKjEMmU>)       = 0
2152942 close(4</tmp/.tmpKjEMmU/index.outbox>) = 0
2152942 openat(AT_FDCWD</home/heathledger/Documents/ioi/repos/ioi>, "/tmp/.tmpKjEMmU/index.outbox", O_RDONLY|O_CLOEXEC) = 4</tmp/.tmpKjEMmU/index.outbox>
2152942 openat(AT_FDCWD</home/heathledger/Documents/ioi/repos/ioi>, "/tmp/.tmpKjEMmU/index.outbox", O_RDONLY|O_CLOEXEC) = 5</tmp/.tmpKjEMmU/index.outbox>
2152942 close(5</tmp/.tmpKjEMmU/index.outbox>) = 0
2152942 close(4</tmp/.tmpKjEMmU/index.outbox>) = 0
2152942 openat(AT_FDCWD</home/heathledger/Documents/ioi/repos/ioi>, "/tmp/.tmpKjEMmU/index.outbox.quv-arena", O_RDWR|O_NOFOLLOW|O_CLOEXEC) = 4</tmp/.tmpKjEMmU/index.outbox.quv-arena>
2152942 close(4</tmp/.tmpKjEMmU/index.outbox.quv-arena>) = 0
2152942 openat(AT_FDCWD</home/heathledger/Documents/ioi/repos/ioi>, "/tmp/.tmpKjEMmU/index.outbox.quv-arena", O_RDWR|O_NOFOLLOW|O_CLOEXEC) = 4</tmp/.tmpKjEMmU/index.outbox.quv-arena>
2152942 close(4</tmp/.tmpKjEMmU/index.outbox.quv-arena>) = 0
2152942 openat(AT_FDCWD</home/heathledger/Documents/ioi/repos/ioi>, "/tmp/.tmpKjEMmU/index.outbox.entries/bfda7557b26ba2db032dad88ee86dfb65e5a135d89854df67a6244e165dae759.tmp", O_WRONLY|O_CREAT|O_TRUNC|O_CLOEXEC, 0600) = 4</tmp/.tmpKjEMmU/index.outbox.entries/bfda7557b26ba2db032dad88ee86dfb65e5a135d89854df67a6244e165dae759.tmp>
2152942 fsync(4</tmp/.tmpKjEMmU/index.outbox.entries/bfda7557b26ba2db032dad88ee86dfb65e5a135d89854df67a6244e165dae759.tmp>) = 0
2152942 rename("/tmp/.tmpKjEMmU/index.outbox.entries/bfda7557b26ba2db032dad88ee86dfb65e5a135d89854df67a6244e165dae759.tmp", "/tmp/.tmpKjEMmU/index.outbox.entries/bfda7557b26ba2db032dad88ee86dfb65e5a135d89854df67a6244e165dae759") = 0
2152942 openat(AT_FDCWD</home/heathledger/Documents/ioi/repos/ioi>, "/tmp/.tmpKjEMmU/index.outbox.entries", O_RDONLY|O_CLOEXEC) = 5</tmp/.tmpKjEMmU/index.outbox.entries>
2152942 fsync(5</tmp/.tmpKjEMmU/index.outbox.entries>) = 0
2152942 close(5</tmp/.tmpKjEMmU/index.outbox.entries>) = 0
2152942 close(4</tmp/.tmpKjEMmU/index.outbox.entries/bfda7557b26ba2db032dad88ee86dfb65e5a135d89854df67a6244e165dae759>) = 0
2152942 openat(AT_FDCWD</home/heathledger/Documents/ioi/repos/ioi>, "/tmp/.tmpKjEMmU/index.outbox", O_RDONLY|O_CLOEXEC) = 4</tmp/.tmpKjEMmU/index.outbox>
2152942 close(4</tmp/.tmpKjEMmU/index.outbox>) = 0
2152942 openat(AT_FDCWD</home/heathledger/Documents/ioi/repos/ioi>, "/tmp/.tmpKjEMmU/index.outbox", O_RDONLY|O_CLOEXEC) = 4</tmp/.tmpKjEMmU/index.outbox>
2152942 openat(AT_FDCWD</home/heathledger/Documents/ioi/repos/ioi>, "/tmp/.tmpKjEMmU/index.outbox.inactive", O_RDWR|O_NOFOLLOW|O_CLOEXEC) = 5</tmp/.tmpKjEMmU/index.outbox.inactive>
2152942 fsync(5</tmp/.tmpKjEMmU/index.outbox.inactive>) = 0
2152942 openat(AT_FDCWD</home/heathledger/Documents/ioi/repos/ioi>, "/tmp/.tmpKjEMmU", O_RDONLY|O_CLOEXEC) = 6</tmp/.tmpKjEMmU>
2152942 fsync(6</tmp/.tmpKjEMmU>)       = 0
2152942 close(6</tmp/.tmpKjEMmU>)       = 0
2152942 close(5</tmp/.tmpKjEMmU/index.outbox>) = 0
2152942 close(4</tmp/.tmpKjEMmU/index.outbox.inactive>) = 0
2152942 openat(AT_FDCWD</home/heathledger/Documents/ioi/repos/ioi>, "/tmp/.tmpKjEMmU/index.outbox.quv-arena", O_RDWR|O_NOFOLLOW|O_CLOEXEC) = 4</tmp/.tmpKjEMmU/index.outbox.quv-arena>
2152942 close(4</tmp/.tmpKjEMmU/index.outbox.quv-arena>) = 0
2152942 openat(AT_FDCWD</home/heathledger/Documents/ioi/repos/ioi>, "/tmp/.tmpKjEMmU/index.outbox", O_RDONLY|O_CLOEXEC) = 4</tmp/.tmpKjEMmU/index.outbox>
2152942 close(4</tmp/.tmpKjEMmU/index.outbox>) = 0
2152942 openat(AT_FDCWD</home/heathledger/Documents/ioi/repos/ioi>, "/tmp/.tmpKjEMmU/index.outbox", O_RDONLY|O_CLOEXEC) = 4</tmp/.tmpKjEMmU/index.outbox>
2152942 openat(AT_FDCWD</home/heathledger/Documents/ioi/repos/ioi>, "/tmp/.tmpKjEMmU/index.outbox.inactive", O_RDWR|O_NOFOLLOW|O_CLOEXEC) = 5</tmp/.tmpKjEMmU/index.outbox.inactive>
2152942 fsync(5</tmp/.tmpKjEMmU/index.outbox.inactive>) = 0
2152942 openat(AT_FDCWD</home/heathledger/Documents/ioi/repos/ioi>, "/tmp/.tmpKjEMmU", O_RDONLY|O_CLOEXEC) = 6</tmp/.tmpKjEMmU>
2152942 fsync(6</tmp/.tmpKjEMmU>)       = 0
2152942 close(6</tmp/.tmpKjEMmU>)       = 0
2152942 close(5</tmp/.tmpKjEMmU/index.outbox>) = 0
2152942 close(4</tmp/.tmpKjEMmU/index.outbox.inactive>) = 0
2152942 close(3</tmp/.tmpKjEMmU/index.outbox.lock>) = 0
2152942 mkdir("/tmp/.tmpKjEMmU", 0700)  = -1 EEXIST (File exists)
2152942 openat(AT_FDCWD</home/heathledger/Documents/ioi/repos/ioi>, "/tmp/.tmpKjEMmU", O_RDONLY|O_CLOEXEC) = 3</tmp/.tmpKjEMmU>
2152942 fsync(3</tmp/.tmpKjEMmU>)       = 0
2152942 close(3</tmp/.tmpKjEMmU>)       = 0
2152942 openat(AT_FDCWD</home/heathledger/Documents/ioi/repos/ioi>, "/tmp", O_RDONLY|O_CLOEXEC) = 3</tmp>
2152942 fsync(3</tmp>)                  = 0
2152942 close(3</tmp>)                  = 0
2152942 openat(AT_FDCWD</home/heathledger/Documents/ioi/repos/ioi>, "/", O_RDONLY|O_CLOEXEC) = 3</>
2152942 fsync(3</>)                     = 0
2152942 close(3</>)                     = 0
2152942 openat(AT_FDCWD</home/heathledger/Documents/ioi/repos/ioi>, "/tmp/.tmpKjEMmU/index.outbox.lock", O_RDWR|O_CREAT|O_CLOEXEC, 0600) = 3</tmp/.tmpKjEMmU/index.outbox.lock>
2152942 openat(AT_FDCWD</home/heathledger/Documents/ioi/repos/ioi>, "/tmp/.tmpKjEMmU/index.outbox", O_RDONLY|O_CLOEXEC) = 4</tmp/.tmpKjEMmU/index.outbox>
2152942 close(4</tmp/.tmpKjEMmU/index.outbox>) = 0
2152942 openat(AT_FDCWD</home/heathledger/Documents/ioi/repos/ioi>, "/tmp/.tmpKjEMmU/index.outbox", O_RDONLY|O_CLOEXEC) = 4</tmp/.tmpKjEMmU/index.outbox>
2152942 openat(AT_FDCWD</home/heathledger/Documents/ioi/repos/ioi>, "/tmp/.tmpKjEMmU/index.outbox", O_RDONLY|O_CLOEXEC) = 5</tmp/.tmpKjEMmU/index.outbox>
2152942 close(5</tmp/.tmpKjEMmU/index.outbox>) = 0
2152942 close(4</tmp/.tmpKjEMmU/index.outbox>) = 0
2152942 openat(AT_FDCWD</home/heathledger/Documents/ioi/repos/ioi>, "/tmp/.tmpKjEMmU/index.outbox.quv-arena", O_RDWR|O_NOFOLLOW|O_CLOEXEC) = 4</tmp/.tmpKjEMmU/index.outbox.quv-arena>
2152942 openat(AT_FDCWD</home/heathledger/Documents/ioi/repos/ioi>, "/tmp/.tmpKjEMmU/index.outbox.entries/bfda7557b26ba2db032dad88ee86dfb65e5a135d89854df67a6244e165dae759", O_RDONLY|O_CLOEXEC) = 5</tmp/.tmpKjEMmU/index.outbox.entries/bfda7557b26ba2db032dad88ee86dfb65e5a135d89854df67a6244e165dae759>
2152942 close(5</tmp/.tmpKjEMmU/index.outbox.entries/bfda7557b26ba2db032dad88ee86dfb65e5a135d89854df67a6244e165dae759>) = 0
2152942 close(4</tmp/.tmpKjEMmU/index.outbox.quv-arena>) = 0
2152942 openat(AT_FDCWD</home/heathledger/Documents/ioi/repos/ioi>, "/tmp/.tmpKjEMmU/index.outbox", O_RDONLY|O_CLOEXEC) = 4</tmp/.tmpKjEMmU/index.outbox>
2152942 openat(AT_FDCWD</home/heathledger/Documents/ioi/repos/ioi>, "/tmp/.tmpKjEMmU/index.outbox", O_RDONLY|O_CLOEXEC) = 5</tmp/.tmpKjEMmU/index.outbox>
2152942 close(5</tmp/.tmpKjEMmU/index.outbox>) = 0
2152942 close(4</tmp/.tmpKjEMmU/index.outbox>) = 0
2152942 openat(AT_FDCWD</home/heathledger/Documents/ioi/repos/ioi>, "/tmp/.tmpKjEMmU/index.outbox.entries", O_RDONLY|O_NONBLOCK|O_CLOEXEC|O_DIRECTORY) = 4</tmp/.tmpKjEMmU/index.outbox.entries>
2152942 close(4</tmp/.tmpKjEMmU/index.outbox.entries>) = 0
2152942 openat(AT_FDCWD</home/heathledger/Documents/ioi/repos/ioi>, "/tmp/.tmpKjEMmU/index.outbox.entries", O_RDONLY|O_CLOEXEC) = 4</tmp/.tmpKjEMmU/index.outbox.entries>
2152942 fsync(4</tmp/.tmpKjEMmU/index.outbox.entries>) = 0
2152942 close(4</tmp/.tmpKjEMmU/index.outbox.entries>) = 0
2152942 openat(AT_FDCWD</home/heathledger/Documents/ioi/repos/ioi>, "/tmp/.tmpKjEMmU/index.outbox", O_RDONLY|O_CLOEXEC) = 4</tmp/.tmpKjEMmU/index.outbox>
2152942 close(4</tmp/.tmpKjEMmU/index.outbox>) = 0
2152942 openat(AT_FDCWD</home/heathledger/Documents/ioi/repos/ioi>, "/tmp/.tmpKjEMmU/index.outbox", O_RDONLY|O_CLOEXEC) = 4</tmp/.tmpKjEMmU/index.outbox>
2152942 openat(AT_FDCWD</home/heathledger/Documents/ioi/repos/ioi>, "/tmp/.tmpKjEMmU/index.outbox", O_RDONLY|O_CLOEXEC) = 5</tmp/.tmpKjEMmU/index.outbox>
2152942 close(5</tmp/.tmpKjEMmU/index.outbox>) = 0
2152942 close(4</tmp/.tmpKjEMmU/index.outbox>) = 0
2152942 openat(AT_FDCWD</home/heathledger/Documents/ioi/repos/ioi>, "/tmp/.tmpKjEMmU/index.outbox.inactive", O_RDWR|O_CREAT|O_NOFOLLOW|O_CLOEXEC, 0600) = 4</tmp/.tmpKjEMmU/index.outbox.inactive>
2152942 fsync(4</tmp/.tmpKjEMmU/index.outbox.inactive>) = 0
2152942 fsync(4</tmp/.tmpKjEMmU/index.outbox.inactive>) = 0
2152942 openat(AT_FDCWD</home/heathledger/Documents/ioi/repos/ioi>, "/tmp/.tmpKjEMmU", O_RDONLY|O_CLOEXEC) = 5</tmp/.tmpKjEMmU>
2152942 fsync(5</tmp/.tmpKjEMmU>)       = 0
2152942 close(5</tmp/.tmpKjEMmU>)       = 0
2152942 openat(AT_FDCWD</home/heathledger/Documents/ioi/repos/ioi>, "/tmp/.tmpKjEMmU/index.outbox", O_RDONLY|O_CLOEXEC) = 5</tmp/.tmpKjEMmU/index.outbox>
2152942 close(5</tmp/.tmpKjEMmU/index.outbox>) = 0
2152942 openat(AT_FDCWD</home/heathledger/Documents/ioi/repos/ioi>, "/tmp/.tmpKjEMmU/index.outbox", O_RDONLY|O_CLOEXEC) = 5</tmp/.tmpKjEMmU/index.outbox>
2152942 close(5</tmp/.tmpKjEMmU/index.outbox>) = 0
2152942 openat(AT_FDCWD</home/heathledger/Documents/ioi/repos/ioi>, "/tmp/.tmpKjEMmU", O_RDONLY|O_CLOEXEC) = 5</tmp/.tmpKjEMmU>
2152942 fsync(5</tmp/.tmpKjEMmU>)       = 0
2152942 close(5</tmp/.tmpKjEMmU>)       = 0
2152942 close(4</tmp/.tmpKjEMmU/index.outbox>) = 0
2152942 openat(AT_FDCWD</home/heathledger/Documents/ioi/repos/ioi>, "/tmp/.tmpKjEMmU/index.outbox", O_RDONLY|O_CLOEXEC) = 4</tmp/.tmpKjEMmU/index.outbox>
2152942 openat(AT_FDCWD</home/heathledger/Documents/ioi/repos/ioi>, "/tmp/.tmpKjEMmU/index.outbox", O_RDONLY|O_CLOEXEC) = 5</tmp/.tmpKjEMmU/index.outbox>
2152942 close(5</tmp/.tmpKjEMmU/index.outbox>) = 0
2152942 close(4</tmp/.tmpKjEMmU/index.outbox>) = 0
2152942 openat(AT_FDCWD</home/heathledger/Documents/ioi/repos/ioi>, "/tmp/.tmpKjEMmU/index.outbox.quv-arena", O_RDWR|O_NOFOLLOW|O_CLOEXEC) = 4</tmp/.tmpKjEMmU/index.outbox.quv-arena>
2152942 close(4</tmp/.tmpKjEMmU/index.outbox.quv-arena>) = 0
2152942 close(3</tmp/.tmpKjEMmU/index.outbox.lock>) = 0
2152942 openat(AT_FDCWD</home/heathledger/Documents/ioi/repos/ioi>, "/tmp/.tmpKjEMmU", O_RDONLY|O_NOFOLLOW|O_CLOEXEC|O_DIRECTORY) = 3</tmp/.tmpKjEMmU>
2152942 openat(3</tmp/.tmpKjEMmU>, "index.outbox.entries", O_RDONLY|O_NOFOLLOW|O_CLOEXEC|O_DIRECTORY) = 4</tmp/.tmpKjEMmU/index.outbox.entries>
2152942 close(4</tmp/.tmpKjEMmU/index.outbox.entries>) = 0
2152942 close(3</tmp/.tmpKjEMmU>)       = 0
2152942 +++ exited with 0 +++
2152941 +++ exited with 0 +++
