{"families": 33, "negative_mutations_witnessed": 25, "sound_conflicting_accepts": 0, "sound_liveness_failures": 0, "states_explored": 8348}
wrote /tmp/ioi-m17q-daybreak.u6nAwg/review-output/m17q_spec_twin_results.json
	Command being timed: "python3 m17q_spec_twin.py --output m17q_spec_twin_results.json"
	User time (seconds): 0.04
	System time (seconds): 0.00
	Percent of CPU this job got: 96%
	Elapsed (wall clock) time (h:mm:ss or m:ss): 0:00.05
	Average shared text size (kbytes): 0
	Average unshared data size (kbytes): 0
	Average stack size (kbytes): 0
	Average total size (kbytes): 0
	Maximum resident set size (kbytes): 20472
	Average resident set size (kbytes): 0
	Major (requiring I/O) page faults: 6
	Minor (reclaiming a frame) page faults: 2926
	Voluntary context switches: 10
	Involuntary context switches: 5
	Swaps: 0
	File system inputs: 80
	File system outputs: 40
	Socket messages sent: 0
	Socket messages received: 0
	Signals delivered: 0
	Page size (bytes): 4096
	Exit status: 0
