census OK: 77 modules = 64 executed + 13 manifest-marked (manual)
(* fingerprints file ".tlacache/QuvLifetimeBudgetProof.tlaps/fingerprints" removed *)
(* created new ".tlacache/QuvLifetimeBudgetProof.tlaps/QuvLifetimeBudgetProof.thy" *)
(* fingerprints written in ".tlacache/QuvLifetimeBudgetProof.tlaps/fingerprints" *)
File "./QuvLifetimeBudgetProof.tla", line 1, character 1 to line 33, character 77:
[INFO]: All 36 obligations proved.
TLC2 Version 2026.08.11.125311 (rev: 0894c34)
Warning: Please run the Java VM, which executes TLC with a throughput optimized garbage collector, by passing the "-XX:+UseParallelGC" property.
(Use the -nowarning option to disable this warning.)
Running breadth-first search Model-Checking with fp 9 and seed -9086015046338301465 with 1 worker on 24 cores with 24000MB heap and 64MB offheap memory [pid: 4185783] (Linux 6.17.9-76061709-generic amd64, Ubuntu 21.0.10 64bit, MSBDiskFPSet, DiskStateQueue).
Parsing file /home/heathledger/Documents/ioi/repos/ioi/internal-docs/architecture/protocols/aft/formal/resource_profile/QuvLifetimeBudget.tla
Parsing file /tmp/tlc-17200041676416505499/Integers.tla (jar:file:/home/heathledger/Documents/ioi/repos/ioi/.internal/formal-cache/tools/tla/tla2tools.jar!/tla2sany/StandardModules/Integers.tla)
Parsing file /tmp/tlc-17200041676416505499/FiniteSets.tla (jar:file:/home/heathledger/Documents/ioi/repos/ioi/.internal/formal-cache/tools/tla/tla2tools.jar!/tla2sany/StandardModules/FiniteSets.tla)
Parsing file /tmp/tlc-17200041676416505499/_TLCTrace.tla (jar:file:/home/heathledger/Documents/ioi/repos/ioi/.internal/formal-cache/tools/tla/tla2tools.jar!/tla2sany/StandardModules/_TLCTrace.tla)
Parsing file /tmp/tlc-17200041676416505499/Naturals.tla (jar:file:/home/heathledger/Documents/ioi/repos/ioi/.internal/formal-cache/tools/tla/tla2tools.jar!/tla2sany/StandardModules/Naturals.tla)
Parsing file /tmp/tlc-17200041676416505499/Sequences.tla (jar:file:/home/heathledger/Documents/ioi/repos/ioi/.internal/formal-cache/tools/tla/tla2tools.jar!/tla2sany/StandardModules/Sequences.tla)
Parsing file /tmp/tlc-17200041676416505499/TLC.tla (jar:file:/home/heathledger/Documents/ioi/repos/ioi/.internal/formal-cache/tools/tla/tla2tools.jar!/tla2sany/StandardModules/TLC.tla)
Parsing file /tmp/tlc-17200041676416505499/TLCExt.tla (jar:file:/home/heathledger/Documents/ioi/repos/ioi/.internal/formal-cache/tools/tla/tla2tools.jar!/tla2sany/StandardModules/TLCExt.tla)
Semantic processing of module Naturals
Semantic processing of module Integers
Semantic processing of module Sequences
Semantic processing of module FiniteSets
Semantic processing of module TLC
Semantic processing of module TLCExt
Semantic processing of module _TLCTrace
Semantic processing of module QuvLifetimeBudget
Linting of module TLCExt
Linting of module _TLCTrace
Linting of module QuvLifetimeBudget
Starting... (2026-09-05 22:01:31)
Computing initial states...
Finished computing initial states: 1 distinct state generated at 2026-09-05 22:01:31.
Model checking completed. No error has been found.
  Estimates of the probability that TLC did not check all reachable states
  because two distinct states had the same fingerprint:
  calculated (optimistic):  val = 1.7E-11
56321 states generated, 6144 distinct states found, 0 states left on queue.
The depth of the complete state graph search is 11.
The average outdegree of the complete state graph is 1 (minimum is 0, the maximum 20 and the 95th percentile is 4).
Finished in 00s at (2026-09-05 22:01:31)
TLC2 Version 2026.08.11.125311 (rev: 0894c34)
Warning: Please run the Java VM, which executes TLC with a throughput optimized garbage collector, by passing the "-XX:+UseParallelGC" property.
(Use the -nowarning option to disable this warning.)
Running breadth-first search Model-Checking with fp 5 and seed 4605641810027183543 with 1 worker on 24 cores with 24000MB heap and 64MB offheap memory [pid: 4186102] (Linux 6.17.9-76061709-generic amd64, Ubuntu 21.0.10 64bit, MSBDiskFPSet, DiskStateQueue).
Parsing file /tmp/tmp.sBeKSlMLFC/QuvLifetimeBudget.tla
Parsing file /tmp/tlc-17352979388408186090/Integers.tla (jar:file:/home/heathledger/Documents/ioi/repos/ioi/.internal/formal-cache/tools/tla/tla2tools.jar!/tla2sany/StandardModules/Integers.tla)
Parsing file /tmp/tlc-17352979388408186090/FiniteSets.tla (jar:file:/home/heathledger/Documents/ioi/repos/ioi/.internal/formal-cache/tools/tla/tla2tools.jar!/tla2sany/StandardModules/FiniteSets.tla)
Parsing file /tmp/tlc-17352979388408186090/_TLCTrace.tla (jar:file:/home/heathledger/Documents/ioi/repos/ioi/.internal/formal-cache/tools/tla/tla2tools.jar!/tla2sany/StandardModules/_TLCTrace.tla)
Parsing file /tmp/tlc-17352979388408186090/Naturals.tla (jar:file:/home/heathledger/Documents/ioi/repos/ioi/.internal/formal-cache/tools/tla/tla2tools.jar!/tla2sany/StandardModules/Naturals.tla)
Parsing file /tmp/tlc-17352979388408186090/Sequences.tla (jar:file:/home/heathledger/Documents/ioi/repos/ioi/.internal/formal-cache/tools/tla/tla2tools.jar!/tla2sany/StandardModules/Sequences.tla)
Parsing file /tmp/tlc-17352979388408186090/TLC.tla (jar:file:/home/heathledger/Documents/ioi/repos/ioi/.internal/formal-cache/tools/tla/tla2tools.jar!/tla2sany/StandardModules/TLC.tla)
Parsing file /tmp/tlc-17352979388408186090/TLCExt.tla (jar:file:/home/heathledger/Documents/ioi/repos/ioi/.internal/formal-cache/tools/tla/tla2tools.jar!/tla2sany/StandardModules/TLCExt.tla)
Semantic processing of module Naturals
Semantic processing of module Integers
Semantic processing of module Sequences
Semantic processing of module FiniteSets
Semantic processing of module TLC
Semantic processing of module TLCExt
Semantic processing of module _TLCTrace
Semantic processing of module QuvLifetimeBudget
Linting of module TLCExt
Linting of module _TLCTrace
Linting of module QuvLifetimeBudget
Starting... (2026-09-05 22:01:31)
Computing initial states...
Finished computing initial states: 1 distinct state generated at 2026-09-05 22:01:31.
Error: Invariant ChargedRecordBytes is violated.
Error: The behavior up to this point is:
State 1: <Initial predicate>
/\ seen = {}
/\ charged = 0

State 2: <Record line 15, col 13 to line 16, col 40 of module QuvLifetimeBudget>
/\ seen = {<<1, 1>>}
/\ charged = 1

State 3: <Record line 15, col 13 to line 16, col 40 of module QuvLifetimeBudget>
/\ seen = {<<1, 1>>}
/\ charged = 3

32 states generated, 31 distinct states found, 28 states left on queue.
The depth of the complete state graph search is 3.
Finished in 00s at (2026-09-05 22:01:31)
Trace exploration spec path: ./QuvLifetimeBudget_TTrace_1788660091.tla
expected counterexample observed: QuvLifetimeBudget.tla: Invariant ChargedRecordBytes is violated
