START core 2026-09-06T01:58:34.379886+00:00
DONE core 0
START runtime 2026-09-06T02:00:48.488601+00:00
DONE runtime 0
START cli 2026-09-06T02:01:09.773389+00:00
DONE cli 0
START format 2026-09-06T02:01:17.962714+00:00
DONE format 0
START syntax 2026-09-06T02:01:26.292832+00:00
DONE syntax 0
START formal 2026-09-06T02:01:26.297273+00:00
DONE formal 0
START anchor 2026-09-06T02:01:27.631158+00:00
DONE anchor 0
START continuation 2026-09-06T02:01:29.029443+00:00
DONE continuation 0
START lifetime 2026-09-06T02:01:30.503026+00:00
DONE lifetime 0
START trace 2026-09-06T02:01:32.006297+00:00
DONE trace 0
