census OK: 79 modules = 66 executed + 13 manifest-marked (manual)
(* fingerprints file ".tlacache/PqReservedIndexProof.tlaps/fingerprints" removed *)
(* created new ".tlacache/PqReservedIndexProof.tlaps/PqReservedIndexProof.thy" *)
(* fingerprints written in ".tlacache/PqReservedIndexProof.tlaps/fingerprints" *)
File "./PqReservedIndexProof.tla", line 1, character 1 to line 17, character 77:
[INFO]: All 9 obligations proved.
TLC2 Version 2026.08.11.125311 (rev: 0894c34)
Warning: Please run the Java VM, which executes TLC with a throughput optimized garbage collector, by passing the "-XX:+UseParallelGC" property.
(Use the -nowarning option to disable this warning.)
Running breadth-first search Model-Checking with fp 72 and seed -1994587416575199527 with 1 worker on 24 cores with 24000MB heap and 64MB offheap memory [pid: 1745731] (Linux 6.17.9-76061709-generic amd64, Ubuntu 21.0.10 64bit, MSBDiskFPSet, DiskStateQueue).
Parsing file /home/heathledger/Documents/ioi/repos/ioi/internal-docs/architecture/protocols/aft/formal/outbox/PqReservedIndex.tla
Parsing file /tmp/tlc-253239469470155833/Integers.tla (jar:file:/home/heathledger/Documents/ioi/repos/ioi/.internal/formal-cache/tools/tla/tla2tools.jar!/tla2sany/StandardModules/Integers.tla)
Parsing file /tmp/tlc-253239469470155833/FiniteSets.tla (jar:file:/home/heathledger/Documents/ioi/repos/ioi/.internal/formal-cache/tools/tla/tla2tools.jar!/tla2sany/StandardModules/FiniteSets.tla)
Parsing file /tmp/tlc-253239469470155833/_TLCTrace.tla (jar:file:/home/heathledger/Documents/ioi/repos/ioi/.internal/formal-cache/tools/tla/tla2tools.jar!/tla2sany/StandardModules/_TLCTrace.tla)
Parsing file /tmp/tlc-253239469470155833/Naturals.tla (jar:file:/home/heathledger/Documents/ioi/repos/ioi/.internal/formal-cache/tools/tla/tla2tools.jar!/tla2sany/StandardModules/Naturals.tla)
Parsing file /tmp/tlc-253239469470155833/Sequences.tla (jar:file:/home/heathledger/Documents/ioi/repos/ioi/.internal/formal-cache/tools/tla/tla2tools.jar!/tla2sany/StandardModules/Sequences.tla)
Parsing file /tmp/tlc-253239469470155833/TLC.tla (jar:file:/home/heathledger/Documents/ioi/repos/ioi/.internal/formal-cache/tools/tla/tla2tools.jar!/tla2sany/StandardModules/TLC.tla)
Parsing file /tmp/tlc-253239469470155833/TLCExt.tla (jar:file:/home/heathledger/Documents/ioi/repos/ioi/.internal/formal-cache/tools/tla/tla2tools.jar!/tla2sany/StandardModules/TLCExt.tla)
Semantic processing of module Naturals
Semantic processing of module Integers
Semantic processing of module Sequences
Semantic processing of module FiniteSets
Semantic processing of module TLC
Semantic processing of module TLCExt
Semantic processing of module _TLCTrace
Semantic processing of module PqReservedIndex
Linting of module TLCExt
Linting of module _TLCTrace
Linting of module PqReservedIndex
Starting... (2026-09-05 23:27:30)
Computing initial states...
Finished computing initial states: 1 distinct state generated at 2026-09-05 23:27:30.
Model checking completed. No error has been found.
  Estimates of the probability that TLC did not check all reachable states
  because two distinct states had the same fingerprint:
  calculated (optimistic):  val = 7.0E-18
23 states generated, 10 distinct states found, 0 states left on queue.
The depth of the complete state graph search is 8.
The average outdegree of the complete state graph is 1 (minimum is 0, the maximum 2 and the 95th percentile is 2).
Finished in 00s at (2026-09-05 23:27:30)
TLC2 Version 2026.08.11.125311 (rev: 0894c34)
Warning: Please run the Java VM, which executes TLC with a throughput optimized garbage collector, by passing the "-XX:+UseParallelGC" property.
(Use the -nowarning option to disable this warning.)
Running breadth-first search Model-Checking with fp 42 and seed -9089510340238338950 with 1 worker on 24 cores with 24000MB heap and 64MB offheap memory [pid: 1745874] (Linux 6.17.9-76061709-generic amd64, Ubuntu 21.0.10 64bit, MSBDiskFPSet, DiskStateQueue).
Parsing file /tmp/tmp.YvdhDECXgC/PqReservedIndex.tla
Parsing file /tmp/tlc-618050965485621641/Integers.tla (jar:file:/home/heathledger/Documents/ioi/repos/ioi/.internal/formal-cache/tools/tla/tla2tools.jar!/tla2sany/StandardModules/Integers.tla)
Parsing file /tmp/tlc-618050965485621641/FiniteSets.tla (jar:file:/home/heathledger/Documents/ioi/repos/ioi/.internal/formal-cache/tools/tla/tla2tools.jar!/tla2sany/StandardModules/FiniteSets.tla)
Parsing file /tmp/tlc-618050965485621641/_TLCTrace.tla (jar:file:/home/heathledger/Documents/ioi/repos/ioi/.internal/formal-cache/tools/tla/tla2tools.jar!/tla2sany/StandardModules/_TLCTrace.tla)
Parsing file /tmp/tlc-618050965485621641/Naturals.tla (jar:file:/home/heathledger/Documents/ioi/repos/ioi/.internal/formal-cache/tools/tla/tla2tools.jar!/tla2sany/StandardModules/Naturals.tla)
Parsing file /tmp/tlc-618050965485621641/Sequences.tla (jar:file:/home/heathledger/Documents/ioi/repos/ioi/.internal/formal-cache/tools/tla/tla2tools.jar!/tla2sany/StandardModules/Sequences.tla)
Parsing file /tmp/tlc-618050965485621641/TLC.tla (jar:file:/home/heathledger/Documents/ioi/repos/ioi/.internal/formal-cache/tools/tla/tla2tools.jar!/tla2sany/StandardModules/TLC.tla)
Parsing file /tmp/tlc-618050965485621641/TLCExt.tla (jar:file:/home/heathledger/Documents/ioi/repos/ioi/.internal/formal-cache/tools/tla/tla2tools.jar!/tla2sany/StandardModules/TLCExt.tla)
Semantic processing of module Naturals
Semantic processing of module Integers
Semantic processing of module Sequences
Semantic processing of module FiniteSets
Semantic processing of module TLC
Semantic processing of module TLCExt
Semantic processing of module _TLCTrace
Semantic processing of module PqReservedIndex
Linting of module TLCExt
Linting of module _TLCTrace
Linting of module PqReservedIndex
Starting... (2026-09-05 23:27:31)
Computing initial states...
Finished computing initial states: 1 distinct state generated at 2026-09-05 23:27:31.
Error: Invariant ActiveRecoverable is violated.
Error: The behavior up to this point is:
State 1: <Initial predicate>
/\ active = 0
/\ persistedActive = 0
/\ phase = "Idle"
/\ valid = {0, 1}
/\ allocated = {0, 1}

State 2: <BeginWrite line 10, col 15 to line 14, col 76 of module PqReservedIndex>
/\ active = 0
/\ persistedActive = 0
/\ phase = "Writing"
/\ valid = {0}
/\ allocated = {0, 1}

State 3: <Exchange line 18, col 13 to line 20, col 62 of module PqReservedIndex>
/\ active = 1
/\ persistedActive = 0
/\ phase = "Exchanged"
/\ valid = {0}
/\ allocated = {0, 1}

5 states generated, 4 distinct states found, 1 states left on queue.
The depth of the complete state graph search is 3.
Finished in 00s at (2026-09-05 23:27:31)
Trace exploration spec path: ./PqReservedIndex_TTrace_1788665251.tla
expected counterexample observed: PqReservedIndex.tla: Invariant ActiveRecoverable is violated
TLC2 Version 2026.08.11.125311 (rev: 0894c34)
Warning: Please run the Java VM, which executes TLC with a throughput optimized garbage collector, by passing the "-XX:+UseParallelGC" property.
(Use the -nowarning option to disable this warning.)
Running breadth-first search Model-Checking with fp 94 and seed 6880467392269491448 with 1 worker on 24 cores with 24000MB heap and 64MB offheap memory [pid: 1746100] (Linux 6.17.9-76061709-generic amd64, Ubuntu 21.0.10 64bit, MSBDiskFPSet, DiskStateQueue).
Parsing file /tmp/tmp.9Oas8sExAw/PqReservedIndex.tla
Parsing file /tmp/tlc-8939617491758561473/Integers.tla (jar:file:/home/heathledger/Documents/ioi/repos/ioi/.internal/formal-cache/tools/tla/tla2tools.jar!/tla2sany/StandardModules/Integers.tla)
Parsing file /tmp/tlc-8939617491758561473/FiniteSets.tla (jar:file:/home/heathledger/Documents/ioi/repos/ioi/.internal/formal-cache/tools/tla/tla2tools.jar!/tla2sany/StandardModules/FiniteSets.tla)
Parsing file /tmp/tlc-8939617491758561473/_TLCTrace.tla (jar:file:/home/heathledger/Documents/ioi/repos/ioi/.internal/formal-cache/tools/tla/tla2tools.jar!/tla2sany/StandardModules/_TLCTrace.tla)
Parsing file /tmp/tlc-8939617491758561473/Naturals.tla (jar:file:/home/heathledger/Documents/ioi/repos/ioi/.internal/formal-cache/tools/tla/tla2tools.jar!/tla2sany/StandardModules/Naturals.tla)
Parsing file /tmp/tlc-8939617491758561473/Sequences.tla (jar:file:/home/heathledger/Documents/ioi/repos/ioi/.internal/formal-cache/tools/tla/tla2tools.jar!/tla2sany/StandardModules/Sequences.tla)
Parsing file /tmp/tlc-8939617491758561473/TLC.tla (jar:file:/home/heathledger/Documents/ioi/repos/ioi/.internal/formal-cache/tools/tla/tla2tools.jar!/tla2sany/StandardModules/TLC.tla)
Parsing file /tmp/tlc-8939617491758561473/TLCExt.tla (jar:file:/home/heathledger/Documents/ioi/repos/ioi/.internal/formal-cache/tools/tla/tla2tools.jar!/tla2sany/StandardModules/TLCExt.tla)
Semantic processing of module Naturals
Semantic processing of module Integers
Semantic processing of module Sequences
Semantic processing of module FiniteSets
Semantic processing of module TLC
Semantic processing of module TLCExt
Semantic processing of module _TLCTrace
Semantic processing of module PqReservedIndex
Linting of module TLCExt
Linting of module _TLCTrace
Linting of module PqReservedIndex
Starting... (2026-09-05 23:27:31)
Computing initial states...
Finished computing initial states: 1 distinct state generated at 2026-09-05 23:27:31.
Error: Invariant CapacityRetained is violated.
Error: The behavior up to this point is:
State 1: <Initial predicate>
/\ active = 0
/\ persistedActive = 0
/\ phase = "Idle"
/\ valid = {0, 1}
/\ allocated = {0, 1}

State 2: <BeginWrite line 10, col 15 to line 14, col 76 of module PqReservedIndex>
/\ active = 0
/\ persistedActive = 0
/\ phase = "Writing"
/\ valid = {0}
/\ allocated = {0}

2 states generated, 2 distinct states found, 0 states left on queue.
The depth of the complete state graph search is 2.
Finished in 00s at (2026-09-05 23:27:31)
Trace exploration spec path: ./PqReservedIndex_TTrace_1788665251.tla
expected counterexample observed: PqReservedIndex.tla: Invariant CapacityRetained is violated
