census OK: 79 modules = 66 executed + 13 manifest-marked (manual)
(* fingerprints file ".tlacache/QuvRecordReservationProof.tlaps/fingerprints" removed *)
(* created new ".tlacache/QuvRecordReservationProof.tlaps/QuvRecordReservationProof.thy" *)
(* fingerprints written in ".tlacache/QuvRecordReservationProof.tlaps/fingerprints" *)
File "./QuvRecordReservationProof.tla", line 1, character 1 to line 17, character 77:
[INFO]: All 9 obligations proved.
TLC2 Version 2026.08.11.125311 (rev: 0894c34)
Warning: Please run the Java VM, which executes TLC with a throughput optimized garbage collector, by passing the "-XX:+UseParallelGC" property.
(Use the -nowarning option to disable this warning.)
Running breadth-first search Model-Checking with fp 47 and seed 2901296381833197065 with 1 worker on 24 cores with 24000MB heap and 64MB offheap memory [pid: 1746419] (Linux 6.17.9-76061709-generic amd64, Ubuntu 21.0.10 64bit, MSBDiskFPSet, DiskStateQueue).
Parsing file /home/heathledger/Documents/ioi/repos/ioi/internal-docs/architecture/protocols/aft/formal/resource_profile/QuvRecordReservation.tla
Parsing file /tmp/tlc-551924421007134490/FiniteSets.tla (jar:file:/home/heathledger/Documents/ioi/repos/ioi/.internal/formal-cache/tools/tla/tla2tools.jar!/tla2sany/StandardModules/FiniteSets.tla)
Parsing file /tmp/tlc-551924421007134490/_TLCTrace.tla (jar:file:/home/heathledger/Documents/ioi/repos/ioi/.internal/formal-cache/tools/tla/tla2tools.jar!/tla2sany/StandardModules/_TLCTrace.tla)
Parsing file /tmp/tlc-551924421007134490/Naturals.tla (jar:file:/home/heathledger/Documents/ioi/repos/ioi/.internal/formal-cache/tools/tla/tla2tools.jar!/tla2sany/StandardModules/Naturals.tla)
Parsing file /tmp/tlc-551924421007134490/Sequences.tla (jar:file:/home/heathledger/Documents/ioi/repos/ioi/.internal/formal-cache/tools/tla/tla2tools.jar!/tla2sany/StandardModules/Sequences.tla)
Parsing file /tmp/tlc-551924421007134490/TLC.tla (jar:file:/home/heathledger/Documents/ioi/repos/ioi/.internal/formal-cache/tools/tla/tla2tools.jar!/tla2sany/StandardModules/TLC.tla)
Parsing file /tmp/tlc-551924421007134490/TLCExt.tla (jar:file:/home/heathledger/Documents/ioi/repos/ioi/.internal/formal-cache/tools/tla/tla2tools.jar!/tla2sany/StandardModules/TLCExt.tla)
Parsing file /tmp/tlc-551924421007134490/Integers.tla (jar:file:/home/heathledger/Documents/ioi/repos/ioi/.internal/formal-cache/tools/tla/tla2tools.jar!/tla2sany/StandardModules/Integers.tla)
Semantic processing of module Naturals
Semantic processing of module Sequences
Semantic processing of module FiniteSets
Semantic processing of module TLC
Semantic processing of module Integers
Semantic processing of module TLCExt
Semantic processing of module _TLCTrace
Semantic processing of module QuvRecordReservation
Linting of module TLCExt
Linting of module _TLCTrace
Linting of module QuvRecordReservation
Starting... (2026-09-05 23:27:32)
Computing initial states...
Finished computing initial states: 1 distinct state generated at 2026-09-05 23:27:32.
Model checking completed. No error has been found.
  Estimates of the probability that TLC did not check all reachable states
  because two distinct states had the same fingerprint:
  calculated (optimistic):  val = 2.3E-17
43 states generated, 15 distinct states found, 0 states left on queue.
The depth of the complete state graph search is 6.
The average outdegree of the complete state graph is 1 (minimum is 0, the maximum 2 and the 95th percentile is 2).
Finished in 00s at (2026-09-05 23:27:32)
TLC2 Version 2026.08.11.125311 (rev: 0894c34)
Warning: Please run the Java VM, which executes TLC with a throughput optimized garbage collector, by passing the "-XX:+UseParallelGC" property.
(Use the -nowarning option to disable this warning.)
Running breadth-first search Model-Checking with fp 101 and seed -3304202252818435003 with 1 worker on 24 cores with 24000MB heap and 64MB offheap memory [pid: 1746533] (Linux 6.17.9-76061709-generic amd64, Ubuntu 21.0.10 64bit, MSBDiskFPSet, DiskStateQueue).
Parsing file /tmp/tmp.Ma1oladKYr/QuvRecordReservation.tla
Parsing file /tmp/tlc-1564056821585577282/FiniteSets.tla (jar:file:/home/heathledger/Documents/ioi/repos/ioi/.internal/formal-cache/tools/tla/tla2tools.jar!/tla2sany/StandardModules/FiniteSets.tla)
Parsing file /tmp/tlc-1564056821585577282/_TLCTrace.tla (jar:file:/home/heathledger/Documents/ioi/repos/ioi/.internal/formal-cache/tools/tla/tla2tools.jar!/tla2sany/StandardModules/_TLCTrace.tla)
Parsing file /tmp/tlc-1564056821585577282/Naturals.tla (jar:file:/home/heathledger/Documents/ioi/repos/ioi/.internal/formal-cache/tools/tla/tla2tools.jar!/tla2sany/StandardModules/Naturals.tla)
Parsing file /tmp/tlc-1564056821585577282/Sequences.tla (jar:file:/home/heathledger/Documents/ioi/repos/ioi/.internal/formal-cache/tools/tla/tla2tools.jar!/tla2sany/StandardModules/Sequences.tla)
Parsing file /tmp/tlc-1564056821585577282/TLC.tla (jar:file:/home/heathledger/Documents/ioi/repos/ioi/.internal/formal-cache/tools/tla/tla2tools.jar!/tla2sany/StandardModules/TLC.tla)
Parsing file /tmp/tlc-1564056821585577282/TLCExt.tla (jar:file:/home/heathledger/Documents/ioi/repos/ioi/.internal/formal-cache/tools/tla/tla2tools.jar!/tla2sany/StandardModules/TLCExt.tla)
Parsing file /tmp/tlc-1564056821585577282/Integers.tla (jar:file:/home/heathledger/Documents/ioi/repos/ioi/.internal/formal-cache/tools/tla/tla2tools.jar!/tla2sany/StandardModules/Integers.tla)
Semantic processing of module Naturals
Semantic processing of module Sequences
Semantic processing of module FiniteSets
Semantic processing of module TLC
Semantic processing of module Integers
Semantic processing of module TLCExt
Semantic processing of module _TLCTrace
Semantic processing of module QuvRecordReservation
Linting of module TLCExt
Linting of module _TLCTrace
Linting of module QuvRecordReservation
Starting... (2026-09-05 23:27:32)
Computing initial states...
Finished computing initial states: 1 distinct state generated at 2026-09-05 23:27:32.
Error: Invariant CapacityRetained is violated.
Error: The behavior up to this point is:
State 1: <Initial predicate>
/\ pool = {a, b}
/\ dirty = {}
/\ retained = {}
/\ acknowledged = {}
/\ allocated = {a, b}

State 2: <Write line 8, col 10 to line 12, col 54 of module QuvRecordReservation>
/\ pool = {a, b}
/\ dirty = {a}
/\ retained = {}
/\ acknowledged = {}
/\ allocated = {b}

2 states generated, 2 distinct states found, 0 states left on queue.
The depth of the complete state graph search is 2.
Finished in 00s at (2026-09-05 23:27:32)
Trace exploration spec path: ./QuvRecordReservation_TTrace_1788665252.tla
expected counterexample observed: QuvRecordReservation.tla: Invariant CapacityRetained is violated
TLC2 Version 2026.08.11.125311 (rev: 0894c34)
Warning: Please run the Java VM, which executes TLC with a throughput optimized garbage collector, by passing the "-XX:+UseParallelGC" property.
(Use the -nowarning option to disable this warning.)
Running breadth-first search Model-Checking with fp 109 and seed 3070423446900480052 with 1 worker on 24 cores with 24000MB heap and 64MB offheap memory [pid: 1746728] (Linux 6.17.9-76061709-generic amd64, Ubuntu 21.0.10 64bit, MSBDiskFPSet, DiskStateQueue).
Parsing file /tmp/tmp.8sf63aBo3E/QuvRecordReservation.tla
Parsing file /tmp/tlc-27331697506624839/FiniteSets.tla (jar:file:/home/heathledger/Documents/ioi/repos/ioi/.internal/formal-cache/tools/tla/tla2tools.jar!/tla2sany/StandardModules/FiniteSets.tla)
Parsing file /tmp/tlc-27331697506624839/_TLCTrace.tla (jar:file:/home/heathledger/Documents/ioi/repos/ioi/.internal/formal-cache/tools/tla/tla2tools.jar!/tla2sany/StandardModules/_TLCTrace.tla)
Parsing file /tmp/tlc-27331697506624839/Naturals.tla (jar:file:/home/heathledger/Documents/ioi/repos/ioi/.internal/formal-cache/tools/tla/tla2tools.jar!/tla2sany/StandardModules/Naturals.tla)
Parsing file /tmp/tlc-27331697506624839/Sequences.tla (jar:file:/home/heathledger/Documents/ioi/repos/ioi/.internal/formal-cache/tools/tla/tla2tools.jar!/tla2sany/StandardModules/Sequences.tla)
Parsing file /tmp/tlc-27331697506624839/TLC.tla (jar:file:/home/heathledger/Documents/ioi/repos/ioi/.internal/formal-cache/tools/tla/tla2tools.jar!/tla2sany/StandardModules/TLC.tla)
Parsing file /tmp/tlc-27331697506624839/TLCExt.tla (jar:file:/home/heathledger/Documents/ioi/repos/ioi/.internal/formal-cache/tools/tla/tla2tools.jar!/tla2sany/StandardModules/TLCExt.tla)
Parsing file /tmp/tlc-27331697506624839/Integers.tla (jar:file:/home/heathledger/Documents/ioi/repos/ioi/.internal/formal-cache/tools/tla/tla2tools.jar!/tla2sany/StandardModules/Integers.tla)
Semantic processing of module Naturals
Semantic processing of module Sequences
Semantic processing of module FiniteSets
Semantic processing of module TLC
Semantic processing of module Integers
Semantic processing of module TLCExt
Semantic processing of module _TLCTrace
Semantic processing of module QuvRecordReservation
Linting of module TLCExt
Linting of module _TLCTrace
Linting of module QuvRecordReservation
Starting... (2026-09-05 23:27:32)
Computing initial states...
Finished computing initial states: 1 distinct state generated at 2026-09-05 23:27:33.
Error: Invariant AcknowledgedRetained is violated.
Error: The behavior up to this point is:
State 1: <Initial predicate>
/\ pool = {a, b}
/\ dirty = {}
/\ retained = {}
/\ acknowledged = {}
/\ allocated = {a, b}

State 2: <Write line 8, col 10 to line 12, col 54 of module QuvRecordReservation>
/\ pool = {a, b}
/\ dirty = {a}
/\ retained = {}
/\ acknowledged = {}
/\ allocated = {a, b}

State 3: <Publish line 13, col 12 to line 15, col 51 of module QuvRecordReservation>
/\ pool = {b}
/\ dirty = {}
/\ retained = {a}
/\ acknowledged = {}
/\ allocated = {a, b}

State 4: <AnchorAndReply line 16, col 19 to line 17, col 67 of module QuvRecordReservation>
/\ pool = {b}
/\ dirty = {}
/\ retained = {a}
/\ acknowledged = {a}
/\ allocated = {a, b}

State 5: <Forget line 20, col 11 to line 22, col 57 of module QuvRecordReservation>
/\ pool = {a, b}
/\ dirty = {}
/\ retained = {}
/\ acknowledged = {a}
/\ allocated = {a, b}

24 states generated, 12 distinct states found, 4 states left on queue.
The depth of the complete state graph search is 5.
Finished in 00s at (2026-09-05 23:27:33)
Trace exploration spec path: ./QuvRecordReservation_TTrace_1788665252.tla
expected counterexample observed: QuvRecordReservation.tla: Invariant AcknowledgedRetained is violated
