START consequence 2026-09-06T03:26:10.523055+00:00
DONE consequence 0
START types 2026-09-06T03:26:14.306449+00:00
DONE types 0
START runtime 2026-09-06T03:26:14.639663+00:00
DONE runtime 0
START executor 2026-09-06T03:26:57.965874+00:00
DONE executor 0
START cli 2026-09-06T03:26:58.452617+00:00
DONE cli 0
START format 2026-09-06T03:27:14.820190+00:00
DONE format 0
START syntax 2026-09-06T03:27:22.812747+00:00
DONE syntax 0
START formal 2026-09-06T03:27:22.816839+00:00
DONE formal 0
START endpoint-syscalls 2026-09-06T03:27:23.833899+00:00
DONE endpoint-syscalls 0
START receipt-syscalls 2026-09-06T03:27:27.703040+00:00
DONE receipt-syscalls 0
START reserved-index-proof 2026-09-06T03:27:30.412556+00:00
DONE reserved-index-proof 0
START reservation-proof 2026-09-06T03:27:31.789202+00:00
DONE reservation-proof 0
START t10 2026-09-06T03:27:33.136755+00:00
DONE t10 0
