warning: structure field `runtimeTruthSource` should have a snake case name
    --> crates/types/src/app/generated/architecture_contracts.rs:5223:9
     |
5223 |     pub runtimeTruthSource: Option<GoalRunV1RuntimeTruthSource>,
     |         ^^^^^^^^^^^^^^^^^^ help: convert the identifier to snake case: `runtime_truth_source`
     |
     = note: `#[warn(non_snake_case)]` (part of `#[warn(nonstandard_style)]`) on by default

warning: structure field `runtimeTruthSource` should have a snake case name
    --> crates/types/src/app/generated/architecture_contracts.rs:9220:9
     |
9220 |     pub runtimeTruthSource: ArtifactAvailabilityIncidentOperationV1RuntimeTruthSource,
     |         ^^^^^^^^^^^^^^^^^^ help: convert the identifier to snake case: `runtime_truth_source`

warning: structure field `agentgresTruthSource` should have a snake case name
    --> crates/types/src/app/generated/architecture_contracts.rs:9221:9
     |
9221 |     pub agentgresTruthSource: ArtifactAvailabilityIncidentOperationV1AgentgresTruthSource,
     |         ^^^^^^^^^^^^^^^^^^^^ help: convert the identifier to snake case: `agentgres_truth_source`

warning: structure field `runtimeTruthSource` should have a snake case name
    --> crates/types/src/app/generated/architecture_contracts.rs:9480:9
     |
9480 |     pub runtimeTruthSource: ArtifactAvailabilityIncidentV1RuntimeTruthSource,
     |         ^^^^^^^^^^^^^^^^^^ help: convert the identifier to snake case: `runtime_truth_source`

warning: structure field `runtimeTruthSource` should have a snake case name
    --> crates/types/src/app/generated/architecture_contracts.rs:9718:9
     |
9718 |     pub runtimeTruthSource: ArtifactAvailabilityIncidentV1AgentgresOperationRuntimeTruthSource,
     |         ^^^^^^^^^^^^^^^^^^ help: convert the identifier to snake case: `runtime_truth_source`

warning: structure field `agentgresTruthSource` should have a snake case name
    --> crates/types/src/app/generated/architecture_contracts.rs:9719:9
     |
9719 |     pub agentgresTruthSource: ArtifactAvailabilityIncidentV1AgentgresOperationAgentgresTruthSource,
     |         ^^^^^^^^^^^^^^^^^^^^ help: convert the identifier to snake case: `agentgres_truth_source`

warning: structure field `requiresDaemonGate` should have a snake case name
     --> crates/types/src/app/generated/architecture_contracts.rs:26731:9
      |
26731 |     pub requiresDaemonGate: HarnessSessionBindingAdmissionV1RequiresDaemonGate,
      |         ^^^^^^^^^^^^^^^^^^ help: convert the identifier to snake case: `requires_daemon_gate`

warning: structure field `runtimeTruthSource` should have a snake case name
     --> crates/types/src/app/generated/architecture_contracts.rs:26732:9
      |
26732 |     pub runtimeTruthSource: HarnessSessionBindingAdmissionV1RuntimeTruthSource,
      |         ^^^^^^^^^^^^^^^^^^ help: convert the identifier to snake case: `runtime_truth_source`

warning: structure field `runtimeTruthSource` should have a snake case name
     --> crates/types/src/app/generated/architecture_contracts.rs:27154:9
      |
27154 |     pub runtimeTruthSource: HarnessSessionBindingV1RuntimeTruthSource,
      |         ^^^^^^^^^^^^^^^^^^ help: convert the identifier to snake case: `runtime_truth_source`

warning: structure field `requiresDaemonGate` should have a snake case name
     --> crates/types/src/app/generated/architecture_contracts.rs:27566:9
      |
27566 |     pub requiresDaemonGate: HarnessSessionReadinessV1RequiresDaemonGate,
      |         ^^^^^^^^^^^^^^^^^^ help: convert the identifier to snake case: `requires_daemon_gate`

warning: structure field `runtimeTruthSource` should have a snake case name
     --> crates/types/src/app/generated/architecture_contracts.rs:27567:9
      |
27567 |     pub runtimeTruthSource: HarnessSessionReadinessV1RuntimeTruthSource,
      |         ^^^^^^^^^^^^^^^^^^ help: convert the identifier to snake case: `runtime_truth_source`

warning: structure field `requiresDaemonGate` should have a snake case name
     --> crates/types/src/app/generated/architecture_contracts.rs:27844:9
      |
27844 |     pub requiresDaemonGate: HarnessSessionSpawnV1RequiresDaemonGate,
      |         ^^^^^^^^^^^^^^^^^^ help: convert the identifier to snake case: `requires_daemon_gate`

warning: structure field `runtimeTruthSource` should have a snake case name
     --> crates/types/src/app/generated/architecture_contracts.rs:27845:9
      |
27845 |     pub runtimeTruthSource: HarnessSessionSpawnV1RuntimeTruthSource,
      |         ^^^^^^^^^^^^^^^^^^ help: convert the identifier to snake case: `runtime_truth_source`

warning: structure field `requiresDaemonGate` should have a snake case name
     --> crates/types/src/app/generated/architecture_contracts.rs:28316:9
      |
28316 |     pub requiresDaemonGate: HarnessSessionTerminalAttachV1RequiresDaemonGate,
      |         ^^^^^^^^^^^^^^^^^^ help: convert the identifier to snake case: `requires_daemon_gate`

warning: structure field `runtimeTruthSource` should have a snake case name
     --> crates/types/src/app/generated/architecture_contracts.rs:28317:9
      |
28317 |     pub runtimeTruthSource: HarnessSessionTerminalAttachV1RuntimeTruthSource,
      |         ^^^^^^^^^^^^^^^^^^ help: convert the identifier to snake case: `runtime_truth_source`

warning: structure field `runtimeTruthSource` should have a snake case name
     --> crates/types/src/app/generated/architecture_contracts.rs:28756:9
      |
28756 |     pub runtimeTruthSource:
      |         ^^^^^^^^^^^^^^^^^^ help: convert the identifier to snake case: `runtime_truth_source`

warning: structure field `requiresDaemonGate` should have a snake case name
     --> crates/types/src/app/generated/architecture_contracts.rs:31709:9
      |
31709 |     pub requiresDaemonGate: HypervisorSessionLaunchRecipeAdmissionV1RequiresDaemonGate,
      |         ^^^^^^^^^^^^^^^^^^ help: convert the identifier to snake case: `requires_daemon_gate`

warning: structure field `runtimeTruthSource` should have a snake case name
     --> crates/types/src/app/generated/architecture_contracts.rs:31710:9
      |
31710 |     pub runtimeTruthSource: HypervisorSessionLaunchRecipeAdmissionV1RuntimeTruthSource,
      |         ^^^^^^^^^^^^^^^^^^ help: convert the identifier to snake case: `runtime_truth_source`

warning: structure field `runtimeTruthSource` should have a snake case name
     --> crates/types/src/app/generated/architecture_contracts.rs:93444:9
      |
93444 |     pub runtimeTruthSource: ManagedWorkerInstanceStateV1LastTransitionAdmissionRuntimeTruthSource,
      |         ^^^^^^^^^^^^^^^^^^ help: convert the identifier to snake case: `runtime_truth_source`

warning: `ioi-types` (lib) generated 19 warnings
warning: unused doc comment
   --> crates/agentgres/src/event_stream.rs:229:1
    |
229 | / /// Confirm the substrate log is durable on disk.
230 | | ///
231 | | /// The fault-injection hook travels WITH the discipline: a durability
232 | | /// confirmation whose failure path is unreachable in test is a confirmation
...   |
235 | | /// pre-lift implementation so the M4 fault-injection proofs keep exercising
236 | | /// this exact path.
    | |_-------------------^
    |   |
    |   rustdoc does not generate documentation for macro invocations
    |
    = help: to document an item produced by a macro, the macro must produce the documentation as part of its expansion
    = note: `#[warn(unused_doc_comments)]` (part of `#[warn(unused)]`) on by default

warning: `agentgres` (lib) generated 1 warning
warning: unused imports: `chat_reply_looks_like_source_candidate_list`, `chat_reply_looks_like_tool_plan`, and `workspace_chat_reply_looks_terminal`
  --> crates/services/src/agentic/runtime/service/tool_execution/processing/phases/execute_tool_phase/tool_outcome.rs:23:5
   |
23 |     chat_reply_looks_like_source_candidate_list, chat_reply_looks_like_tool_plan,
   |     ^^^^^^^^^^^^^^^^^^^^^^^^^^^^^^^^^^^^^^^^^^^  ^^^^^^^^^^^^^^^^^^^^^^^^^^^^^^^
24 |     file_mutation_policy_action_report_candidate, goal_requires_fresh_retrieval_before_chat_reply,
25 |     source_candidate_chat_reply_blocker, workspace_chat_reply_looks_terminal,
   |                                          ^^^^^^^^^^^^^^^^^^^^^^^^^^^^^^^^^^^
   |
   = note: `#[warn(unused_imports)]` (part of `#[warn(unused)]`) on by default

warning: unused imports: `HandoverAcceptance` and `HandoverApproval`
   --> crates/services/src/guardian_registry/mod.rs:107:55
    |
107 |     GuardianWitnessFaultEvidence, GuardianWitnessSet, HandoverAcceptance, HandoverApproval,
    |                                                       ^^^^^^^^^^^^^^^^^^  ^^^^^^^^^^^^^^^^

warning: unused import: `require_identity`
 --> crates/services/src/wallet_network/handlers/identity.rs:6:46
  |
6 |     is_encrypted_secret_payload, load_typed, require_identity, store_typed,
  |                                              ^^^^^^^^^^^^^^^^

warning: function `append_event_line` is never used
   --> crates/services/src/agentic/runtime/event_log_bridge.rs:233:4
    |
233 | fn append_event_line(state_dir: &str, event_stream_id: &str, event: &Value) -> Result<(), String> {
    |    ^^^^^^^^^^^^^^^^^
    |
    = note: `#[warn(dead_code)]` (part of `#[warn(unused)]`) on by default

warning: method `to_value` is never used
   --> crates/services/src/agentic/runtime/kernel/repository_workflow.rs:195:8
    |
194 | impl RepositoryWorkflowProjectionRecord {
    | --------------------------------------- method in this implementation
195 |     fn to_value(&self) -> Value {
    |        ^^^^^^^^

warning: function `set_array_strings` is never used
   --> crates/services/src/agentic/runtime/kernel/runtime_conversation_artifact_control.rs:570:4
    |
570 | fn set_array_strings(value: &mut Value, key: &str, values: &[String]) {
    |    ^^^^^^^^^^^^^^^^^

warning: method `to_value` is never used
   --> crates/services/src/agentic/runtime/kernel/runtime_lifecycle.rs:196:8
    |
195 | impl RuntimeLifecycleProjectionRecord {
    | ------------------------------------- method in this implementation
196 |     fn to_value(&self) -> Value {
    |        ^^^^^^^^

warning: method `to_value` is never used
   --> crates/services/src/agentic/runtime/kernel/runtime_mcp_serve.rs:635:8
    |
634 | impl RuntimeMcpServeToolCallPlanRecord {
    | -------------------------------------- method in this implementation
635 |     fn to_value(&self) -> Value {
    |        ^^^^^^^^

warning: method `to_value` is never used
   --> crates/services/src/agentic/runtime/kernel/runtime_mcp_serve.rs:664:8
    |
663 | impl RuntimeMcpServeToolResultProjectionRecord {
    | ---------------------------------------------- method in this implementation
664 |     fn to_value(&self) -> Value {
    |        ^^^^^^^^

warning: method `to_value` is never used
   --> crates/services/src/agentic/runtime/kernel/runtime_tool_catalog.rs:144:8
    |
143 | impl RuntimeToolCatalogProjectionRecord {
    | --------------------------------------- method in this implementation
144 |     fn to_value(&self) -> Value {
    |        ^^^^^^^^

warning: method `to_value` is never used
   --> crates/services/src/agentic/runtime/kernel/skill_hook_registry.rs:137:8
    |
136 | impl SkillHookRegistryProjectionRecord {
    | -------------------------------------- method in this implementation
137 |     fn to_value(&self) -> Value {
    |        ^^^^^^^^

warning: function `require_identity` is never used
  --> crates/services/src/wallet_network/support.rs:25:15
   |
25 | pub(super) fn require_identity(state: &dyn StateAccess) -> Result<VaultIdentity, TransactionError> {
   |               ^^^^^^^^^^^^^^^^

warning: unused variable: `public_inputs`
   --> crates/plugins/zk-driver-succinct/src/lib.rs:121:9
    |
121 |         public_inputs: &CanonicalCollapseContinuityPublicInputs,
    |         ^^^^^^^^^^^^^ help: if this is intentional, prefix it with an underscore: `_public_inputs`
    |
    = note: `#[warn(unused_variables)]` (part of `#[warn(unused)]`) on by default

warning: `ioi-services` (lib) generated 12 warnings (run `cargo fix --lib -p ioi-services` to apply 3 suggestions)
warning: `zk-driver-succinct` (lib) generated 1 warning (run `cargo fix --lib -p zk-driver-succinct` to apply 1 suggestion)
warning: unused imports: `AnchoredRegenesisRoot`, `LineageRelation`, and `lineage_relation`
  --> crates/consensus/src/aft/adversarial_campaigns.rs:15:5
   |
15 |     lineage_relation, AnchoredRegenesisRoot, BoundaryRingConfig, LineageRelation,
   |     ^^^^^^^^^^^^^^^^  ^^^^^^^^^^^^^^^^^^^^^                      ^^^^^^^^^^^^^^^
   |
   = note: `#[warn(unused_imports)]` (part of `#[warn(unused)]`) on by default

warning: function `honest_ring` is never used
  --> crates/consensus/src/aft/adversarial_campaigns.rs:73:15
   |
73 | pub(crate) fn honest_ring(members: &[u8]) -> BoundaryRingMembershipSim {
   |               ^^^^^^^^^^^
   |
   = note: `#[warn(dead_code)]` (part of `#[warn(unused)]`) on by default

warning: `ioi-consensus` (lib) generated 2 warnings (run `cargo fix --lib -p ioi-consensus` to apply 1 suggestion)
    Finished `test` profile [unoptimized + debuginfo] target(s) in 0.73s
     Running tests/aft_e2e.rs (target/debug/deps/aft_e2e-3ebab74920d2a953)

running 1 test
--- Building Test Artifacts (one-time setup) ---
Building component for mock-verifier in "/home/heathledger/Documents/ioi/repos/ioi/crates/cli/tests/fixtures/mock-verifier"
WARN: `cargo-component` not found. Skipping build of 'mock-verifier'. Tests relying on this artifact may fail.
--- Test Artifacts built successfully ---
--- Building node binaries with profile=release features: validator-bins,consensus-aft,state-iavl,commitment-hash,vm-wasm ---
warning: structure field `runtimeTruthSource` should have a snake case name
    --> crates/types/src/app/generated/architecture_contracts.rs:5223:9
     |
5223 |     pub runtimeTruthSource: Option<GoalRunV1RuntimeTruthSource>,
     |         ^^^^^^^^^^^^^^^^^^ help: convert the identifier to snake case: `runtime_truth_source`
     |
     = note: `#[warn(non_snake_case)]` (part of `#[warn(nonstandard_style)]`) on by default

warning: structure field `runtimeTruthSource` should have a snake case name
    --> crates/types/src/app/generated/architecture_contracts.rs:9220:9
     |
9220 |     pub runtimeTruthSource: ArtifactAvailabilityIncidentOperationV1RuntimeTruthSource,
     |         ^^^^^^^^^^^^^^^^^^ help: convert the identifier to snake case: `runtime_truth_source`

warning: structure field `agentgresTruthSource` should have a snake case name
    --> crates/types/src/app/generated/architecture_contracts.rs:9221:9
     |
9221 |     pub agentgresTruthSource: ArtifactAvailabilityIncidentOperationV1AgentgresTruthSource,
     |         ^^^^^^^^^^^^^^^^^^^^ help: convert the identifier to snake case: `agentgres_truth_source`

warning: structure field `runtimeTruthSource` should have a snake case name
    --> crates/types/src/app/generated/architecture_contracts.rs:9480:9
     |
9480 |     pub runtimeTruthSource: ArtifactAvailabilityIncidentV1RuntimeTruthSource,
     |         ^^^^^^^^^^^^^^^^^^ help: convert the identifier to snake case: `runtime_truth_source`

warning: structure field `runtimeTruthSource` should have a snake case name
    --> crates/types/src/app/generated/architecture_contracts.rs:9718:9
     |
9718 |     pub runtimeTruthSource: ArtifactAvailabilityIncidentV1AgentgresOperationRuntimeTruthSource,
     |         ^^^^^^^^^^^^^^^^^^ help: convert the identifier to snake case: `runtime_truth_source`

warning: structure field `agentgresTruthSource` should have a snake case name
    --> crates/types/src/app/generated/architecture_contracts.rs:9719:9
     |
9719 |     pub agentgresTruthSource: ArtifactAvailabilityIncidentV1AgentgresOperationAgentgresTruthSource,
     |         ^^^^^^^^^^^^^^^^^^^^ help: convert the identifier to snake case: `agentgres_truth_source`

warning: structure field `requiresDaemonGate` should have a snake case name
     --> crates/types/src/app/generated/architecture_contracts.rs:26731:9
      |
26731 |     pub requiresDaemonGate: HarnessSessionBindingAdmissionV1RequiresDaemonGate,
      |         ^^^^^^^^^^^^^^^^^^ help: convert the identifier to snake case: `requires_daemon_gate`

warning: structure field `runtimeTruthSource` should have a snake case name
     --> crates/types/src/app/generated/architecture_contracts.rs:26732:9
      |
26732 |     pub runtimeTruthSource: HarnessSessionBindingAdmissionV1RuntimeTruthSource,
      |         ^^^^^^^^^^^^^^^^^^ help: convert the identifier to snake case: `runtime_truth_source`

warning: structure field `runtimeTruthSource` should have a snake case name
     --> crates/types/src/app/generated/architecture_contracts.rs:27154:9
      |
27154 |     pub runtimeTruthSource: HarnessSessionBindingV1RuntimeTruthSource,
      |         ^^^^^^^^^^^^^^^^^^ help: convert the identifier to snake case: `runtime_truth_source`

warning: structure field `requiresDaemonGate` should have a snake case name
     --> crates/types/src/app/generated/architecture_contracts.rs:27566:9
      |
27566 |     pub requiresDaemonGate: HarnessSessionReadinessV1RequiresDaemonGate,
      |         ^^^^^^^^^^^^^^^^^^ help: convert the identifier to snake case: `requires_daemon_gate`

warning: structure field `runtimeTruthSource` should have a snake case name
     --> crates/types/src/app/generated/architecture_contracts.rs:27567:9
      |
27567 |     pub runtimeTruthSource: HarnessSessionReadinessV1RuntimeTruthSource,
      |         ^^^^^^^^^^^^^^^^^^ help: convert the identifier to snake case: `runtime_truth_source`

warning: structure field `requiresDaemonGate` should have a snake case name
     --> crates/types/src/app/generated/architecture_contracts.rs:27844:9
      |
27844 |     pub requiresDaemonGate: HarnessSessionSpawnV1RequiresDaemonGate,
      |         ^^^^^^^^^^^^^^^^^^ help: convert the identifier to snake case: `requires_daemon_gate`

warning: structure field `runtimeTruthSource` should have a snake case name
     --> crates/types/src/app/generated/architecture_contracts.rs:27845:9
      |
27845 |     pub runtimeTruthSource: HarnessSessionSpawnV1RuntimeTruthSource,
      |         ^^^^^^^^^^^^^^^^^^ help: convert the identifier to snake case: `runtime_truth_source`

warning: structure field `requiresDaemonGate` should have a snake case name
     --> crates/types/src/app/generated/architecture_contracts.rs:28316:9
      |
28316 |     pub requiresDaemonGate: HarnessSessionTerminalAttachV1RequiresDaemonGate,
      |         ^^^^^^^^^^^^^^^^^^ help: convert the identifier to snake case: `requires_daemon_gate`

warning: structure field `runtimeTruthSource` should have a snake case name
     --> crates/types/src/app/generated/architecture_contracts.rs:28317:9
      |
28317 |     pub runtimeTruthSource: HarnessSessionTerminalAttachV1RuntimeTruthSource,
      |         ^^^^^^^^^^^^^^^^^^ help: convert the identifier to snake case: `runtime_truth_source`

warning: structure field `runtimeTruthSource` should have a snake case name
     --> crates/types/src/app/generated/architecture_contracts.rs:28756:9
      |
28756 |     pub runtimeTruthSource:
      |         ^^^^^^^^^^^^^^^^^^ help: convert the identifier to snake case: `runtime_truth_source`

warning: structure field `requiresDaemonGate` should have a snake case name
     --> crates/types/src/app/generated/architecture_contracts.rs:31709:9
      |
31709 |     pub requiresDaemonGate: HypervisorSessionLaunchRecipeAdmissionV1RequiresDaemonGate,
      |         ^^^^^^^^^^^^^^^^^^ help: convert the identifier to snake case: `requires_daemon_gate`

warning: structure field `runtimeTruthSource` should have a snake case name
     --> crates/types/src/app/generated/architecture_contracts.rs:31710:9
      |
31710 |     pub runtimeTruthSource: HypervisorSessionLaunchRecipeAdmissionV1RuntimeTruthSource,
      |         ^^^^^^^^^^^^^^^^^^ help: convert the identifier to snake case: `runtime_truth_source`

warning: structure field `runtimeTruthSource` should have a snake case name
     --> crates/types/src/app/generated/architecture_contracts.rs:93444:9
      |
93444 |     pub runtimeTruthSource: ManagedWorkerInstanceStateV1LastTransitionAdmissionRuntimeTruthSource,
      |         ^^^^^^^^^^^^^^^^^^ help: convert the identifier to snake case: `runtime_truth_source`

warning: `ioi-types` (lib) generated 19 warnings
warning: unused doc comment
   --> crates/agentgres/src/event_stream.rs:229:1
    |
229 | / /// Confirm the substrate log is durable on disk.
230 | | ///
231 | | /// The fault-injection hook travels WITH the discipline: a durability
232 | | /// confirmation whose failure path is unreachable in test is a confirmation
...   |
235 | | /// pre-lift implementation so the M4 fault-injection proofs keep exercising
236 | | /// this exact path.
    | |_-------------------^
    |   |
    |   rustdoc does not generate documentation for macro invocations
    |
    = help: to document an item produced by a macro, the macro must produce the documentation as part of its expansion
    = note: `#[warn(unused_doc_comments)]` (part of `#[warn(unused)]`) on by default

warning: `agentgres` (lib) generated 1 warning
warning: unused imports: `chat_reply_looks_like_source_candidate_list`, `chat_reply_looks_like_tool_plan`, and `workspace_chat_reply_looks_terminal`
  --> crates/services/src/agentic/runtime/service/tool_execution/processing/phases/execute_tool_phase/tool_outcome.rs:23:5
   |
23 |     chat_reply_looks_like_source_candidate_list, chat_reply_looks_like_tool_plan,
   |     ^^^^^^^^^^^^^^^^^^^^^^^^^^^^^^^^^^^^^^^^^^^  ^^^^^^^^^^^^^^^^^^^^^^^^^^^^^^^
24 |     file_mutation_policy_action_report_candidate, goal_requires_fresh_retrieval_before_chat_reply,
25 |     source_candidate_chat_reply_blocker, workspace_chat_reply_looks_terminal,
   |                                          ^^^^^^^^^^^^^^^^^^^^^^^^^^^^^^^^^^^
   |
   = note: `#[warn(unused_imports)]` (part of `#[warn(unused)]`) on by default

warning: unused imports: `HandoverAcceptance` and `HandoverApproval`
   --> crates/services/src/guardian_registry/mod.rs:107:55
    |
107 |     GuardianWitnessFaultEvidence, GuardianWitnessSet, HandoverAcceptance, HandoverApproval,
    |                                                       ^^^^^^^^^^^^^^^^^^  ^^^^^^^^^^^^^^^^

warning: unused import: `require_identity`
 --> crates/services/src/wallet_network/handlers/identity.rs:6:46
  |
6 |     is_encrypted_secret_payload, load_typed, require_identity, store_typed,
  |                                              ^^^^^^^^^^^^^^^^

warning: function `append_event_line` is never used
   --> crates/services/src/agentic/runtime/event_log_bridge.rs:233:4
    |
233 | fn append_event_line(state_dir: &str, event_stream_id: &str, event: &Value) -> Result<(), String> {
    |    ^^^^^^^^^^^^^^^^^
    |
    = note: `#[warn(dead_code)]` (part of `#[warn(unused)]`) on by default

warning: method `to_value` is never used
   --> crates/services/src/agentic/runtime/kernel/repository_workflow.rs:195:8
    |
194 | impl RepositoryWorkflowProjectionRecord {
    | --------------------------------------- method in this implementation
195 |     fn to_value(&self) -> Value {
    |        ^^^^^^^^

warning: function `set_array_strings` is never used
   --> crates/services/src/agentic/runtime/kernel/runtime_conversation_artifact_control.rs:570:4
    |
570 | fn set_array_strings(value: &mut Value, key: &str, values: &[String]) {
    |    ^^^^^^^^^^^^^^^^^

warning: method `to_value` is never used
   --> crates/services/src/agentic/runtime/kernel/runtime_lifecycle.rs:196:8
    |
195 | impl RuntimeLifecycleProjectionRecord {
    | ------------------------------------- method in this implementation
196 |     fn to_value(&self) -> Value {
    |        ^^^^^^^^

warning: method `to_value` is never used
   --> crates/services/src/agentic/runtime/kernel/runtime_mcp_serve.rs:635:8
    |
634 | impl RuntimeMcpServeToolCallPlanRecord {
    | -------------------------------------- method in this implementation
635 |     fn to_value(&self) -> Value {
    |        ^^^^^^^^

warning: method `to_value` is never used
   --> crates/services/src/agentic/runtime/kernel/runtime_mcp_serve.rs:664:8
    |
663 | impl RuntimeMcpServeToolResultProjectionRecord {
    | ---------------------------------------------- method in this implementation
664 |     fn to_value(&self) -> Value {
    |        ^^^^^^^^

warning: method `to_value` is never used
   --> crates/services/src/agentic/runtime/kernel/runtime_tool_catalog.rs:144:8
    |
143 | impl RuntimeToolCatalogProjectionRecord {
    | --------------------------------------- method in this implementation
144 |     fn to_value(&self) -> Value {
    |        ^^^^^^^^

warning: method `to_value` is never used
   --> crates/services/src/agentic/runtime/kernel/skill_hook_registry.rs:137:8
    |
136 | impl SkillHookRegistryProjectionRecord {
    | -------------------------------------- method in this implementation
137 |     fn to_value(&self) -> Value {
    |        ^^^^^^^^

warning: function `require_identity` is never used
  --> crates/services/src/wallet_network/support.rs:25:15
   |
25 | pub(super) fn require_identity(state: &dyn StateAccess) -> Result<VaultIdentity, TransactionError> {
   |               ^^^^^^^^^^^^^^^^

warning: unused variable: `public_inputs`
   --> crates/plugins/zk-driver-succinct/src/lib.rs:121:9
    |
121 |         public_inputs: &CanonicalCollapseContinuityPublicInputs,
    |         ^^^^^^^^^^^^^ help: if this is intentional, prefix it with an underscore: `_public_inputs`
    |
    = note: `#[warn(unused_variables)]` (part of `#[warn(unused)]`) on by default

warning: `ioi-services` (lib) generated 12 warnings (run `cargo fix --lib -p ioi-services` to apply 3 suggestions)
warning: `zk-driver-succinct` (lib) generated 1 warning (run `cargo fix --lib -p zk-driver-succinct` to apply 1 suggestion)
warning: unused imports: `AnchoredRegenesisRoot`, `LineageRelation`, and `lineage_relation`
  --> crates/consensus/src/aft/adversarial_campaigns.rs:15:5
   |
15 |     lineage_relation, AnchoredRegenesisRoot, BoundaryRingConfig, LineageRelation,
   |     ^^^^^^^^^^^^^^^^  ^^^^^^^^^^^^^^^^^^^^^                      ^^^^^^^^^^^^^^^
   |
   = note: `#[warn(unused_imports)]` (part of `#[warn(unused)]`) on by default

warning: function `honest_ring` is never used
  --> crates/consensus/src/aft/adversarial_campaigns.rs:73:15
   |
73 | pub(crate) fn honest_ring(members: &[u8]) -> BoundaryRingMembershipSim {
   |               ^^^^^^^^^^^
   |
   = note: `#[warn(dead_code)]` (part of `#[warn(unused)]`) on by default

warning: `ioi-consensus` (lib) generated 2 warnings (run `cargo fix --lib -p ioi-consensus` to apply 1 suggestion)
warning: function `forced_hash_fallback_spec_matches` is never used
  --> crates/validator/src/standard/orchestration/consensus/production.rs:80:15
   |
80 | pub(super) fn forced_hash_fallback_spec_matches(
   |               ^^^^^^^^^^^^^^^^^^^^^^^^^^^^^^^^^
   |
   = note: `#[warn(dead_code)]` (part of `#[warn(unused)]`) on by default

warning: `ioi-validator` (lib) generated 1 warning
warning: unused import: `async_trait::async_trait`
  --> crates/node/src/bin/orchestration.rs:75:5
   |
75 | use async_trait::async_trait;
   |     ^^^^^^^^^^^^^^^^^^^^^^^^
   |
   = note: `#[warn(unused_imports)]` (part of `#[warn(unused)]`) on by default

warning: unused import: `ChainTransaction`
  --> crates/node/src/bin/orchestration.rs:76:52
   |
76 | use ioi_types::app::{account_id_from_key_material, ChainTransaction, SignatureSuite};
   |                                                    ^^^^^^^^^^^^^^^^

warning: unused import: `tokio::sync::Mutex`
  --> crates/node/src/bin/orchestration.rs:83:5
   |
83 | use tokio::sync::Mutex;
   |     ^^^^^^^^^^^^^^^^^^

warning: unused import: `ioi_api::vm::drivers::os::OsDriver`
  --> crates/node/src/bin/orchestration.rs:86:5
   |
86 | use ioi_api::vm::drivers::os::OsDriver;
   |     ^^^^^^^^^^^^^^^^^^^^^^^^^^^^^^^^^^

warning: struct `MempoolAdapter` is never constructed
   --> crates/node/src/bin/orchestration.rs:190:8
    |
190 | struct MempoolAdapter {
    |        ^^^^^^^^^^^^^^
    |
    = note: `#[warn(dead_code)]` (part of `#[warn(unused)]`) on by default

warning: `ioi-node` (bin "orchestration") generated 5 warnings (run `cargo fix --bin "orchestration" -p ioi-node` to apply 4 suggestions)
    Finished `release` profile [optimized] target(s) in 0.83s
--- Encrypting New Secure Key ---
--- Building node binaries with profile=release features: validator-bins,consensus-aft,state-iavl,commitment-hash,vm-wasm ---
warning: structure field `runtimeTruthSource` should have a snake case name
    --> crates/types/src/app/generated/architecture_contracts.rs:5223:9
     |
5223 |     pub runtimeTruthSource: Option<GoalRunV1RuntimeTruthSource>,
     |         ^^^^^^^^^^^^^^^^^^ help: convert the identifier to snake case: `runtime_truth_source`
     |
     = note: `#[warn(non_snake_case)]` (part of `#[warn(nonstandard_style)]`) on by default

warning: structure field `runtimeTruthSource` should have a snake case name
    --> crates/types/src/app/generated/architecture_contracts.rs:9220:9
     |
9220 |     pub runtimeTruthSource: ArtifactAvailabilityIncidentOperationV1RuntimeTruthSource,
     |         ^^^^^^^^^^^^^^^^^^ help: convert the identifier to snake case: `runtime_truth_source`

warning: structure field `agentgresTruthSource` should have a snake case name
    --> crates/types/src/app/generated/architecture_contracts.rs:9221:9
     |
9221 |     pub agentgresTruthSource: ArtifactAvailabilityIncidentOperationV1AgentgresTruthSource,
     |         ^^^^^^^^^^^^^^^^^^^^ help: convert the identifier to snake case: `agentgres_truth_source`

warning: structure field `runtimeTruthSource` should have a snake case name
    --> crates/types/src/app/generated/architecture_contracts.rs:9480:9
     |
9480 |     pub runtimeTruthSource: ArtifactAvailabilityIncidentV1RuntimeTruthSource,
     |         ^^^^^^^^^^^^^^^^^^ help: convert the identifier to snake case: `runtime_truth_source`

warning: structure field `runtimeTruthSource` should have a snake case name
    --> crates/types/src/app/generated/architecture_contracts.rs:9718:9
     |
9718 |     pub runtimeTruthSource: ArtifactAvailabilityIncidentV1AgentgresOperationRuntimeTruthSource,
     |         ^^^^^^^^^^^^^^^^^^ help: convert the identifier to snake case: `runtime_truth_source`

warning: structure field `agentgresTruthSource` should have a snake case name
    --> crates/types/src/app/generated/architecture_contracts.rs:9719:9
     |
9719 |     pub agentgresTruthSource: ArtifactAvailabilityIncidentV1AgentgresOperationAgentgresTruthSource,
     |         ^^^^^^^^^^^^^^^^^^^^ help: convert the identifier to snake case: `agentgres_truth_source`

warning: structure field `requiresDaemonGate` should have a snake case name
     --> crates/types/src/app/generated/architecture_contracts.rs:26731:9
      |
26731 |     pub requiresDaemonGate: HarnessSessionBindingAdmissionV1RequiresDaemonGate,
      |         ^^^^^^^^^^^^^^^^^^ help: convert the identifier to snake case: `requires_daemon_gate`

warning: structure field `runtimeTruthSource` should have a snake case name
     --> crates/types/src/app/generated/architecture_contracts.rs:26732:9
      |
26732 |     pub runtimeTruthSource: HarnessSessionBindingAdmissionV1RuntimeTruthSource,
      |         ^^^^^^^^^^^^^^^^^^ help: convert the identifier to snake case: `runtime_truth_source`

warning: structure field `runtimeTruthSource` should have a snake case name
     --> crates/types/src/app/generated/architecture_contracts.rs:27154:9
      |
27154 |     pub runtimeTruthSource: HarnessSessionBindingV1RuntimeTruthSource,
      |         ^^^^^^^^^^^^^^^^^^ help: convert the identifier to snake case: `runtime_truth_source`

warning: structure field `requiresDaemonGate` should have a snake case name
     --> crates/types/src/app/generated/architecture_contracts.rs:27566:9
      |
27566 |     pub requiresDaemonGate: HarnessSessionReadinessV1RequiresDaemonGate,
      |         ^^^^^^^^^^^^^^^^^^ help: convert the identifier to snake case: `requires_daemon_gate`

warning: structure field `runtimeTruthSource` should have a snake case name
     --> crates/types/src/app/generated/architecture_contracts.rs:27567:9
      |
27567 |     pub runtimeTruthSource: HarnessSessionReadinessV1RuntimeTruthSource,
      |         ^^^^^^^^^^^^^^^^^^ help: convert the identifier to snake case: `runtime_truth_source`

warning: structure field `requiresDaemonGate` should have a snake case name
     --> crates/types/src/app/generated/architecture_contracts.rs:27844:9
      |
27844 |     pub requiresDaemonGate: HarnessSessionSpawnV1RequiresDaemonGate,
      |         ^^^^^^^^^^^^^^^^^^ help: convert the identifier to snake case: `requires_daemon_gate`

warning: structure field `runtimeTruthSource` should have a snake case name
     --> crates/types/src/app/generated/architecture_contracts.rs:27845:9
      |
27845 |     pub runtimeTruthSource: HarnessSessionSpawnV1RuntimeTruthSource,
      |         ^^^^^^^^^^^^^^^^^^ help: convert the identifier to snake case: `runtime_truth_source`

warning: structure field `requiresDaemonGate` should have a snake case name
     --> crates/types/src/app/generated/architecture_contracts.rs:28316:9
      |
28316 |     pub requiresDaemonGate: HarnessSessionTerminalAttachV1RequiresDaemonGate,
      |         ^^^^^^^^^^^^^^^^^^ help: convert the identifier to snake case: `requires_daemon_gate`

warning: structure field `runtimeTruthSource` should have a snake case name
     --> crates/types/src/app/generated/architecture_contracts.rs:28317:9
      |
28317 |     pub runtimeTruthSource: HarnessSessionTerminalAttachV1RuntimeTruthSource,
      |         ^^^^^^^^^^^^^^^^^^ help: convert the identifier to snake case: `runtime_truth_source`

warning: structure field `runtimeTruthSource` should have a snake case name
     --> crates/types/src/app/generated/architecture_contracts.rs:28756:9
      |
28756 |     pub runtimeTruthSource:
      |         ^^^^^^^^^^^^^^^^^^ help: convert the identifier to snake case: `runtime_truth_source`

warning: structure field `requiresDaemonGate` should have a snake case name
     --> crates/types/src/app/generated/architecture_contracts.rs:31709:9
      |
31709 |     pub requiresDaemonGate: HypervisorSessionLaunchRecipeAdmissionV1RequiresDaemonGate,
      |         ^^^^^^^^^^^^^^^^^^ help: convert the identifier to snake case: `requires_daemon_gate`

warning: structure field `runtimeTruthSource` should have a snake case name
     --> crates/types/src/app/generated/architecture_contracts.rs:31710:9
      |
31710 |     pub runtimeTruthSource: HypervisorSessionLaunchRecipeAdmissionV1RuntimeTruthSource,
      |         ^^^^^^^^^^^^^^^^^^ help: convert the identifier to snake case: `runtime_truth_source`

warning: structure field `runtimeTruthSource` should have a snake case name
     --> crates/types/src/app/generated/architecture_contracts.rs:93444:9
      |
93444 |     pub runtimeTruthSource: ManagedWorkerInstanceStateV1LastTransitionAdmissionRuntimeTruthSource,
      |         ^^^^^^^^^^^^^^^^^^ help: convert the identifier to snake case: `runtime_truth_source`

warning: `ioi-types` (lib) generated 19 warnings
warning: unused doc comment
   --> crates/agentgres/src/event_stream.rs:229:1
    |
229 | / /// Confirm the substrate log is durable on disk.
230 | | ///
231 | | /// The fault-injection hook travels WITH the discipline: a durability
232 | | /// confirmation whose failure path is unreachable in test is a confirmation
...   |
235 | | /// pre-lift implementation so the M4 fault-injection proofs keep exercising
236 | | /// this exact path.
    | |_-------------------^
    |   |
    |   rustdoc does not generate documentation for macro invocations
    |
    = help: to document an item produced by a macro, the macro must produce the documentation as part of its expansion
    = note: `#[warn(unused_doc_comments)]` (part of `#[warn(unused)]`) on by default

warning: `agentgres` (lib) generated 1 warning
warning: unused imports: `chat_reply_looks_like_source_candidate_list`, `chat_reply_looks_like_tool_plan`, and `workspace_chat_reply_looks_terminal`
  --> crates/services/src/agentic/runtime/service/tool_execution/processing/phases/execute_tool_phase/tool_outcome.rs:23:5
   |
23 |     chat_reply_looks_like_source_candidate_list, chat_reply_looks_like_tool_plan,
   |     ^^^^^^^^^^^^^^^^^^^^^^^^^^^^^^^^^^^^^^^^^^^  ^^^^^^^^^^^^^^^^^^^^^^^^^^^^^^^
24 |     file_mutation_policy_action_report_candidate, goal_requires_fresh_retrieval_before_chat_reply,
25 |     source_candidate_chat_reply_blocker, workspace_chat_reply_looks_terminal,
   |                                          ^^^^^^^^^^^^^^^^^^^^^^^^^^^^^^^^^^^
   |
   = note: `#[warn(unused_imports)]` (part of `#[warn(unused)]`) on by default

warning: unused imports: `HandoverAcceptance` and `HandoverApproval`
   --> crates/services/src/guardian_registry/mod.rs:107:55
    |
107 |     GuardianWitnessFaultEvidence, GuardianWitnessSet, HandoverAcceptance, HandoverApproval,
    |                                                       ^^^^^^^^^^^^^^^^^^  ^^^^^^^^^^^^^^^^

warning: unused import: `require_identity`
 --> crates/services/src/wallet_network/handlers/identity.rs:6:46
  |
6 |     is_encrypted_secret_payload, load_typed, require_identity, store_typed,
  |                                              ^^^^^^^^^^^^^^^^

warning: function `append_event_line` is never used
   --> crates/services/src/agentic/runtime/event_log_bridge.rs:233:4
    |
233 | fn append_event_line(state_dir: &str, event_stream_id: &str, event: &Value) -> Result<(), String> {
    |    ^^^^^^^^^^^^^^^^^
    |
    = note: `#[warn(dead_code)]` (part of `#[warn(unused)]`) on by default

warning: method `to_value` is never used
   --> crates/services/src/agentic/runtime/kernel/repository_workflow.rs:195:8
    |
194 | impl RepositoryWorkflowProjectionRecord {
    | --------------------------------------- method in this implementation
195 |     fn to_value(&self) -> Value {
    |        ^^^^^^^^

warning: function `set_array_strings` is never used
   --> crates/services/src/agentic/runtime/kernel/runtime_conversation_artifact_control.rs:570:4
    |
570 | fn set_array_strings(value: &mut Value, key: &str, values: &[String]) {
    |    ^^^^^^^^^^^^^^^^^

warning: method `to_value` is never used
   --> crates/services/src/agentic/runtime/kernel/runtime_lifecycle.rs:196:8
    |
195 | impl RuntimeLifecycleProjectionRecord {
    | ------------------------------------- method in this implementation
196 |     fn to_value(&self) -> Value {
    |        ^^^^^^^^

warning: method `to_value` is never used
   --> crates/services/src/agentic/runtime/kernel/runtime_mcp_serve.rs:635:8
    |
634 | impl RuntimeMcpServeToolCallPlanRecord {
    | -------------------------------------- method in this implementation
635 |     fn to_value(&self) -> Value {
    |        ^^^^^^^^

warning: method `to_value` is never used
   --> crates/services/src/agentic/runtime/kernel/runtime_mcp_serve.rs:664:8
    |
663 | impl RuntimeMcpServeToolResultProjectionRecord {
    | ---------------------------------------------- method in this implementation
664 |     fn to_value(&self) -> Value {
    |        ^^^^^^^^

warning: method `to_value` is never used
   --> crates/services/src/agentic/runtime/kernel/runtime_tool_catalog.rs:144:8
    |
143 | impl RuntimeToolCatalogProjectionRecord {
    | --------------------------------------- method in this implementation
144 |     fn to_value(&self) -> Value {
    |        ^^^^^^^^

warning: method `to_value` is never used
   --> crates/services/src/agentic/runtime/kernel/skill_hook_registry.rs:137:8
    |
136 | impl SkillHookRegistryProjectionRecord {
    | -------------------------------------- method in this implementation
137 |     fn to_value(&self) -> Value {
    |        ^^^^^^^^

warning: function `require_identity` is never used
  --> crates/services/src/wallet_network/support.rs:25:15
   |
25 | pub(super) fn require_identity(state: &dyn StateAccess) -> Result<VaultIdentity, TransactionError> {
   |               ^^^^^^^^^^^^^^^^

warning: unused variable: `public_inputs`
   --> crates/plugins/zk-driver-succinct/src/lib.rs:121:9
    |
121 |         public_inputs: &CanonicalCollapseContinuityPublicInputs,
    |         ^^^^^^^^^^^^^ help: if this is intentional, prefix it with an underscore: `_public_inputs`
    |
    = note: `#[warn(unused_variables)]` (part of `#[warn(unused)]`) on by default

warning: `ioi-services` (lib) generated 12 warnings (run `cargo fix --lib -p ioi-services` to apply 3 suggestions)
warning: `zk-driver-succinct` (lib) generated 1 warning (run `cargo fix --lib -p zk-driver-succinct` to apply 1 suggestion)
warning: unused imports: `AnchoredRegenesisRoot`, `LineageRelation`, and `lineage_relation`
  --> crates/consensus/src/aft/adversarial_campaigns.rs:15:5
   |
15 |     lineage_relation, AnchoredRegenesisRoot, BoundaryRingConfig, LineageRelation,
   |     ^^^^^^^^^^^^^^^^  ^^^^^^^^^^^^^^^^^^^^^                      ^^^^^^^^^^^^^^^
   |
   = note: `#[warn(unused_imports)]` (part of `#[warn(unused)]`) on by default

warning: function `honest_ring` is never used
  --> crates/consensus/src/aft/adversarial_campaigns.rs:73:15
   |
73 | pub(crate) fn honest_ring(members: &[u8]) -> BoundaryRingMembershipSim {
   |               ^^^^^^^^^^^
   |
   = note: `#[warn(dead_code)]` (part of `#[warn(unused)]`) on by default

warning: `ioi-consensus` (lib) generated 2 warnings (run `cargo fix --lib -p ioi-consensus` to apply 1 suggestion)
warning: function `forced_hash_fallback_spec_matches` is never used
  --> crates/validator/src/standard/orchestration/consensus/production.rs:80:15
   |
80 | pub(super) fn forced_hash_fallback_spec_matches(
   |               ^^^^^^^^^^^^^^^^^^^^^^^^^^^^^^^^^
   |
   = note: `#[warn(dead_code)]` (part of `#[warn(unused)]`) on by default

warning: `ioi-validator` (lib) generated 1 warning
warning: unused import: `async_trait::async_trait`
  --> crates/node/src/bin/orchestration.rs:75:5
   |
75 | use async_trait::async_trait;
   |     ^^^^^^^^^^^^^^^^^^^^^^^^
   |
   = note: `#[warn(unused_imports)]` (part of `#[warn(unused)]`) on by default

warning: unused import: `ChainTransaction`
  --> crates/node/src/bin/orchestration.rs:76:52
   |
76 | use ioi_types::app::{account_id_from_key_material, ChainTransaction, SignatureSuite};
   |                                                    ^^^^^^^^^^^^^^^^

warning: unused import: `tokio::sync::Mutex`
  --> crates/node/src/bin/orchestration.rs:83:5
   |
83 | use tokio::sync::Mutex;
   |     ^^^^^^^^^^^^^^^^^^

warning: unused import: `ioi_api::vm::drivers::os::OsDriver`
  --> crates/node/src/bin/orchestration.rs:86:5
   |
86 | use ioi_api::vm::drivers::os::OsDriver;
   |     ^^^^^^^^^^^^^^^^^^^^^^^^^^^^^^^^^^

warning: struct `MempoolAdapter` is never constructed
   --> crates/node/src/bin/orchestration.rs:190:8
    |
190 | struct MempoolAdapter {
    |        ^^^^^^^^^^^^^^
    |
    = note: `#[warn(dead_code)]` (part of `#[warn(unused)]`) on by default

warning: `ioi-node` (bin "orchestration") generated 5 warnings (run `cargo fix --bin "orchestration" -p ioi-node` to apply 4 suggestions)
    Finished `release` profile [optimized] target(s) in 0.55s
--- Encrypting New Secure Key ---
test test_aft_quv_m16q_each_single_correct_member_and_conflict_isolation has been running for over 60 seconds
--- Building node binaries with profile=release features: validator-bins,consensus-aft,state-iavl,commitment-hash,vm-wasm ---
warning: structure field `runtimeTruthSource` should have a snake case name
    --> crates/types/src/app/generated/architecture_contracts.rs:5223:9
     |
5223 |     pub runtimeTruthSource: Option<GoalRunV1RuntimeTruthSource>,
     |         ^^^^^^^^^^^^^^^^^^ help: convert the identifier to snake case: `runtime_truth_source`
     |
     = note: `#[warn(non_snake_case)]` (part of `#[warn(nonstandard_style)]`) on by default

warning: structure field `runtimeTruthSource` should have a snake case name
    --> crates/types/src/app/generated/architecture_contracts.rs:9220:9
     |
9220 |     pub runtimeTruthSource: ArtifactAvailabilityIncidentOperationV1RuntimeTruthSource,
     |         ^^^^^^^^^^^^^^^^^^ help: convert the identifier to snake case: `runtime_truth_source`

warning: structure field `agentgresTruthSource` should have a snake case name
    --> crates/types/src/app/generated/architecture_contracts.rs:9221:9
     |
9221 |     pub agentgresTruthSource: ArtifactAvailabilityIncidentOperationV1AgentgresTruthSource,
     |         ^^^^^^^^^^^^^^^^^^^^ help: convert the identifier to snake case: `agentgres_truth_source`

warning: structure field `runtimeTruthSource` should have a snake case name
    --> crates/types/src/app/generated/architecture_contracts.rs:9480:9
     |
9480 |     pub runtimeTruthSource: ArtifactAvailabilityIncidentV1RuntimeTruthSource,
     |         ^^^^^^^^^^^^^^^^^^ help: convert the identifier to snake case: `runtime_truth_source`

warning: structure field `runtimeTruthSource` should have a snake case name
    --> crates/types/src/app/generated/architecture_contracts.rs:9718:9
     |
9718 |     pub runtimeTruthSource: ArtifactAvailabilityIncidentV1AgentgresOperationRuntimeTruthSource,
     |         ^^^^^^^^^^^^^^^^^^ help: convert the identifier to snake case: `runtime_truth_source`

warning: structure field `agentgresTruthSource` should have a snake case name
    --> crates/types/src/app/generated/architecture_contracts.rs:9719:9
     |
9719 |     pub agentgresTruthSource: ArtifactAvailabilityIncidentV1AgentgresOperationAgentgresTruthSource,
     |         ^^^^^^^^^^^^^^^^^^^^ help: convert the identifier to snake case: `agentgres_truth_source`

warning: structure field `requiresDaemonGate` should have a snake case name
     --> crates/types/src/app/generated/architecture_contracts.rs:26731:9
      |
26731 |     pub requiresDaemonGate: HarnessSessionBindingAdmissionV1RequiresDaemonGate,
      |         ^^^^^^^^^^^^^^^^^^ help: convert the identifier to snake case: `requires_daemon_gate`

warning: structure field `runtimeTruthSource` should have a snake case name
     --> crates/types/src/app/generated/architecture_contracts.rs:26732:9
      |
26732 |     pub runtimeTruthSource: HarnessSessionBindingAdmissionV1RuntimeTruthSource,
      |         ^^^^^^^^^^^^^^^^^^ help: convert the identifier to snake case: `runtime_truth_source`

warning: structure field `runtimeTruthSource` should have a snake case name
     --> crates/types/src/app/generated/architecture_contracts.rs:27154:9
      |
27154 |     pub runtimeTruthSource: HarnessSessionBindingV1RuntimeTruthSource,
      |         ^^^^^^^^^^^^^^^^^^ help: convert the identifier to snake case: `runtime_truth_source`

warning: structure field `requiresDaemonGate` should have a snake case name
     --> crates/types/src/app/generated/architecture_contracts.rs:27566:9
      |
27566 |     pub requiresDaemonGate: HarnessSessionReadinessV1RequiresDaemonGate,
      |         ^^^^^^^^^^^^^^^^^^ help: convert the identifier to snake case: `requires_daemon_gate`

warning: structure field `runtimeTruthSource` should have a snake case name
     --> crates/types/src/app/generated/architecture_contracts.rs:27567:9
      |
27567 |     pub runtimeTruthSource: HarnessSessionReadinessV1RuntimeTruthSource,
      |         ^^^^^^^^^^^^^^^^^^ help: convert the identifier to snake case: `runtime_truth_source`

warning: structure field `requiresDaemonGate` should have a snake case name
     --> crates/types/src/app/generated/architecture_contracts.rs:27844:9
      |
27844 |     pub requiresDaemonGate: HarnessSessionSpawnV1RequiresDaemonGate,
      |         ^^^^^^^^^^^^^^^^^^ help: convert the identifier to snake case: `requires_daemon_gate`

warning: structure field `runtimeTruthSource` should have a snake case name
     --> crates/types/src/app/generated/architecture_contracts.rs:27845:9
      |
27845 |     pub runtimeTruthSource: HarnessSessionSpawnV1RuntimeTruthSource,
      |         ^^^^^^^^^^^^^^^^^^ help: convert the identifier to snake case: `runtime_truth_source`

warning: structure field `requiresDaemonGate` should have a snake case name
     --> crates/types/src/app/generated/architecture_contracts.rs:28316:9
      |
28316 |     pub requiresDaemonGate: HarnessSessionTerminalAttachV1RequiresDaemonGate,
      |         ^^^^^^^^^^^^^^^^^^ help: convert the identifier to snake case: `requires_daemon_gate`

warning: structure field `runtimeTruthSource` should have a snake case name
     --> crates/types/src/app/generated/architecture_contracts.rs:28317:9
      |
28317 |     pub runtimeTruthSource: HarnessSessionTerminalAttachV1RuntimeTruthSource,
      |         ^^^^^^^^^^^^^^^^^^ help: convert the identifier to snake case: `runtime_truth_source`

warning: structure field `runtimeTruthSource` should have a snake case name
     --> crates/types/src/app/generated/architecture_contracts.rs:28756:9
      |
28756 |     pub runtimeTruthSource:
      |         ^^^^^^^^^^^^^^^^^^ help: convert the identifier to snake case: `runtime_truth_source`

warning: structure field `requiresDaemonGate` should have a snake case name
     --> crates/types/src/app/generated/architecture_contracts.rs:31709:9
      |
31709 |     pub requiresDaemonGate: HypervisorSessionLaunchRecipeAdmissionV1RequiresDaemonGate,
      |         ^^^^^^^^^^^^^^^^^^ help: convert the identifier to snake case: `requires_daemon_gate`

warning: structure field `runtimeTruthSource` should have a snake case name
     --> crates/types/src/app/generated/architecture_contracts.rs:31710:9
      |
31710 |     pub runtimeTruthSource: HypervisorSessionLaunchRecipeAdmissionV1RuntimeTruthSource,
      |         ^^^^^^^^^^^^^^^^^^ help: convert the identifier to snake case: `runtime_truth_source`

warning: structure field `runtimeTruthSource` should have a snake case name
     --> crates/types/src/app/generated/architecture_contracts.rs:93444:9
      |
93444 |     pub runtimeTruthSource: ManagedWorkerInstanceStateV1LastTransitionAdmissionRuntimeTruthSource,
      |         ^^^^^^^^^^^^^^^^^^ help: convert the identifier to snake case: `runtime_truth_source`

warning: `ioi-types` (lib) generated 19 warnings
warning: unused doc comment
   --> crates/agentgres/src/event_stream.rs:229:1
    |
229 | / /// Confirm the substrate log is durable on disk.
230 | | ///
231 | | /// The fault-injection hook travels WITH the discipline: a durability
232 | | /// confirmation whose failure path is unreachable in test is a confirmation
...   |
235 | | /// pre-lift implementation so the M4 fault-injection proofs keep exercising
236 | | /// this exact path.
    | |_-------------------^
    |   |
    |   rustdoc does not generate documentation for macro invocations
    |
    = help: to document an item produced by a macro, the macro must produce the documentation as part of its expansion
    = note: `#[warn(unused_doc_comments)]` (part of `#[warn(unused)]`) on by default

warning: `agentgres` (lib) generated 1 warning
warning: unused imports: `chat_reply_looks_like_source_candidate_list`, `chat_reply_looks_like_tool_plan`, and `workspace_chat_reply_looks_terminal`
  --> crates/services/src/agentic/runtime/service/tool_execution/processing/phases/execute_tool_phase/tool_outcome.rs:23:5
   |
23 |     chat_reply_looks_like_source_candidate_list, chat_reply_looks_like_tool_plan,
   |     ^^^^^^^^^^^^^^^^^^^^^^^^^^^^^^^^^^^^^^^^^^^  ^^^^^^^^^^^^^^^^^^^^^^^^^^^^^^^
24 |     file_mutation_policy_action_report_candidate, goal_requires_fresh_retrieval_before_chat_reply,
25 |     source_candidate_chat_reply_blocker, workspace_chat_reply_looks_terminal,
   |                                          ^^^^^^^^^^^^^^^^^^^^^^^^^^^^^^^^^^^
   |
   = note: `#[warn(unused_imports)]` (part of `#[warn(unused)]`) on by default

warning: unused imports: `HandoverAcceptance` and `HandoverApproval`
   --> crates/services/src/guardian_registry/mod.rs:107:55
    |
107 |     GuardianWitnessFaultEvidence, GuardianWitnessSet, HandoverAcceptance, HandoverApproval,
    |                                                       ^^^^^^^^^^^^^^^^^^  ^^^^^^^^^^^^^^^^

warning: unused import: `require_identity`
 --> crates/services/src/wallet_network/handlers/identity.rs:6:46
  |
6 |     is_encrypted_secret_payload, load_typed, require_identity, store_typed,
  |                                              ^^^^^^^^^^^^^^^^

warning: function `append_event_line` is never used
   --> crates/services/src/agentic/runtime/event_log_bridge.rs:233:4
    |
233 | fn append_event_line(state_dir: &str, event_stream_id: &str, event: &Value) -> Result<(), String> {
    |    ^^^^^^^^^^^^^^^^^
    |
    = note: `#[warn(dead_code)]` (part of `#[warn(unused)]`) on by default

warning: method `to_value` is never used
   --> crates/services/src/agentic/runtime/kernel/repository_workflow.rs:195:8
    |
194 | impl RepositoryWorkflowProjectionRecord {
    | --------------------------------------- method in this implementation
195 |     fn to_value(&self) -> Value {
    |        ^^^^^^^^

warning: function `set_array_strings` is never used
   --> crates/services/src/agentic/runtime/kernel/runtime_conversation_artifact_control.rs:570:4
    |
570 | fn set_array_strings(value: &mut Value, key: &str, values: &[String]) {
    |    ^^^^^^^^^^^^^^^^^

warning: method `to_value` is never used
   --> crates/services/src/agentic/runtime/kernel/runtime_lifecycle.rs:196:8
    |
195 | impl RuntimeLifecycleProjectionRecord {
    | ------------------------------------- method in this implementation
196 |     fn to_value(&self) -> Value {
    |        ^^^^^^^^

warning: method `to_value` is never used
   --> crates/services/src/agentic/runtime/kernel/runtime_mcp_serve.rs:635:8
    |
634 | impl RuntimeMcpServeToolCallPlanRecord {
    | -------------------------------------- method in this implementation
635 |     fn to_value(&self) -> Value {
    |        ^^^^^^^^

warning: method `to_value` is never used
   --> crates/services/src/agentic/runtime/kernel/runtime_mcp_serve.rs:664:8
    |
663 | impl RuntimeMcpServeToolResultProjectionRecord {
    | ---------------------------------------------- method in this implementation
664 |     fn to_value(&self) -> Value {
    |        ^^^^^^^^

warning: method `to_value` is never used
   --> crates/services/src/agentic/runtime/kernel/runtime_tool_catalog.rs:144:8
    |
143 | impl RuntimeToolCatalogProjectionRecord {
    | --------------------------------------- method in this implementation
144 |     fn to_value(&self) -> Value {
    |        ^^^^^^^^

warning: method `to_value` is never used
   --> crates/services/src/agentic/runtime/kernel/skill_hook_registry.rs:137:8
    |
136 | impl SkillHookRegistryProjectionRecord {
    | -------------------------------------- method in this implementation
137 |     fn to_value(&self) -> Value {
    |        ^^^^^^^^

warning: function `require_identity` is never used
  --> crates/services/src/wallet_network/support.rs:25:15
   |
25 | pub(super) fn require_identity(state: &dyn StateAccess) -> Result<VaultIdentity, TransactionError> {
   |               ^^^^^^^^^^^^^^^^

warning: unused variable: `public_inputs`
   --> crates/plugins/zk-driver-succinct/src/lib.rs:121:9
    |
121 |         public_inputs: &CanonicalCollapseContinuityPublicInputs,
    |         ^^^^^^^^^^^^^ help: if this is intentional, prefix it with an underscore: `_public_inputs`
    |
    = note: `#[warn(unused_variables)]` (part of `#[warn(unused)]`) on by default

warning: `ioi-services` (lib) generated 12 warnings (run `cargo fix --lib -p ioi-services` to apply 3 suggestions)
warning: `zk-driver-succinct` (lib) generated 1 warning (run `cargo fix --lib -p zk-driver-succinct` to apply 1 suggestion)
warning: unused imports: `AnchoredRegenesisRoot`, `LineageRelation`, and `lineage_relation`
  --> crates/consensus/src/aft/adversarial_campaigns.rs:15:5
   |
15 |     lineage_relation, AnchoredRegenesisRoot, BoundaryRingConfig, LineageRelation,
   |     ^^^^^^^^^^^^^^^^  ^^^^^^^^^^^^^^^^^^^^^                      ^^^^^^^^^^^^^^^
   |
   = note: `#[warn(unused_imports)]` (part of `#[warn(unused)]`) on by default

warning: function `honest_ring` is never used
  --> crates/consensus/src/aft/adversarial_campaigns.rs:73:15
   |
73 | pub(crate) fn honest_ring(members: &[u8]) -> BoundaryRingMembershipSim {
   |               ^^^^^^^^^^^
   |
   = note: `#[warn(dead_code)]` (part of `#[warn(unused)]`) on by default

warning: `ioi-consensus` (lib) generated 2 warnings (run `cargo fix --lib -p ioi-consensus` to apply 1 suggestion)
warning: function `forced_hash_fallback_spec_matches` is never used
  --> crates/validator/src/standard/orchestration/consensus/production.rs:80:15
   |
80 | pub(super) fn forced_hash_fallback_spec_matches(
   |               ^^^^^^^^^^^^^^^^^^^^^^^^^^^^^^^^^
   |
   = note: `#[warn(dead_code)]` (part of `#[warn(unused)]`) on by default

warning: `ioi-validator` (lib) generated 1 warning
warning: unused import: `async_trait::async_trait`
  --> crates/node/src/bin/orchestration.rs:75:5
   |
75 | use async_trait::async_trait;
   |     ^^^^^^^^^^^^^^^^^^^^^^^^
   |
   = note: `#[warn(unused_imports)]` (part of `#[warn(unused)]`) on by default

warning: unused import: `ChainTransaction`
  --> crates/node/src/bin/orchestration.rs:76:52
   |
76 | use ioi_types::app::{account_id_from_key_material, ChainTransaction, SignatureSuite};
   |                                                    ^^^^^^^^^^^^^^^^

warning: unused import: `tokio::sync::Mutex`
  --> crates/node/src/bin/orchestration.rs:83:5
   |
83 | use tokio::sync::Mutex;
   |     ^^^^^^^^^^^^^^^^^^

warning: unused import: `ioi_api::vm::drivers::os::OsDriver`
  --> crates/node/src/bin/orchestration.rs:86:5
   |
86 | use ioi_api::vm::drivers::os::OsDriver;
   |     ^^^^^^^^^^^^^^^^^^^^^^^^^^^^^^^^^^

warning: struct `MempoolAdapter` is never constructed
   --> crates/node/src/bin/orchestration.rs:190:8
    |
190 | struct MempoolAdapter {
    |        ^^^^^^^^^^^^^^
    |
    = note: `#[warn(dead_code)]` (part of `#[warn(unused)]`) on by default

warning: `ioi-node` (bin "orchestration") generated 5 warnings (run `cargo fix --bin "orchestration" -p ioi-node` to apply 4 suggestions)
    Finished `release` profile [optimized] target(s) in 0.47s
--- Encrypting New Secure Key ---
--- Building node binaries with profile=release features: validator-bins,consensus-aft,state-iavl,commitment-hash,vm-wasm ---
warning: structure field `runtimeTruthSource` should have a snake case name
    --> crates/types/src/app/generated/architecture_contracts.rs:5223:9
     |
5223 |     pub runtimeTruthSource: Option<GoalRunV1RuntimeTruthSource>,
     |         ^^^^^^^^^^^^^^^^^^ help: convert the identifier to snake case: `runtime_truth_source`
     |
     = note: `#[warn(non_snake_case)]` (part of `#[warn(nonstandard_style)]`) on by default

warning: structure field `runtimeTruthSource` should have a snake case name
    --> crates/types/src/app/generated/architecture_contracts.rs:9220:9
     |
9220 |     pub runtimeTruthSource: ArtifactAvailabilityIncidentOperationV1RuntimeTruthSource,
     |         ^^^^^^^^^^^^^^^^^^ help: convert the identifier to snake case: `runtime_truth_source`

warning: structure field `agentgresTruthSource` should have a snake case name
    --> crates/types/src/app/generated/architecture_contracts.rs:9221:9
     |
9221 |     pub agentgresTruthSource: ArtifactAvailabilityIncidentOperationV1AgentgresTruthSource,
     |         ^^^^^^^^^^^^^^^^^^^^ help: convert the identifier to snake case: `agentgres_truth_source`

warning: structure field `runtimeTruthSource` should have a snake case name
    --> crates/types/src/app/generated/architecture_contracts.rs:9480:9
     |
9480 |     pub runtimeTruthSource: ArtifactAvailabilityIncidentV1RuntimeTruthSource,
     |         ^^^^^^^^^^^^^^^^^^ help: convert the identifier to snake case: `runtime_truth_source`

warning: structure field `runtimeTruthSource` should have a snake case name
    --> crates/types/src/app/generated/architecture_contracts.rs:9718:9
     |
9718 |     pub runtimeTruthSource: ArtifactAvailabilityIncidentV1AgentgresOperationRuntimeTruthSource,
     |         ^^^^^^^^^^^^^^^^^^ help: convert the identifier to snake case: `runtime_truth_source`

warning: structure field `agentgresTruthSource` should have a snake case name
    --> crates/types/src/app/generated/architecture_contracts.rs:9719:9
     |
9719 |     pub agentgresTruthSource: ArtifactAvailabilityIncidentV1AgentgresOperationAgentgresTruthSource,
     |         ^^^^^^^^^^^^^^^^^^^^ help: convert the identifier to snake case: `agentgres_truth_source`

warning: structure field `requiresDaemonGate` should have a snake case name
     --> crates/types/src/app/generated/architecture_contracts.rs:26731:9
      |
26731 |     pub requiresDaemonGate: HarnessSessionBindingAdmissionV1RequiresDaemonGate,
      |         ^^^^^^^^^^^^^^^^^^ help: convert the identifier to snake case: `requires_daemon_gate`

warning: structure field `runtimeTruthSource` should have a snake case name
     --> crates/types/src/app/generated/architecture_contracts.rs:26732:9
      |
26732 |     pub runtimeTruthSource: HarnessSessionBindingAdmissionV1RuntimeTruthSource,
      |         ^^^^^^^^^^^^^^^^^^ help: convert the identifier to snake case: `runtime_truth_source`

warning: structure field `runtimeTruthSource` should have a snake case name
     --> crates/types/src/app/generated/architecture_contracts.rs:27154:9
      |
27154 |     pub runtimeTruthSource: HarnessSessionBindingV1RuntimeTruthSource,
      |         ^^^^^^^^^^^^^^^^^^ help: convert the identifier to snake case: `runtime_truth_source`

warning: structure field `requiresDaemonGate` should have a snake case name
     --> crates/types/src/app/generated/architecture_contracts.rs:27566:9
      |
27566 |     pub requiresDaemonGate: HarnessSessionReadinessV1RequiresDaemonGate,
      |         ^^^^^^^^^^^^^^^^^^ help: convert the identifier to snake case: `requires_daemon_gate`

warning: structure field `runtimeTruthSource` should have a snake case name
     --> crates/types/src/app/generated/architecture_contracts.rs:27567:9
      |
27567 |     pub runtimeTruthSource: HarnessSessionReadinessV1RuntimeTruthSource,
      |         ^^^^^^^^^^^^^^^^^^ help: convert the identifier to snake case: `runtime_truth_source`

warning: structure field `requiresDaemonGate` should have a snake case name
     --> crates/types/src/app/generated/architecture_contracts.rs:27844:9
      |
27844 |     pub requiresDaemonGate: HarnessSessionSpawnV1RequiresDaemonGate,
      |         ^^^^^^^^^^^^^^^^^^ help: convert the identifier to snake case: `requires_daemon_gate`

warning: structure field `runtimeTruthSource` should have a snake case name
     --> crates/types/src/app/generated/architecture_contracts.rs:27845:9
      |
27845 |     pub runtimeTruthSource: HarnessSessionSpawnV1RuntimeTruthSource,
      |         ^^^^^^^^^^^^^^^^^^ help: convert the identifier to snake case: `runtime_truth_source`

warning: structure field `requiresDaemonGate` should have a snake case name
     --> crates/types/src/app/generated/architecture_contracts.rs:28316:9
      |
28316 |     pub requiresDaemonGate: HarnessSessionTerminalAttachV1RequiresDaemonGate,
      |         ^^^^^^^^^^^^^^^^^^ help: convert the identifier to snake case: `requires_daemon_gate`

warning: structure field `runtimeTruthSource` should have a snake case name
     --> crates/types/src/app/generated/architecture_contracts.rs:28317:9
      |
28317 |     pub runtimeTruthSource: HarnessSessionTerminalAttachV1RuntimeTruthSource,
      |         ^^^^^^^^^^^^^^^^^^ help: convert the identifier to snake case: `runtime_truth_source`

warning: structure field `runtimeTruthSource` should have a snake case name
     --> crates/types/src/app/generated/architecture_contracts.rs:28756:9
      |
28756 |     pub runtimeTruthSource:
      |         ^^^^^^^^^^^^^^^^^^ help: convert the identifier to snake case: `runtime_truth_source`

warning: structure field `requiresDaemonGate` should have a snake case name
     --> crates/types/src/app/generated/architecture_contracts.rs:31709:9
      |
31709 |     pub requiresDaemonGate: HypervisorSessionLaunchRecipeAdmissionV1RequiresDaemonGate,
      |         ^^^^^^^^^^^^^^^^^^ help: convert the identifier to snake case: `requires_daemon_gate`

warning: structure field `runtimeTruthSource` should have a snake case name
     --> crates/types/src/app/generated/architecture_contracts.rs:31710:9
      |
31710 |     pub runtimeTruthSource: HypervisorSessionLaunchRecipeAdmissionV1RuntimeTruthSource,
      |         ^^^^^^^^^^^^^^^^^^ help: convert the identifier to snake case: `runtime_truth_source`

warning: structure field `runtimeTruthSource` should have a snake case name
     --> crates/types/src/app/generated/architecture_contracts.rs:93444:9
      |
93444 |     pub runtimeTruthSource: ManagedWorkerInstanceStateV1LastTransitionAdmissionRuntimeTruthSource,
      |         ^^^^^^^^^^^^^^^^^^ help: convert the identifier to snake case: `runtime_truth_source`

warning: `ioi-types` (lib) generated 19 warnings
warning: unused doc comment
   --> crates/agentgres/src/event_stream.rs:229:1
    |
229 | / /// Confirm the substrate log is durable on disk.
230 | | ///
231 | | /// The fault-injection hook travels WITH the discipline: a durability
232 | | /// confirmation whose failure path is unreachable in test is a confirmation
...   |
235 | | /// pre-lift implementation so the M4 fault-injection proofs keep exercising
236 | | /// this exact path.
    | |_-------------------^
    |   |
    |   rustdoc does not generate documentation for macro invocations
    |
    = help: to document an item produced by a macro, the macro must produce the documentation as part of its expansion
    = note: `#[warn(unused_doc_comments)]` (part of `#[warn(unused)]`) on by default

warning: `agentgres` (lib) generated 1 warning
warning: unused imports: `chat_reply_looks_like_source_candidate_list`, `chat_reply_looks_like_tool_plan`, and `workspace_chat_reply_looks_terminal`
  --> crates/services/src/agentic/runtime/service/tool_execution/processing/phases/execute_tool_phase/tool_outcome.rs:23:5
   |
23 |     chat_reply_looks_like_source_candidate_list, chat_reply_looks_like_tool_plan,
   |     ^^^^^^^^^^^^^^^^^^^^^^^^^^^^^^^^^^^^^^^^^^^  ^^^^^^^^^^^^^^^^^^^^^^^^^^^^^^^
24 |     file_mutation_policy_action_report_candidate, goal_requires_fresh_retrieval_before_chat_reply,
25 |     source_candidate_chat_reply_blocker, workspace_chat_reply_looks_terminal,
   |                                          ^^^^^^^^^^^^^^^^^^^^^^^^^^^^^^^^^^^
   |
   = note: `#[warn(unused_imports)]` (part of `#[warn(unused)]`) on by default

warning: unused imports: `HandoverAcceptance` and `HandoverApproval`
   --> crates/services/src/guardian_registry/mod.rs:107:55
    |
107 |     GuardianWitnessFaultEvidence, GuardianWitnessSet, HandoverAcceptance, HandoverApproval,
    |                                                       ^^^^^^^^^^^^^^^^^^  ^^^^^^^^^^^^^^^^

warning: unused import: `require_identity`
 --> crates/services/src/wallet_network/handlers/identity.rs:6:46
  |
6 |     is_encrypted_secret_payload, load_typed, require_identity, store_typed,
  |                                              ^^^^^^^^^^^^^^^^

warning: function `append_event_line` is never used
   --> crates/services/src/agentic/runtime/event_log_bridge.rs:233:4
    |
233 | fn append_event_line(state_dir: &str, event_stream_id: &str, event: &Value) -> Result<(), String> {
    |    ^^^^^^^^^^^^^^^^^
    |
    = note: `#[warn(dead_code)]` (part of `#[warn(unused)]`) on by default

warning: method `to_value` is never used
   --> crates/services/src/agentic/runtime/kernel/repository_workflow.rs:195:8
    |
194 | impl RepositoryWorkflowProjectionRecord {
    | --------------------------------------- method in this implementation
195 |     fn to_value(&self) -> Value {
    |        ^^^^^^^^

warning: function `set_array_strings` is never used
   --> crates/services/src/agentic/runtime/kernel/runtime_conversation_artifact_control.rs:570:4
    |
570 | fn set_array_strings(value: &mut Value, key: &str, values: &[String]) {
    |    ^^^^^^^^^^^^^^^^^

warning: method `to_value` is never used
   --> crates/services/src/agentic/runtime/kernel/runtime_lifecycle.rs:196:8
    |
195 | impl RuntimeLifecycleProjectionRecord {
    | ------------------------------------- method in this implementation
196 |     fn to_value(&self) -> Value {
    |        ^^^^^^^^

warning: method `to_value` is never used
   --> crates/services/src/agentic/runtime/kernel/runtime_mcp_serve.rs:635:8
    |
634 | impl RuntimeMcpServeToolCallPlanRecord {
    | -------------------------------------- method in this implementation
635 |     fn to_value(&self) -> Value {
    |        ^^^^^^^^

warning: method `to_value` is never used
   --> crates/services/src/agentic/runtime/kernel/runtime_mcp_serve.rs:664:8
    |
663 | impl RuntimeMcpServeToolResultProjectionRecord {
    | ---------------------------------------------- method in this implementation
664 |     fn to_value(&self) -> Value {
    |        ^^^^^^^^

warning: method `to_value` is never used
   --> crates/services/src/agentic/runtime/kernel/runtime_tool_catalog.rs:144:8
    |
143 | impl RuntimeToolCatalogProjectionRecord {
    | --------------------------------------- method in this implementation
144 |     fn to_value(&self) -> Value {
    |        ^^^^^^^^

warning: method `to_value` is never used
   --> crates/services/src/agentic/runtime/kernel/skill_hook_registry.rs:137:8
    |
136 | impl SkillHookRegistryProjectionRecord {
    | -------------------------------------- method in this implementation
137 |     fn to_value(&self) -> Value {
    |        ^^^^^^^^

warning: function `require_identity` is never used
  --> crates/services/src/wallet_network/support.rs:25:15
   |
25 | pub(super) fn require_identity(state: &dyn StateAccess) -> Result<VaultIdentity, TransactionError> {
   |               ^^^^^^^^^^^^^^^^

warning: unused variable: `public_inputs`
   --> crates/plugins/zk-driver-succinct/src/lib.rs:121:9
    |
121 |         public_inputs: &CanonicalCollapseContinuityPublicInputs,
    |         ^^^^^^^^^^^^^ help: if this is intentional, prefix it with an underscore: `_public_inputs`
    |
    = note: `#[warn(unused_variables)]` (part of `#[warn(unused)]`) on by default

warning: `ioi-services` (lib) generated 12 warnings (run `cargo fix --lib -p ioi-services` to apply 3 suggestions)
warning: `zk-driver-succinct` (lib) generated 1 warning (run `cargo fix --lib -p zk-driver-succinct` to apply 1 suggestion)
warning: unused imports: `AnchoredRegenesisRoot`, `LineageRelation`, and `lineage_relation`
  --> crates/consensus/src/aft/adversarial_campaigns.rs:15:5
   |
15 |     lineage_relation, AnchoredRegenesisRoot, BoundaryRingConfig, LineageRelation,
   |     ^^^^^^^^^^^^^^^^  ^^^^^^^^^^^^^^^^^^^^^                      ^^^^^^^^^^^^^^^
   |
   = note: `#[warn(unused_imports)]` (part of `#[warn(unused)]`) on by default

warning: function `honest_ring` is never used
  --> crates/consensus/src/aft/adversarial_campaigns.rs:73:15
   |
73 | pub(crate) fn honest_ring(members: &[u8]) -> BoundaryRingMembershipSim {
   |               ^^^^^^^^^^^
   |
   = note: `#[warn(dead_code)]` (part of `#[warn(unused)]`) on by default

warning: `ioi-consensus` (lib) generated 2 warnings (run `cargo fix --lib -p ioi-consensus` to apply 1 suggestion)
warning: function `forced_hash_fallback_spec_matches` is never used
  --> crates/validator/src/standard/orchestration/consensus/production.rs:80:15
   |
80 | pub(super) fn forced_hash_fallback_spec_matches(
   |               ^^^^^^^^^^^^^^^^^^^^^^^^^^^^^^^^^
   |
   = note: `#[warn(dead_code)]` (part of `#[warn(unused)]`) on by default

warning: `ioi-validator` (lib) generated 1 warning
warning: unused import: `async_trait::async_trait`
  --> crates/node/src/bin/orchestration.rs:75:5
   |
75 | use async_trait::async_trait;
   |     ^^^^^^^^^^^^^^^^^^^^^^^^
   |
   = note: `#[warn(unused_imports)]` (part of `#[warn(unused)]`) on by default

warning: unused import: `ChainTransaction`
  --> crates/node/src/bin/orchestration.rs:76:52
   |
76 | use ioi_types::app::{account_id_from_key_material, ChainTransaction, SignatureSuite};
   |                                                    ^^^^^^^^^^^^^^^^

warning: unused import: `tokio::sync::Mutex`
  --> crates/node/src/bin/orchestration.rs:83:5
   |
83 | use tokio::sync::Mutex;
   |     ^^^^^^^^^^^^^^^^^^

warning: unused import: `ioi_api::vm::drivers::os::OsDriver`
  --> crates/node/src/bin/orchestration.rs:86:5
   |
86 | use ioi_api::vm::drivers::os::OsDriver;
   |     ^^^^^^^^^^^^^^^^^^^^^^^^^^^^^^^^^^

warning: struct `MempoolAdapter` is never constructed
   --> crates/node/src/bin/orchestration.rs:190:8
    |
190 | struct MempoolAdapter {
    |        ^^^^^^^^^^^^^^
    |
    = note: `#[warn(dead_code)]` (part of `#[warn(unused)]`) on by default

warning: `ioi-node` (bin "orchestration") generated 5 warnings (run `cargo fix --bin "orchestration" -p ioi-node` to apply 4 suggestions)
    Finished `release` profile [optimized] target(s) in 0.72s
--- Encrypting New Secure Key ---
--- Waiting for cluster to converge on a shared tip ---
--- All nodes synced. Cluster is ready. ---
[M16Q-QUV] case=sole_correct member_position=0 process_index=2 terminal_replays=1 replay_elapsed_ms=35 elapsed_ms=5514 max_valid_reply_elapsed_ms=411 qualified_envelope_ms=4000 result=executed
[M16Q-QUV] case=sole_correct member_position=1 process_index=3 terminal_replays=1 replay_elapsed_ms=29 elapsed_ms=5538 max_valid_reply_elapsed_ms=460 qualified_envelope_ms=4000 result=executed
[M16Q-QUV] case=sole_correct member_position=2 process_index=1 terminal_replays=1 replay_elapsed_ms=30 elapsed_ms=5554 max_valid_reply_elapsed_ms=423 qualified_envelope_ms=4000 result=executed
[M16Q-QUV] case=sole_correct member_position=3 process_index=0 terminal_replays=1 replay_elapsed_ms=38 elapsed_ms=5588 max_valid_reply_elapsed_ms=399 qualified_envelope_ms=4000 result=executed
[M16Q-QUV] case=authenticated_saturation operations=4 verifier_nonces=0383d6ce0ad1ebe9392f3bbca5a1e3477a63b6ad2f36ea2a0c24998daa755aaf,86a80a41a34fc882818dbc6f2ecdf6e3c05e980875d01a6f68fa37741fa6cabf,1ff4a8c42b05cb0b213abca7a23b4e6773d7de5f86126d5b869cbd91d44b0aea,1f72f2d400a24fa0614a8fd8bb69893311499865ef245db3efb60a2992aa88af preparation_elapsed_ms=10571 rpc_launch_span_ms=0 elapsed_ms=5980 max_valid_reply_elapsed_ms=Some(1720) qualified_envelope_ms=4000 result=executed
[M16Q-QUV] case=concurrent_valid_conflict accepts=0 conflict_rejections=2 durable_records=0 rejected_resources_unchanged=true elapsed_ms=7719 result=safe
Error: QUV audit member coverage differs for effect effect-m16q-unrelated nonce=1b842635dcf8d583ffa10ff50719f7527ef3e4dd7addc7d23752092d19821739: configured_count=4 configured={AccountId([241, 25, 195, 79, 136, 124, 175, 233, 181, 157, 71, 108, 16, 250, 144, 35, 172, 191, 190, 163, 79, 0, 156, 41, 246, 211, 66, 178, 13, 131, 206, 227]), AccountId([62, 155, 67, 6, 66, 0, 29, 160, 46, 196, 66, 130, 59, 147, 203, 27, 81, 109, 203, 188, 9, 47, 184, 57, 72, 0, 108, 217, 87, 70, 220, 107]), AccountId([186, 213, 213, 171, 223, 131, 150, 38, 77, 107, 252, 105, 151, 40, 184, 158, 134, 34, 249, 116, 37, 150, 117, 231, 118, 101, 146, 232, 125, 125, 199, 130]), AccountId([118, 228, 106, 20, 15, 20, 18, 0, 115, 157, 38, 35, 106, 79, 118, 7, 8, 21, 250, 12, 246, 232, 16, 22, 240, 190, 26, 152, 193, 82, 237, 91])} expected_configured={AccountId([62, 155, 67, 6, 66, 0, 29, 160, 46, 196, 66, 130, 59, 147, 203, 27, 81, 109, 203, 188, 9, 47, 184, 57, 72, 0, 108, 217, 87, 70, 220, 107]), AccountId([186, 213, 213, 171, 223, 131, 150, 38, 77, 107, 252, 105, 151, 40, 184, 158, 134, 34, 249, 116, 37, 150, 117, 231, 118, 101, 146, 232, 125, 125, 199, 130]), AccountId([241, 25, 195, 79, 136, 124, 175, 233, 181, 157, 71, 108, 16, 250, 144, 35, 172, 191, 190, 163, 79, 0, 156, 41, 246, 211, 66, 178, 13, 131, 206, 227]), AccountId([118, 228, 106, 20, 15, 20, 18, 0, 115, 157, 38, 35, 106, 79, 118, 7, 8, 21, 250, 12, 246, 232, 16, 22, 240, 190, 26, 152, 193, 82, 237, 91])}; reply_count=3 responding={AccountId([186, 213, 213, 171, 223, 131, 150, 38, 77, 107, 252, 105, 151, 40, 184, 158, 134, 34, 249, 116, 37, 150, 117, 231, 118, 101, 146, 232, 125, 125, 199, 130]), AccountId([118, 228, 106, 20, 15, 20, 18, 0, 115, 157, 38, 35, 106, 79, 118, 7, 8, 21, 250, 12, 246, 232, 16, 22, 240, 190, 26, 152, 193, 82, 237, 91]), AccountId([62, 155, 67, 6, 66, 0, 29, 160, 46, 196, 66, 130, 59, 147, 203, 27, 81, 109, 203, 188, 9, 47, 184, 57, 72, 0, 108, 217, 87, 70, 220, 107])} expected_responding={AccountId([62, 155, 67, 6, 66, 0, 29, 160, 46, 196, 66, 130, 59, 147, 203, 27, 81, 109, 203, 188, 9, 47, 184, 57, 72, 0, 108, 217, 87, 70, 220, 107]), AccountId([186, 213, 213, 171, 223, 131, 150, 38, 77, 107, 252, 105, 151, 40, 184, 158, 134, 34, 249, 116, 37, 150, 117, 231, 118, 101, 146, 232, 125, 125, 199, 130]), AccountId([241, 25, 195, 79, 136, 124, 175, 233, 181, 157, 71, 108, 16, 250, 144, 35, 172, 191, 190, 163, 79, 0, 156, 41, 246, 211, 66, 178, 13, 131, 206, 227]), AccountId([118, 228, 106, 20, 15, 20, 18, 0, 115, 157, 38, 35, 106, 79, 118, 7, 8, 21, 250, 12, 246, 232, 16, 22, 240, 190, 26, 152, 193, 82, 237, 91])}; reply_elapsed_ms=[934, 2400, 2864]
test test_aft_quv_m16q_each_single_correct_member_and_conflict_isolation ... FAILED

failures:

failures:
    test_aft_quv_m16q_each_single_correct_member_and_conflict_isolation

test result: FAILED. 0 passed; 1 failed; 0 ignored; 0 measured; 7 filtered out; finished in 362.25s

error: test failed, to rerun pass `-p ioi-cli --test aft_e2e`
