census OK: 83 modules = 70 executed + 13 manifest-marked (manual)
(* fingerprints file ".tlacache/QuvEffectPreparationProof.tlaps/fingerprints" removed *)
(* created new ".tlacache/QuvEffectPreparationProof.tlaps/QuvEffectPreparationProof.thy" *)
(* fingerprints written in ".tlacache/QuvEffectPreparationProof.tlaps/fingerprints" *)
File "./QuvEffectPreparationProof.tla", line 1, character 1 to line 12, character 77:
[INFO]: All 9 obligations proved.
TLC2 Version 2026.08.11.125311 (rev: 0894c34)
Warning: Please run the Java VM, which executes TLC with a throughput optimized garbage collector, by passing the "-XX:+UseParallelGC" property.
(Use the -nowarning option to disable this warning.)
Running breadth-first search Model-Checking with fp 57 and seed 769273916608984529 with 1 worker on 24 cores with 24000MB heap and 64MB offheap memory [pid: 3614659] (Linux 6.17.9-76061709-generic amd64, Ubuntu 21.0.10 64bit, MSBDiskFPSet, DiskStateQueue).
Parsing file /home/heathledger/Documents/ioi/repos/ioi/internal-docs/architecture/protocols/aft/formal/consequence/QuvEffectPreparation.tla
Parsing file /tmp/tlc-2853670343230689592/Naturals.tla (jar:file:/home/heathledger/Documents/ioi/repos/ioi/.internal/formal-cache/tools/tla/tla2tools.jar!/tla2sany/StandardModules/Naturals.tla)
Parsing file /tmp/tlc-2853670343230689592/_TLCTrace.tla (jar:file:/home/heathledger/Documents/ioi/repos/ioi/.internal/formal-cache/tools/tla/tla2tools.jar!/tla2sany/StandardModules/_TLCTrace.tla)
Parsing file /tmp/tlc-2853670343230689592/TLC.tla (jar:file:/home/heathledger/Documents/ioi/repos/ioi/.internal/formal-cache/tools/tla/tla2tools.jar!/tla2sany/StandardModules/TLC.tla)
Parsing file /tmp/tlc-2853670343230689592/TLCExt.tla (jar:file:/home/heathledger/Documents/ioi/repos/ioi/.internal/formal-cache/tools/tla/tla2tools.jar!/tla2sany/StandardModules/TLCExt.tla)
Parsing file /tmp/tlc-2853670343230689592/Sequences.tla (jar:file:/home/heathledger/Documents/ioi/repos/ioi/.internal/formal-cache/tools/tla/tla2tools.jar!/tla2sany/StandardModules/Sequences.tla)
Parsing file /tmp/tlc-2853670343230689592/FiniteSets.tla (jar:file:/home/heathledger/Documents/ioi/repos/ioi/.internal/formal-cache/tools/tla/tla2tools.jar!/tla2sany/StandardModules/FiniteSets.tla)
Parsing file /tmp/tlc-2853670343230689592/Integers.tla (jar:file:/home/heathledger/Documents/ioi/repos/ioi/.internal/formal-cache/tools/tla/tla2tools.jar!/tla2sany/StandardModules/Integers.tla)
Semantic processing of module Naturals
Semantic processing of module Sequences
Semantic processing of module FiniteSets
Semantic processing of module TLC
Semantic processing of module Integers
Semantic processing of module TLCExt
Semantic processing of module _TLCTrace
Semantic processing of module QuvEffectPreparation
Linting of module TLCExt
Linting of module _TLCTrace
Linting of module QuvEffectPreparation
Starting... (2026-09-06 01:00:02)
Computing initial states...
Computed 2 initial states...
Computed 4 initial states...
Computed 8 initial states...
Finished computing initial states: 16 distinct states generated at 2026-09-06 01:00:03.
Model checking completed. No error has been found.
  Estimates of the probability that TLC did not check all reachable states
  because two distinct states had the same fingerprint:
  calculated (optimistic):  val = 5.0E-17
62 states generated, 25 distinct states found, 0 states left on queue.
The depth of the complete state graph search is 7.
The average outdegree of the complete state graph is 0 (minimum is 0, the maximum 2 and the 95th percentile is 1).
Finished in 00s at (2026-09-06 01:00:03)
TLC2 Version 2026.08.11.125311 (rev: 0894c34)
Warning: Please run the Java VM, which executes TLC with a throughput optimized garbage collector, by passing the "-XX:+UseParallelGC" property.
(Use the -nowarning option to disable this warning.)
Running breadth-first search Model-Checking with fp 105 and seed -2471047567869920433 with 1 worker on 24 cores with 24000MB heap and 64MB offheap memory [pid: 3614826] (Linux 6.17.9-76061709-generic amd64, Ubuntu 21.0.10 64bit, MSBDiskFPSet, DiskStateQueue).
Parsing file /tmp/tmp.mEKSjNfNAF/QuvEffectPreparation.tla
Parsing file /tmp/tlc-11330490336484049227/Naturals.tla (jar:file:/home/heathledger/Documents/ioi/repos/ioi/.internal/formal-cache/tools/tla/tla2tools.jar!/tla2sany/StandardModules/Naturals.tla)
Parsing file /tmp/tlc-11330490336484049227/_TLCTrace.tla (jar:file:/home/heathledger/Documents/ioi/repos/ioi/.internal/formal-cache/tools/tla/tla2tools.jar!/tla2sany/StandardModules/_TLCTrace.tla)
Parsing file /tmp/tlc-11330490336484049227/TLC.tla (jar:file:/home/heathledger/Documents/ioi/repos/ioi/.internal/formal-cache/tools/tla/tla2tools.jar!/tla2sany/StandardModules/TLC.tla)
Parsing file /tmp/tlc-11330490336484049227/TLCExt.tla (jar:file:/home/heathledger/Documents/ioi/repos/ioi/.internal/formal-cache/tools/tla/tla2tools.jar!/tla2sany/StandardModules/TLCExt.tla)
Parsing file /tmp/tlc-11330490336484049227/Sequences.tla (jar:file:/home/heathledger/Documents/ioi/repos/ioi/.internal/formal-cache/tools/tla/tla2tools.jar!/tla2sany/StandardModules/Sequences.tla)
Parsing file /tmp/tlc-11330490336484049227/FiniteSets.tla (jar:file:/home/heathledger/Documents/ioi/repos/ioi/.internal/formal-cache/tools/tla/tla2tools.jar!/tla2sany/StandardModules/FiniteSets.tla)
Parsing file /tmp/tlc-11330490336484049227/Integers.tla (jar:file:/home/heathledger/Documents/ioi/repos/ioi/.internal/formal-cache/tools/tla/tla2tools.jar!/tla2sany/StandardModules/Integers.tla)
Semantic processing of module Naturals
Semantic processing of module Sequences
Semantic processing of module FiniteSets
Semantic processing of module TLC
Semantic processing of module Integers
Semantic processing of module TLCExt
Semantic processing of module _TLCTrace
Semantic processing of module QuvEffectPreparation
Linting of module TLCExt
Linting of module _TLCTrace
Linting of module QuvEffectPreparation
Starting... (2026-09-06 01:00:03)
Computing initial states...
Computed 2 initial states...
Computed 4 initial states...
Computed 8 initial states...
Finished computing initial states: 16 distinct states generated at 2026-09-06 01:00:03.
Error: Invariant PreparationChecked is violated.
Error: The behavior up to this point is:
State 1: <Initial predicate>
/\ candidateOK = FALSE
/\ initiallyTerminal = TRUE
/\ live = FALSE
/\ ownInteraction = FALSE
/\ prepared = FALSE
/\ claimWasLive = FALSE
/\ bindingOK = FALSE
/\ phase = "Terminal"
/\ admissionOK = TRUE

State 2: <Prepare line 13, col 12 to line 19, col 64 of module QuvEffectPreparation>
/\ candidateOK = FALSE
/\ initiallyTerminal = TRUE
/\ live = FALSE
/\ ownInteraction = FALSE
/\ prepared = TRUE
/\ claimWasLive = FALSE
/\ bindingOK = FALSE
/\ phase = "Terminal"
/\ admissionOK = TRUE

20 states generated, 17 distinct states found, 12 states left on queue.
The depth of the complete state graph search is 2.
Finished in 00s at (2026-09-06 01:00:03)
Trace exploration spec path: ./QuvEffectPreparation_TTrace_1788670803.tla
expected counterexample observed: QuvEffectPreparation.tla: Invariant PreparationChecked is violated
TLC2 Version 2026.08.11.125311 (rev: 0894c34)
Warning: Please run the Java VM, which executes TLC with a throughput optimized garbage collector, by passing the "-XX:+UseParallelGC" property.
(Use the -nowarning option to disable this warning.)
Running breadth-first search Model-Checking with fp 26 and seed -6387531127799463473 with 1 worker on 24 cores with 24000MB heap and 64MB offheap memory [pid: 3615008] (Linux 6.17.9-76061709-generic amd64, Ubuntu 21.0.10 64bit, MSBDiskFPSet, DiskStateQueue).
Parsing file /tmp/tmp.XKXKItpa4i/QuvEffectPreparation.tla
Parsing file /tmp/tlc-68110759642040308/Naturals.tla (jar:file:/home/heathledger/Documents/ioi/repos/ioi/.internal/formal-cache/tools/tla/tla2tools.jar!/tla2sany/StandardModules/Naturals.tla)
Parsing file /tmp/tlc-68110759642040308/_TLCTrace.tla (jar:file:/home/heathledger/Documents/ioi/repos/ioi/.internal/formal-cache/tools/tla/tla2tools.jar!/tla2sany/StandardModules/_TLCTrace.tla)
Parsing file /tmp/tlc-68110759642040308/TLC.tla (jar:file:/home/heathledger/Documents/ioi/repos/ioi/.internal/formal-cache/tools/tla/tla2tools.jar!/tla2sany/StandardModules/TLC.tla)
Parsing file /tmp/tlc-68110759642040308/TLCExt.tla (jar:file:/home/heathledger/Documents/ioi/repos/ioi/.internal/formal-cache/tools/tla/tla2tools.jar!/tla2sany/StandardModules/TLCExt.tla)
Parsing file /tmp/tlc-68110759642040308/Sequences.tla (jar:file:/home/heathledger/Documents/ioi/repos/ioi/.internal/formal-cache/tools/tla/tla2tools.jar!/tla2sany/StandardModules/Sequences.tla)
Parsing file /tmp/tlc-68110759642040308/FiniteSets.tla (jar:file:/home/heathledger/Documents/ioi/repos/ioi/.internal/formal-cache/tools/tla/tla2tools.jar!/tla2sany/StandardModules/FiniteSets.tla)
Parsing file /tmp/tlc-68110759642040308/Integers.tla (jar:file:/home/heathledger/Documents/ioi/repos/ioi/.internal/formal-cache/tools/tla/tla2tools.jar!/tla2sany/StandardModules/Integers.tla)
Semantic processing of module Naturals
Semantic processing of module Sequences
Semantic processing of module FiniteSets
Semantic processing of module TLC
Semantic processing of module Integers
Semantic processing of module TLCExt
Semantic processing of module _TLCTrace
Semantic processing of module QuvEffectPreparation
Linting of module TLCExt
Linting of module _TLCTrace
Linting of module QuvEffectPreparation
Starting... (2026-09-06 01:00:03)
Computing initial states...
Computed 2 initial states...
Computed 4 initial states...
Computed 8 initial states...
Finished computing initial states: 16 distinct states generated at 2026-09-06 01:00:03.
Error: Invariant PreparationChecked is violated.
Error: The behavior up to this point is:
State 1: <Initial predicate>
/\ candidateOK = FALSE
/\ initiallyTerminal = FALSE
/\ live = FALSE
/\ ownInteraction = FALSE
/\ prepared = FALSE
/\ claimWasLive = FALSE
/\ bindingOK = TRUE
/\ phase = "Absent"
/\ admissionOK = TRUE

State 2: <Prepare line 13, col 12 to line 19, col 64 of module QuvEffectPreparation>
/\ candidateOK = FALSE
/\ initiallyTerminal = FALSE
/\ live = FALSE
/\ ownInteraction = FALSE
/\ prepared = TRUE
/\ claimWasLive = FALSE
/\ bindingOK = TRUE
/\ phase = "Prepared"
/\ admissionOK = TRUE

27 states generated, 17 distinct states found, 5 states left on queue.
The depth of the complete state graph search is 2.
Finished in 00s at (2026-09-06 01:00:03)
Trace exploration spec path: ./QuvEffectPreparation_TTrace_1788670803.tla
expected counterexample observed: QuvEffectPreparation.tla: Invariant PreparationChecked is violated
TLC2 Version 2026.08.11.125311 (rev: 0894c34)
Warning: Please run the Java VM, which executes TLC with a throughput optimized garbage collector, by passing the "-XX:+UseParallelGC" property.
(Use the -nowarning option to disable this warning.)
Running breadth-first search Model-Checking with fp 92 and seed -6735697821290710311 with 1 worker on 24 cores with 24000MB heap and 64MB offheap memory [pid: 3615134] (Linux 6.17.9-76061709-generic amd64, Ubuntu 21.0.10 64bit, MSBDiskFPSet, DiskStateQueue).
Parsing file /tmp/tmp.4gHDUpG7dm/QuvEffectPreparation.tla
Parsing file /tmp/tlc-17501853864796447020/Naturals.tla (jar:file:/home/heathledger/Documents/ioi/repos/ioi/.internal/formal-cache/tools/tla/tla2tools.jar!/tla2sany/StandardModules/Naturals.tla)
Parsing file /tmp/tlc-17501853864796447020/_TLCTrace.tla (jar:file:/home/heathledger/Documents/ioi/repos/ioi/.internal/formal-cache/tools/tla/tla2tools.jar!/tla2sany/StandardModules/_TLCTrace.tla)
Parsing file /tmp/tlc-17501853864796447020/TLC.tla (jar:file:/home/heathledger/Documents/ioi/repos/ioi/.internal/formal-cache/tools/tla/tla2tools.jar!/tla2sany/StandardModules/TLC.tla)
Parsing file /tmp/tlc-17501853864796447020/TLCExt.tla (jar:file:/home/heathledger/Documents/ioi/repos/ioi/.internal/formal-cache/tools/tla/tla2tools.jar!/tla2sany/StandardModules/TLCExt.tla)
Parsing file /tmp/tlc-17501853864796447020/Sequences.tla (jar:file:/home/heathledger/Documents/ioi/repos/ioi/.internal/formal-cache/tools/tla/tla2tools.jar!/tla2sany/StandardModules/Sequences.tla)
Parsing file /tmp/tlc-17501853864796447020/FiniteSets.tla (jar:file:/home/heathledger/Documents/ioi/repos/ioi/.internal/formal-cache/tools/tla/tla2tools.jar!/tla2sany/StandardModules/FiniteSets.tla)
Parsing file /tmp/tlc-17501853864796447020/Integers.tla (jar:file:/home/heathledger/Documents/ioi/repos/ioi/.internal/formal-cache/tools/tla/tla2tools.jar!/tla2sany/StandardModules/Integers.tla)
Semantic processing of module Naturals
Semantic processing of module Sequences
Semantic processing of module FiniteSets
Semantic processing of module TLC
Semantic processing of module Integers
Semantic processing of module TLCExt
Semantic processing of module _TLCTrace
Semantic processing of module QuvEffectPreparation
Linting of module TLCExt
Linting of module _TLCTrace
Linting of module QuvEffectPreparation
Starting... (2026-09-06 01:00:04)
Computing initial states...
Computed 2 initial states...
Computed 4 initial states...
Computed 8 initial states...
Finished computing initial states: 16 distinct states generated at 2026-09-06 01:00:04.
Error: Invariant GrantIsOwn is violated.
Error: The behavior up to this point is:
State 1: <Initial predicate>
/\ candidateOK = FALSE
/\ initiallyTerminal = TRUE
/\ live = FALSE
/\ ownInteraction = FALSE
/\ prepared = FALSE
/\ claimWasLive = FALSE
/\ bindingOK = TRUE
/\ phase = "Terminal"
/\ admissionOK = TRUE

State 2: <Prepare line 13, col 12 to line 19, col 64 of module QuvEffectPreparation>
/\ candidateOK = FALSE
/\ initiallyTerminal = TRUE
/\ live = TRUE
/\ ownInteraction = FALSE
/\ prepared = TRUE
/\ claimWasLive = FALSE
/\ bindingOK = TRUE
/\ phase = "Terminal"
/\ admissionOK = TRUE

28 states generated, 17 distinct states found, 4 states left on queue.
The depth of the complete state graph search is 2.
Finished in 00s at (2026-09-06 01:00:04)
Trace exploration spec path: ./QuvEffectPreparation_TTrace_1788670803.tla
expected counterexample observed: QuvEffectPreparation.tla: Invariant GrantIsOwn is violated
