START consequence 2026-09-06T03:10:01.582821+00:00
DONE consequence 0
START types 2026-09-06T03:10:06.633076+00:00
DONE types 0
START runtime 2026-09-06T03:10:07.010417+00:00
DONE runtime 0
START executor 2026-09-06T03:11:35.902773+00:00
DONE executor 0
START cli 2026-09-06T03:11:36.373286+00:00
DONE cli 0
START format 2026-09-06T03:12:28.542038+00:00
DONE format 0
START syntax 2026-09-06T03:12:36.872533+00:00
DONE syntax 0
START formal 2026-09-06T03:12:36.876834+00:00
DONE formal 0
START endpoint-syscalls 2026-09-06T03:12:37.900079+00:00
DONE endpoint-syscalls 0
START reservation-proof 2026-09-06T03:12:41.875376+00:00
DONE reservation-proof 0
START t10 2026-09-06T03:12:43.145351+00:00
DONE t10 0
