census OK: 87 modules = 74 executed + 13 manifest-marked (manual)
(* fingerprints file ".tlacache/QuvQueuedEffectPreparationProof.tlaps/fingerprints" removed *)
(* created new ".tlacache/QuvQueuedEffectPreparationProof.tlaps/QuvQueuedEffectPreparationProof.thy" *)
(* fingerprints written in ".tlacache/QuvQueuedEffectPreparationProof.tlaps/fingerprints" *)
File "./QuvQueuedEffectPreparationProof.tla", line 1, character 1 to line 16, character 65:
[INFO]: All 9 obligations proved.
TLC2 Version 2026.08.11.125311 (rev: 0894c34)
Warning: Please run the Java VM, which executes TLC with a throughput optimized garbage collector, by passing the "-XX:+UseParallelGC" property.
(Use the -nowarning option to disable this warning.)
Running breadth-first search Model-Checking with fp 30 and seed -6317287985425658649 with 1 worker on 24 cores with 24000MB heap and 64MB offheap memory [pid: 1405133] (Linux 6.17.9-76061709-generic amd64, Ubuntu 21.0.10 64bit, MSBDiskFPSet, DiskStateQueue).
Parsing file /home/heathledger/Documents/ioi/repos/ioi/internal-docs/architecture/protocols/aft/formal/consequence/QuvQueuedEffectPreparation.tla
Parsing file /tmp/tlc-16640221263949110530/Naturals.tla (jar:file:/home/heathledger/Documents/ioi/repos/ioi/.internal/formal-cache/tools/tla/tla2tools.jar!/tla2sany/StandardModules/Naturals.tla)
Parsing file /tmp/tlc-16640221263949110530/_TLCTrace.tla (jar:file:/home/heathledger/Documents/ioi/repos/ioi/.internal/formal-cache/tools/tla/tla2tools.jar!/tla2sany/StandardModules/_TLCTrace.tla)
Parsing file /tmp/tlc-16640221263949110530/TLC.tla (jar:file:/home/heathledger/Documents/ioi/repos/ioi/.internal/formal-cache/tools/tla/tla2tools.jar!/tla2sany/StandardModules/TLC.tla)
Parsing file /tmp/tlc-16640221263949110530/TLCExt.tla (jar:file:/home/heathledger/Documents/ioi/repos/ioi/.internal/formal-cache/tools/tla/tla2tools.jar!/tla2sany/StandardModules/TLCExt.tla)
Parsing file /tmp/tlc-16640221263949110530/Sequences.tla (jar:file:/home/heathledger/Documents/ioi/repos/ioi/.internal/formal-cache/tools/tla/tla2tools.jar!/tla2sany/StandardModules/Sequences.tla)
Parsing file /tmp/tlc-16640221263949110530/FiniteSets.tla (jar:file:/home/heathledger/Documents/ioi/repos/ioi/.internal/formal-cache/tools/tla/tla2tools.jar!/tla2sany/StandardModules/FiniteSets.tla)
Parsing file /tmp/tlc-16640221263949110530/Integers.tla (jar:file:/home/heathledger/Documents/ioi/repos/ioi/.internal/formal-cache/tools/tla/tla2tools.jar!/tla2sany/StandardModules/Integers.tla)
Semantic processing of module Naturals
Semantic processing of module Sequences
Semantic processing of module FiniteSets
Semantic processing of module TLC
Semantic processing of module Integers
Semantic processing of module TLCExt
Semantic processing of module _TLCTrace
Semantic processing of module QuvQueuedEffectPreparation
Linting of module TLCExt
Linting of module _TLCTrace
Linting of module QuvQueuedEffectPreparation
Starting... (2026-09-06 02:40:11)
Computing initial states...
Finished computing initial states: 1 distinct state generated at 2026-09-06 02:40:12.
Model checking completed. No error has been found.
  Estimates of the probability that TLC did not check all reachable states
  because two distinct states had the same fingerprint:
  calculated (optimistic):  val = 3.5E-18
20 states generated, 16 distinct states found, 0 states left on queue.
The depth of the complete state graph search is 7.
The average outdegree of the complete state graph is 1 (minimum is 0, the maximum 3 and the 95th percentile is 3).
Finished in 00s at (2026-09-06 02:40:12)
TLC2 Version 2026.08.11.125311 (rev: 0894c34)
Warning: Please run the Java VM, which executes TLC with a throughput optimized garbage collector, by passing the "-XX:+UseParallelGC" property.
(Use the -nowarning option to disable this warning.)
Running breadth-first search Model-Checking with fp 118 and seed 5665964726138229013 with 1 worker on 24 cores with 24000MB heap and 64MB offheap memory [pid: 1405365] (Linux 6.17.9-76061709-generic amd64, Ubuntu 21.0.10 64bit, MSBDiskFPSet, DiskStateQueue).
Parsing file /tmp/tmp.3ON3KcAtOD/QuvQueuedEffectPreparation.tla
Parsing file /tmp/tlc-1228672842801632184/Naturals.tla (jar:file:/home/heathledger/Documents/ioi/repos/ioi/.internal/formal-cache/tools/tla/tla2tools.jar!/tla2sany/StandardModules/Naturals.tla)
Parsing file /tmp/tlc-1228672842801632184/_TLCTrace.tla (jar:file:/home/heathledger/Documents/ioi/repos/ioi/.internal/formal-cache/tools/tla/tla2tools.jar!/tla2sany/StandardModules/_TLCTrace.tla)
Parsing file /tmp/tlc-1228672842801632184/TLC.tla (jar:file:/home/heathledger/Documents/ioi/repos/ioi/.internal/formal-cache/tools/tla/tla2tools.jar!/tla2sany/StandardModules/TLC.tla)
Parsing file /tmp/tlc-1228672842801632184/TLCExt.tla (jar:file:/home/heathledger/Documents/ioi/repos/ioi/.internal/formal-cache/tools/tla/tla2tools.jar!/tla2sany/StandardModules/TLCExt.tla)
Parsing file /tmp/tlc-1228672842801632184/Sequences.tla (jar:file:/home/heathledger/Documents/ioi/repos/ioi/.internal/formal-cache/tools/tla/tla2tools.jar!/tla2sany/StandardModules/Sequences.tla)
Parsing file /tmp/tlc-1228672842801632184/FiniteSets.tla (jar:file:/home/heathledger/Documents/ioi/repos/ioi/.internal/formal-cache/tools/tla/tla2tools.jar!/tla2sany/StandardModules/FiniteSets.tla)
Parsing file /tmp/tlc-1228672842801632184/Integers.tla (jar:file:/home/heathledger/Documents/ioi/repos/ioi/.internal/formal-cache/tools/tla/tla2tools.jar!/tla2sany/StandardModules/Integers.tla)
Semantic processing of module Naturals
Semantic processing of module Sequences
Semantic processing of module FiniteSets
Semantic processing of module TLC
Semantic processing of module Integers
Semantic processing of module TLCExt
Semantic processing of module _TLCTrace
Semantic processing of module QuvQueuedEffectPreparation
Linting of module TLCExt
Linting of module _TLCTrace
Linting of module QuvQueuedEffectPreparation
Starting... (2026-09-06 02:40:12)
Computing initial states...
Finished computing initial states: 1 distinct state generated at 2026-09-06 02:40:12.
Error: Invariant PreparedAfterAdmission is violated.
Error: The behavior up to this point is:
State 1: <Initial predicate>
/\ called = FALSE
/\ prepared = FALSE
/\ acquired = FALSE
/\ callCorrect = FALSE
/\ phase = "Inspect"
/\ valid = TRUE
/\ preparedCorrect = FALSE
/\ storeLocked = TRUE
/\ grant = FALSE
/\ lease = FALSE

State 2: <Inspect line 11, col 12 to line 14, col 78 of module QuvQueuedEffectPreparation>
/\ called = FALSE
/\ prepared = TRUE
/\ acquired = FALSE
/\ callCorrect = FALSE
/\ phase = "Waiting"
/\ valid = TRUE
/\ preparedCorrect = TRUE
/\ storeLocked = FALSE
/\ grant = FALSE
/\ lease = FALSE

2 states generated, 2 distinct states found, 0 states left on queue.
The depth of the complete state graph search is 2.
Finished in 00s at (2026-09-06 02:40:12)
Trace exploration spec path: ./QuvQueuedEffectPreparation_TTrace_1788676812.tla
expected counterexample observed: QuvQueuedEffectPreparation.tla: Invariant PreparedAfterAdmission is violated
TLC2 Version 2026.08.11.125311 (rev: 0894c34)
Warning: Please run the Java VM, which executes TLC with a throughput optimized garbage collector, by passing the "-XX:+UseParallelGC" property.
(Use the -nowarning option to disable this warning.)
Running breadth-first search Model-Checking with fp 32 and seed 187610081873343218 with 1 worker on 24 cores with 24000MB heap and 64MB offheap memory [pid: 1405483] (Linux 6.17.9-76061709-generic amd64, Ubuntu 21.0.10 64bit, MSBDiskFPSet, DiskStateQueue).
Parsing file /tmp/tmp.BURTJnZnVR/QuvQueuedEffectPreparation.tla
Parsing file /tmp/tlc-4874840209262711860/Naturals.tla (jar:file:/home/heathledger/Documents/ioi/repos/ioi/.internal/formal-cache/tools/tla/tla2tools.jar!/tla2sany/StandardModules/Naturals.tla)
Parsing file /tmp/tlc-4874840209262711860/_TLCTrace.tla (jar:file:/home/heathledger/Documents/ioi/repos/ioi/.internal/formal-cache/tools/tla/tla2tools.jar!/tla2sany/StandardModules/_TLCTrace.tla)
Parsing file /tmp/tlc-4874840209262711860/TLC.tla (jar:file:/home/heathledger/Documents/ioi/repos/ioi/.internal/formal-cache/tools/tla/tla2tools.jar!/tla2sany/StandardModules/TLC.tla)
Parsing file /tmp/tlc-4874840209262711860/TLCExt.tla (jar:file:/home/heathledger/Documents/ioi/repos/ioi/.internal/formal-cache/tools/tla/tla2tools.jar!/tla2sany/StandardModules/TLCExt.tla)
Parsing file /tmp/tlc-4874840209262711860/Sequences.tla (jar:file:/home/heathledger/Documents/ioi/repos/ioi/.internal/formal-cache/tools/tla/tla2tools.jar!/tla2sany/StandardModules/Sequences.tla)
Parsing file /tmp/tlc-4874840209262711860/FiniteSets.tla (jar:file:/home/heathledger/Documents/ioi/repos/ioi/.internal/formal-cache/tools/tla/tla2tools.jar!/tla2sany/StandardModules/FiniteSets.tla)
Parsing file /tmp/tlc-4874840209262711860/Integers.tla (jar:file:/home/heathledger/Documents/ioi/repos/ioi/.internal/formal-cache/tools/tla/tla2tools.jar!/tla2sany/StandardModules/Integers.tla)
Semantic processing of module Naturals
Semantic processing of module Sequences
Semantic processing of module FiniteSets
Semantic processing of module TLC
Semantic processing of module Integers
Semantic processing of module TLCExt
Semantic processing of module _TLCTrace
Semantic processing of module QuvQueuedEffectPreparation
Linting of module TLCExt
Linting of module _TLCTrace
Linting of module QuvQueuedEffectPreparation
Starting... (2026-09-06 02:40:12)
Computing initial states...
Finished computing initial states: 1 distinct state generated at 2026-09-06 02:40:12.
Error: Invariant QueueReleasesStore is violated.
Error: The behavior up to this point is:
State 1: <Initial predicate>
/\ called = FALSE
/\ prepared = FALSE
/\ acquired = FALSE
/\ callCorrect = FALSE
/\ phase = "Inspect"
/\ valid = TRUE
/\ preparedCorrect = FALSE
/\ storeLocked = TRUE
/\ grant = FALSE
/\ lease = FALSE

State 2: <Inspect line 11, col 12 to line 14, col 78 of module QuvQueuedEffectPreparation>
/\ called = FALSE
/\ prepared = FALSE
/\ acquired = FALSE
/\ callCorrect = FALSE
/\ phase = "Waiting"
/\ valid = TRUE
/\ preparedCorrect = TRUE
/\ storeLocked = TRUE
/\ grant = FALSE
/\ lease = FALSE

2 states generated, 2 distinct states found, 0 states left on queue.
The depth of the complete state graph search is 2.
Finished in 00s at (2026-09-06 02:40:12)
Trace exploration spec path: ./QuvQueuedEffectPreparation_TTrace_1788676812.tla
expected counterexample observed: QuvQueuedEffectPreparation.tla: Invariant QueueReleasesStore is violated
TLC2 Version 2026.08.11.125311 (rev: 0894c34)
Warning: Please run the Java VM, which executes TLC with a throughput optimized garbage collector, by passing the "-XX:+UseParallelGC" property.
(Use the -nowarning option to disable this warning.)
Running breadth-first search Model-Checking with fp 31 and seed 4530833670017380833 with 1 worker on 24 cores with 24000MB heap and 64MB offheap memory [pid: 1405690] (Linux 6.17.9-76061709-generic amd64, Ubuntu 21.0.10 64bit, MSBDiskFPSet, DiskStateQueue).
Parsing file /tmp/tmp.4AigZ5pAdT/QuvQueuedEffectPreparation.tla
Parsing file /tmp/tlc-1299551390632523648/Naturals.tla (jar:file:/home/heathledger/Documents/ioi/repos/ioi/.internal/formal-cache/tools/tla/tla2tools.jar!/tla2sany/StandardModules/Naturals.tla)
Parsing file /tmp/tlc-1299551390632523648/_TLCTrace.tla (jar:file:/home/heathledger/Documents/ioi/repos/ioi/.internal/formal-cache/tools/tla/tla2tools.jar!/tla2sany/StandardModules/_TLCTrace.tla)
Parsing file /tmp/tlc-1299551390632523648/TLC.tla (jar:file:/home/heathledger/Documents/ioi/repos/ioi/.internal/formal-cache/tools/tla/tla2tools.jar!/tla2sany/StandardModules/TLC.tla)
Parsing file /tmp/tlc-1299551390632523648/TLCExt.tla (jar:file:/home/heathledger/Documents/ioi/repos/ioi/.internal/formal-cache/tools/tla/tla2tools.jar!/tla2sany/StandardModules/TLCExt.tla)
Parsing file /tmp/tlc-1299551390632523648/Sequences.tla (jar:file:/home/heathledger/Documents/ioi/repos/ioi/.internal/formal-cache/tools/tla/tla2tools.jar!/tla2sany/StandardModules/Sequences.tla)
Parsing file /tmp/tlc-1299551390632523648/FiniteSets.tla (jar:file:/home/heathledger/Documents/ioi/repos/ioi/.internal/formal-cache/tools/tla/tla2tools.jar!/tla2sany/StandardModules/FiniteSets.tla)
Parsing file /tmp/tlc-1299551390632523648/Integers.tla (jar:file:/home/heathledger/Documents/ioi/repos/ioi/.internal/formal-cache/tools/tla/tla2tools.jar!/tla2sany/StandardModules/Integers.tla)
Semantic processing of module Naturals
Semantic processing of module Sequences
Semantic processing of module FiniteSets
Semantic processing of module TLC
Semantic processing of module Integers
Semantic processing of module TLCExt
Semantic processing of module _TLCTrace
Semantic processing of module QuvQueuedEffectPreparation
Linting of module TLCExt
Linting of module _TLCTrace
Linting of module QuvQueuedEffectPreparation
Starting... (2026-09-06 02:40:13)
Computing initial states...
Finished computing initial states: 1 distinct state generated at 2026-09-06 02:40:13.
Error: Invariant PreparationCheck is violated.
Error: The behavior up to this point is:
State 1: <Initial predicate>
/\ called = FALSE
/\ prepared = FALSE
/\ acquired = FALSE
/\ callCorrect = FALSE
/\ phase = "Inspect"
/\ valid = TRUE
/\ preparedCorrect = FALSE
/\ storeLocked = TRUE
/\ grant = FALSE
/\ lease = FALSE

State 2: <Inspect line 11, col 12 to line 14, col 78 of module QuvQueuedEffectPreparation>
/\ called = FALSE
/\ prepared = FALSE
/\ acquired = FALSE
/\ callCorrect = FALSE
/\ phase = "Waiting"
/\ valid = TRUE
/\ preparedCorrect = TRUE
/\ storeLocked = FALSE
/\ grant = FALSE
/\ lease = FALSE

State 3: <ChangeContext line 18, col 18 to line 20, col 78 of module QuvQueuedEffectPreparation>
/\ called = FALSE
/\ prepared = FALSE
/\ acquired = FALSE
/\ callCorrect = FALSE
/\ phase = "Waiting"
/\ valid = FALSE
/\ preparedCorrect = TRUE
/\ storeLocked = FALSE
/\ grant = FALSE
/\ lease = FALSE

State 4: <Acquire line 15, col 12 to line 17, col 88 of module QuvQueuedEffectPreparation>
/\ called = FALSE
/\ prepared = FALSE
/\ acquired = TRUE
/\ callCorrect = FALSE
/\ phase = "Recheck"
/\ valid = FALSE
/\ preparedCorrect = TRUE
/\ storeLocked = TRUE
/\ grant = FALSE
/\ lease = TRUE

State 5: <Recheck line 21, col 12 to line 23, col 101 of module QuvQueuedEffectPreparation>
/\ called = FALSE
/\ prepared = FALSE
/\ acquired = TRUE
/\ callCorrect = FALSE
/\ phase = "Prepare"
/\ valid = FALSE
/\ preparedCorrect = FALSE
/\ storeLocked = TRUE
/\ grant = FALSE
/\ lease = TRUE

14 states generated, 11 distinct states found, 2 states left on queue.
The depth of the complete state graph search is 5.
Finished in 00s at (2026-09-06 02:40:13)
Trace exploration spec path: ./QuvQueuedEffectPreparation_TTrace_1788676812.tla
expected counterexample observed: QuvQueuedEffectPreparation.tla: Invariant PreparationCheck is violated
