census OK: 53 modules = 40 executed + 13 manifest-marked (manual)
TLC2 Version 2026.08.11.125311 (rev: 0894c34)
Warning: Please run the Java VM, which executes TLC with a throughput optimized garbage collector, by passing the "-XX:+UseParallelGC" property.
(Use the -nowarning option to disable this warning.)
Running breadth-first search Model-Checking with fp 4 and seed -2355049944369210739 with 1 worker on 24 cores with 24000MB heap and 64MB offheap memory [pid: 3589588] (Linux 6.17.9-76061709-generic amd64, Ubuntu 21.0.10 64bit, MSBDiskFPSet, DiskStateQueue).
Parsing file /home/heathledger/Documents/ioi/repos/ioi/internal-docs/architecture/protocols/aft/formal/maximal_visibility/QuvHeadProgress.tla
Parsing file /home/heathledger/Documents/ioi/repos/ioi/internal-docs/architecture/protocols/aft/formal/maximal_visibility/QuvHeadInterleaving.tla
Parsing file /tmp/tlc-12013228597288586020/_TLCTrace.tla (jar:file:/home/heathledger/Documents/ioi/repos/ioi/.internal/formal-cache/tools/tla/tla2tools.jar!/tla2sany/StandardModules/_TLCTrace.tla)
Parsing file /home/heathledger/Documents/ioi/repos/ioi/internal-docs/architecture/protocols/aft/formal/maximal_visibility/QuvHeadPreparation.tla
Parsing file /tmp/tlc-12013228597288586020/Naturals.tla (jar:file:/home/heathledger/Documents/ioi/repos/ioi/.internal/formal-cache/tools/tla/tla2tools.jar!/tla2sany/StandardModules/Naturals.tla)
Parsing file /tmp/tlc-12013228597288586020/Sequences.tla (jar:file:/home/heathledger/Documents/ioi/repos/ioi/.internal/formal-cache/tools/tla/tla2tools.jar!/tla2sany/StandardModules/Sequences.tla)
Parsing file /tmp/tlc-12013228597288586020/FiniteSets.tla (jar:file:/home/heathledger/Documents/ioi/repos/ioi/.internal/formal-cache/tools/tla/tla2tools.jar!/tla2sany/StandardModules/FiniteSets.tla)
Parsing file /tmp/tlc-12013228597288586020/TLC.tla (jar:file:/home/heathledger/Documents/ioi/repos/ioi/.internal/formal-cache/tools/tla/tla2tools.jar!/tla2sany/StandardModules/TLC.tla)
Parsing file /tmp/tlc-12013228597288586020/TLCExt.tla (jar:file:/home/heathledger/Documents/ioi/repos/ioi/.internal/formal-cache/tools/tla/tla2tools.jar!/tla2sany/StandardModules/TLCExt.tla)
Parsing file /tmp/tlc-12013228597288586020/Integers.tla (jar:file:/home/heathledger/Documents/ioi/repos/ioi/.internal/formal-cache/tools/tla/tla2tools.jar!/tla2sany/StandardModules/Integers.tla)
Semantic processing of module Naturals
Semantic processing of module Sequences
Semantic processing of module FiniteSets
Semantic processing of module QuvHeadPreparation
Semantic processing of module QuvHeadInterleaving
Semantic processing of module TLC
Semantic processing of module Integers
Semantic processing of module TLCExt
Semantic processing of module _TLCTrace
Semantic processing of module QuvHeadProgress
Linting of module QuvHeadPreparation
Linting of module QuvHeadInterleaving
Linting of module TLCExt
Linting of module _TLCTrace
Linting of module QuvHeadProgress
Starting... (2026-09-04 23:02:01)
Warning: The invariant ProgressPremises is a constant-level formula (i.e., it contains no variables, primes, or temporal operators) and evaluates to TRUE. To assert constant-level formulas in your spec, use ASSUME ConstInv. If you optionally want to give the assumption a name, write ASSUME YourAssumption == ConstInv instead. See https://explain.tlapl.us/assumptions-and-invariants for additional details.
Implied-temporal checking--satisfiability problem has 1 branches.
Computing initial states...
Finished computing initial states: 1 distinct state generated at 2026-09-04 23:02:01.
Progress(29) at 2026-09-04 23:02:01: 877 states generated, 353 distinct states found, 0 states left on queue.
Checking temporal properties for the complete state space with 353 total distinct states at (2026-09-04 23:02:01)
Finished checking temporal properties in 00s at 2026-09-04 23:02:01
Model checking completed. No error has been found.
  Estimates of the probability that TLC did not check all reachable states
  because two distinct states had the same fingerprint:
  calculated (optimistic):  val = 1.0E-14
877 states generated, 353 distinct states found, 0 states left on queue.
The depth of the complete state graph search is 29.
The average outdegree of the complete state graph is 1 (minimum is 0, the maximum 4 and the 95th percentile is 2).
Finished in 00s at (2026-09-04 23:02:01)
TLC2 Version 2026.08.11.125311 (rev: 0894c34)
Warning: Please run the Java VM, which executes TLC with a throughput optimized garbage collector, by passing the "-XX:+UseParallelGC" property.
(Use the -nowarning option to disable this warning.)
Running breadth-first search Model-Checking with fp 16 and seed 4868112895893320421 with 1 worker on 24 cores with 24000MB heap and 64MB offheap memory [pid: 3589928] (Linux 6.17.9-76061709-generic amd64, Ubuntu 21.0.10 64bit, MSBDiskFPSet, DiskStateQueue).
Parsing file /home/heathledger/Documents/ioi/repos/ioi/internal-docs/architecture/protocols/aft/formal/maximal_visibility/QuvHeadProgress.tla
Parsing file /home/heathledger/Documents/ioi/repos/ioi/internal-docs/architecture/protocols/aft/formal/maximal_visibility/QuvHeadInterleaving.tla
Parsing file /tmp/tlc-7170744423220029833/_TLCTrace.tla (jar:file:/home/heathledger/Documents/ioi/repos/ioi/.internal/formal-cache/tools/tla/tla2tools.jar!/tla2sany/StandardModules/_TLCTrace.tla)
Parsing file /home/heathledger/Documents/ioi/repos/ioi/internal-docs/architecture/protocols/aft/formal/maximal_visibility/QuvHeadPreparation.tla
Parsing file /tmp/tlc-7170744423220029833/Naturals.tla (jar:file:/home/heathledger/Documents/ioi/repos/ioi/.internal/formal-cache/tools/tla/tla2tools.jar!/tla2sany/StandardModules/Naturals.tla)
Parsing file /tmp/tlc-7170744423220029833/Sequences.tla (jar:file:/home/heathledger/Documents/ioi/repos/ioi/.internal/formal-cache/tools/tla/tla2tools.jar!/tla2sany/StandardModules/Sequences.tla)
Parsing file /tmp/tlc-7170744423220029833/FiniteSets.tla (jar:file:/home/heathledger/Documents/ioi/repos/ioi/.internal/formal-cache/tools/tla/tla2tools.jar!/tla2sany/StandardModules/FiniteSets.tla)
Parsing file /tmp/tlc-7170744423220029833/TLC.tla (jar:file:/home/heathledger/Documents/ioi/repos/ioi/.internal/formal-cache/tools/tla/tla2tools.jar!/tla2sany/StandardModules/TLC.tla)
Parsing file /tmp/tlc-7170744423220029833/TLCExt.tla (jar:file:/home/heathledger/Documents/ioi/repos/ioi/.internal/formal-cache/tools/tla/tla2tools.jar!/tla2sany/StandardModules/TLCExt.tla)
Parsing file /tmp/tlc-7170744423220029833/Integers.tla (jar:file:/home/heathledger/Documents/ioi/repos/ioi/.internal/formal-cache/tools/tla/tla2tools.jar!/tla2sany/StandardModules/Integers.tla)
Semantic processing of module Naturals
Semantic processing of module Sequences
Semantic processing of module FiniteSets
Semantic processing of module QuvHeadPreparation
Semantic processing of module QuvHeadInterleaving
Semantic processing of module TLC
Semantic processing of module Integers
Semantic processing of module TLCExt
Semantic processing of module _TLCTrace
Semantic processing of module QuvHeadProgress
Linting of module QuvHeadPreparation
Linting of module QuvHeadInterleaving
Linting of module TLCExt
Linting of module _TLCTrace
Linting of module QuvHeadProgress
Starting... (2026-09-04 23:02:01)
Warning: The invariant ProgressPremises is a constant-level formula (i.e., it contains no variables, primes, or temporal operators) and evaluates to TRUE. To assert constant-level formulas in your spec, use ASSUME ConstInv. If you optionally want to give the assumption a name, write ASSUME YourAssumption == ConstInv instead. See https://explain.tlapl.us/assumptions-and-invariants for additional details.
Implied-temporal checking--satisfiability problem has 1 branches.
Computing initial states...
Finished computing initial states: 1 distinct state generated at 2026-09-04 23:02:01.
Progress(29) at 2026-09-04 23:02:02: 877 states generated, 353 distinct states found, 0 states left on queue.
Checking temporal properties for the complete state space with 353 total distinct states at (2026-09-04 23:02:02)
Finished checking temporal properties in 00s at 2026-09-04 23:02:02
Model checking completed. No error has been found.
  Estimates of the probability that TLC did not check all reachable states
  because two distinct states had the same fingerprint:
  calculated (optimistic):  val = 1.0E-14
877 states generated, 353 distinct states found, 0 states left on queue.
The depth of the complete state graph search is 29.
The average outdegree of the complete state graph is 1 (minimum is 0, the maximum 4 and the 95th percentile is 2).
Finished in 00s at (2026-09-04 23:02:02)
TLC2 Version 2026.08.11.125311 (rev: 0894c34)
Warning: Please run the Java VM, which executes TLC with a throughput optimized garbage collector, by passing the "-XX:+UseParallelGC" property.
(Use the -nowarning option to disable this warning.)
Running breadth-first search Model-Checking with fp 39 and seed 9019173985984369327 with 1 worker on 24 cores with 24000MB heap and 64MB offheap memory [pid: 3590148] (Linux 6.17.9-76061709-generic amd64, Ubuntu 21.0.10 64bit, MSBDiskFPSet, DiskStateQueue).
Parsing file /tmp/tmp.d6ZI6J78C3/QuvHeadProgress.tla
Parsing file /tmp/tmp.d6ZI6J78C3/QuvHeadInterleaving.tla
Parsing file /tmp/tlc-11425979953302622482/_TLCTrace.tla (jar:file:/home/heathledger/Documents/ioi/repos/ioi/.internal/formal-cache/tools/tla/tla2tools.jar!/tla2sany/StandardModules/_TLCTrace.tla)
Parsing file /tmp/tmp.d6ZI6J78C3/QuvHeadPreparation.tla
Parsing file /tmp/tlc-11425979953302622482/Naturals.tla (jar:file:/home/heathledger/Documents/ioi/repos/ioi/.internal/formal-cache/tools/tla/tla2tools.jar!/tla2sany/StandardModules/Naturals.tla)
Parsing file /tmp/tlc-11425979953302622482/Sequences.tla (jar:file:/home/heathledger/Documents/ioi/repos/ioi/.internal/formal-cache/tools/tla/tla2tools.jar!/tla2sany/StandardModules/Sequences.tla)
Parsing file /tmp/tlc-11425979953302622482/FiniteSets.tla (jar:file:/home/heathledger/Documents/ioi/repos/ioi/.internal/formal-cache/tools/tla/tla2tools.jar!/tla2sany/StandardModules/FiniteSets.tla)
Parsing file /tmp/tlc-11425979953302622482/TLC.tla (jar:file:/home/heathledger/Documents/ioi/repos/ioi/.internal/formal-cache/tools/tla/tla2tools.jar!/tla2sany/StandardModules/TLC.tla)
Parsing file /tmp/tlc-11425979953302622482/TLCExt.tla (jar:file:/home/heathledger/Documents/ioi/repos/ioi/.internal/formal-cache/tools/tla/tla2tools.jar!/tla2sany/StandardModules/TLCExt.tla)
Parsing file /tmp/tlc-11425979953302622482/Integers.tla (jar:file:/home/heathledger/Documents/ioi/repos/ioi/.internal/formal-cache/tools/tla/tla2tools.jar!/tla2sany/StandardModules/Integers.tla)
Semantic processing of module Naturals
Semantic processing of module Sequences
Semantic processing of module FiniteSets
Semantic processing of module QuvHeadPreparation
Semantic processing of module QuvHeadInterleaving
Semantic processing of module TLC
Semantic processing of module Integers
Semantic processing of module TLCExt
Semantic processing of module _TLCTrace
Semantic processing of module QuvHeadProgress
Linting of module QuvHeadPreparation
Linting of module QuvHeadInterleaving
Linting of module TLCExt
Linting of module _TLCTrace
Linting of module QuvHeadProgress
Starting... (2026-09-04 23:02:02)
Warning: The invariant ProgressPremises is a constant-level formula (i.e., it contains no variables, primes, or temporal operators) and evaluates to TRUE. To assert constant-level formulas in your spec, use ASSUME ConstInv. If you optionally want to give the assumption a name, write ASSUME YourAssumption == ConstInv instead. See https://explain.tlapl.us/assumptions-and-invariants for additional details.
Implied-temporal checking--satisfiability problem has 1 branches.
Computing initial states...
Finished computing initial states: 1 distinct state generated at 2026-09-04 23:02:02.
Progress(29) at 2026-09-04 23:02:02: 1,191 states generated, 407 distinct states found, 0 states left on queue.
Checking temporal properties for the complete state space with 407 total distinct states at (2026-09-04 23:02:02)
Error: Temporal property AllHistoriesAdvance was violated.

Error: The following behavior constitutes a counter-example:

State 1: <Initial predicate>
/\ grants = ( m1 :> [slot |-> 0, value |-> "A", parent |-> "rooted genesis"] @@
  m2 :> [slot |-> 0, value |-> "A", parent |-> "rooted genesis"] )
/\ operations = ( m1 :>
      [ slot |-> 0,
        value |-> "A",
        parent |-> "rooted genesis",
        captured |-> (m1 :> {} @@ m2 :> {}),
        capturedFirst |-> (m1 :> "unseen" @@ m2 :> "unseen"),
        received |-> {} ] @@
  m2 :>
      [ slot |-> 0,
        value |-> "A",
        parent |-> "rooted genesis",
        captured |-> (m1 :> {} @@ m2 :> {}),
        capturedFirst |-> (m1 :> "unseen" @@ m2 :> "unseen"),
        received |-> {} ] )
/\ histories = (m1 :> <<>> @@ m2 :> <<>>)
/\ firstSeen = (m1 :> <<"unseen", "unseen">> @@ m2 :> <<"unseen", "unseen">>)
/\ seen = (m1 :> <<{}, {}>> @@ m2 :> <<{}, {}>>)

State 2: <BeginPrepared(m2,"A") line 9, col 24 to line 10, col 37 of module QuvHeadProgress>
/\ grants = ( m1 :> [slot |-> 0, value |-> "A", parent |-> "rooted genesis"] @@
  m2 :> [slot |-> 0, value |-> "A", parent |-> "rooted genesis"] )
/\ operations = ( m1 :>
      [ slot |-> 0,
        value |-> "A",
        parent |-> "rooted genesis",
        captured |-> (m1 :> {} @@ m2 :> {}),
        capturedFirst |-> (m1 :> "unseen" @@ m2 :> "unseen"),
        received |-> {} ] @@
  m2 :>
      [ slot |-> 1,
        value |-> "A",
        parent |-> "rooted genesis",
        captured |-> (m1 :> {} @@ m2 :> {}),
        capturedFirst |-> (m1 :> "unseen" @@ m2 :> "unseen"),
        received |-> {} ] )
/\ histories = (m1 :> <<>> @@ m2 :> <<>>)
/\ firstSeen = (m1 :> <<"unseen", "unseen">> @@ m2 :> <<"unseen", "unseen">>)
/\ seen = (m1 :> <<{}, {}>> @@ m2 :> <<{}, {}>>)

State 3: <Capture(m2,m2) line 28, col 5 to line 38, col 38 of module QuvHeadInterleaving>
/\ grants = ( m1 :> [slot |-> 0, value |-> "A", parent |-> "rooted genesis"] @@
  m2 :> [slot |-> 0, value |-> "A", parent |-> "rooted genesis"] )
/\ operations = ( m1 :>
      [ slot |-> 0,
        value |-> "A",
        parent |-> "rooted genesis",
        captured |-> (m1 :> {} @@ m2 :> {}),
        capturedFirst |-> (m1 :> "unseen" @@ m2 :> "unseen"),
        received |-> {} ] @@
  m2 :>
      [ slot |-> 1,
        value |-> "A",
        parent |-> "rooted genesis",
        captured |-> (m1 :> {} @@ m2 :> {"A"}),
        capturedFirst |-> (m1 :> "unseen" @@ m2 :> "A"),
        received |-> {} ] )
/\ histories = (m1 :> <<>> @@ m2 :> <<>>)
/\ firstSeen = (m1 :> <<"unseen", "unseen">> @@ m2 :> <<"A", "unseen">>)
/\ seen = (m1 :> <<{}, {}>> @@ m2 :> <<{"A"}, {}>>)

State 4: <Capture(m2,m1) line 28, col 5 to line 38, col 38 of module QuvHeadInterleaving>
/\ grants = ( m1 :> [slot |-> 0, value |-> "A", parent |-> "rooted genesis"] @@
  m2 :> [slot |-> 0, value |-> "A", parent |-> "rooted genesis"] )
/\ operations = ( m1 :>
      [ slot |-> 0,
        value |-> "A",
        parent |-> "rooted genesis",
        captured |-> (m1 :> {} @@ m2 :> {}),
        capturedFirst |-> (m1 :> "unseen" @@ m2 :> "unseen"),
        received |-> {} ] @@
  m2 :>
      [ slot |-> 1,
        value |-> "A",
        parent |-> "rooted genesis",
        captured |-> (m1 :> {"A"} @@ m2 :> {"A"}),
        capturedFirst |-> (m1 :> "A" @@ m2 :> "A"),
        received |-> {} ] )
/\ histories = (m1 :> <<>> @@ m2 :> <<>>)
/\ firstSeen = (m1 :> <<"A", "unseen">> @@ m2 :> <<"A", "unseen">>)
/\ seen = (m1 :> <<{"A"}, {}>> @@ m2 :> <<{"A"}, {}>>)

State 5: <Observe(m2,m1) line 40, col 5 to line 44, col 55 of module QuvHeadInterleaving>
/\ grants = ( m1 :> [slot |-> 0, value |-> "A", parent |-> "rooted genesis"] @@
  m2 :> [slot |-> 0, value |-> "A", parent |-> "rooted genesis"] )
/\ operations = ( m1 :>
      [ slot |-> 0,
        value |-> "A",
        parent |-> "rooted genesis",
        captured |-> (m1 :> {} @@ m2 :> {}),
        capturedFirst |-> (m1 :> "unseen" @@ m2 :> "unseen"),
        received |-> {} ] @@
  m2 :>
      [ slot |-> 1,
        value |-> "A",
        parent |-> "rooted genesis",
        captured |-> (m1 :> {"A"} @@ m2 :> {"A"}),
        capturedFirst |-> (m1 :> "A" @@ m2 :> "A"),
        received |-> {m1} ] )
/\ histories = (m1 :> <<>> @@ m2 :> <<>>)
/\ firstSeen = (m1 :> <<"A", "unseen">> @@ m2 :> <<"A", "unseen">>)
/\ seen = (m1 :> <<{"A"}, {}>> @@ m2 :> <<{"A"}, {}>>)

State 6: <Observe(m2,m2) line 40, col 5 to line 44, col 55 of module QuvHeadInterleaving>
/\ grants = ( m1 :> [slot |-> 0, value |-> "A", parent |-> "rooted genesis"] @@
  m2 :> [slot |-> 0, value |-> "A", parent |-> "rooted genesis"] )
/\ operations = ( m1 :>
      [ slot |-> 0,
        value |-> "A",
        parent |-> "rooted genesis",
        captured |-> (m1 :> {} @@ m2 :> {}),
        capturedFirst |-> (m1 :> "unseen" @@ m2 :> "unseen"),
        received |-> {} ] @@
  m2 :>
      [ slot |-> 1,
        value |-> "A",
        parent |-> "rooted genesis",
        captured |-> (m1 :> {"A"} @@ m2 :> {"A"}),
        capturedFirst |-> (m1 :> "A" @@ m2 :> "A"),
        received |-> {m1, m2} ] )
/\ histories = (m1 :> <<>> @@ m2 :> <<>>)
/\ firstSeen = (m1 :> <<"A", "unseen">> @@ m2 :> <<"A", "unseen">>)
/\ seen = (m1 :> <<{"A"}, {}>> @@ m2 :> <<{"A"}, {}>>)

State 7: <BeginPrepared(m1,"A") line 9, col 24 to line 10, col 37 of module QuvHeadProgress>
/\ grants = ( m1 :> [slot |-> 0, value |-> "A", parent |-> "rooted genesis"] @@
  m2 :> [slot |-> 0, value |-> "A", parent |-> "rooted genesis"] )
/\ operations = ( m1 :>
      [ slot |-> 1,
        value |-> "A",
        parent |-> "rooted genesis",
        captured |-> (m1 :> {} @@ m2 :> {}),
        capturedFirst |-> (m1 :> "unseen" @@ m2 :> "unseen"),
        received |-> {} ] @@
  m2 :>
      [ slot |-> 1,
        value |-> "A",
        parent |-> "rooted genesis",
        captured |-> (m1 :> {"A"} @@ m2 :> {"A"}),
        capturedFirst |-> (m1 :> "A" @@ m2 :> "A"),
        received |-> {m1, m2} ] )
/\ histories = (m1 :> <<>> @@ m2 :> <<>>)
/\ firstSeen = (m1 :> <<"A", "unseen">> @@ m2 :> <<"A", "unseen">>)
/\ seen = (m1 :> <<{"A"}, {}>> @@ m2 :> <<{"A"}, {}>>)

State 8: <Decide(m2) line 46, col 5 to line 57, col 47 of module QuvHeadInterleaving>
/\ grants = ( m1 :> [slot |-> 0, value |-> "A", parent |-> "rooted genesis"] @@
  m2 :> [slot |-> 1, value |-> "A", parent |-> "rooted genesis"] )
/\ operations = ( m1 :>
      [ slot |-> 1,
        value |-> "A",
        parent |-> "rooted genesis",
        captured |-> (m1 :> {} @@ m2 :> {}),
        capturedFirst |-> (m1 :> "unseen" @@ m2 :> "unseen"),
        received |-> {} ] @@
  m2 :>
      [ slot |-> 0,
        value |-> "A",
        parent |-> "rooted genesis",
        captured |-> (m1 :> {} @@ m2 :> {}),
        capturedFirst |-> (m1 :> "unseen" @@ m2 :> "unseen"),
        received |-> {} ] )
/\ histories = (m1 :> <<>> @@ m2 :> <<>>)
/\ firstSeen = (m1 :> <<"A", "unseen">> @@ m2 :> <<"A", "unseen">>)
/\ seen = (m1 :> <<{"A"}, {}>> @@ m2 :> <<{"A"}, {}>>)

State 9: <Capture(m1,m1) line 28, col 5 to line 38, col 38 of module QuvHeadInterleaving>
/\ grants = ( m1 :> [slot |-> 0, value |-> "A", parent |-> "rooted genesis"] @@
  m2 :> [slot |-> 1, value |-> "A", parent |-> "rooted genesis"] )
/\ operations = ( m1 :>
      [ slot |-> 1,
        value |-> "A",
        parent |-> "rooted genesis",
        captured |-> (m1 :> {"A"} @@ m2 :> {}),
        capturedFirst |-> (m1 :> "A" @@ m2 :> "unseen"),
        received |-> {} ] @@
  m2 :>
      [ slot |-> 0,
        value |-> "A",
        parent |-> "rooted genesis",
        captured |-> (m1 :> {} @@ m2 :> {}),
        capturedFirst |-> (m1 :> "unseen" @@ m2 :> "unseen"),
        received |-> {} ] )
/\ histories = (m1 :> <<>> @@ m2 :> <<>>)
/\ firstSeen = (m1 :> <<"A", "unseen">> @@ m2 :> <<"A", "unseen">>)
/\ seen = (m1 :> <<{"A"}, {}>> @@ m2 :> <<{"A"}, {}>>)

State 10: <Observe(m1,m1) line 40, col 5 to line 44, col 55 of module QuvHeadInterleaving>
/\ grants = ( m1 :> [slot |-> 0, value |-> "A", parent |-> "rooted genesis"] @@
  m2 :> [slot |-> 1, value |-> "A", parent |-> "rooted genesis"] )
/\ operations = ( m1 :>
      [ slot |-> 1,
        value |-> "A",
        parent |-> "rooted genesis",
        captured |-> (m1 :> {"A"} @@ m2 :> {}),
        capturedFirst |-> (m1 :> "A" @@ m2 :> "unseen"),
        received |-> {m1} ] @@
  m2 :>
      [ slot |-> 0,
        value |-> "A",
        parent |-> "rooted genesis",
        captured |-> (m1 :> {} @@ m2 :> {}),
        capturedFirst |-> (m1 :> "unseen" @@ m2 :> "unseen"),
        received |-> {} ] )
/\ histories = (m1 :> <<>> @@ m2 :> <<>>)
/\ firstSeen = (m1 :> <<"A", "unseen">> @@ m2 :> <<"A", "unseen">>)
/\ seen = (m1 :> <<{"A"}, {}>> @@ m2 :> <<{"A"}, {}>>)

State 11: <ConcurrentAdvance(m2) line 58, col 25 to line 58, col 73 of module QuvHeadInterleaving>
/\ grants = ( m1 :> [slot |-> 0, value |-> "A", parent |-> "rooted genesis"] @@
  m2 :> [slot |-> 0, value |-> "A", parent |-> "rooted genesis"] )
/\ operations = ( m1 :>
      [ slot |-> 1,
        value |-> "A",
        parent |-> "rooted genesis",
        captured |-> (m1 :> {"A"} @@ m2 :> {}),
        capturedFirst |-> (m1 :> "A" @@ m2 :> "unseen"),
        received |-> {m1} ] @@
  m2 :>
      [ slot |-> 0,
        value |-> "A",
        parent |-> "rooted genesis",
        captured |-> (m1 :> {} @@ m2 :> {}),
        capturedFirst |-> (m1 :> "unseen" @@ m2 :> "unseen"),
        received |-> {} ] )
/\ histories = (m1 :> <<>> @@ m2 :> <<"A">>)
/\ firstSeen = (m1 :> <<"A", "unseen">> @@ m2 :> <<"A", "unseen">>)
/\ seen = (m1 :> <<{"A"}, {}>> @@ m2 :> <<{"A"}, {}>>)

State 12: <BeginPrepared(m2,"A") line 9, col 24 to line 10, col 37 of module QuvHeadProgress>
/\ grants = ( m1 :> [slot |-> 0, value |-> "A", parent |-> "rooted genesis"] @@
  m2 :> [slot |-> 0, value |-> "A", parent |-> "rooted genesis"] )
/\ operations = ( m1 :>
      [ slot |-> 1,
        value |-> "A",
        parent |-> "rooted genesis",
        captured |-> (m1 :> {"A"} @@ m2 :> {}),
        capturedFirst |-> (m1 :> "A" @@ m2 :> "unseen"),
        received |-> {m1} ] @@
  m2 :>
      [ slot |-> 2,
        value |-> "A",
        parent |-> "A",
        captured |-> (m1 :> {} @@ m2 :> {}),
        capturedFirst |-> (m1 :> "unseen" @@ m2 :> "unseen"),
        received |-> {} ] )
/\ histories = (m1 :> <<>> @@ m2 :> <<"A">>)
/\ firstSeen = (m1 :> <<"A", "unseen">> @@ m2 :> <<"A", "unseen">>)
/\ seen = (m1 :> <<{"A"}, {}>> @@ m2 :> <<{"A"}, {}>>)

State 13: <Capture(m1,m2) line 28, col 5 to line 38, col 38 of module QuvHeadInterleaving>
/\ grants = ( m1 :> [slot |-> 0, value |-> "A", parent |-> "rooted genesis"] @@
  m2 :> [slot |-> 0, value |-> "A", parent |-> "rooted genesis"] )
/\ operations = ( m1 :>
      [ slot |-> 1,
        value |-> "A",
        parent |-> "rooted genesis",
        captured |-> (m1 :> {"A"} @@ m2 :> {"A"}),
        capturedFirst |-> (m1 :> "A" @@ m2 :> "A"),
        received |-> {m1} ] @@
  m2 :>
      [ slot |-> 2,
        value |-> "A",
        parent |-> "A",
        captured |-> (m1 :> {} @@ m2 :> {}),
        capturedFirst |-> (m1 :> "unseen" @@ m2 :> "unseen"),
        received |-> {} ] )
/\ histories = (m1 :> <<>> @@ m2 :> <<"A">>)
/\ firstSeen = (m1 :> <<"A", "unseen">> @@ m2 :> <<"A", "unseen">>)
/\ seen = (m1 :> <<{"A"}, {}>> @@ m2 :> <<{"A"}, {}>>)

State 14: <Observe(m1,m2) line 40, col 5 to line 44, col 55 of module QuvHeadInterleaving>
/\ grants = ( m1 :> [slot |-> 0, value |-> "A", parent |-> "rooted genesis"] @@
  m2 :> [slot |-> 0, value |-> "A", parent |-> "rooted genesis"] )
/\ operations = ( m1 :>
      [ slot |-> 1,
        value |-> "A",
        parent |-> "rooted genesis",
        captured |-> (m1 :> {"A"} @@ m2 :> {"A"}),
        capturedFirst |-> (m1 :> "A" @@ m2 :> "A"),
        received |-> {m1, m2} ] @@
  m2 :>
      [ slot |-> 2,
        value |-> "A",
        parent |-> "A",
        captured |-> (m1 :> {} @@ m2 :> {}),
        capturedFirst |-> (m1 :> "unseen" @@ m2 :> "unseen"),
        received |-> {} ] )
/\ histories = (m1 :> <<>> @@ m2 :> <<"A">>)
/\ firstSeen = (m1 :> <<"A", "unseen">> @@ m2 :> <<"A", "unseen">>)
/\ seen = (m1 :> <<{"A"}, {}>> @@ m2 :> <<{"A"}, {}>>)

State 15: <Capture(m2,m2) line 28, col 5 to line 38, col 38 of module QuvHeadInterleaving>
/\ grants = ( m1 :> [slot |-> 0, value |-> "A", parent |-> "rooted genesis"] @@
  m2 :> [slot |-> 0, value |-> "A", parent |-> "rooted genesis"] )
/\ operations = ( m1 :>
      [ slot |-> 1,
        value |-> "A",
        parent |-> "rooted genesis",
        captured |-> (m1 :> {"A"} @@ m2 :> {"A"}),
        capturedFirst |-> (m1 :> "A" @@ m2 :> "A"),
        received |-> {m1, m2} ] @@
  m2 :>
      [ slot |-> 2,
        value |-> "A",
        parent |-> "A",
        captured |-> (m1 :> {} @@ m2 :> {"A"}),
        capturedFirst |-> (m1 :> "unseen" @@ m2 :> "A"),
        received |-> {} ] )
/\ histories = (m1 :> <<>> @@ m2 :> <<"A">>)
/\ firstSeen = (m1 :> <<"A", "unseen">> @@ m2 :> <<"A", "A">>)
/\ seen = (m1 :> <<{"A"}, {}>> @@ m2 :> <<{"A"}, {"A"}>>)

State 16: <Decide(m1) line 46, col 5 to line 57, col 47 of module QuvHeadInterleaving>
/\ grants = ( m1 :> [slot |-> 1, value |-> "A", parent |-> "rooted genesis"] @@
  m2 :> [slot |-> 0, value |-> "A", parent |-> "rooted genesis"] )
/\ operations = ( m1 :>
      [ slot |-> 0,
        value |-> "A",
        parent |-> "rooted genesis",
        captured |-> (m1 :> {} @@ m2 :> {}),
        capturedFirst |-> (m1 :> "unseen" @@ m2 :> "unseen"),
        received |-> {} ] @@
  m2 :>
      [ slot |-> 2,
        value |-> "A",
        parent |-> "A",
        captured |-> (m1 :> {} @@ m2 :> {"A"}),
        capturedFirst |-> (m1 :> "unseen" @@ m2 :> "A"),
        received |-> {} ] )
/\ histories = (m1 :> <<>> @@ m2 :> <<"A">>)
/\ firstSeen = (m1 :> <<"A", "unseen">> @@ m2 :> <<"A", "A">>)
/\ seen = (m1 :> <<{"A"}, {}>> @@ m2 :> <<{"A"}, {"A"}>>)

State 17: <Observe(m2,m2) line 40, col 5 to line 44, col 55 of module QuvHeadInterleaving>
/\ grants = ( m1 :> [slot |-> 1, value |-> "A", parent |-> "rooted genesis"] @@
  m2 :> [slot |-> 0, value |-> "A", parent |-> "rooted genesis"] )
/\ operations = ( m1 :>
      [ slot |-> 0,
        value |-> "A",
        parent |-> "rooted genesis",
        captured |-> (m1 :> {} @@ m2 :> {}),
        capturedFirst |-> (m1 :> "unseen" @@ m2 :> "unseen"),
        received |-> {} ] @@
  m2 :>
      [ slot |-> 2,
        value |-> "A",
        parent |-> "A",
        captured |-> (m1 :> {} @@ m2 :> {"A"}),
        capturedFirst |-> (m1 :> "unseen" @@ m2 :> "A"),
        received |-> {m2} ] )
/\ histories = (m1 :> <<>> @@ m2 :> <<"A">>)
/\ firstSeen = (m1 :> <<"A", "unseen">> @@ m2 :> <<"A", "A">>)
/\ seen = (m1 :> <<{"A"}, {}>> @@ m2 :> <<{"A"}, {"A"}>>)

State 18: <ConcurrentAdvance(m1) line 58, col 25 to line 58, col 73 of module QuvHeadInterleaving>
/\ grants = ( m1 :> [slot |-> 0, value |-> "A", parent |-> "rooted genesis"] @@
  m2 :> [slot |-> 0, value |-> "A", parent |-> "rooted genesis"] )
/\ operations = ( m1 :>
      [ slot |-> 0,
        value |-> "A",
        parent |-> "rooted genesis",
        captured |-> (m1 :> {} @@ m2 :> {}),
        capturedFirst |-> (m1 :> "unseen" @@ m2 :> "unseen"),
        received |-> {} ] @@
  m2 :>
      [ slot |-> 2,
        value |-> "A",
        parent |-> "A",
        captured |-> (m1 :> {} @@ m2 :> {"A"}),
        capturedFirst |-> (m1 :> "unseen" @@ m2 :> "A"),
        received |-> {m2} ] )
/\ histories = (m1 :> <<"A">> @@ m2 :> <<"A">>)
/\ firstSeen = (m1 :> <<"A", "unseen">> @@ m2 :> <<"A", "A">>)
/\ seen = (m1 :> <<{"A"}, {}>> @@ m2 :> <<{"A"}, {"A"}>>)

State 19: <Capture(m2,m1) line 28, col 5 to line 38, col 38 of module QuvHeadInterleaving>
/\ grants = ( m1 :> [slot |-> 0, value |-> "A", parent |-> "rooted genesis"] @@
  m2 :> [slot |-> 0, value |-> "A", parent |-> "rooted genesis"] )
/\ operations = ( m1 :>
      [ slot |-> 0,
        value |-> "A",
        parent |-> "rooted genesis",
        captured |-> (m1 :> {} @@ m2 :> {}),
        capturedFirst |-> (m1 :> "unseen" @@ m2 :> "unseen"),
        received |-> {} ] @@
  m2 :>
      [ slot |-> 2,
        value |-> "A",
        parent |-> "A",
        captured |-> (m1 :> {"A"} @@ m2 :> {"A"}),
        capturedFirst |-> (m1 :> "A" @@ m2 :> "A"),
        received |-> {m2} ] )
/\ histories = (m1 :> <<"A">> @@ m2 :> <<"A">>)
/\ firstSeen = (m1 :> <<"A", "A">> @@ m2 :> <<"A", "A">>)
/\ seen = (m1 :> <<{"A"}, {"A"}>> @@ m2 :> <<{"A"}, {"A"}>>)

State 20: <BeginPrepared(m1,"A") line 9, col 24 to line 10, col 37 of module QuvHeadProgress>
/\ grants = ( m1 :> [slot |-> 0, value |-> "A", parent |-> "rooted genesis"] @@
  m2 :> [slot |-> 0, value |-> "A", parent |-> "rooted genesis"] )
/\ operations = ( m1 :>
      [ slot |-> 2,
        value |-> "A",
        parent |-> "A",
        captured |-> (m1 :> {} @@ m2 :> {}),
        capturedFirst |-> (m1 :> "unseen" @@ m2 :> "unseen"),
        received |-> {} ] @@
  m2 :>
      [ slot |-> 2,
        value |-> "A",
        parent |-> "A",
        captured |-> (m1 :> {"A"} @@ m2 :> {"A"}),
        capturedFirst |-> (m1 :> "A" @@ m2 :> "A"),
        received |-> {m2} ] )
/\ histories = (m1 :> <<"A">> @@ m2 :> <<"A">>)
/\ firstSeen = (m1 :> <<"A", "A">> @@ m2 :> <<"A", "A">>)
/\ seen = (m1 :> <<{"A"}, {"A"}>> @@ m2 :> <<{"A"}, {"A"}>>)

State 21: <Observe(m2,m1) line 40, col 5 to line 44, col 55 of module QuvHeadInterleaving>
/\ grants = ( m1 :> [slot |-> 0, value |-> "A", parent |-> "rooted genesis"] @@
  m2 :> [slot |-> 0, value |-> "A", parent |-> "rooted genesis"] )
/\ operations = ( m1 :>
      [ slot |-> 2,
        value |-> "A",
        parent |-> "A",
        captured |-> (m1 :> {} @@ m2 :> {}),
        capturedFirst |-> (m1 :> "unseen" @@ m2 :> "unseen"),
        received |-> {} ] @@
  m2 :>
      [ slot |-> 2,
        value |-> "A",
        parent |-> "A",
        captured |-> (m1 :> {"A"} @@ m2 :> {"A"}),
        capturedFirst |-> (m1 :> "A" @@ m2 :> "A"),
        received |-> {m1, m2} ] )
/\ histories = (m1 :> <<"A">> @@ m2 :> <<"A">>)
/\ firstSeen = (m1 :> <<"A", "A">> @@ m2 :> <<"A", "A">>)
/\ seen = (m1 :> <<{"A"}, {"A"}>> @@ m2 :> <<{"A"}, {"A"}>>)

State 22: <Decide(m2) line 46, col 5 to line 57, col 47 of module QuvHeadInterleaving>
/\ grants = ( m1 :> [slot |-> 0, value |-> "A", parent |-> "rooted genesis"] @@
  m2 :> [slot |-> 2, value |-> "A", parent |-> "A"] )
/\ operations = ( m1 :>
      [ slot |-> 2,
        value |-> "A",
        parent |-> "A",
        captured |-> (m1 :> {} @@ m2 :> {}),
        capturedFirst |-> (m1 :> "unseen" @@ m2 :> "unseen"),
        received |-> {} ] @@
  m2 :>
      [ slot |-> 0,
        value |-> "A",
        parent |-> "rooted genesis",
        captured |-> (m1 :> {} @@ m2 :> {}),
        capturedFirst |-> (m1 :> "unseen" @@ m2 :> "unseen"),
        received |-> {} ] )
/\ histories = (m1 :> <<"A">> @@ m2 :> <<"A">>)
/\ firstSeen = (m1 :> <<"A", "A">> @@ m2 :> <<"A", "A">>)
/\ seen = (m1 :> <<{"A"}, {"A"}>> @@ m2 :> <<{"A"}, {"A"}>>)

State 23: <Capture(m1,m1) line 28, col 5 to line 38, col 38 of module QuvHeadInterleaving>
/\ grants = ( m1 :> [slot |-> 0, value |-> "A", parent |-> "rooted genesis"] @@
  m2 :> [slot |-> 2, value |-> "A", parent |-> "A"] )
/\ operations = ( m1 :>
      [ slot |-> 2,
        value |-> "A",
        parent |-> "A",
        captured |-> (m1 :> {"A"} @@ m2 :> {}),
        capturedFirst |-> (m1 :> "A" @@ m2 :> "unseen"),
        received |-> {} ] @@
  m2 :>
      [ slot |-> 0,
        value |-> "A",
        parent |-> "rooted genesis",
        captured |-> (m1 :> {} @@ m2 :> {}),
        capturedFirst |-> (m1 :> "unseen" @@ m2 :> "unseen"),
        received |-> {} ] )
/\ histories = (m1 :> <<"A">> @@ m2 :> <<"A">>)
/\ firstSeen = (m1 :> <<"A", "A">> @@ m2 :> <<"A", "A">>)
/\ seen = (m1 :> <<{"A"}, {"A"}>> @@ m2 :> <<{"A"}, {"A"}>>)

State 24: <ConcurrentAdvance(m2) line 58, col 25 to line 58, col 73 of module QuvHeadInterleaving>
/\ grants = ( m1 :> [slot |-> 0, value |-> "A", parent |-> "rooted genesis"] @@
  m2 :> [slot |-> 0, value |-> "A", parent |-> "rooted genesis"] )
/\ operations = ( m1 :>
      [ slot |-> 2,
        value |-> "A",
        parent |-> "A",
        captured |-> (m1 :> {"A"} @@ m2 :> {}),
        capturedFirst |-> (m1 :> "A" @@ m2 :> "unseen"),
        received |-> {} ] @@
  m2 :>
      [ slot |-> 0,
        value |-> "A",
        parent |-> "rooted genesis",
        captured |-> (m1 :> {} @@ m2 :> {}),
        capturedFirst |-> (m1 :> "unseen" @@ m2 :> "unseen"),
        received |-> {} ] )
/\ histories = (m1 :> <<"A">> @@ m2 :> <<"A", "A">>)
/\ firstSeen = (m1 :> <<"A", "A">> @@ m2 :> <<"A", "A">>)
/\ seen = (m1 :> <<{"A"}, {"A"}>> @@ m2 :> <<{"A"}, {"A"}>>)

State 25: <Observe(m1,m1) line 40, col 5 to line 44, col 55 of module QuvHeadInterleaving>
/\ grants = ( m1 :> [slot |-> 0, value |-> "A", parent |-> "rooted genesis"] @@
  m2 :> [slot |-> 0, value |-> "A", parent |-> "rooted genesis"] )
/\ operations = ( m1 :>
      [ slot |-> 2,
        value |-> "A",
        parent |-> "A",
        captured |-> (m1 :> {"A"} @@ m2 :> {}),
        capturedFirst |-> (m1 :> "A" @@ m2 :> "unseen"),
        received |-> {m1} ] @@
  m2 :>
      [ slot |-> 0,
        value |-> "A",
        parent |-> "rooted genesis",
        captured |-> (m1 :> {} @@ m2 :> {}),
        capturedFirst |-> (m1 :> "unseen" @@ m2 :> "unseen"),
        received |-> {} ] )
/\ histories = (m1 :> <<"A">> @@ m2 :> <<"A", "A">>)
/\ firstSeen = (m1 :> <<"A", "A">> @@ m2 :> <<"A", "A">>)
/\ seen = (m1 :> <<{"A"}, {"A"}>> @@ m2 :> <<{"A"}, {"A"}>>)

State 26: <Capture(m1,m2) line 28, col 5 to line 38, col 38 of module QuvHeadInterleaving>
/\ grants = ( m1 :> [slot |-> 0, value |-> "A", parent |-> "rooted genesis"] @@
  m2 :> [slot |-> 0, value |-> "A", parent |-> "rooted genesis"] )
/\ operations = ( m1 :>
      [ slot |-> 2,
        value |-> "A",
        parent |-> "A",
        captured |-> (m1 :> {"A"} @@ m2 :> {"A"}),
        capturedFirst |-> (m1 :> "A" @@ m2 :> "A"),
        received |-> {m1} ] @@
  m2 :>
      [ slot |-> 0,
        value |-> "A",
        parent |-> "rooted genesis",
        captured |-> (m1 :> {} @@ m2 :> {}),
        capturedFirst |-> (m1 :> "unseen" @@ m2 :> "unseen"),
        received |-> {} ] )
/\ histories = (m1 :> <<"A">> @@ m2 :> <<"A", "A">>)
/\ firstSeen = (m1 :> <<"A", "A">> @@ m2 :> <<"A", "A">>)
/\ seen = (m1 :> <<{"A"}, {"A"}>> @@ m2 :> <<{"A"}, {"A"}>>)

State 27: <Observe(m1,m2) line 40, col 5 to line 44, col 55 of module QuvHeadInterleaving>
/\ grants = ( m1 :> [slot |-> 0, value |-> "A", parent |-> "rooted genesis"] @@
  m2 :> [slot |-> 0, value |-> "A", parent |-> "rooted genesis"] )
/\ operations = ( m1 :>
      [ slot |-> 2,
        value |-> "A",
        parent |-> "A",
        captured |-> (m1 :> {"A"} @@ m2 :> {"A"}),
        capturedFirst |-> (m1 :> "A" @@ m2 :> "A"),
        received |-> {m1, m2} ] @@
  m2 :>
      [ slot |-> 0,
        value |-> "A",
        parent |-> "rooted genesis",
        captured |-> (m1 :> {} @@ m2 :> {}),
        capturedFirst |-> (m1 :> "unseen" @@ m2 :> "unseen"),
        received |-> {} ] )
/\ histories = (m1 :> <<"A">> @@ m2 :> <<"A", "A">>)
/\ firstSeen = (m1 :> <<"A", "A">> @@ m2 :> <<"A", "A">>)
/\ seen = (m1 :> <<{"A"}, {"A"}>> @@ m2 :> <<{"A"}, {"A"}>>)

State 28: <Decide(m1) line 46, col 5 to line 57, col 47 of module QuvHeadInterleaving>
/\ grants = ( m1 :> [slot |-> 2, value |-> "A", parent |-> "A"] @@
  m2 :> [slot |-> 0, value |-> "A", parent |-> "rooted genesis"] )
/\ operations = ( m1 :>
      [ slot |-> 0,
        value |-> "A",
        parent |-> "rooted genesis",
        captured |-> (m1 :> {} @@ m2 :> {}),
        capturedFirst |-> (m1 :> "unseen" @@ m2 :> "unseen"),
        received |-> {} ] @@
  m2 :>
      [ slot |-> 0,
        value |-> "A",
        parent |-> "rooted genesis",
        captured |-> (m1 :> {} @@ m2 :> {}),
        capturedFirst |-> (m1 :> "unseen" @@ m2 :> "unseen"),
        received |-> {} ] )
/\ histories = (m1 :> <<"A">> @@ m2 :> <<"A", "A">>)
/\ firstSeen = (m1 :> <<"A", "A">> @@ m2 :> <<"A", "A">>)
/\ seen = (m1 :> <<{"A"}, {"A"}>> @@ m2 :> <<{"A"}, {"A"}>>)

State 29: <BeginPrepared(m1,"A") line 9, col 24 to line 10, col 37 of module QuvHeadProgress>
/\ grants = ( m1 :> [slot |-> 0, value |-> "A", parent |-> "rooted genesis"] @@
  m2 :> [slot |-> 0, value |-> "A", parent |-> "rooted genesis"] )
/\ operations = ( m1 :>
      [ slot |-> 2,
        value |-> "A",
        parent |-> "A",
        captured |-> (m1 :> {} @@ m2 :> {}),
        capturedFirst |-> (m1 :> "unseen" @@ m2 :> "unseen"),
        received |-> {} ] @@
  m2 :>
      [ slot |-> 0,
        value |-> "A",
        parent |-> "rooted genesis",
        captured |-> (m1 :> {} @@ m2 :> {}),
        capturedFirst |-> (m1 :> "unseen" @@ m2 :> "unseen"),
        received |-> {} ] )
/\ histories = (m1 :> <<"A">> @@ m2 :> <<"A", "A">>)
/\ firstSeen = (m1 :> <<"A", "A">> @@ m2 :> <<"A", "A">>)
/\ seen = (m1 :> <<{"A"}, {"A"}>> @@ m2 :> <<{"A"}, {"A"}>>)

State 30: <Capture(m1,m1) line 28, col 5 to line 38, col 38 of module QuvHeadInterleaving>
/\ grants = ( m1 :> [slot |-> 0, value |-> "A", parent |-> "rooted genesis"] @@
  m2 :> [slot |-> 0, value |-> "A", parent |-> "rooted genesis"] )
/\ operations = ( m1 :>
      [ slot |-> 2,
        value |-> "A",
        parent |-> "A",
        captured |-> (m1 :> {"A"} @@ m2 :> {}),
        capturedFirst |-> (m1 :> "A" @@ m2 :> "unseen"),
        received |-> {} ] @@
  m2 :>
      [ slot |-> 0,
        value |-> "A",
        parent |-> "rooted genesis",
        captured |-> (m1 :> {} @@ m2 :> {}),
        capturedFirst |-> (m1 :> "unseen" @@ m2 :> "unseen"),
        received |-> {} ] )
/\ histories = (m1 :> <<"A">> @@ m2 :> <<"A", "A">>)
/\ firstSeen = (m1 :> <<"A", "A">> @@ m2 :> <<"A", "A">>)
/\ seen = (m1 :> <<{"A"}, {"A"}>> @@ m2 :> <<{"A"}, {"A"}>>)

Back to state 25: <Observe(m1,m1) line 40, col 5 to line 44, col 55 of module QuvHeadInterleaving>

Finished checking temporal properties in 00s at 2026-09-04 23:02:02
1191 states generated, 407 distinct states found, 0 states left on queue.
The depth of the complete state graph search is 29.
Finished in 00s at (2026-09-04 23:02:02)
Trace exploration spec path: ./QuvHeadProgress_TTrace_1788577322.tla
countermodel failed without expected witness: Temporal properties were violated
