2080817 openat(AT_FDCWD</home/heathledger/Documents/ioi/repos/ioi>, "/etc/ld.so.cache", O_RDONLY|O_CLOEXEC) = 3</etc/ld.so.cache>
2080817 close(3</etc/ld.so.cache>)      = 0
2080817 openat(AT_FDCWD</home/heathledger/Documents/ioi/repos/ioi>, "/lib/x86_64-linux-gnu/libstdc++.so.6", O_RDONLY|O_CLOEXEC) = 3</usr/lib/x86_64-linux-gnu/libstdc++.so.6.0.33>
2080817 close(3</usr/lib/x86_64-linux-gnu/libstdc++.so.6.0.33>) = 0
2080817 openat(AT_FDCWD</home/heathledger/Documents/ioi/repos/ioi>, "/lib/x86_64-linux-gnu/libgcc_s.so.1", O_RDONLY|O_CLOEXEC) = 3</usr/lib/x86_64-linux-gnu/libgcc_s.so.1>
2080817 close(3</usr/lib/x86_64-linux-gnu/libgcc_s.so.1>) = 0
2080817 openat(AT_FDCWD</home/heathledger/Documents/ioi/repos/ioi>, "/lib/x86_64-linux-gnu/libm.so.6", O_RDONLY|O_CLOEXEC) = 3</usr/lib/x86_64-linux-gnu/libm.so.6>
2080817 close(3</usr/lib/x86_64-linux-gnu/libm.so.6>) = 0
2080817 openat(AT_FDCWD</home/heathledger/Documents/ioi/repos/ioi>, "/lib/x86_64-linux-gnu/libc.so.6", O_RDONLY|O_CLOEXEC) = 3</usr/lib/x86_64-linux-gnu/libc.so.6>
2080817 close(3</usr/lib/x86_64-linux-gnu/libc.so.6>) = 0
2080817 openat(AT_FDCWD</home/heathledger/Documents/ioi/repos/ioi>, "/proc/self/maps", O_RDONLY|O_CLOEXEC) = 3</proc/2080817/maps>
2080817 close(3</proc/2080817/maps>)    = 0
2080817 openat(AT_FDCWD</home/heathledger/Documents/ioi/repos/ioi>, "/usr/share/terminfo/l/linux", O_RDONLY|O_CLOEXEC) = 3</usr/share/terminfo/l/linux>
2080817 close(3</usr/share/terminfo/l/linux>) = 0
2080817 openat(AT_FDCWD</home/heathledger/Documents/ioi/repos/ioi>, "/proc/self/cgroup", O_RDONLY|O_CLOEXEC) = 3</proc/2080817/cgroup>
2080817 close(3</proc/2080817/cgroup>)  = 0
2080817 openat(AT_FDCWD</home/heathledger/Documents/ioi/repos/ioi>, "/sys/fs/cgroup/user.slice/user-1000.slice/user@1000.service/app.slice/app-org.chromium.Chromium-101080.scope/cpu.max", O_RDONLY|O_CLOEXEC) = -1 ENOENT (No such file or directory)
2080817 openat(AT_FDCWD</home/heathledger/Documents/ioi/repos/ioi>, "/sys/fs/cgroup/user.slice/user-1000.slice/user@1000.service/app.slice/cpu.max", O_RDONLY|O_CLOEXEC) = 3</sys/fs/cgroup/user.slice/user-1000.slice/user@1000.service/app.slice/cpu.max>
2080817 close(3</sys/fs/cgroup/user.slice/user-1000.slice/user@1000.service/app.slice/cpu.max>) = 0
2080817 openat(AT_FDCWD</home/heathledger/Documents/ioi/repos/ioi>, "/sys/fs/cgroup/user.slice/user-1000.slice/user@1000.service/cpu.max", O_RDONLY|O_CLOEXEC) = 3</sys/fs/cgroup/user.slice/user-1000.slice/user@1000.service/cpu.max>
2080817 close(3</sys/fs/cgroup/user.slice/user-1000.slice/user@1000.service/cpu.max>) = 0
2080817 openat(AT_FDCWD</home/heathledger/Documents/ioi/repos/ioi>, "/sys/fs/cgroup/user.slice/user-1000.slice/cpu.max", O_RDONLY|O_CLOEXEC) = 3</sys/fs/cgroup/user.slice/user-1000.slice/cpu.max>
2080817 close(3</sys/fs/cgroup/user.slice/user-1000.slice/cpu.max>) = 0
2080817 openat(AT_FDCWD</home/heathledger/Documents/ioi/repos/ioi>, "/sys/fs/cgroup/user.slice/cpu.max", O_RDONLY|O_CLOEXEC) = 3</sys/fs/cgroup/user.slice/cpu.max>
2080817 close(3</sys/fs/cgroup/user.slice/cpu.max>) = 0
2080817 openat(AT_FDCWD</home/heathledger/Documents/ioi/repos/ioi>, "/sys/fs/cgroup/cpu.max", O_RDONLY|O_CLOEXEC) = -1 ENOENT (No such file or directory)
2080817 openat(AT_FDCWD</home/heathledger/Documents/ioi/repos/ioi>, "/proc/self/cgroup", O_RDONLY|O_CLOEXEC) = 3</proc/2080817/cgroup>
2080817 close(3</proc/2080817/cgroup>)  = 0
2080817 openat(AT_FDCWD</home/heathledger/Documents/ioi/repos/ioi>, "/sys/fs/cgroup/user.slice/user-1000.slice/user@1000.service/app.slice/app-org.chromium.Chromium-101080.scope/cpu.max", O_RDONLY|O_CLOEXEC) = -1 ENOENT (No such file or directory)
2080817 openat(AT_FDCWD</home/heathledger/Documents/ioi/repos/ioi>, "/sys/fs/cgroup/user.slice/user-1000.slice/user@1000.service/app.slice/cpu.max", O_RDONLY|O_CLOEXEC) = 3</sys/fs/cgroup/user.slice/user-1000.slice/user@1000.service/app.slice/cpu.max>
2080817 close(3</sys/fs/cgroup/user.slice/user-1000.slice/user@1000.service/app.slice/cpu.max>) = 0
2080817 openat(AT_FDCWD</home/heathledger/Documents/ioi/repos/ioi>, "/sys/fs/cgroup/user.slice/user-1000.slice/user@1000.service/cpu.max", O_RDONLY|O_CLOEXEC) = 3</sys/fs/cgroup/user.slice/user-1000.slice/user@1000.service/cpu.max>
2080817 close(3</sys/fs/cgroup/user.slice/user-1000.slice/user@1000.service/cpu.max>) = 0
2080817 openat(AT_FDCWD</home/heathledger/Documents/ioi/repos/ioi>, "/sys/fs/cgroup/user.slice/user-1000.slice/cpu.max", O_RDONLY|O_CLOEXEC) = 3</sys/fs/cgroup/user.slice/user-1000.slice/cpu.max>
2080817 close(3</sys/fs/cgroup/user.slice/user-1000.slice/cpu.max>) = 0
2080817 openat(AT_FDCWD</home/heathledger/Documents/ioi/repos/ioi>, "/sys/fs/cgroup/user.slice/cpu.max", O_RDONLY|O_CLOEXEC) = 3</sys/fs/cgroup/user.slice/cpu.max>
2080817 close(3</sys/fs/cgroup/user.slice/cpu.max>) = 0
2080817 openat(AT_FDCWD</home/heathledger/Documents/ioi/repos/ioi>, "/sys/fs/cgroup/cpu.max", O_RDONLY|O_CLOEXEC) = -1 ENOENT (No such file or directory)
2080818 mkdir("/tmp/.tmp5rm3kx", 0777)  = 0
2080818 mkdir("/tmp/.tmp5rm3kx", 0700)  = -1 EEXIST (File exists)
2080818 openat(AT_FDCWD</home/heathledger/Documents/ioi/repos/ioi>, "/tmp/.tmp5rm3kx", O_RDONLY|O_CLOEXEC) = 3</tmp/.tmp5rm3kx>
2080818 fsync(3</tmp/.tmp5rm3kx>)       = 0
2080818 close(3</tmp/.tmp5rm3kx>)       = 0
2080818 openat(AT_FDCWD</home/heathledger/Documents/ioi/repos/ioi>, "/tmp", O_RDONLY|O_CLOEXEC) = 3</tmp>
2080818 fsync(3</tmp>)                  = 0
2080818 close(3</tmp>)                  = 0
2080818 openat(AT_FDCWD</home/heathledger/Documents/ioi/repos/ioi>, "/", O_RDONLY|O_CLOEXEC) = 3</>
2080818 fsync(3</>)                     = 0
2080818 close(3</>)                     = 0
2080818 openat(AT_FDCWD</home/heathledger/Documents/ioi/repos/ioi>, "/tmp/.tmp5rm3kx/index.outbox.lock", O_RDWR|O_CREAT|O_CLOEXEC, 0600) = 3</tmp/.tmp5rm3kx/index.outbox.lock>
2080818 openat(AT_FDCWD</home/heathledger/Documents/ioi/repos/ioi>, "/tmp/.tmp5rm3kx/index.outbox.tmp", O_WRONLY|O_CREAT|O_TRUNC|O_CLOEXEC, 0600) = 4</tmp/.tmp5rm3kx/index.outbox.tmp>
2080818 fsync(4</tmp/.tmp5rm3kx/index.outbox.tmp>) = 0
2080818 rename("/tmp/.tmp5rm3kx/index.outbox.tmp", "/tmp/.tmp5rm3kx/index.outbox") = 0
2080818 openat(AT_FDCWD</home/heathledger/Documents/ioi/repos/ioi>, "/tmp/.tmp5rm3kx", O_RDONLY|O_CLOEXEC) = 5</tmp/.tmp5rm3kx>
2080818 fsync(5</tmp/.tmp5rm3kx>)       = 0
2080818 close(5</tmp/.tmp5rm3kx>)       = 0
2080818 close(4</tmp/.tmp5rm3kx/index.outbox>) = 0
2080818 mkdir("/tmp/.tmp5rm3kx/index.outbox.entries", 0700) = 0
2080818 openat(AT_FDCWD</home/heathledger/Documents/ioi/repos/ioi>, "/tmp/.tmp5rm3kx/index.outbox.entries", O_RDONLY|O_CLOEXEC) = 4</tmp/.tmp5rm3kx/index.outbox.entries>
2080818 fsync(4</tmp/.tmp5rm3kx/index.outbox.entries>) = 0
2080818 close(4</tmp/.tmp5rm3kx/index.outbox.entries>) = 0
2080818 openat(AT_FDCWD</home/heathledger/Documents/ioi/repos/ioi>, "/tmp/.tmp5rm3kx", O_RDONLY|O_CLOEXEC) = 4</tmp/.tmp5rm3kx>
2080818 fsync(4</tmp/.tmp5rm3kx>)       = 0
2080818 close(4</tmp/.tmp5rm3kx>)       = 0
2080818 openat(AT_FDCWD</home/heathledger/Documents/ioi/repos/ioi>, "/tmp", O_RDONLY|O_CLOEXEC) = 4</tmp>
2080818 fsync(4</tmp>)                  = 0
2080818 close(4</tmp>)                  = 0
2080818 openat(AT_FDCWD</home/heathledger/Documents/ioi/repos/ioi>, "/", O_RDONLY|O_CLOEXEC) = 4</>
2080818 fsync(4</>)                     = 0
2080818 close(4</>)                     = 0
2080818 openat(AT_FDCWD</home/heathledger/Documents/ioi/repos/ioi>, "/tmp/.tmp5rm3kx/index.outbox", O_RDONLY|O_CLOEXEC) = 4</tmp/.tmp5rm3kx/index.outbox>
2080818 close(4</tmp/.tmp5rm3kx/index.outbox>) = 0
2080818 openat(AT_FDCWD</home/heathledger/Documents/ioi/repos/ioi>, "/tmp/.tmp5rm3kx/index.outbox.tmp", O_WRONLY|O_CREAT|O_TRUNC|O_CLOEXEC, 0600) = 4</tmp/.tmp5rm3kx/index.outbox.tmp>
2080818 fsync(4</tmp/.tmp5rm3kx/index.outbox.tmp>) = 0
2080818 rename("/tmp/.tmp5rm3kx/index.outbox.tmp", "/tmp/.tmp5rm3kx/index.outbox") = 0
2080818 openat(AT_FDCWD</home/heathledger/Documents/ioi/repos/ioi>, "/tmp/.tmp5rm3kx", O_RDONLY|O_CLOEXEC) = 5</tmp/.tmp5rm3kx>
2080818 fsync(5</tmp/.tmp5rm3kx>)       = 0
2080818 close(5</tmp/.tmp5rm3kx>)       = 0
2080818 close(4</tmp/.tmp5rm3kx/index.outbox>) = 0
2080818 openat(AT_FDCWD</home/heathledger/Documents/ioi/repos/ioi>, "/tmp/.tmp5rm3kx/index.outbox", O_RDONLY|O_CLOEXEC) = 4</tmp/.tmp5rm3kx/index.outbox>
2080818 close(4</tmp/.tmp5rm3kx/index.outbox>) = 0
2080818 openat(AT_FDCWD</home/heathledger/Documents/ioi/repos/ioi>, "/tmp/.tmp5rm3kx/index.outbox", O_RDONLY|O_CLOEXEC) = 4</tmp/.tmp5rm3kx/index.outbox>
2080818 openat(AT_FDCWD</home/heathledger/Documents/ioi/repos/ioi>, "/tmp/.tmp5rm3kx/index.outbox", O_RDONLY|O_CLOEXEC) = 5</tmp/.tmp5rm3kx/index.outbox>
2080818 close(5</tmp/.tmp5rm3kx/index.outbox>) = 0
2080818 close(4</tmp/.tmp5rm3kx/index.outbox>) = 0
2080818 openat(AT_FDCWD</home/heathledger/Documents/ioi/repos/ioi>, "/tmp/.tmp5rm3kx/index.outbox.inactive", O_RDWR|O_CREAT|O_NOFOLLOW|O_CLOEXEC, 0600) = 4</tmp/.tmp5rm3kx/index.outbox.inactive>
2080818 fsync(4</tmp/.tmp5rm3kx/index.outbox.inactive>) = 0
2080818 fsync(4</tmp/.tmp5rm3kx/index.outbox.inactive>) = 0
2080818 openat(AT_FDCWD</home/heathledger/Documents/ioi/repos/ioi>, "/tmp/.tmp5rm3kx", O_RDONLY|O_CLOEXEC) = 5</tmp/.tmp5rm3kx>
2080818 fsync(5</tmp/.tmp5rm3kx>)       = 0
2080818 close(5</tmp/.tmp5rm3kx>)       = 0
2080818 openat(AT_FDCWD</home/heathledger/Documents/ioi/repos/ioi>, "/tmp/.tmp5rm3kx/index.outbox", O_RDONLY|O_CLOEXEC) = 5</tmp/.tmp5rm3kx/index.outbox>
2080818 close(5</tmp/.tmp5rm3kx/index.outbox>) = 0
2080818 openat(AT_FDCWD</home/heathledger/Documents/ioi/repos/ioi>, "/tmp/.tmp5rm3kx/index.outbox.tmp", O_RDWR|O_CREAT|O_NOFOLLOW|O_CLOEXEC, 0600) = 5</tmp/.tmp5rm3kx/index.outbox.tmp>
2080818 fsync(5</tmp/.tmp5rm3kx/index.outbox.tmp>) = 0
2080818 fsync(5</tmp/.tmp5rm3kx/index.outbox.tmp>) = 0
2080818 rename("/tmp/.tmp5rm3kx/index.outbox.tmp", "/tmp/.tmp5rm3kx/index.outbox") = 0
2080818 openat(AT_FDCWD</home/heathledger/Documents/ioi/repos/ioi>, "/tmp/.tmp5rm3kx", O_RDONLY|O_CLOEXEC) = 6</tmp/.tmp5rm3kx>
2080818 fsync(6</tmp/.tmp5rm3kx>)       = 0
2080818 close(6</tmp/.tmp5rm3kx>)       = 0
2080818 close(5</tmp/.tmp5rm3kx/index.outbox>) = 0
2080818 openat(AT_FDCWD</home/heathledger/Documents/ioi/repos/ioi>, "/tmp/.tmp5rm3kx", O_RDONLY|O_CLOEXEC) = 5</tmp/.tmp5rm3kx>
2080818 fsync(5</tmp/.tmp5rm3kx>)       = 0
2080818 close(5</tmp/.tmp5rm3kx>)       = 0
2080818 close(4</tmp/.tmp5rm3kx/index.outbox>) = 0
2080818 openat(AT_FDCWD</home/heathledger/Documents/ioi/repos/ioi>, "/tmp/.tmp5rm3kx/index.outbox", O_RDONLY|O_CLOEXEC) = 4</tmp/.tmp5rm3kx/index.outbox>
2080818 openat(AT_FDCWD</home/heathledger/Documents/ioi/repos/ioi>, "/tmp/.tmp5rm3kx/index.outbox", O_RDONLY|O_CLOEXEC) = 5</tmp/.tmp5rm3kx/index.outbox>
2080818 close(5</tmp/.tmp5rm3kx/index.outbox>) = 0
2080818 close(4</tmp/.tmp5rm3kx/index.outbox>) = 0
2080818 openat(AT_FDCWD</home/heathledger/Documents/ioi/repos/ioi>, "/tmp/.tmp5rm3kx/index.outbox.quv-arena", O_RDWR|O_CREAT|O_NOFOLLOW|O_CLOEXEC, 0600) = 4</tmp/.tmp5rm3kx/index.outbox.quv-arena>
2080818 fsync(4</tmp/.tmp5rm3kx/index.outbox.quv-arena>) = 0
2080818 fsync(4</tmp/.tmp5rm3kx/index.outbox.quv-arena>) = 0
2080818 openat(AT_FDCWD</home/heathledger/Documents/ioi/repos/ioi>, "/tmp/.tmp5rm3kx", O_RDONLY|O_CLOEXEC) = 5</tmp/.tmp5rm3kx>
2080818 fsync(5</tmp/.tmp5rm3kx>)       = 0
2080818 close(5</tmp/.tmp5rm3kx>)       = 0
2080818 close(4</tmp/.tmp5rm3kx/index.outbox.quv-arena>) = 0
2080818 openat(AT_FDCWD</home/heathledger/Documents/ioi/repos/ioi>, "/tmp/.tmp5rm3kx/index.outbox.quv-arena", O_RDWR|O_NOFOLLOW|O_CLOEXEC) = 4</tmp/.tmp5rm3kx/index.outbox.quv-arena>
2080818 close(4</tmp/.tmp5rm3kx/index.outbox.quv-arena>) = 0
2080818 openat(AT_FDCWD</home/heathledger/Documents/ioi/repos/ioi>, "/tmp/.tmp5rm3kx/index.outbox", O_RDONLY|O_CLOEXEC) = 4</tmp/.tmp5rm3kx/index.outbox>
2080818 close(4</tmp/.tmp5rm3kx/index.outbox>) = 0
2080818 openat(AT_FDCWD</home/heathledger/Documents/ioi/repos/ioi>, "/tmp/.tmp5rm3kx/index.outbox", O_RDONLY|O_CLOEXEC) = 4</tmp/.tmp5rm3kx/index.outbox>
2080818 openat(AT_FDCWD</home/heathledger/Documents/ioi/repos/ioi>, "/tmp/.tmp5rm3kx/index.outbox.inactive", O_RDWR|O_NOFOLLOW|O_CLOEXEC) = 5</tmp/.tmp5rm3kx/index.outbox.inactive>
2080818 fsync(5</tmp/.tmp5rm3kx/index.outbox.inactive>) = 0
2080818 openat(AT_FDCWD</home/heathledger/Documents/ioi/repos/ioi>, "/tmp/.tmp5rm3kx", O_RDONLY|O_CLOEXEC) = 6</tmp/.tmp5rm3kx>
2080818 fsync(6</tmp/.tmp5rm3kx>)       = 0
2080818 close(6</tmp/.tmp5rm3kx>)       = 0
2080818 close(5</tmp/.tmp5rm3kx/index.outbox>) = 0
2080818 close(4</tmp/.tmp5rm3kx/index.outbox.inactive>) = 0
2080818 openat(AT_FDCWD</home/heathledger/Documents/ioi/repos/ioi>, "/tmp/.tmp5rm3kx/index.outbox", O_RDONLY|O_CLOEXEC) = 4</tmp/.tmp5rm3kx/index.outbox>
2080818 openat(AT_FDCWD</home/heathledger/Documents/ioi/repos/ioi>, "/tmp/.tmp5rm3kx/index.outbox", O_RDONLY|O_CLOEXEC) = 5</tmp/.tmp5rm3kx/index.outbox>
2080818 close(5</tmp/.tmp5rm3kx/index.outbox>) = 0
2080818 close(4</tmp/.tmp5rm3kx/index.outbox>) = 0
2080818 openat(AT_FDCWD</home/heathledger/Documents/ioi/repos/ioi>, "/tmp/.tmp5rm3kx/index.outbox.entries", O_RDONLY|O_NONBLOCK|O_CLOEXEC|O_DIRECTORY) = 4</tmp/.tmp5rm3kx/index.outbox.entries>
2080818 close(4</tmp/.tmp5rm3kx/index.outbox.entries>) = 0
2080818 openat(AT_FDCWD</home/heathledger/Documents/ioi/repos/ioi>, "/tmp/.tmp5rm3kx/index.outbox.quv-arena", O_RDWR|O_NOFOLLOW|O_CLOEXEC) = 4</tmp/.tmp5rm3kx/index.outbox.quv-arena>
2080818 close(4</tmp/.tmp5rm3kx/index.outbox.quv-arena>) = 0
2080818 openat(AT_FDCWD</home/heathledger/Documents/ioi/repos/ioi>, "/tmp/.tmp5rm3kx/index.outbox.entries/5dfef5269539fbeb942857a332aaf071ac4daee0ef03b0deb678ef8c89004937.tmp", O_WRONLY|O_CREAT|O_TRUNC|O_CLOEXEC, 0600) = 4</tmp/.tmp5rm3kx/index.outbox.entries/5dfef5269539fbeb942857a332aaf071ac4daee0ef03b0deb678ef8c89004937.tmp>
2080818 fsync(4</tmp/.tmp5rm3kx/index.outbox.entries/5dfef5269539fbeb942857a332aaf071ac4daee0ef03b0deb678ef8c89004937.tmp>) = 0
2080818 rename("/tmp/.tmp5rm3kx/index.outbox.entries/5dfef5269539fbeb942857a332aaf071ac4daee0ef03b0deb678ef8c89004937.tmp", "/tmp/.tmp5rm3kx/index.outbox.entries/5dfef5269539fbeb942857a332aaf071ac4daee0ef03b0deb678ef8c89004937") = 0
2080818 openat(AT_FDCWD</home/heathledger/Documents/ioi/repos/ioi>, "/tmp/.tmp5rm3kx/index.outbox.entries", O_RDONLY|O_CLOEXEC) = 5</tmp/.tmp5rm3kx/index.outbox.entries>
2080818 fsync(5</tmp/.tmp5rm3kx/index.outbox.entries>) = 0
2080818 close(5</tmp/.tmp5rm3kx/index.outbox.entries>) = 0
2080818 close(4</tmp/.tmp5rm3kx/index.outbox.entries/5dfef5269539fbeb942857a332aaf071ac4daee0ef03b0deb678ef8c89004937>) = 0
2080818 openat(AT_FDCWD</home/heathledger/Documents/ioi/repos/ioi>, "/tmp/.tmp5rm3kx/index.outbox", O_RDONLY|O_CLOEXEC) = 4</tmp/.tmp5rm3kx/index.outbox>
2080818 close(4</tmp/.tmp5rm3kx/index.outbox>) = 0
2080818 openat(AT_FDCWD</home/heathledger/Documents/ioi/repos/ioi>, "/tmp/.tmp5rm3kx/index.outbox", O_RDONLY|O_CLOEXEC) = 4</tmp/.tmp5rm3kx/index.outbox>
2080818 openat(AT_FDCWD</home/heathledger/Documents/ioi/repos/ioi>, "/tmp/.tmp5rm3kx/index.outbox.inactive", O_RDWR|O_NOFOLLOW|O_CLOEXEC) = 5</tmp/.tmp5rm3kx/index.outbox.inactive>
2080818 fsync(5</tmp/.tmp5rm3kx/index.outbox.inactive>) = 0
2080818 openat(AT_FDCWD</home/heathledger/Documents/ioi/repos/ioi>, "/tmp/.tmp5rm3kx", O_RDONLY|O_CLOEXEC) = 6</tmp/.tmp5rm3kx>
2080818 fsync(6</tmp/.tmp5rm3kx>)       = 0
2080818 close(6</tmp/.tmp5rm3kx>)       = 0
2080818 close(5</tmp/.tmp5rm3kx/index.outbox>) = 0
2080818 close(4</tmp/.tmp5rm3kx/index.outbox.inactive>) = 0
2080818 openat(AT_FDCWD</home/heathledger/Documents/ioi/repos/ioi>, "/tmp/.tmp5rm3kx/index.outbox", O_RDONLY|O_CLOEXEC) = 4</tmp/.tmp5rm3kx/index.outbox>
2080818 close(4</tmp/.tmp5rm3kx/index.outbox>) = 0
2080818 openat(AT_FDCWD</home/heathledger/Documents/ioi/repos/ioi>, "/tmp/.tmp5rm3kx/index.outbox.quv-arena", O_RDWR|O_NOFOLLOW|O_CLOEXEC) = 4</tmp/.tmp5rm3kx/index.outbox.quv-arena>
2080818 close(4</tmp/.tmp5rm3kx/index.outbox.quv-arena>) = 0
2080818 openat(AT_FDCWD</home/heathledger/Documents/ioi/repos/ioi>, "/tmp/.tmp5rm3kx/index.outbox.entries/bfda7557b26ba2db032dad88ee86dfb65e5a135d89854df67a6244e165dae759.tmp", O_WRONLY|O_CREAT|O_TRUNC|O_CLOEXEC, 0600) = 4</tmp/.tmp5rm3kx/index.outbox.entries/bfda7557b26ba2db032dad88ee86dfb65e5a135d89854df67a6244e165dae759.tmp>
2080818 fsync(4</tmp/.tmp5rm3kx/index.outbox.entries/bfda7557b26ba2db032dad88ee86dfb65e5a135d89854df67a6244e165dae759.tmp>) = 0
2080818 rename("/tmp/.tmp5rm3kx/index.outbox.entries/bfda7557b26ba2db032dad88ee86dfb65e5a135d89854df67a6244e165dae759.tmp", "/tmp/.tmp5rm3kx/index.outbox.entries/bfda7557b26ba2db032dad88ee86dfb65e5a135d89854df67a6244e165dae759") = 0
2080818 openat(AT_FDCWD</home/heathledger/Documents/ioi/repos/ioi>, "/tmp/.tmp5rm3kx/index.outbox.entries", O_RDONLY|O_CLOEXEC) = 5</tmp/.tmp5rm3kx/index.outbox.entries>
2080818 fsync(5</tmp/.tmp5rm3kx/index.outbox.entries>) = 0
2080818 close(5</tmp/.tmp5rm3kx/index.outbox.entries>) = 0
2080818 close(4</tmp/.tmp5rm3kx/index.outbox.entries/bfda7557b26ba2db032dad88ee86dfb65e5a135d89854df67a6244e165dae759>) = 0
2080818 openat(AT_FDCWD</home/heathledger/Documents/ioi/repos/ioi>, "/tmp/.tmp5rm3kx/index.outbox", O_RDONLY|O_CLOEXEC) = 4</tmp/.tmp5rm3kx/index.outbox>
2080818 close(4</tmp/.tmp5rm3kx/index.outbox>) = 0
2080818 close(3</tmp/.tmp5rm3kx/index.outbox.lock>) = 0
2080818 mkdir("/tmp/.tmp5rm3kx", 0700)  = -1 EEXIST (File exists)
2080818 openat(AT_FDCWD</home/heathledger/Documents/ioi/repos/ioi>, "/tmp/.tmp5rm3kx", O_RDONLY|O_CLOEXEC) = 3</tmp/.tmp5rm3kx>
2080818 fsync(3</tmp/.tmp5rm3kx>)       = 0
2080818 close(3</tmp/.tmp5rm3kx>)       = 0
2080818 openat(AT_FDCWD</home/heathledger/Documents/ioi/repos/ioi>, "/tmp", O_RDONLY|O_CLOEXEC) = 3</tmp>
2080818 fsync(3</tmp>)                  = 0
2080818 close(3</tmp>)                  = 0
2080818 openat(AT_FDCWD</home/heathledger/Documents/ioi/repos/ioi>, "/", O_RDONLY|O_CLOEXEC) = 3</>
2080818 fsync(3</>)                     = 0
2080818 close(3</>)                     = 0
2080818 openat(AT_FDCWD</home/heathledger/Documents/ioi/repos/ioi>, "/tmp/.tmp5rm3kx/index.outbox.lock", O_RDWR|O_CREAT|O_CLOEXEC, 0600) = 3</tmp/.tmp5rm3kx/index.outbox.lock>
2080818 openat(AT_FDCWD</home/heathledger/Documents/ioi/repos/ioi>, "/tmp/.tmp5rm3kx/index.outbox", O_RDONLY|O_CLOEXEC) = 4</tmp/.tmp5rm3kx/index.outbox>
2080818 close(4</tmp/.tmp5rm3kx/index.outbox>) = 0
2080818 openat(AT_FDCWD</home/heathledger/Documents/ioi/repos/ioi>, "/tmp/.tmp5rm3kx/index.outbox", O_RDONLY|O_CLOEXEC) = 4</tmp/.tmp5rm3kx/index.outbox>
2080818 openat(AT_FDCWD</home/heathledger/Documents/ioi/repos/ioi>, "/tmp/.tmp5rm3kx/index.outbox", O_RDONLY|O_CLOEXEC) = 5</tmp/.tmp5rm3kx/index.outbox>
2080818 close(5</tmp/.tmp5rm3kx/index.outbox>) = 0
2080818 close(4</tmp/.tmp5rm3kx/index.outbox>) = 0
2080818 openat(AT_FDCWD</home/heathledger/Documents/ioi/repos/ioi>, "/tmp/.tmp5rm3kx/index.outbox.quv-arena", O_RDWR|O_NOFOLLOW|O_CLOEXEC) = 4</tmp/.tmp5rm3kx/index.outbox.quv-arena>
2080818 openat(AT_FDCWD</home/heathledger/Documents/ioi/repos/ioi>, "/tmp/.tmp5rm3kx/index.outbox.entries/5dfef5269539fbeb942857a332aaf071ac4daee0ef03b0deb678ef8c89004937", O_RDONLY|O_CLOEXEC) = 5</tmp/.tmp5rm3kx/index.outbox.entries/5dfef5269539fbeb942857a332aaf071ac4daee0ef03b0deb678ef8c89004937>
2080818 close(5</tmp/.tmp5rm3kx/index.outbox.entries/5dfef5269539fbeb942857a332aaf071ac4daee0ef03b0deb678ef8c89004937>) = 0
2080818 close(4</tmp/.tmp5rm3kx/index.outbox.quv-arena>) = 0
2080818 openat(AT_FDCWD</home/heathledger/Documents/ioi/repos/ioi>, "/tmp/.tmp5rm3kx/index.outbox", O_RDONLY|O_CLOEXEC) = 4</tmp/.tmp5rm3kx/index.outbox>
2080818 openat(AT_FDCWD</home/heathledger/Documents/ioi/repos/ioi>, "/tmp/.tmp5rm3kx/index.outbox", O_RDONLY|O_CLOEXEC) = 5</tmp/.tmp5rm3kx/index.outbox>
2080818 close(5</tmp/.tmp5rm3kx/index.outbox>) = 0
2080818 close(4</tmp/.tmp5rm3kx/index.outbox>) = 0
2080818 openat(AT_FDCWD</home/heathledger/Documents/ioi/repos/ioi>, "/tmp/.tmp5rm3kx/index.outbox.entries", O_RDONLY|O_NONBLOCK|O_CLOEXEC|O_DIRECTORY) = 4</tmp/.tmp5rm3kx/index.outbox.entries>
2080818 close(4</tmp/.tmp5rm3kx/index.outbox.entries>) = 0
2080818 openat(AT_FDCWD</home/heathledger/Documents/ioi/repos/ioi>, "/tmp/.tmp5rm3kx/index.outbox.entries", O_RDONLY|O_CLOEXEC) = 4</tmp/.tmp5rm3kx/index.outbox.entries>
2080818 fsync(4</tmp/.tmp5rm3kx/index.outbox.entries>) = 0
2080818 close(4</tmp/.tmp5rm3kx/index.outbox.entries>) = 0
2080818 openat(AT_FDCWD</home/heathledger/Documents/ioi/repos/ioi>, "/tmp/.tmp5rm3kx/index.outbox", O_RDONLY|O_CLOEXEC) = 4</tmp/.tmp5rm3kx/index.outbox>
2080818 close(4</tmp/.tmp5rm3kx/index.outbox>) = 0
2080818 openat(AT_FDCWD</home/heathledger/Documents/ioi/repos/ioi>, "/tmp/.tmp5rm3kx/index.outbox", O_RDONLY|O_CLOEXEC) = 4</tmp/.tmp5rm3kx/index.outbox>
2080818 openat(AT_FDCWD</home/heathledger/Documents/ioi/repos/ioi>, "/tmp/.tmp5rm3kx/index.outbox", O_RDONLY|O_CLOEXEC) = 5</tmp/.tmp5rm3kx/index.outbox>
2080818 close(5</tmp/.tmp5rm3kx/index.outbox>) = 0
2080818 close(4</tmp/.tmp5rm3kx/index.outbox>) = 0
2080818 openat(AT_FDCWD</home/heathledger/Documents/ioi/repos/ioi>, "/tmp/.tmp5rm3kx/index.outbox.inactive", O_RDWR|O_CREAT|O_NOFOLLOW|O_CLOEXEC, 0600) = 4</tmp/.tmp5rm3kx/index.outbox.inactive>
2080818 fsync(4</tmp/.tmp5rm3kx/index.outbox.inactive>) = 0
2080818 fsync(4</tmp/.tmp5rm3kx/index.outbox.inactive>) = 0
2080818 openat(AT_FDCWD</home/heathledger/Documents/ioi/repos/ioi>, "/tmp/.tmp5rm3kx", O_RDONLY|O_CLOEXEC) = 5</tmp/.tmp5rm3kx>
2080818 fsync(5</tmp/.tmp5rm3kx>)       = 0
2080818 close(5</tmp/.tmp5rm3kx>)       = 0
2080818 openat(AT_FDCWD</home/heathledger/Documents/ioi/repos/ioi>, "/tmp/.tmp5rm3kx/index.outbox", O_RDONLY|O_CLOEXEC) = 5</tmp/.tmp5rm3kx/index.outbox>
2080818 close(5</tmp/.tmp5rm3kx/index.outbox>) = 0
2080818 openat(AT_FDCWD</home/heathledger/Documents/ioi/repos/ioi>, "/tmp/.tmp5rm3kx/index.outbox", O_RDONLY|O_CLOEXEC) = 5</tmp/.tmp5rm3kx/index.outbox>
2080818 close(5</tmp/.tmp5rm3kx/index.outbox>) = 0
2080818 openat(AT_FDCWD</home/heathledger/Documents/ioi/repos/ioi>, "/tmp/.tmp5rm3kx", O_RDONLY|O_CLOEXEC) = 5</tmp/.tmp5rm3kx>
2080818 fsync(5</tmp/.tmp5rm3kx>)       = 0
2080818 close(5</tmp/.tmp5rm3kx>)       = 0
2080818 close(4</tmp/.tmp5rm3kx/index.outbox>) = 0
2080818 openat(AT_FDCWD</home/heathledger/Documents/ioi/repos/ioi>, "/tmp/.tmp5rm3kx/index.outbox", O_RDONLY|O_CLOEXEC) = 4</tmp/.tmp5rm3kx/index.outbox>
2080818 openat(AT_FDCWD</home/heathledger/Documents/ioi/repos/ioi>, "/tmp/.tmp5rm3kx/index.outbox", O_RDONLY|O_CLOEXEC) = 5</tmp/.tmp5rm3kx/index.outbox>
2080818 close(5</tmp/.tmp5rm3kx/index.outbox>) = 0
2080818 close(4</tmp/.tmp5rm3kx/index.outbox>) = 0
2080818 openat(AT_FDCWD</home/heathledger/Documents/ioi/repos/ioi>, "/tmp/.tmp5rm3kx/index.outbox.quv-arena", O_RDWR|O_NOFOLLOW|O_CLOEXEC) = 4</tmp/.tmp5rm3kx/index.outbox.quv-arena>
2080818 close(4</tmp/.tmp5rm3kx/index.outbox.quv-arena>) = 0
2080818 openat(AT_FDCWD</home/heathledger/Documents/ioi/repos/ioi>, "/tmp/.tmp5rm3kx/index.outbox.quv-arena", O_RDWR|O_NOFOLLOW|O_CLOEXEC) = 4</tmp/.tmp5rm3kx/index.outbox.quv-arena>
2080818 close(4</tmp/.tmp5rm3kx/index.outbox.quv-arena>) = 0
2080818 openat(AT_FDCWD</home/heathledger/Documents/ioi/repos/ioi>, "/tmp/.tmp5rm3kx/index.outbox.entries/bfda7557b26ba2db032dad88ee86dfb65e5a135d89854df67a6244e165dae759.tmp", O_WRONLY|O_CREAT|O_TRUNC|O_CLOEXEC, 0600) = 4</tmp/.tmp5rm3kx/index.outbox.entries/bfda7557b26ba2db032dad88ee86dfb65e5a135d89854df67a6244e165dae759.tmp>
2080818 fsync(4</tmp/.tmp5rm3kx/index.outbox.entries/bfda7557b26ba2db032dad88ee86dfb65e5a135d89854df67a6244e165dae759.tmp>) = 0
2080818 rename("/tmp/.tmp5rm3kx/index.outbox.entries/bfda7557b26ba2db032dad88ee86dfb65e5a135d89854df67a6244e165dae759.tmp", "/tmp/.tmp5rm3kx/index.outbox.entries/bfda7557b26ba2db032dad88ee86dfb65e5a135d89854df67a6244e165dae759") = 0
2080818 openat(AT_FDCWD</home/heathledger/Documents/ioi/repos/ioi>, "/tmp/.tmp5rm3kx/index.outbox.entries", O_RDONLY|O_CLOEXEC) = 5</tmp/.tmp5rm3kx/index.outbox.entries>
2080818 fsync(5</tmp/.tmp5rm3kx/index.outbox.entries>) = 0
2080818 close(5</tmp/.tmp5rm3kx/index.outbox.entries>) = 0
2080818 close(4</tmp/.tmp5rm3kx/index.outbox.entries/bfda7557b26ba2db032dad88ee86dfb65e5a135d89854df67a6244e165dae759>) = 0
2080818 openat(AT_FDCWD</home/heathledger/Documents/ioi/repos/ioi>, "/tmp/.tmp5rm3kx/index.outbox", O_RDONLY|O_CLOEXEC) = 4</tmp/.tmp5rm3kx/index.outbox>
2080818 close(4</tmp/.tmp5rm3kx/index.outbox>) = 0
2080818 openat(AT_FDCWD</home/heathledger/Documents/ioi/repos/ioi>, "/tmp/.tmp5rm3kx/index.outbox", O_RDONLY|O_CLOEXEC) = 4</tmp/.tmp5rm3kx/index.outbox>
2080818 openat(AT_FDCWD</home/heathledger/Documents/ioi/repos/ioi>, "/tmp/.tmp5rm3kx/index.outbox.inactive", O_RDWR|O_NOFOLLOW|O_CLOEXEC) = 5</tmp/.tmp5rm3kx/index.outbox.inactive>
2080818 fsync(5</tmp/.tmp5rm3kx/index.outbox.inactive>) = 0
2080818 openat(AT_FDCWD</home/heathledger/Documents/ioi/repos/ioi>, "/tmp/.tmp5rm3kx", O_RDONLY|O_CLOEXEC) = 6</tmp/.tmp5rm3kx>
2080818 fsync(6</tmp/.tmp5rm3kx>)       = 0
2080818 close(6</tmp/.tmp5rm3kx>)       = 0
2080818 close(5</tmp/.tmp5rm3kx/index.outbox>) = 0
2080818 close(4</tmp/.tmp5rm3kx/index.outbox.inactive>) = 0
2080818 openat(AT_FDCWD</home/heathledger/Documents/ioi/repos/ioi>, "/tmp/.tmp5rm3kx/index.outbox.quv-arena", O_RDWR|O_NOFOLLOW|O_CLOEXEC) = 4</tmp/.tmp5rm3kx/index.outbox.quv-arena>
2080818 close(4</tmp/.tmp5rm3kx/index.outbox.quv-arena>) = 0
2080818 openat(AT_FDCWD</home/heathledger/Documents/ioi/repos/ioi>, "/tmp/.tmp5rm3kx/index.outbox", O_RDONLY|O_CLOEXEC) = 4</tmp/.tmp5rm3kx/index.outbox>
2080818 close(4</tmp/.tmp5rm3kx/index.outbox>) = 0
2080818 openat(AT_FDCWD</home/heathledger/Documents/ioi/repos/ioi>, "/tmp/.tmp5rm3kx/index.outbox", O_RDONLY|O_CLOEXEC) = 4</tmp/.tmp5rm3kx/index.outbox>
2080818 openat(AT_FDCWD</home/heathledger/Documents/ioi/repos/ioi>, "/tmp/.tmp5rm3kx/index.outbox.inactive", O_RDWR|O_NOFOLLOW|O_CLOEXEC) = 5</tmp/.tmp5rm3kx/index.outbox.inactive>
2080818 fsync(5</tmp/.tmp5rm3kx/index.outbox.inactive>) = 0
2080818 openat(AT_FDCWD</home/heathledger/Documents/ioi/repos/ioi>, "/tmp/.tmp5rm3kx", O_RDONLY|O_CLOEXEC) = 6</tmp/.tmp5rm3kx>
2080818 fsync(6</tmp/.tmp5rm3kx>)       = 0
2080818 close(6</tmp/.tmp5rm3kx>)       = 0
2080818 close(5</tmp/.tmp5rm3kx/index.outbox>) = 0
2080818 close(4</tmp/.tmp5rm3kx/index.outbox.inactive>) = 0
2080818 close(3</tmp/.tmp5rm3kx/index.outbox.lock>) = 0
2080818 mkdir("/tmp/.tmp5rm3kx", 0700)  = -1 EEXIST (File exists)
2080818 openat(AT_FDCWD</home/heathledger/Documents/ioi/repos/ioi>, "/tmp/.tmp5rm3kx", O_RDONLY|O_CLOEXEC) = 3</tmp/.tmp5rm3kx>
2080818 fsync(3</tmp/.tmp5rm3kx>)       = 0
2080818 close(3</tmp/.tmp5rm3kx>)       = 0
2080818 openat(AT_FDCWD</home/heathledger/Documents/ioi/repos/ioi>, "/tmp", O_RDONLY|O_CLOEXEC) = 3</tmp>
2080818 fsync(3</tmp>)                  = 0
2080818 close(3</tmp>)                  = 0
2080818 openat(AT_FDCWD</home/heathledger/Documents/ioi/repos/ioi>, "/", O_RDONLY|O_CLOEXEC) = 3</>
2080818 fsync(3</>)                     = 0
2080818 close(3</>)                     = 0
2080818 openat(AT_FDCWD</home/heathledger/Documents/ioi/repos/ioi>, "/tmp/.tmp5rm3kx/index.outbox.lock", O_RDWR|O_CREAT|O_CLOEXEC, 0600) = 3</tmp/.tmp5rm3kx/index.outbox.lock>
2080818 openat(AT_FDCWD</home/heathledger/Documents/ioi/repos/ioi>, "/tmp/.tmp5rm3kx/index.outbox", O_RDONLY|O_CLOEXEC) = 4</tmp/.tmp5rm3kx/index.outbox>
2080818 close(4</tmp/.tmp5rm3kx/index.outbox>) = 0
2080818 openat(AT_FDCWD</home/heathledger/Documents/ioi/repos/ioi>, "/tmp/.tmp5rm3kx/index.outbox", O_RDONLY|O_CLOEXEC) = 4</tmp/.tmp5rm3kx/index.outbox>
2080818 openat(AT_FDCWD</home/heathledger/Documents/ioi/repos/ioi>, "/tmp/.tmp5rm3kx/index.outbox", O_RDONLY|O_CLOEXEC) = 5</tmp/.tmp5rm3kx/index.outbox>
2080818 close(5</tmp/.tmp5rm3kx/index.outbox>) = 0
2080818 close(4</tmp/.tmp5rm3kx/index.outbox>) = 0
2080818 openat(AT_FDCWD</home/heathledger/Documents/ioi/repos/ioi>, "/tmp/.tmp5rm3kx/index.outbox.quv-arena", O_RDWR|O_NOFOLLOW|O_CLOEXEC) = 4</tmp/.tmp5rm3kx/index.outbox.quv-arena>
2080818 openat(AT_FDCWD</home/heathledger/Documents/ioi/repos/ioi>, "/tmp/.tmp5rm3kx/index.outbox.entries/bfda7557b26ba2db032dad88ee86dfb65e5a135d89854df67a6244e165dae759", O_RDONLY|O_CLOEXEC) = 5</tmp/.tmp5rm3kx/index.outbox.entries/bfda7557b26ba2db032dad88ee86dfb65e5a135d89854df67a6244e165dae759>
2080818 close(5</tmp/.tmp5rm3kx/index.outbox.entries/bfda7557b26ba2db032dad88ee86dfb65e5a135d89854df67a6244e165dae759>) = 0
2080818 close(4</tmp/.tmp5rm3kx/index.outbox.quv-arena>) = 0
2080818 openat(AT_FDCWD</home/heathledger/Documents/ioi/repos/ioi>, "/tmp/.tmp5rm3kx/index.outbox", O_RDONLY|O_CLOEXEC) = 4</tmp/.tmp5rm3kx/index.outbox>
2080818 openat(AT_FDCWD</home/heathledger/Documents/ioi/repos/ioi>, "/tmp/.tmp5rm3kx/index.outbox", O_RDONLY|O_CLOEXEC) = 5</tmp/.tmp5rm3kx/index.outbox>
2080818 close(5</tmp/.tmp5rm3kx/index.outbox>) = 0
2080818 close(4</tmp/.tmp5rm3kx/index.outbox>) = 0
2080818 openat(AT_FDCWD</home/heathledger/Documents/ioi/repos/ioi>, "/tmp/.tmp5rm3kx/index.outbox.entries", O_RDONLY|O_NONBLOCK|O_CLOEXEC|O_DIRECTORY) = 4</tmp/.tmp5rm3kx/index.outbox.entries>
2080818 close(4</tmp/.tmp5rm3kx/index.outbox.entries>) = 0
2080818 openat(AT_FDCWD</home/heathledger/Documents/ioi/repos/ioi>, "/tmp/.tmp5rm3kx/index.outbox.entries", O_RDONLY|O_CLOEXEC) = 4</tmp/.tmp5rm3kx/index.outbox.entries>
2080818 fsync(4</tmp/.tmp5rm3kx/index.outbox.entries>) = 0
2080818 close(4</tmp/.tmp5rm3kx/index.outbox.entries>) = 0
2080818 openat(AT_FDCWD</home/heathledger/Documents/ioi/repos/ioi>, "/tmp/.tmp5rm3kx/index.outbox", O_RDONLY|O_CLOEXEC) = 4</tmp/.tmp5rm3kx/index.outbox>
2080818 close(4</tmp/.tmp5rm3kx/index.outbox>) = 0
2080818 openat(AT_FDCWD</home/heathledger/Documents/ioi/repos/ioi>, "/tmp/.tmp5rm3kx/index.outbox", O_RDONLY|O_CLOEXEC) = 4</tmp/.tmp5rm3kx/index.outbox>
2080818 openat(AT_FDCWD</home/heathledger/Documents/ioi/repos/ioi>, "/tmp/.tmp5rm3kx/index.outbox", O_RDONLY|O_CLOEXEC) = 5</tmp/.tmp5rm3kx/index.outbox>
2080818 close(5</tmp/.tmp5rm3kx/index.outbox>) = 0
2080818 close(4</tmp/.tmp5rm3kx/index.outbox>) = 0
2080818 openat(AT_FDCWD</home/heathledger/Documents/ioi/repos/ioi>, "/tmp/.tmp5rm3kx/index.outbox.inactive", O_RDWR|O_CREAT|O_NOFOLLOW|O_CLOEXEC, 0600) = 4</tmp/.tmp5rm3kx/index.outbox.inactive>
2080818 fsync(4</tmp/.tmp5rm3kx/index.outbox.inactive>) = 0
2080818 fsync(4</tmp/.tmp5rm3kx/index.outbox.inactive>) = 0
2080818 openat(AT_FDCWD</home/heathledger/Documents/ioi/repos/ioi>, "/tmp/.tmp5rm3kx", O_RDONLY|O_CLOEXEC) = 5</tmp/.tmp5rm3kx>
2080818 fsync(5</tmp/.tmp5rm3kx>)       = 0
2080818 close(5</tmp/.tmp5rm3kx>)       = 0
2080818 openat(AT_FDCWD</home/heathledger/Documents/ioi/repos/ioi>, "/tmp/.tmp5rm3kx/index.outbox", O_RDONLY|O_CLOEXEC) = 5</tmp/.tmp5rm3kx/index.outbox>
2080818 close(5</tmp/.tmp5rm3kx/index.outbox>) = 0
2080818 openat(AT_FDCWD</home/heathledger/Documents/ioi/repos/ioi>, "/tmp/.tmp5rm3kx/index.outbox", O_RDONLY|O_CLOEXEC) = 5</tmp/.tmp5rm3kx/index.outbox>
2080818 close(5</tmp/.tmp5rm3kx/index.outbox>) = 0
2080818 openat(AT_FDCWD</home/heathledger/Documents/ioi/repos/ioi>, "/tmp/.tmp5rm3kx", O_RDONLY|O_CLOEXEC) = 5</tmp/.tmp5rm3kx>
2080818 fsync(5</tmp/.tmp5rm3kx>)       = 0
2080818 close(5</tmp/.tmp5rm3kx>)       = 0
2080818 close(4</tmp/.tmp5rm3kx/index.outbox>) = 0
2080818 openat(AT_FDCWD</home/heathledger/Documents/ioi/repos/ioi>, "/tmp/.tmp5rm3kx/index.outbox", O_RDONLY|O_CLOEXEC) = 4</tmp/.tmp5rm3kx/index.outbox>
2080818 openat(AT_FDCWD</home/heathledger/Documents/ioi/repos/ioi>, "/tmp/.tmp5rm3kx/index.outbox", O_RDONLY|O_CLOEXEC) = 5</tmp/.tmp5rm3kx/index.outbox>
2080818 close(5</tmp/.tmp5rm3kx/index.outbox>) = 0
2080818 close(4</tmp/.tmp5rm3kx/index.outbox>) = 0
2080818 openat(AT_FDCWD</home/heathledger/Documents/ioi/repos/ioi>, "/tmp/.tmp5rm3kx/index.outbox.quv-arena", O_RDWR|O_NOFOLLOW|O_CLOEXEC) = 4</tmp/.tmp5rm3kx/index.outbox.quv-arena>
2080818 close(4</tmp/.tmp5rm3kx/index.outbox.quv-arena>) = 0
2080818 close(3</tmp/.tmp5rm3kx/index.outbox.lock>) = 0
2080818 openat(AT_FDCWD</home/heathledger/Documents/ioi/repos/ioi>, "/tmp/.tmp5rm3kx", O_RDONLY|O_NOFOLLOW|O_CLOEXEC|O_DIRECTORY) = 3</tmp/.tmp5rm3kx>
2080818 openat(3</tmp/.tmp5rm3kx>, "index.outbox.entries", O_RDONLY|O_NOFOLLOW|O_CLOEXEC|O_DIRECTORY) = 4</tmp/.tmp5rm3kx/index.outbox.entries>
2080818 close(4</tmp/.tmp5rm3kx/index.outbox.entries>) = 0
2080818 close(3</tmp/.tmp5rm3kx>)       = 0
2080818 +++ exited with 0 +++
2080817 +++ exited with 0 +++
