census OK: 58 modules = 45 executed + 13 manifest-marked (manual)
(* created new ".tlacache/QuvReadinessBoundProof.tlaps/QuvReadinessBoundProof.thy" *)
(* fingerprints written in ".tlacache/QuvReadinessBoundProof.tlaps/fingerprints" *)
File "./QuvReadinessBoundProof.tla", line 1, character 1 to line 16, character 77:
[INFO]: All 10 obligations proved.
TLC2 Version 2026.08.11.125311 (rev: 0894c34)
Warning: Please run the Java VM, which executes TLC with a throughput optimized garbage collector, by passing the "-XX:+UseParallelGC" property.
(Use the -nowarning option to disable this warning.)
Running breadth-first search Model-Checking with fp 35 and seed 997903482597838488 with 1 worker on 24 cores with 24000MB heap and 64MB offheap memory [pid: 3201067] (Linux 6.17.9-76061709-generic amd64, Ubuntu 21.0.10 64bit, MSBDiskFPSet, DiskStateQueue).
Parsing file /home/heathledger/Documents/ioi/repos/ioi/internal-docs/architecture/protocols/aft/formal/maximal_visibility/QuvReadinessBound.tla
Parsing file /tmp/tlc-13725521503019181532/Naturals.tla (jar:file:/home/heathledger/Documents/ioi/repos/ioi/.internal/formal-cache/tools/tla/tla2tools.jar!/tla2sany/StandardModules/Naturals.tla)
Parsing file /tmp/tlc-13725521503019181532/_TLCTrace.tla (jar:file:/home/heathledger/Documents/ioi/repos/ioi/.internal/formal-cache/tools/tla/tla2tools.jar!/tla2sany/StandardModules/_TLCTrace.tla)
Parsing file /tmp/tlc-13725521503019181532/TLC.tla (jar:file:/home/heathledger/Documents/ioi/repos/ioi/.internal/formal-cache/tools/tla/tla2tools.jar!/tla2sany/StandardModules/TLC.tla)
Parsing file /tmp/tlc-13725521503019181532/TLCExt.tla (jar:file:/home/heathledger/Documents/ioi/repos/ioi/.internal/formal-cache/tools/tla/tla2tools.jar!/tla2sany/StandardModules/TLCExt.tla)
Parsing file /tmp/tlc-13725521503019181532/Sequences.tla (jar:file:/home/heathledger/Documents/ioi/repos/ioi/.internal/formal-cache/tools/tla/tla2tools.jar!/tla2sany/StandardModules/Sequences.tla)
Parsing file /tmp/tlc-13725521503019181532/FiniteSets.tla (jar:file:/home/heathledger/Documents/ioi/repos/ioi/.internal/formal-cache/tools/tla/tla2tools.jar!/tla2sany/StandardModules/FiniteSets.tla)
Parsing file /tmp/tlc-13725521503019181532/Integers.tla (jar:file:/home/heathledger/Documents/ioi/repos/ioi/.internal/formal-cache/tools/tla/tla2tools.jar!/tla2sany/StandardModules/Integers.tla)
Semantic processing of module Naturals
Semantic processing of module Sequences
Semantic processing of module FiniteSets
Semantic processing of module TLC
Semantic processing of module Integers
Semantic processing of module TLCExt
Semantic processing of module _TLCTrace
Semantic processing of module QuvReadinessBound
Linting of module TLCExt
Linting of module _TLCTrace
Linting of module QuvReadinessBound
Starting... (2026-09-05 06:44:11)
Computing initial states...
Finished computing initial states: 1 distinct state generated at 2026-09-05 06:44:11.
Model checking completed. No error has been found.
  Estimates of the probability that TLC did not check all reachable states
  because two distinct states had the same fingerprint:
  calculated (optimistic):  val = 5.2E-16
297 states generated, 37 distinct states found, 0 states left on queue.
The depth of the complete state graph search is 4.
The average outdegree of the complete state graph is 1 (minimum is 0, the maximum 6 and the 95th percentile is 6).
Finished in 00s at (2026-09-05 06:44:11)
TLC2 Version 2026.08.11.125311 (rev: 0894c34)
Warning: Please run the Java VM, which executes TLC with a throughput optimized garbage collector, by passing the "-XX:+UseParallelGC" property.
(Use the -nowarning option to disable this warning.)
Running breadth-first search Model-Checking with fp 111 and seed -6373901828776277504 with 1 worker on 24 cores with 24000MB heap and 64MB offheap memory [pid: 3201105] (Linux 6.17.9-76061709-generic amd64, Ubuntu 21.0.10 64bit, MSBDiskFPSet, DiskStateQueue).
Parsing file /tmp/tmp.5GtVv1rkIX/QuvReadinessBound.tla
Parsing file /tmp/tlc-3488299499642767992/Naturals.tla (jar:file:/home/heathledger/Documents/ioi/repos/ioi/.internal/formal-cache/tools/tla/tla2tools.jar!/tla2sany/StandardModules/Naturals.tla)
Parsing file /tmp/tlc-3488299499642767992/_TLCTrace.tla (jar:file:/home/heathledger/Documents/ioi/repos/ioi/.internal/formal-cache/tools/tla/tla2tools.jar!/tla2sany/StandardModules/_TLCTrace.tla)
Parsing file /tmp/tlc-3488299499642767992/TLC.tla (jar:file:/home/heathledger/Documents/ioi/repos/ioi/.internal/formal-cache/tools/tla/tla2tools.jar!/tla2sany/StandardModules/TLC.tla)
Parsing file /tmp/tlc-3488299499642767992/TLCExt.tla (jar:file:/home/heathledger/Documents/ioi/repos/ioi/.internal/formal-cache/tools/tla/tla2tools.jar!/tla2sany/StandardModules/TLCExt.tla)
Parsing file /tmp/tlc-3488299499642767992/Sequences.tla (jar:file:/home/heathledger/Documents/ioi/repos/ioi/.internal/formal-cache/tools/tla/tla2tools.jar!/tla2sany/StandardModules/Sequences.tla)
Parsing file /tmp/tlc-3488299499642767992/FiniteSets.tla (jar:file:/home/heathledger/Documents/ioi/repos/ioi/.internal/formal-cache/tools/tla/tla2tools.jar!/tla2sany/StandardModules/FiniteSets.tla)
Parsing file /tmp/tlc-3488299499642767992/Integers.tla (jar:file:/home/heathledger/Documents/ioi/repos/ioi/.internal/formal-cache/tools/tla/tla2tools.jar!/tla2sany/StandardModules/Integers.tla)
Semantic processing of module Naturals
Semantic processing of module Sequences
Semantic processing of module FiniteSets
Semantic processing of module TLC
Semantic processing of module Integers
Semantic processing of module TLCExt
Semantic processing of module _TLCTrace
Semantic processing of module QuvReadinessBound
Linting of module TLCExt
Linting of module _TLCTrace
Linting of module QuvReadinessBound
Starting... (2026-09-05 06:44:12)
Computing initial states...
Finished computing initial states: 1 distinct state generated at 2026-09-05 06:44:12.
Error: Invariant ReadyForNext is violated.
Error: The behavior up to this point is:
State 1: <Initial predicate>
/\ slot = 0
/\ refused = FALSE
/\ fastDone = 0
/\ introducedAt = 0
/\ slowDone = 0

State 2: <Advance line 17, col 5 to line 24, col 46 of module QuvReadinessBound>
/\ slot = 1
/\ refused = FALSE
/\ fastDone = 3
/\ introducedAt = 2
/\ slowDone = 6

10 states generated, 8 distinct states found, 6 states left on queue.
The depth of the complete state graph search is 2.
Finished in 00s at (2026-09-05 06:44:12)
Trace exploration spec path: ./QuvReadinessBound_TTrace_1788605051.tla
expected counterexample observed: QuvReadinessBound.tla: Invariant ReadyForNext is violated
