   Compiling quote v1.0.44
   Compiling bitflags v2.11.0
   Compiling syn v2.0.116
   Compiling const_format_proc_macros v0.2.34
   Compiling const_format v0.2.35
   Compiling synstructure v0.13.2
   Compiling serde_derive_internals v0.29.1
   Compiling futures-macro v0.3.32
   Compiling zerofrom-derive v0.1.6
   Compiling yoke-derive v0.8.1
   Compiling zerovec-derive v0.11.2
   Compiling displaydoc v0.2.5
   Compiling serde_derive v1.0.228
   Compiling zeroize_derive v1.4.3
   Compiling thiserror-impl v1.0.69
   Compiling tokio-macros v2.4.0
   Compiling tracing-attributes v0.1.31
   Compiling thiserror-impl v2.0.18
   Compiling curve25519-dalek-derive v0.1.1
   Compiling pin-project-internal v1.1.10
   Compiling match-lookup v0.1.2
   Compiling data-encoding-macro-internal v0.1.17
   Compiling libp2p-swarm-derive v0.34.2
   Compiling openssl-macros v0.1.1
   Compiling async-trait v0.1.89
   Compiling prometheus-client-derive-encode v0.4.2
   Compiling enum-as-inner v0.6.1
   Compiling prost-derive v0.13.5
   Compiling impl-trait-for-tuples v0.2.3
   Compiling parity-scale-codec-derive v3.7.5
   Compiling schemars_derive v0.8.22
   Compiling base256emoji v1.0.2
   Compiling openssl v0.10.75
   Compiling data-encoding-macro v0.1.19
   Compiling ts-rs-macros v12.0.1
   Compiling multibase v0.9.2
   Compiling prometheus-client v0.22.3
   Compiling zeroize v1.8.2
   Compiling tokio v1.42.0
   Compiling curve25519-dalek v4.1.3
   Compiling rustls-pki-types v1.14.0
   Compiling aws-lc-rs v1.15.4
   Compiling futures-util v0.3.32
   Compiling thiserror v1.0.69
   Compiling pin-project v1.1.10
   Compiling zerofrom v0.1.6
   Compiling tracing v0.1.44
   Compiling netlink-packet-utils v0.5.2
   Compiling yoke v0.8.1
   Compiling thiserror v2.0.18
   Compiling netlink-packet-core v0.7.0
   Compiling prost v0.13.5
   Compiling zerovec v0.11.5
   Compiling zerotrie v0.2.3
   Compiling netlink-packet-route v0.17.1
   Compiling ed25519-dalek v2.2.0
   Compiling x25519-dalek v2.0.1
   Compiling ts-rs v12.0.1
   Compiling libp2p-identity v0.2.13
   Compiling rustls-webpki v0.103.9
   Compiling tinystr v0.8.2
   Compiling potential_utf v0.1.4
   Compiling icu_collections v2.1.1
   Compiling icu_locale_core v2.1.1
   Compiling rustls v0.23.36
   Compiling serde v1.0.228
   Compiling icu_provider v2.1.1
   Compiling bcs v0.1.6
   Compiling serde_urlencoded v0.7.1
   Compiling schemars v0.8.22
   Compiling serde_jcs v0.1.0
   Compiling parity-scale-codec v3.7.5
   Compiling toml_datetime v0.6.11
   Compiling serde_spanned v0.6.9
   Compiling native-tls v0.2.18
   Compiling icu_properties v2.1.2
   Compiling icu_normalizer v2.1.1
   Compiling toml_edit v0.22.27
   Compiling futures-executor v0.3.32
   Compiling asynchronous-codec v0.7.0
   Compiling futures-bounded v0.2.4
   Compiling quick-protobuf-codec v0.3.1
   Compiling futures v0.3.32
   Compiling multistream-select v0.13.0
   Compiling rw-stream-sink v0.4.0
   Compiling yamux v0.13.8
   Compiling futures-ticker v0.0.3
   Compiling yamux v0.12.1
   Compiling idna_adapter v1.2.1
   Compiling idna v1.1.0
   Compiling url v2.5.8
   Compiling multiaddr v0.18.2
   Compiling hickory-proto v0.24.4
   Compiling netlink-sys v0.8.8
   Compiling tokio-util v0.7.17
   Compiling tokio-native-tls v0.3.1
   Compiling toml v0.8.23
   Compiling netlink-proto v0.11.5
   Compiling libp2p-core v0.41.3
   Compiling rtnetlink v0.13.1
   Compiling h2 v0.3.27
   Compiling libp2p-swarm v0.44.2
   Compiling libp2p-noise v0.44.0
   Compiling libp2p-yamux v0.45.2
   Compiling tokio-rustls v0.26.4
   Compiling if-watch v3.2.1
   Compiling libp2p-tcp v0.41.0
   Compiling libp2p-gossipsub v0.46.1
   Compiling libp2p-allow-block-list v0.3.0
   Compiling libp2p-connection-limits v0.3.1
   Compiling libp2p-mdns v0.45.1
   Compiling libp2p-request-response v0.26.3
   Compiling libp2p-identify v0.44.2
   Compiling hyper v0.14.32
   Compiling libp2p v0.53.2
   Compiling ioi-types v0.1.0 (/home/heathledger/Documents/ioi/repos/ioi/crates/types)
   Compiling hyper-tls v0.5.0
   Compiling reqwest v0.11.27
warning: structure field `runtimeTruthSource` should have a snake case name
    --> crates/types/src/app/generated/architecture_contracts.rs:5223:9
     |
5223 |     pub runtimeTruthSource: Option<GoalRunV1RuntimeTruthSource>,
     |         ^^^^^^^^^^^^^^^^^^ help: convert the identifier to snake case: `runtime_truth_source`
     |
     = note: `#[warn(non_snake_case)]` (part of `#[warn(nonstandard_style)]`) on by default

warning: structure field `runtimeTruthSource` should have a snake case name
    --> crates/types/src/app/generated/architecture_contracts.rs:9220:9
     |
9220 |     pub runtimeTruthSource: ArtifactAvailabilityIncidentOperationV1RuntimeTruthSource,
     |         ^^^^^^^^^^^^^^^^^^ help: convert the identifier to snake case: `runtime_truth_source`

warning: structure field `agentgresTruthSource` should have a snake case name
    --> crates/types/src/app/generated/architecture_contracts.rs:9221:9
     |
9221 |     pub agentgresTruthSource: ArtifactAvailabilityIncidentOperationV1AgentgresTruthSource,
     |         ^^^^^^^^^^^^^^^^^^^^ help: convert the identifier to snake case: `agentgres_truth_source`

warning: structure field `runtimeTruthSource` should have a snake case name
    --> crates/types/src/app/generated/architecture_contracts.rs:9480:9
     |
9480 |     pub runtimeTruthSource: ArtifactAvailabilityIncidentV1RuntimeTruthSource,
     |         ^^^^^^^^^^^^^^^^^^ help: convert the identifier to snake case: `runtime_truth_source`

warning: structure field `runtimeTruthSource` should have a snake case name
    --> crates/types/src/app/generated/architecture_contracts.rs:9718:9
     |
9718 |     pub runtimeTruthSource: ArtifactAvailabilityIncidentV1AgentgresOperationRuntimeTruthSource,
     |         ^^^^^^^^^^^^^^^^^^ help: convert the identifier to snake case: `runtime_truth_source`

warning: structure field `agentgresTruthSource` should have a snake case name
    --> crates/types/src/app/generated/architecture_contracts.rs:9719:9
     |
9719 |     pub agentgresTruthSource: ArtifactAvailabilityIncidentV1AgentgresOperationAgentgresTruthSource,
     |         ^^^^^^^^^^^^^^^^^^^^ help: convert the identifier to snake case: `agentgres_truth_source`

warning: structure field `requiresDaemonGate` should have a snake case name
     --> crates/types/src/app/generated/architecture_contracts.rs:26731:9
      |
26731 |     pub requiresDaemonGate: HarnessSessionBindingAdmissionV1RequiresDaemonGate,
      |         ^^^^^^^^^^^^^^^^^^ help: convert the identifier to snake case: `requires_daemon_gate`

warning: structure field `runtimeTruthSource` should have a snake case name
     --> crates/types/src/app/generated/architecture_contracts.rs:26732:9
      |
26732 |     pub runtimeTruthSource: HarnessSessionBindingAdmissionV1RuntimeTruthSource,
      |         ^^^^^^^^^^^^^^^^^^ help: convert the identifier to snake case: `runtime_truth_source`

warning: structure field `runtimeTruthSource` should have a snake case name
     --> crates/types/src/app/generated/architecture_contracts.rs:27154:9
      |
27154 |     pub runtimeTruthSource: HarnessSessionBindingV1RuntimeTruthSource,
      |         ^^^^^^^^^^^^^^^^^^ help: convert the identifier to snake case: `runtime_truth_source`

warning: structure field `requiresDaemonGate` should have a snake case name
     --> crates/types/src/app/generated/architecture_contracts.rs:27566:9
      |
27566 |     pub requiresDaemonGate: HarnessSessionReadinessV1RequiresDaemonGate,
      |         ^^^^^^^^^^^^^^^^^^ help: convert the identifier to snake case: `requires_daemon_gate`

warning: structure field `runtimeTruthSource` should have a snake case name
     --> crates/types/src/app/generated/architecture_contracts.rs:27567:9
      |
27567 |     pub runtimeTruthSource: HarnessSessionReadinessV1RuntimeTruthSource,
      |         ^^^^^^^^^^^^^^^^^^ help: convert the identifier to snake case: `runtime_truth_source`

warning: structure field `requiresDaemonGate` should have a snake case name
     --> crates/types/src/app/generated/architecture_contracts.rs:27844:9
      |
27844 |     pub requiresDaemonGate: HarnessSessionSpawnV1RequiresDaemonGate,
      |         ^^^^^^^^^^^^^^^^^^ help: convert the identifier to snake case: `requires_daemon_gate`

warning: structure field `runtimeTruthSource` should have a snake case name
     --> crates/types/src/app/generated/architecture_contracts.rs:27845:9
      |
27845 |     pub runtimeTruthSource: HarnessSessionSpawnV1RuntimeTruthSource,
      |         ^^^^^^^^^^^^^^^^^^ help: convert the identifier to snake case: `runtime_truth_source`

warning: structure field `requiresDaemonGate` should have a snake case name
     --> crates/types/src/app/generated/architecture_contracts.rs:28316:9
      |
28316 |     pub requiresDaemonGate: HarnessSessionTerminalAttachV1RequiresDaemonGate,
      |         ^^^^^^^^^^^^^^^^^^ help: convert the identifier to snake case: `requires_daemon_gate`

warning: structure field `runtimeTruthSource` should have a snake case name
     --> crates/types/src/app/generated/architecture_contracts.rs:28317:9
      |
28317 |     pub runtimeTruthSource: HarnessSessionTerminalAttachV1RuntimeTruthSource,
      |         ^^^^^^^^^^^^^^^^^^ help: convert the identifier to snake case: `runtime_truth_source`

warning: structure field `runtimeTruthSource` should have a snake case name
     --> crates/types/src/app/generated/architecture_contracts.rs:28756:9
      |
28756 |     pub runtimeTruthSource:
      |         ^^^^^^^^^^^^^^^^^^ help: convert the identifier to snake case: `runtime_truth_source`

warning: structure field `requiresDaemonGate` should have a snake case name
     --> crates/types/src/app/generated/architecture_contracts.rs:31709:9
      |
31709 |     pub requiresDaemonGate: HypervisorSessionLaunchRecipeAdmissionV1RequiresDaemonGate,
      |         ^^^^^^^^^^^^^^^^^^ help: convert the identifier to snake case: `requires_daemon_gate`

warning: structure field `runtimeTruthSource` should have a snake case name
     --> crates/types/src/app/generated/architecture_contracts.rs:31710:9
      |
31710 |     pub runtimeTruthSource: HypervisorSessionLaunchRecipeAdmissionV1RuntimeTruthSource,
      |         ^^^^^^^^^^^^^^^^^^ help: convert the identifier to snake case: `runtime_truth_source`

warning: structure field `runtimeTruthSource` should have a snake case name
     --> crates/types/src/app/generated/architecture_contracts.rs:93444:9
      |
93444 |     pub runtimeTruthSource: ManagedWorkerInstanceStateV1LastTransitionAdmissionRuntimeTruthSource,
      |         ^^^^^^^^^^^^^^^^^^ help: convert the identifier to snake case: `runtime_truth_source`

   Compiling ioi-api v0.1.0 (/home/heathledger/Documents/ioi/repos/ioi/crates/api)
warning: `ioi-types` (lib) generated 19 warnings
   Compiling ioi-crypto v0.1.0 (/home/heathledger/Documents/ioi/repos/ioi/crates/crypto)
warning: `ioi-types` (lib test) generated 19 warnings (19 duplicates)
    Finished `test` profile [unoptimized + debuginfo] target(s) in 4m 24s
     Running unittests src/lib.rs (target/debug/deps/ioi_types-908e9105c8637c65)

running 7 tests
test app::consequence::tests::externalization_pq_requires_exactly_one_nonzero_rooted_endpoint_key ... ok
test app::consequence::tests::online_mode_requires_a_nonzero_policy_root_and_portable_mode_forbids_it ... ok
test app::consequence::tests::unsupported_resource_truthfully_advertises_no_at_most_once_guarantee ... ok
test app::consequence::tests::irreversible_atomic_effect_requires_safe_reconciliation ... ok
test app::consequence::tests::resource_sets_are_sorted_disjoint_and_duplicate_free ... ok
test app::consequence::tests::manifest_binds_every_effect_boundary_and_is_canonical ... ok
test app::consequence::tests::online_context_is_required_and_bound_separately_from_resource_state ... ok

test result: ok. 7 passed; 0 failed; 0 ignored; 0 measured; 455 filtered out; finished in 0.00s

