IOI_ISOLATED_LISTENER_OWNERSHIP role=daemon pid=2288442 port=43227 inode=52651502 owned=true
  PASS  isolated plane serves an EMPTY work-result registry
  PASS  overview projects the CANONICAL declaration vocabularies
  PASS  overview is ASSURANCE-HONEST: admission ≠ acceptance; future-plane fields + transitions + room named as gaps
  PASS  the review probe body refuses (nested secret caught FIRST, typed)  (work_result_plaintext_secret_rejected)
  PASS  the nested sentinel is absent from the refusal response
  PASS  nested sensitive key refused: password
  PASS  nested sensitive key refused: detail
  PASS  nested sensitive key refused: list
  PASS  nested sensitive key refused: secretAccessKey
  PASS  nested sensitive key refused: private key
  PASS  nested sensitive key refused: AUTHORIZATION
  PASS  `goal_ref` must be a goal:// identity
  PASS  raw string refused in scalar ref `result_payload_ref`
  PASS  raw string refused in scalar ref `summary_ref`
  PASS  raw string refused in scalar ref `invocation_or_run_ref`
  PASS  raw string refused in scalar ref `result_profile_ref`
  PASS  raw/foreign member refused in list ref `supporting_evidence_refs`
  PASS  raw/foreign member refused in list ref `claim_refs`
  PASS  raw/foreign member refused in list ref `authority_and_policy_refs`
  PASS  raw/foreign member refused in list ref `verifier_refs`
  PASS  `encrypted_refSENTINEL_RAW_MATERIAL` refuses (exact-literal boundary — no raw-value smuggling)
  PASS  the canonical exact literal `encrypted_ref` admits
  PASS  forged/future `outcome_room_ref` → generic_work_result_room_binding_refused  (422/generic_work_result_room_binding_refused)
  PASS  forged/future `work_claim_ref` → work_result_work_claim_unavailable  (400/work_result_work_claim_unavailable)
  PASS  forged/future `attempt_ref` → work_result_attempt_unavailable  (400/work_result_attempt_unavailable)
  PASS  forged/future `acceptance_ref` → work_result_acceptance_unavailable  (400/work_result_acceptance_unavailable)
  PASS  forged/future `superseded_by_ref` → work_result_superseded_by_unavailable  (400/work_result_superseded_by_unavailable)
  PASS  forged/future `finding_refs` → work_result_finding_refs_unavailable  (400/work_result_finding_refs_unavailable)
  PASS  forged/future `challenge_refs` → work_result_challenge_refs_plane_owned  (400/work_result_challenge_refs_plane_owned)
  PASS  forged/future `outcome_delta_refs` → work_result_outcome_delta_refs_plane_owned  (400/work_result_outcome_delta_refs_plane_owned)
  PASS  ghost supersession refused (must resolve)
  PASS  EVERY refusal above persisted NOTHING (only the one legitimate exact-literal admission: 1/1/0/0)  (1/1/0/0)
  PASS  a RESEARCH result admits with evidence:// claims, scope:*/harness_profile:* special refs, and NO software fields
  PASS  software_implementation is ONE profile via result_payload_ref
  PASS  ATOMIC evidence exact: 3 records, 3 receipts  (3/3/0/0)
  PASS  WorkResultReceipt: receipt:// identity + type + profile ref + actor/subject
  PASS  WorkResultReceipt BINDS the canonical facts (profile + outcome class + goal + status-at-admission)
  PASS  WorkResultReceipt output_hash recomputes EXACTLY from the persisted record minus hash_scope_excludes  (sha256:bc10a1382df6a8d03)
  PASS  injected receipt failure → typed 5xx (outcome_delta_receipt_persist_failed)  (outcome_delta_receipt_persist_failed)
  PASS  the WorkResult is BYTE-FOR-BYTE unchanged after the failed admission (refs AND updated_at)
  PASS  no delta record and NO .tmp-* artifact survives the failure
  PASS  CROSS-GOAL delta binding refused typed
  PASS  generic delta room binding → private OutcomeRoom owner refusal  (422/generic_outcome_delta_room_binding_refused)
  PASS  ghost result binding refused
  PASS  future proposer plane → its OWN named gap
  PASS  caller-supplied status → plane-owned refusal
  PASS  every binding refusal persisted NOTHING and mutated NO backlink (still 3/3/0/0)  (3/3/0/0)
  PASS  a SAME-GOAL delta admits as `proposed`
  PASS  the WorkResult backlink is EXACT (outcome_delta_refs === [the new delta id])
  PASS  delta evidence exact: 1 delta record, 1 delta receipt  (3/3/1/1)
  PASS  interleaved B receipt failure → typed 5xx, A's success untouched BYTE-FOR-BYTE
  PASS  B left no delta record, no receipt, no .tmp-* (still 3/3/1/1)  (3/3/1/1)
  PASS  OutcomeDeltaAdmissionReceipt: receipt:// identity + full fact binding (proposer/target/kind/preconditions/effect/verifier posture)
  PASS  the receipt states the PROPOSAL was admitted while effect_admitted:false
  PASS  OutcomeDeltaAdmissionReceipt output_hash recomputes EXACTLY from the persisted record minus hash_scope_excludes
  PASS  CONCURRENCY: all 60 valid parallel admissions returned 201 (zero false unbound refusals)
  PASS  CONCURRENCY: all 12 invalid parallel requests refused typed (cross-goal / ghost)
  PASS  CONCURRENCY: the backlink set EXACTLY equals the 60 admitted delta ids (no lost updates, no orphans)  (60 backlinks vs 60 admitted)
  PASS  CONCURRENCY: durable delta records EXACTLY equal the admitted set (no orphan deltas)
  PASS  CONCURRENCY: file evidence exact (+60 delta records, +60 delta receipts; results/receipts unchanged beyond the stress fixture)  (4/4/1/1 → 4/4/61/61)
  PASS  NO sentinel appears in any record, receipt, or the daemon log (nested secret + raw ref + encrypted_ref smuggle)
  PASS  REAL daemon work-result plane unchanged
  PASS  REAL daemon record/receipt file counts unchanged across all four families  (0/0/0/0 before/after)

63/63 passed
work-result plane readiness: OK
