IOI_ISOLATED_LISTENER_OWNERSHIP role=daemon pid=2287479 port=43845 inode=52647241 owned=true
IOI_ISOLATED_LISTENER_OWNERSHIP role=serve pid=2287510 port=32909 inode=52639629 owned=true
PASS SCOPE: no parallel apps/ioi-ai workspace was introduced
PASS IDENTITY: shell proxy preserves deployment posture and exposed anonymous activation fails closed — 401/goal_run_activation_authentication_required
PASS IDENTITY: exposed anonymous callers cannot create Sessions or enumerate Session/GoalRun/result/delta owner registries — create=401/lists=401,401,401,401
PASS IDENTITY: server-rendered Goal Space reads preserve exposed posture and never fall back to local-operator truth — status=401
PASS SEED: the existing ported composer owns /ai#new-session
PASS SEED: Activate Goal is an augmentation of the composer, not a replacement shell
PASS SESSION DEFAULT: native seed Enter admits one bounded daemon Session — 202/session:hyp-22a590ead78ee87ccd178cd7c90998b4a463e56f996f5c6a2858438878d26526
PASS IDENTITY: exposed anonymous callers cannot read the persisted Session prompt by id — status=401
PASS DENIAL: native Enter cannot mint GoalRunActivation or GoalRun truth — activations=0 goal_runs=0
PASS REVIEW: drafting alone admits no GoalRun — 201/activations=1/goal_runs=0
PASS REVIEW: required source, principal, profile, authority, effects, hash, and explicit review are visible — {"panel_text_bytes":892,"required_marker_count":12,"present_marker_count":12}
PASS STALE STATE: changing prompt after review refuses before daemon submission — submit_calls=0 goal_runs=0
PASS AUTHORITY: explicit review exposes the exact wallet scope and commitments without minting GoalRun truth — 403/goal_run_activation_authority_required
PASS ACTIVATION: explicit second act admits exactly one typed GoalRun — {"draft_status":201,"submit_status":201,"error_code":null,"goal_ref_present":true,"admitted_label_present":true,"panel_text_bytes":983}
PASS PRODUCT STATE: admitted projection exposes durable identity, head/root, and all receipts — {"panel_text_bytes":983,"required_marker_count":7,"present_marker_count":7,"admitted_state_root_ref_present":true,"lifecycle_head_present":true,"receipt_presence":{"review":true,"admission":true,"activation":true}}
PASS AUTHORITY CUSTODY: the one-use signed grant is absent from DOM and browser storage after admission — {"local_key_count":6,"local_keys":["aa6bb7014807d5225bf618c19782818f0079823a","feature_flag_supervisor_watch_enabled","loglevel","principal","prompt-box-state-home_00000000-0000-4000-8000-0000000000a1","sidebar-width"],"session_key_count":1,"session_keys":["principal"],"key_list_truncated":false,"grant_field_present":false,"forbidden_pattern_present":false}
PASS UX SAFETY: the composer journey produced no uncaught page errors — {"page_error_count":0,"page_error_types":[],"type_list_truncated":false}

M4_PORTED_COMPOSER_GOAL_ACTIVATION=17/17
