warning: structure field `requiresDaemonGate` should have a snake case name
     --> crates/types/src/app/generated/architecture_contracts.rs:41418:9
      |
41418 |     pub requiresDaemonGate: HypervisorSessionLaunchRecipeAdmissionV1RequiresDaemonGate,
      |         ^^^^^^^^^^^^^^^^^^ help: convert the identifier to snake case: `requires_daemon_gate`
      |
      = note: `#[warn(non_snake_case)]` (part of `#[warn(nonstandard_style)]`) on by default

warning: structure field `runtimeTruthSource` should have a snake case name
     --> crates/types/src/app/generated/architecture_contracts.rs:41419:9
      |
41419 |     pub runtimeTruthSource: HypervisorSessionLaunchRecipeAdmissionV1RuntimeTruthSource,
      |         ^^^^^^^^^^^^^^^^^^ help: convert the identifier to snake case: `runtime_truth_source`

warning: structure field `runtimeTruthSource` should have a snake case name
     --> crates/types/src/app/generated/architecture_contracts.rs:41731:9
      |
41731 |     pub runtimeTruthSource: HarnessSessionBindingV1RuntimeTruthSource,
      |         ^^^^^^^^^^^^^^^^^^ help: convert the identifier to snake case: `runtime_truth_source`

warning: structure field `requiresDaemonGate` should have a snake case name
     --> crates/types/src/app/generated/architecture_contracts.rs:42150:9
      |
42150 |     pub requiresDaemonGate: HarnessSessionBindingAdmissionV1RequiresDaemonGate,
      |         ^^^^^^^^^^^^^^^^^^ help: convert the identifier to snake case: `requires_daemon_gate`

warning: structure field `runtimeTruthSource` should have a snake case name
     --> crates/types/src/app/generated/architecture_contracts.rs:42151:9
      |
42151 |     pub runtimeTruthSource: HarnessSessionBindingAdmissionV1RuntimeTruthSource,
      |         ^^^^^^^^^^^^^^^^^^ help: convert the identifier to snake case: `runtime_truth_source`

warning: structure field `requiresDaemonGate` should have a snake case name
     --> crates/types/src/app/generated/architecture_contracts.rs:42550:9
      |
42550 |     pub requiresDaemonGate: HarnessSessionSpawnV1RequiresDaemonGate,
      |         ^^^^^^^^^^^^^^^^^^ help: convert the identifier to snake case: `requires_daemon_gate`

warning: structure field `runtimeTruthSource` should have a snake case name
     --> crates/types/src/app/generated/architecture_contracts.rs:42551:9
      |
42551 |     pub runtimeTruthSource: HarnessSessionSpawnV1RuntimeTruthSource,
      |         ^^^^^^^^^^^^^^^^^^ help: convert the identifier to snake case: `runtime_truth_source`

warning: structure field `requiresDaemonGate` should have a snake case name
     --> crates/types/src/app/generated/architecture_contracts.rs:43000:9
      |
43000 |     pub requiresDaemonGate: HarnessSessionReadinessV1RequiresDaemonGate,
      |         ^^^^^^^^^^^^^^^^^^ help: convert the identifier to snake case: `requires_daemon_gate`

warning: structure field `runtimeTruthSource` should have a snake case name
     --> crates/types/src/app/generated/architecture_contracts.rs:43001:9
      |
43001 |     pub runtimeTruthSource: HarnessSessionReadinessV1RuntimeTruthSource,
      |         ^^^^^^^^^^^^^^^^^^ help: convert the identifier to snake case: `runtime_truth_source`

warning: structure field `requiresDaemonGate` should have a snake case name
     --> crates/types/src/app/generated/architecture_contracts.rs:43316:9
      |
43316 |     pub requiresDaemonGate: HarnessSessionTerminalAttachV1RequiresDaemonGate,
      |         ^^^^^^^^^^^^^^^^^^ help: convert the identifier to snake case: `requires_daemon_gate`

warning: structure field `runtimeTruthSource` should have a snake case name
     --> crates/types/src/app/generated/architecture_contracts.rs:43317:9
      |
43317 |     pub runtimeTruthSource: HarnessSessionTerminalAttachV1RuntimeTruthSource,
      |         ^^^^^^^^^^^^^^^^^^ help: convert the identifier to snake case: `runtime_truth_source`

warning: structure field `runtimeTruthSource` should have a snake case name
     --> crates/types/src/app/generated/architecture_contracts.rs:43756:9
      |
43756 |     pub runtimeTruthSource:
      |         ^^^^^^^^^^^^^^^^^^ help: convert the identifier to snake case: `runtime_truth_source`

warning: structure field `runtimeTruthSource` should have a snake case name
     --> crates/types/src/app/generated/architecture_contracts.rs:43965:9
      |
43965 |     pub runtimeTruthSource: ArtifactAvailabilityIncidentV1RuntimeTruthSource,
      |         ^^^^^^^^^^^^^^^^^^ help: convert the identifier to snake case: `runtime_truth_source`

warning: structure field `runtimeTruthSource` should have a snake case name
     --> crates/types/src/app/generated/architecture_contracts.rs:44203:9
      |
44203 |     pub runtimeTruthSource: ArtifactAvailabilityIncidentV1AgentgresOperationRuntimeTruthSource,
      |         ^^^^^^^^^^^^^^^^^^ help: convert the identifier to snake case: `runtime_truth_source`

warning: structure field `agentgresTruthSource` should have a snake case name
     --> crates/types/src/app/generated/architecture_contracts.rs:44204:9
      |
44204 |     pub agentgresTruthSource: ArtifactAvailabilityIncidentV1AgentgresOperationAgentgresTruthSource,
      |         ^^^^^^^^^^^^^^^^^^^^ help: convert the identifier to snake case: `agentgres_truth_source`

warning: structure field `runtimeTruthSource` should have a snake case name
     --> crates/types/src/app/generated/architecture_contracts.rs:44462:9
      |
44462 |     pub runtimeTruthSource: ArtifactAvailabilityIncidentOperationV1RuntimeTruthSource,
      |         ^^^^^^^^^^^^^^^^^^ help: convert the identifier to snake case: `runtime_truth_source`

warning: structure field `agentgresTruthSource` should have a snake case name
     --> crates/types/src/app/generated/architecture_contracts.rs:44463:9
      |
44463 |     pub agentgresTruthSource: ArtifactAvailabilityIncidentOperationV1AgentgresTruthSource,
      |         ^^^^^^^^^^^^^^^^^^^^ help: convert the identifier to snake case: `agentgres_truth_source`

warning: structure field `runtimeTruthSource` should have a snake case name
     --> crates/types/src/app/generated/architecture_contracts.rs:58851:9
      |
58851 |     pub runtimeTruthSource: Option<GoalRunV1RuntimeTruthSource>,
      |         ^^^^^^^^^^^^^^^^^^ help: convert the identifier to snake case: `runtime_truth_source`

warning: `ioi-types` (lib) generated 18 warnings
warning: unused imports: `chat_reply_looks_like_source_candidate_list`, `chat_reply_looks_like_tool_plan`, and `workspace_chat_reply_looks_terminal`
  --> crates/services/src/agentic/runtime/service/tool_execution/processing/phases/execute_tool_phase/tool_outcome.rs:23:5
   |
23 |     chat_reply_looks_like_source_candidate_list, chat_reply_looks_like_tool_plan,
   |     ^^^^^^^^^^^^^^^^^^^^^^^^^^^^^^^^^^^^^^^^^^^  ^^^^^^^^^^^^^^^^^^^^^^^^^^^^^^^
24 |     file_mutation_policy_action_report_candidate, goal_requires_fresh_retrieval_before_chat_reply,
25 |     source_candidate_chat_reply_blocker, workspace_chat_reply_looks_terminal,
   |                                          ^^^^^^^^^^^^^^^^^^^^^^^^^^^^^^^^^^^
   |
   = note: `#[warn(unused_imports)]` (part of `#[warn(unused)]`) on by default

warning: method `to_value` is never used
   --> crates/services/src/agentic/runtime/kernel/repository_workflow.rs:195:8
    |
194 | impl RepositoryWorkflowProjectionRecord {
    | --------------------------------------- method in this implementation
195 |     fn to_value(&self) -> Value {
    |        ^^^^^^^^
    |
    = note: `#[warn(dead_code)]` (part of `#[warn(unused)]`) on by default

warning: function `set_array_strings` is never used
   --> crates/services/src/agentic/runtime/kernel/runtime_conversation_artifact_control.rs:570:4
    |
570 | fn set_array_strings(value: &mut Value, key: &str, values: &[String]) {
    |    ^^^^^^^^^^^^^^^^^

warning: method `to_value` is never used
   --> crates/services/src/agentic/runtime/kernel/runtime_lifecycle.rs:196:8
    |
195 | impl RuntimeLifecycleProjectionRecord {
    | ------------------------------------- method in this implementation
196 |     fn to_value(&self) -> Value {
    |        ^^^^^^^^

warning: method `to_value` is never used
   --> crates/services/src/agentic/runtime/kernel/runtime_mcp_serve.rs:635:8
    |
634 | impl RuntimeMcpServeToolCallPlanRecord {
    | -------------------------------------- method in this implementation
635 |     fn to_value(&self) -> Value {
    |        ^^^^^^^^

warning: method `to_value` is never used
   --> crates/services/src/agentic/runtime/kernel/runtime_mcp_serve.rs:664:8
    |
663 | impl RuntimeMcpServeToolResultProjectionRecord {
    | ---------------------------------------------- method in this implementation
664 |     fn to_value(&self) -> Value {
    |        ^^^^^^^^

warning: method `to_value` is never used
   --> crates/services/src/agentic/runtime/kernel/runtime_tool_catalog.rs:144:8
    |
143 | impl RuntimeToolCatalogProjectionRecord {
    | --------------------------------------- method in this implementation
144 |     fn to_value(&self) -> Value {
    |        ^^^^^^^^

warning: method `to_value` is never used
   --> crates/services/src/agentic/runtime/kernel/skill_hook_registry.rs:137:8
    |
136 | impl SkillHookRegistryProjectionRecord {
    | -------------------------------------- method in this implementation
137 |     fn to_value(&self) -> Value {
    |        ^^^^^^^^

warning: `ioi-services` (lib) generated 8 warnings (run `cargo fix --lib -p ioi-services` to apply 1 suggestion)
warning: unused import: `remove_record`
  --> crates/node/src/bin/hypervisor_daemon_routes/ioi_intelligence_routes.rs:32:55
   |
32 | use super::{iso_now, persist_record, read_record_dir, remove_record, sha256_hex_str, DaemonState};
   |                                                       ^^^^^^^^^^^^^
   |
   = note: `#[warn(unused_imports)]` (part of `#[warn(unused)]`) on by default

warning: unnecessary parentheses around closure body
    --> crates/node/src/bin/hypervisor-daemon.rs:4863:22
     |
4863 |     .map_err(|error| (AppError(StatusCode::INTERNAL_SERVER_ERROR, error.to_string())))?;
     |                      ^                                                              ^
     |
     = note: `#[warn(unused_parens)]` (part of `#[warn(unused)]`) on by default
help: remove these parentheses
     |
4863 -     .map_err(|error| (AppError(StatusCode::INTERNAL_SERVER_ERROR, error.to_string())))?;
4863 +     .map_err(|error| AppError(StatusCode::INTERNAL_SERVER_ERROR, error.to_string()))?;
     |

warning: unnecessary parentheses around closure body
    --> crates/node/src/bin/hypervisor-daemon.rs:4903:22
     |
4903 |     .map_err(|error| (AppError(StatusCode::INTERNAL_SERVER_ERROR, error.to_string())))?;
     |                      ^                                                              ^
     |
help: remove these parentheses
     |
4903 -     .map_err(|error| (AppError(StatusCode::INTERNAL_SERVER_ERROR, error.to_string())))?;
4903 +     .map_err(|error| AppError(StatusCode::INTERNAL_SERVER_ERROR, error.to_string()))?;
     |

warning: variable does not need to be mutable
    --> crates/node/src/bin/hypervisor_daemon_routes/ioi_intelligence_routes.rs:1653:9
     |
1653 |     let mut record_edges =
     |         ----^^^^^^^^^^^^
     |         |
     |         help: remove this `mut`
     |
     = note: `#[warn(unused_mut)]` (part of `#[warn(unused)]`) on by default

warning: variable does not need to be mutable
    --> crates/node/src/bin/hypervisor_daemon_routes/storage_backend_routes.rs:1288:9
     |
1288 |     let mut fail = |reason: String, verification: Value| {
     |         ----^^^^
     |         |
     |         help: remove this `mut`

warning: unused variable: `inbound`
   --> crates/node/src/bin/hypervisor_daemon_routes/decentralized_cloud_routes.rs:915:5
    |
915 |     inbound: axum::http::HeaderMap,
    |     ^^^^^^^ help: if this is intentional, prefix it with an underscore: `_inbound`
    |
    = note: `#[warn(unused_variables)]` (part of `#[warn(unused)]`) on by default

warning: variable does not need to be mutable
   --> crates/node/src/bin/hypervisor_daemon_routes/outcome_room_system_routes.rs:562:9
    |
562 |     let mut room = json!({
    |         ----^^^^
    |         |
    |         help: remove this `mut`

warning: variable `final_count` is assigned to, but never used
   --> crates/node/src/bin/hypervisor_daemon_routes/state_machine_routes.rs:166:9
    |
166 |     let mut final_count = 0usize;
    |         ^^^^^^^^^^^^^^^
    |
    = note: consider using `_final_count` instead

warning: value assigned to `final_count` is never read
   --> crates/node/src/bin/hypervisor_daemon_routes/state_machine_routes.rs:219:13
    |
219 |             final_count += 1;
    |             ^^^^^^^^^^^^^^^^
    |
    = help: maybe it is overwritten before being read?
    = note: `#[warn(unused_assignments)]` (part of `#[warn(unused)]`) on by default

warning: fields `url`, `capability_lease_ref`, and `workspace_root` are never read
   --> crates/node/src/bin/hypervisor-daemon.rs:271:16
    |
269 | pub(crate) struct PreviewServer {
    |                   ------------- fields in this struct
270 |     pub(crate) port: u16,
271 |     pub(crate) url: String,
    |                ^^^
272 |     pub(crate) capability_lease_ref: String,
    |                ^^^^^^^^^^^^^^^^^^^^
273 |     pub(crate) workspace_root: String,
    |                ^^^^^^^^^^^^^^
    |
    = note: `#[warn(dead_code)]` (part of `#[warn(unused)]`) on by default

warning: fields `internal_port`, `log_path`, `started_at`, and `workspace_root` are never read
  --> crates/node/src/bin/hypervisor_daemon_routes/editor_host.rs:25:16
   |
23 | pub(crate) struct EditorRuntime {
   |                   ------------- fields in this struct
24 |     pub(crate) child: std::process::Child,
25 |     pub(crate) internal_port: u16,
   |                ^^^^^^^^^^^^^
26 |     pub(crate) log_path: String,
   |                ^^^^^^^^
27 |     pub(crate) started_at: String,
   |                ^^^^^^^^^^
28 |     pub(crate) workspace_root: String,
   |                ^^^^^^^^^^^^^^

warning: fields `public_port`, `internal_port`, `lease_id`, `service_id`, and `join` are never read
  --> crates/node/src/bin/hypervisor_daemon_routes/editor_proxy.rs:20:16
   |
19 | pub(crate) struct EditorProxy {
   |                   ----------- fields in this struct
20 |     pub(crate) public_port: u16,
   |                ^^^^^^^^^^^
21 |     pub(crate) internal_port: u16,
   |                ^^^^^^^^^^^^^
22 |     pub(crate) lease_id: String,
   |                ^^^^^^^^
23 |     pub(crate) service_id: String,
   |                ^^^^^^^^^^
24 |     pub(crate) shutdown: tokio::sync::oneshot::Sender<()>,
25 |     pub(crate) join: tokio::task::JoinHandle<()>,
   |                ^^^^

warning: methods `record` and `durable` are never used
   --> crates/node/src/bin/hypervisor_daemon_routes/goalrun_routes.rs:137:19
    |
136 | impl MutationOutcome {
    | -------------------- methods in this implementation
137 |     pub(crate) fn record(&self) -> &Value {
    |                   ^^^^^^
...
147 |     pub(crate) fn durable(&self) -> bool {
    |                   ^^^^^^^

warning: multiple fields are never read
    --> crates/node/src/bin/hypervisor_daemon_routes/goalrun_routes.rs:5414:5
     |
5413 | struct ResultPayloadCustody {
     |        -------------------- fields in this struct
5414 |     artifact_ref: String,
     |     ^^^^^^^^^^^^
5415 |     payload_ref: String,
     |     ^^^^^^^^^^^
5416 |     content_hash: String,
5417 |     size_bytes: u64,
     |     ^^^^^^^^^^
...
5422 |     implementation_result: Value,
     |     ^^^^^^^^^^^^^^^^^^^^^
5423 |     captured_output_file_facts: Value,
     |     ^^^^^^^^^^^^^^^^^^^^^^^^^^
5424 |     captured_output_file_facts_hash: String,
     |     ^^^^^^^^^^^^^^^^^^^^^^^^^^^^^^^
5425 |     receipt_refs: Vec<String>,
     |     ^^^^^^^^^^^^
     |
     = note: `ResultPayloadCustody` has derived impls for the traits `Clone` and `Debug`, but these are intentionally ignored during dead code analysis

warning: constant `SCM_PUBLICATION_AUTHORITY` is never used
  --> crates/node/src/bin/hypervisor_daemon_routes/governed_authority.rs:51:18
   |
51 | pub(crate) const SCM_PUBLICATION_AUTHORITY: AuthorityContract = AuthorityContract {
   |                  ^^^^^^^^^^^^^^^^^^^^^^^^^

warning: methods `claim_id`, `reference`, and `effect_hash` are never used
   --> crates/node/src/bin/hypervisor_daemon_routes/governed_authority.rs:265:19
    |
264 | impl FinalInvocationClaim {
    | ------------------------- methods in this implementation
265 |     pub(crate) fn claim_id(&self) -> &str {
    |                   ^^^^^^^^
...
269 |     pub(crate) fn reference(&self) -> &str {
    |                   ^^^^^^^^^
...
273 |     pub(crate) fn effect_hash(&self) -> &str {
    |                   ^^^^^^^^^^^

warning: function `final_invocation_disposition` is never used
   --> crates/node/src/bin/hypervisor_daemon_routes/governed_authority.rs:998:15
    |
998 | pub(crate) fn final_invocation_disposition(
    |               ^^^^^^^^^^^^^^^^^^^^^^^^^^^^

warning: function `decision_policy_hash` is never used
    --> crates/node/src/bin/hypervisor_daemon_routes/governed_authority.rs:1161:15
     |
1161 | pub(crate) fn decision_policy_hash(
     |               ^^^^^^^^^^^^^^^^^^^^

warning: function `authorize_decision_for_resolution` is never used
    --> crates/node/src/bin/hypervisor_daemon_routes/governed_authority.rs:1632:15
     |
1632 | pub(crate) fn authorize_decision_for_resolution(
     |               ^^^^^^^^^^^^^^^^^^^^^^^^^^^^^^^^^

warning: constant `IMPROVEMENT_STATES` is never used
    --> crates/node/src/bin/hypervisor_daemon_routes/ioi_intelligence_routes.rs:2258:7
     |
2258 | const IMPROVEMENT_STATES: &[&str] = &["pending", "approved", "rejected", "applied", "superseded"];
     |       ^^^^^^^^^^^^^^^^^^

warning: field `run_dir` is never read
  --> crates/node/src/bin/hypervisor_daemon_routes/microvm.rs:78:9
   |
75 | pub(crate) struct VmHandle {
   |                   -------- field in this struct
...
78 |     pub run_dir: PathBuf,
   |         ^^^^^^^

warning: function `list_rooms_exact` is never used
    --> crates/node/src/bin/hypervisor_daemon_routes/outcome_room_routes.rs:1282:4
     |
1282 | fn list_rooms_exact(data_dir: &str) -> Result<Vec<Value>, String> {
     |    ^^^^^^^^^^^^^^^^

warning: function `sorted_newest` is never used
    --> crates/node/src/bin/hypervisor_daemon_routes/outcome_room_routes.rs:2373:4
     |
2373 | fn sorted_newest(data_dir: &str) -> Result<Vec<Value>, String> {
     |    ^^^^^^^^^^^^^

warning: function `decision_policy_hash` is never used
   --> crates/node/src/bin/hypervisor_daemon_routes/room_participation_routes.rs:245:4
    |
245 | fn decision_policy_hash(gov: Gov, room_ref: &str, required_authority: &str, op: &str) -> String {
    |    ^^^^^^^^^^^^^^^^^^^^

warning: function `decision_request_hash` is never used
   --> crates/node/src/bin/hypervisor_daemon_routes/room_participation_routes.rs:248:4
    |
248 | fn decision_request_hash(
    |    ^^^^^^^^^^^^^^^^^^^^^

warning: type alias `VerifiedAuthorityResolution` is never used
   --> crates/node/src/bin/hypervisor_daemon_routes/room_participation_routes.rs:298:6
    |
298 | type VerifiedAuthorityResolution = governed::VerifiedAuthorityResolution;
    |      ^^^^^^^^^^^^^^^^^^^^^^^^^^^

warning: function `authorize_decision_for_resolution` is never used
   --> crates/node/src/bin/hypervisor_daemon_routes/room_participation_routes.rs:304:4
    |
304 | fn authorize_decision_for_resolution(
    |    ^^^^^^^^^^^^^^^^^^^^^^^^^^^^^^^^^

warning: variant `Opened` is never constructed
   --> crates/node/src/bin/hypervisor_daemon_routes/scm_publication_routes.rs:176:5
    |
174 | pub(crate) enum ReviewRequestOpenOutcome {
    |                 ------------------------ variant in this enum
175 |     /// A review request was opened; this is its locator.
176 |     Opened {
    |     ^^^^^^
    |
    = note: `ReviewRequestOpenOutcome` has derived impls for the traits `Clone` and `Debug`, but these are intentionally ignored during dead code analysis

warning: field `prior_effects` is never read
   --> crates/node/src/bin/hypervisor_daemon_routes/scm_publication_routes.rs:566:16
    |
560 | pub(crate) struct ScmPublicationSource {
    |                   -------------------- field in this struct
...
566 |     pub(crate) prior_effects: Vec<Value>,
    |                ^^^^^^^^^^^^^

warning: function `execute_scm_publication` is never used
    --> crates/node/src/bin/hypervisor_daemon_routes/scm_publication_routes.rs:1319:15
     |
1319 | pub(crate) fn execute_scm_publication<P: ScmRemotePort>(
     |               ^^^^^^^^^^^^^^^^^^^^^^^

warning: function `observation_tail` is never used
    --> crates/node/src/bin/hypervisor_daemon_routes/scm_publication_routes.rs:1520:4
     |
1520 | fn observation_tail(observed: &ObservedHeads, target_ref: &str) -> String {
     |    ^^^^^^^^^^^^^^^^

warning: function `refusal_err` is never used
    --> crates/node/src/bin/hypervisor_daemon_routes/scm_publication_routes.rs:1539:4
     |
1539 | fn refusal_err(verdict: ioi_types::app::scm_publication::ScmPublicationVerdict) -> VErr {
     |    ^^^^^^^^^^^

warning: function `persist_effect_graph` is never used
    --> crates/node/src/bin/hypervisor_daemon_routes/scm_publication_routes.rs:1553:4
     |
1553 | fn persist_effect_graph(data_dir: &str, effect: &Value, now: &str) -> Result<Vec<Value>, VErr> {
     |    ^^^^^^^^^^^^^^^^^^^^

warning: constant `MINIMUM_TOPOLOGY_ROUTE` is never used
  --> crates/node/src/bin/hypervisor_daemon_routes/system_topology_routes.rs:45:18
   |
45 | pub(crate) const MINIMUM_TOPOLOGY_ROUTE: &str =
   |                  ^^^^^^^^^^^^^^^^^^^^^^

warning: field `transitions` is never read
   --> crates/node/src/bin/hypervisor_daemon_routes/system_writer_routes.rs:230:9
    |
225 | pub(crate) struct WriterSource {
    |                   ------------ field in this struct
...
230 |     pub transitions: Vec<Value>,
    |         ^^^^^^^^^^^

warning: `ioi-node` (bin "hypervisor-daemon") generated 35 warnings (run `cargo fix --bin "hypervisor-daemon" -p ioi-node` to apply 7 suggestions)
    Finished `dev` profile [unoptimized + debuginfo] target(s) in 0.38s
M4_GOALRUN_ACTIVATION_DAEMON_BINARY_SHA256=sha256:02a9d6ca0e2663bf70a729f410f0ad1e014f65ca512d70fbbc11f57487fb6bb7
node:fs:440
    return binding.readFileUtf8(path, stringToFlags(options.flag));
                   ^

Error: ENOENT: no such file or directory, open '/home/heathledger/Documents/ioi/repos/ioi/docs/architecture/_meta/schemas/fixtures/work-result-v1/positive-minimal.json'
    at readFileSync (node:fs:440:20)
    at file:///home/heathledger/Documents/ioi/repos/ioi/apps/hypervisor/scripts/verify-m4-goalrun-activation-plane.mjs:341:7
    at ModuleJob.run (node:internal/modules/esm/module_job:343:25)
    at async onImport.tracePromise.__proto__ (node:internal/modules/esm/loader:665:26)
    at async asyncRunEntryPointWithESMLoader (node:internal/modules/run_main:117:5) {
  errno: -2,
  code: 'ENOENT',
  syscall: 'open',
  path: '/home/heathledger/Documents/ioi/repos/ioi/docs/architecture/_meta/schemas/fixtures/work-result-v1/positive-minimal.json'
}

Node.js v22.22.0
