IOI_ISOLATED_LISTENER_OWNERSHIP role=daemon pid=2697397 port=37457 inode=55068327 owned=true
IOI_ISOLATED_LISTENER_OWNERSHIP role=daemon pid=2697428 port=35465 inode=55028475 owned=true
  PASS  non-v2 canonical create returns 410 outcome_room_v1_write_retired  (410/outcome_room_v1_write_retired/wire_nonleak=true)
  PASS  retired create writes no durable product state  (d464461e4f908bae2850294957a7a0a0e1b2e6ac39d27ad96270fcb95fa3b284)
  PASS  live: canonical list is v2-only and excludes the historical v1 record  (200/ioi.applications.ioi-ai.outcome-room.v2/0/wire_nonleak=true)
  PASS  live: canonical overview counts only v2 rooms  (200/v2/0/wire_nonleak=true)
  PASS  live: canonical GET returns the stable v1 read-retired refusal  (410/outcome_room_v1_read_retired/wire_nonleak=true)
  PASS  live: canonical and retired lifecycle writes return their stable typed retirement refusals  (410/outcome_room_v1_write_retired/expected=outcome_room_v1_write_retired/wire_nonleak=true,410/outcome_room_transition_route_retired/expected=outcome_room_transition_route_retired/wire_nonleak=true)
  PASS  live: membership attach and detach writes return their stable typed retirement refusals  (410/outcome_room_v1_write_retired/expected=outcome_room_v1_write_retired/wire_nonleak=true,410/outcome_room_v1_write_retired/expected=outcome_room_v1_write_retired/wire_nonleak=true)
  PASS  live: canonical replay returns the stable v1 read-retired refusal  (410/outcome_room_v1_read_retired/wire_nonleak=true)
  PASS  live: canonical collaborative-work-graph returns the stable v1 read-retired refusal  (410/outcome_room_v1_read_retired/wire_nonleak=true)
  PASS  live: canonical discussion-projection returns the stable v1 read-retired refusal  (410/outcome_room_v1_read_retired/wire_nonleak=true)
  PASS  live: canonical product-projection returns the stable v1 read-retired refusal  (410/outcome_room_v1_read_retired/wire_nonleak=true)
  PASS  live: every retirement refusal leaves all durable bytes unchanged  (18179421002775301e663b00556967d69b0a92d6e8dccd18b3e0fe680189aa6c/8f55aed41ca2a9e861fa1a29b0ebf532fd9aa6ebbc6170c690658b5a9586ab8e)
  PASS  restart: canonical list is v2-only and excludes the historical v1 record  (200/ioi.applications.ioi-ai.outcome-room.v2/0/wire_nonleak=true)
  PASS  restart: canonical overview counts only v2 rooms  (200/v2/0/wire_nonleak=true)
  PASS  restart: canonical GET returns the stable v1 read-retired refusal  (410/outcome_room_v1_read_retired/wire_nonleak=true)
  PASS  restart: canonical and retired lifecycle writes return their stable typed retirement refusals  (410/outcome_room_v1_write_retired/expected=outcome_room_v1_write_retired/wire_nonleak=true,410/outcome_room_transition_route_retired/expected=outcome_room_transition_route_retired/wire_nonleak=true)
  PASS  restart: membership attach and detach writes return their stable typed retirement refusals  (410/outcome_room_v1_write_retired/expected=outcome_room_v1_write_retired/wire_nonleak=true,410/outcome_room_v1_write_retired/expected=outcome_room_v1_write_retired/wire_nonleak=true)
  PASS  restart: canonical replay returns the stable v1 read-retired refusal  (410/outcome_room_v1_read_retired/wire_nonleak=true)
  PASS  restart: canonical collaborative-work-graph returns the stable v1 read-retired refusal  (410/outcome_room_v1_read_retired/wire_nonleak=true)
  PASS  restart: canonical discussion-projection returns the stable v1 read-retired refusal  (410/outcome_room_v1_read_retired/wire_nonleak=true)
  PASS  restart: canonical product-projection returns the stable v1 read-retired refusal  (410/outcome_room_v1_read_retired/wire_nonleak=true)
  PASS  restart: every retirement refusal leaves all durable bytes unchanged  (18179421002775301e663b00556967d69b0a92d6e8dccd18b3e0fe680189aa6c/d5cc6b7d8b79c24b5219ab2ff10ac3ae49243a9a3ae3fd65fd462cdae72c80f2)
  PASS  restart preserves non-v2 create retirement with zero additional durable records  (410/outcome_room_v1_write_retired/wire_nonleak=true/d5cc6b7d8b79c24b5219ab2ff10ac3ae49243a9a3ae3fd65fd462cdae72c80f2)

23/23 passed
M4 OutcomeRoom v1 retirement: OK
