1377147 openat(AT_FDCWD</home/heathledger/Documents/ioi/repos/ioi>, "/etc/ld.so.cache", O_RDONLY|O_CLOEXEC) = 3</etc/ld.so.cache>
1377147 close(3</etc/ld.so.cache>)      = 0
1377147 openat(AT_FDCWD</home/heathledger/Documents/ioi/repos/ioi>, "/lib/x86_64-linux-gnu/libgcc_s.so.1", O_RDONLY|O_CLOEXEC) = 3</usr/lib/x86_64-linux-gnu/libgcc_s.so.1>
1377147 close(3</usr/lib/x86_64-linux-gnu/libgcc_s.so.1>) = 0
1377147 openat(AT_FDCWD</home/heathledger/Documents/ioi/repos/ioi>, "/lib/x86_64-linux-gnu/libc.so.6", O_RDONLY|O_CLOEXEC) = 3</usr/lib/x86_64-linux-gnu/libc.so.6>
1377147 close(3</usr/lib/x86_64-linux-gnu/libc.so.6>) = 0
1377147 openat(AT_FDCWD</home/heathledger/Documents/ioi/repos/ioi>, "/proc/self/maps", O_RDONLY|O_CLOEXEC) = 3</proc/1377147/maps>
1377147 close(3</proc/1377147/maps>)    = 0
1377147 openat(AT_FDCWD</home/heathledger/Documents/ioi/repos/ioi>, "/usr/share/terminfo/l/linux", O_RDONLY|O_CLOEXEC) = 3</usr/share/terminfo/l/linux>
1377147 close(3</usr/share/terminfo/l/linux>) = 0
1377147 openat(AT_FDCWD</home/heathledger/Documents/ioi/repos/ioi>, "/proc/self/cgroup", O_RDONLY|O_CLOEXEC) = 3</proc/1377147/cgroup>
1377147 close(3</proc/1377147/cgroup>)  = 0
1377147 openat(AT_FDCWD</home/heathledger/Documents/ioi/repos/ioi>, "/sys/fs/cgroup/user.slice/user-1000.slice/user@1000.service/app.slice/app-org.chromium.Chromium-101080.scope/cpu.max", O_RDONLY|O_CLOEXEC) = -1 ENOENT (No such file or directory)
1377147 openat(AT_FDCWD</home/heathledger/Documents/ioi/repos/ioi>, "/sys/fs/cgroup/user.slice/user-1000.slice/user@1000.service/app.slice/cpu.max", O_RDONLY|O_CLOEXEC) = 3</sys/fs/cgroup/user.slice/user-1000.slice/user@1000.service/app.slice/cpu.max>
1377147 close(3</sys/fs/cgroup/user.slice/user-1000.slice/user@1000.service/app.slice/cpu.max>) = 0
1377147 openat(AT_FDCWD</home/heathledger/Documents/ioi/repos/ioi>, "/sys/fs/cgroup/user.slice/user-1000.slice/user@1000.service/cpu.max", O_RDONLY|O_CLOEXEC) = 3</sys/fs/cgroup/user.slice/user-1000.slice/user@1000.service/cpu.max>
1377147 close(3</sys/fs/cgroup/user.slice/user-1000.slice/user@1000.service/cpu.max>) = 0
1377147 openat(AT_FDCWD</home/heathledger/Documents/ioi/repos/ioi>, "/sys/fs/cgroup/user.slice/user-1000.slice/cpu.max", O_RDONLY|O_CLOEXEC) = 3</sys/fs/cgroup/user.slice/user-1000.slice/cpu.max>
1377147 close(3</sys/fs/cgroup/user.slice/user-1000.slice/cpu.max>) = 0
1377147 openat(AT_FDCWD</home/heathledger/Documents/ioi/repos/ioi>, "/sys/fs/cgroup/user.slice/cpu.max", O_RDONLY|O_CLOEXEC) = 3</sys/fs/cgroup/user.slice/cpu.max>
1377147 close(3</sys/fs/cgroup/user.slice/cpu.max>) = 0
1377147 openat(AT_FDCWD</home/heathledger/Documents/ioi/repos/ioi>, "/sys/fs/cgroup/cpu.max", O_RDONLY|O_CLOEXEC) = -1 ENOENT (No such file or directory)
1377147 write(1</home/heathledger/Documents/ioi/repos/ioi/internal-docs/architecture/protocols/aft/evidence/m17q-r1-endpoint-reservation-2026-09-06/syscalls/test.log>, "\nrunning 1 test\n", 16) = 16
1377147 openat(AT_FDCWD</home/heathledger/Documents/ioi/repos/ioi>, "/proc/self/cgroup", O_RDONLY|O_CLOEXEC) = 3</proc/1377147/cgroup>
1377147 close(3</proc/1377147/cgroup>)  = 0
1377147 openat(AT_FDCWD</home/heathledger/Documents/ioi/repos/ioi>, "/sys/fs/cgroup/user.slice/user-1000.slice/user@1000.service/app.slice/app-org.chromium.Chromium-101080.scope/cpu.max", O_RDONLY|O_CLOEXEC) = -1 ENOENT (No such file or directory)
1377147 openat(AT_FDCWD</home/heathledger/Documents/ioi/repos/ioi>, "/sys/fs/cgroup/user.slice/user-1000.slice/user@1000.service/app.slice/cpu.max", O_RDONLY|O_CLOEXEC) = 3</sys/fs/cgroup/user.slice/user-1000.slice/user@1000.service/app.slice/cpu.max>
1377147 close(3</sys/fs/cgroup/user.slice/user-1000.slice/user@1000.service/app.slice/cpu.max>) = 0
1377147 openat(AT_FDCWD</home/heathledger/Documents/ioi/repos/ioi>, "/sys/fs/cgroup/user.slice/user-1000.slice/user@1000.service/cpu.max", O_RDONLY|O_CLOEXEC) = 3</sys/fs/cgroup/user.slice/user-1000.slice/user@1000.service/cpu.max>
1377147 close(3</sys/fs/cgroup/user.slice/user-1000.slice/user@1000.service/cpu.max>) = 0
1377147 openat(AT_FDCWD</home/heathledger/Documents/ioi/repos/ioi>, "/sys/fs/cgroup/user.slice/user-1000.slice/cpu.max", O_RDONLY|O_CLOEXEC) = 3</sys/fs/cgroup/user.slice/user-1000.slice/cpu.max>
1377147 close(3</sys/fs/cgroup/user.slice/user-1000.slice/cpu.max>) = 0
1377147 openat(AT_FDCWD</home/heathledger/Documents/ioi/repos/ioi>, "/sys/fs/cgroup/user.slice/cpu.max", O_RDONLY|O_CLOEXEC) = 3</sys/fs/cgroup/user.slice/cpu.max>
1377147 close(3</sys/fs/cgroup/user.slice/cpu.max>) = 0
1377147 openat(AT_FDCWD</home/heathledger/Documents/ioi/repos/ioi>, "/sys/fs/cgroup/cpu.max", O_RDONLY|O_CLOEXEC) = -1 ENOENT (No such file or directory)
1377148 openat(AT_FDCWD</home/heathledger/Documents/ioi/repos/ioi>, "/tmp/.tmp5b0nCP/resource.lock", O_RDWR|O_CREAT|O_NOFOLLOW|O_CLOEXEC, 0600) = 3</tmp/.tmp5b0nCP/resource.lock>
1377148 fsync(3</tmp/.tmp5b0nCP/resource.lock>) = 0
1377148 close(3</tmp/.tmp5b0nCP/resource.lock>) = 0
1377148 openat(AT_FDCWD</home/heathledger/Documents/ioi/repos/ioi>, "/tmp/.tmp5b0nCP/records", O_RDONLY|O_CLOEXEC) = 3</tmp/.tmp5b0nCP/records>
1377148 fsync(3</tmp/.tmp5b0nCP/records>) = 0
1377148 close(3</tmp/.tmp5b0nCP/records>) = 0
1377148 openat(AT_FDCWD</home/heathledger/Documents/ioi/repos/ioi>, "/tmp/.tmp5b0nCP", O_RDONLY|O_CLOEXEC) = 3</tmp/.tmp5b0nCP>
1377148 fsync(3</tmp/.tmp5b0nCP>)       = 0
1377148 close(3</tmp/.tmp5b0nCP>)       = 0
1377148 openat(AT_FDCWD</home/heathledger/Documents/ioi/repos/ioi>, "/tmp", O_RDONLY|O_CLOEXEC) = 3</tmp>
1377148 fsync(3</tmp>)                  = 0
1377148 close(3</tmp>)                  = 0
1377148 openat(AT_FDCWD</home/heathledger/Documents/ioi/repos/ioi>, "/", O_RDONLY|O_CLOEXEC) = 3</>
1377148 fsync(3</>)                     = 0
1377148 close(3</>)                     = 0
1377148 openat(AT_FDCWD</home/heathledger/Documents/ioi/repos/ioi>, "/tmp/.tmp5b0nCP/resource.lock", O_RDWR|O_NOFOLLOW|O_CLOEXEC) = 3</tmp/.tmp5b0nCP/resource.lock>
1377148 openat(AT_FDCWD</home/heathledger/Documents/ioi/repos/ioi>, "/tmp/.tmp5b0nCP/records/.b7152008cde8bb92263053413d6ba78f1b7a36ecde6fd42ddf1e6a0f1667edfd.json.prepared", O_RDWR|O_NOFOLLOW|O_CLOEXEC) = -1 ENOENT (No such file or directory)
1377148 close(3</tmp/.tmp5b0nCP/resource.lock>) = 0
1377148 openat(AT_FDCWD</home/heathledger/Documents/ioi/repos/ioi>, "/tmp/.tmp5b0nCP/resource.lock", O_RDWR|O_CREAT|O_NOFOLLOW|O_CLOEXEC, 0600) = 3</tmp/.tmp5b0nCP/resource.lock>
1377148 fsync(3</tmp/.tmp5b0nCP/resource.lock>) = 0
1377148 close(3</tmp/.tmp5b0nCP/resource.lock>) = 0
1377148 openat(AT_FDCWD</home/heathledger/Documents/ioi/repos/ioi>, "/tmp/.tmp5b0nCP/records", O_RDONLY|O_CLOEXEC) = 3</tmp/.tmp5b0nCP/records>
1377148 fsync(3</tmp/.tmp5b0nCP/records>) = 0
1377148 close(3</tmp/.tmp5b0nCP/records>) = 0
1377148 openat(AT_FDCWD</home/heathledger/Documents/ioi/repos/ioi>, "/tmp/.tmp5b0nCP", O_RDONLY|O_CLOEXEC) = 3</tmp/.tmp5b0nCP>
1377148 fsync(3</tmp/.tmp5b0nCP>)       = 0
1377148 close(3</tmp/.tmp5b0nCP>)       = 0
1377148 openat(AT_FDCWD</home/heathledger/Documents/ioi/repos/ioi>, "/tmp", O_RDONLY|O_CLOEXEC) = 3</tmp>
1377148 fsync(3</tmp>)                  = 0
1377148 close(3</tmp>)                  = 0
1377148 openat(AT_FDCWD</home/heathledger/Documents/ioi/repos/ioi>, "/", O_RDONLY|O_CLOEXEC) = 3</>
1377148 fsync(3</>)                     = 0
1377148 close(3</>)                     = 0
1377148 openat(AT_FDCWD</home/heathledger/Documents/ioi/repos/ioi>, "/tmp/.tmp5b0nCP/resource.lock", O_RDWR|O_NOFOLLOW|O_CLOEXEC) = 3</tmp/.tmp5b0nCP/resource.lock>
1377148 openat(AT_FDCWD</home/heathledger/Documents/ioi/repos/ioi>, "/tmp/.tmp5b0nCP/records/.b7152008cde8bb92263053413d6ba78f1b7a36ecde6fd42ddf1e6a0f1667edfd.json.prepared", O_RDWR|O_CREAT|O_NOFOLLOW|O_CLOEXEC, 0600) = 4</tmp/.tmp5b0nCP/records/.b7152008cde8bb92263053413d6ba78f1b7a36ecde6fd42ddf1e6a0f1667edfd.json.prepared>
1377148 fallocate(4</tmp/.tmp5b0nCP/records/.b7152008cde8bb92263053413d6ba78f1b7a36ecde6fd42ddf1e6a0f1667edfd.json.prepared>, FALLOC_FL_KEEP_SIZE, 0, 81920) = 0
1377148 fsync(4</tmp/.tmp5b0nCP/records/.b7152008cde8bb92263053413d6ba78f1b7a36ecde6fd42ddf1e6a0f1667edfd.json.prepared>) = 0
1377148 openat(AT_FDCWD</home/heathledger/Documents/ioi/repos/ioi>, "/tmp/.tmp5b0nCP/records", O_RDONLY|O_CLOEXEC) = 5</tmp/.tmp5b0nCP/records>
1377148 fsync(5</tmp/.tmp5b0nCP/records>) = 0
1377148 close(5</tmp/.tmp5b0nCP/records>) = 0
1377148 openat(AT_FDCWD</home/heathledger/Documents/ioi/repos/ioi>, "/tmp/.tmp5b0nCP", O_RDONLY|O_CLOEXEC) = 5</tmp/.tmp5b0nCP>
1377148 fsync(5</tmp/.tmp5b0nCP>)       = 0
1377148 close(5</tmp/.tmp5b0nCP>)       = 0
1377148 openat(AT_FDCWD</home/heathledger/Documents/ioi/repos/ioi>, "/tmp", O_RDONLY|O_CLOEXEC) = 5</tmp>
1377148 fsync(5</tmp>)                  = 0
1377148 close(5</tmp>)                  = 0
1377148 openat(AT_FDCWD</home/heathledger/Documents/ioi/repos/ioi>, "/", O_RDONLY|O_CLOEXEC) = 5</>
1377148 fsync(5</>)                     = 0
1377148 close(5</>)                     = 0
1377148 close(4</tmp/.tmp5b0nCP/records/.b7152008cde8bb92263053413d6ba78f1b7a36ecde6fd42ddf1e6a0f1667edfd.json.prepared>) = 0
1377148 close(3</tmp/.tmp5b0nCP/resource.lock>) = 0
1377148 openat(AT_FDCWD</home/heathledger/Documents/ioi/repos/ioi>, "/tmp/.tmp5b0nCP/records/.b7152008cde8bb92263053413d6ba78f1b7a36ecde6fd42ddf1e6a0f1667edfd.json.prepared", O_RDONLY|O_CLOEXEC) = 3</tmp/.tmp5b0nCP/records/.b7152008cde8bb92263053413d6ba78f1b7a36ecde6fd42ddf1e6a0f1667edfd.json.prepared>
1377148 write(2</home/heathledger/Documents/ioi/repos/ioi/internal-docs/architecture/protocols/aft/evidence/m17q-r1-endpoint-reservation-2026-09-06/syscalls/test.log>, "AFT_ENDPOINT_LIVE_BEGIN\n", 24) = 24
1377148 openat(AT_FDCWD</home/heathledger/Documents/ioi/repos/ioi>, "/tmp/.tmp5b0nCP/resource.lock", O_RDWR|O_NOFOLLOW|O_CLOEXEC) = 4</tmp/.tmp5b0nCP/resource.lock>
1377148 openat(AT_FDCWD</home/heathledger/Documents/ioi/repos/ioi>, "/tmp/.tmp5b0nCP/records/.b7152008cde8bb92263053413d6ba78f1b7a36ecde6fd42ddf1e6a0f1667edfd.json.prepared", O_RDWR|O_NOFOLLOW|O_CLOEXEC) = 5</tmp/.tmp5b0nCP/records/.b7152008cde8bb92263053413d6ba78f1b7a36ecde6fd42ddf1e6a0f1667edfd.json.prepared>
1377148 write(5</tmp/.tmp5b0nCP/records/.b7152008cde8bb92263053413d6ba78f1b7a36ecde6fd42ddf1e6a0f1667edfd.json.prepared>, "{\"evidence\":[123,34,115,105,103,110,97,116,117,114,101,95,98,97,115,101,54,52,34,58,34,98,48,80,51,119,75,110,84,112,103,113,106,88,84,97,109,73,102,67,114,97,74,76,100,74,55,74,73,52,50,48,79,84,43,76,113,105,47,86,52,74,119,98,68,56,106,75,120,87,47,74,6"..., 19184) = 19184
1377148 fsync(5</tmp/.tmp5b0nCP/records/.b7152008cde8bb92263053413d6ba78f1b7a36ecde6fd42ddf1e6a0f1667edfd.json.prepared>) = 0
1377148 rename("/tmp/.tmp5b0nCP/records/.b7152008cde8bb92263053413d6ba78f1b7a36ecde6fd42ddf1e6a0f1667edfd.json.prepared", "/tmp/.tmp5b0nCP/records/b7152008cde8bb92263053413d6ba78f1b7a36ecde6fd42ddf1e6a0f1667edfd.json") = 0
1377148 openat(AT_FDCWD</home/heathledger/Documents/ioi/repos/ioi>, "/tmp/.tmp5b0nCP/records", O_RDONLY|O_CLOEXEC) = 6</tmp/.tmp5b0nCP/records>
1377148 fsync(6</tmp/.tmp5b0nCP/records>) = 0
1377148 close(6</tmp/.tmp5b0nCP/records>) = 0
1377148 close(5</tmp/.tmp5b0nCP/records/b7152008cde8bb92263053413d6ba78f1b7a36ecde6fd42ddf1e6a0f1667edfd.json>) = 0
1377148 close(4</tmp/.tmp5b0nCP/resource.lock>) = 0
1377148 write(2</home/heathledger/Documents/ioi/repos/ioi/internal-docs/architecture/protocols/aft/evidence/m17q-r1-endpoint-reservation-2026-09-06/syscalls/test.log>, "AFT_ENDPOINT_LIVE_END\n", 22) = 22
1377148 openat(AT_FDCWD</home/heathledger/Documents/ioi/repos/ioi>, "/tmp/.tmp5b0nCP/records/b7152008cde8bb92263053413d6ba78f1b7a36ecde6fd42ddf1e6a0f1667edfd.json", O_RDONLY|O_CLOEXEC) = 4</tmp/.tmp5b0nCP/records/b7152008cde8bb92263053413d6ba78f1b7a36ecde6fd42ddf1e6a0f1667edfd.json>
1377148 close(4</tmp/.tmp5b0nCP/records/b7152008cde8bb92263053413d6ba78f1b7a36ecde6fd42ddf1e6a0f1667edfd.json>) = 0
1377148 openat(AT_FDCWD</home/heathledger/Documents/ioi/repos/ioi>, "/tmp/.tmp5b0nCP/resource.lock", O_RDWR|O_NOFOLLOW|O_CLOEXEC) = 4</tmp/.tmp5b0nCP/resource.lock>
1377148 openat(AT_FDCWD</home/heathledger/Documents/ioi/repos/ioi>, "/tmp/.tmp5b0nCP/records/b7152008cde8bb92263053413d6ba78f1b7a36ecde6fd42ddf1e6a0f1667edfd.json", O_RDONLY|O_CLOEXEC) = 5</tmp/.tmp5b0nCP/records/b7152008cde8bb92263053413d6ba78f1b7a36ecde6fd42ddf1e6a0f1667edfd.json>
1377148 close(5</tmp/.tmp5b0nCP/records/b7152008cde8bb92263053413d6ba78f1b7a36ecde6fd42ddf1e6a0f1667edfd.json>) = 0
1377148 close(4</tmp/.tmp5b0nCP/resource.lock>) = 0
1377148 openat(AT_FDCWD</home/heathledger/Documents/ioi/repos/ioi>, "/tmp/.tmp5b0nCP/records/b7152008cde8bb92263053413d6ba78f1b7a36ecde6fd42ddf1e6a0f1667edfd.json", O_RDONLY|O_CLOEXEC) = 4</tmp/.tmp5b0nCP/records/b7152008cde8bb92263053413d6ba78f1b7a36ecde6fd42ddf1e6a0f1667edfd.json>
1377148 close(4</tmp/.tmp5b0nCP/records/b7152008cde8bb92263053413d6ba78f1b7a36ecde6fd42ddf1e6a0f1667edfd.json>) = 0
1377148 openat(AT_FDCWD</home/heathledger/Documents/ioi/repos/ioi>, "/tmp/.tmp5b0nCP/records/.b7152008cde8bb92263053413d6ba78f1b7a36ecde6fd42ddf1e6a0f1667edfd.json.prepared", O_WRONLY|O_CREAT|O_TRUNC|O_CLOEXEC, 0666) = 4</tmp/.tmp5b0nCP/records/.b7152008cde8bb92263053413d6ba78f1b7a36ecde6fd42ddf1e6a0f1667edfd.json.prepared>
1377148 write(4</tmp/.tmp5b0nCP/records/.b7152008cde8bb92263053413d6ba78f1b7a36ecde6fd42ddf1e6a0f1667edfd.json.prepared>, "interrupted spare", 17) = 17
1377148 close(4</tmp/.tmp5b0nCP/records/.b7152008cde8bb92263053413d6ba78f1b7a36ecde6fd42ddf1e6a0f1667edfd.json.prepared>) = 0
1377148 openat(AT_FDCWD</home/heathledger/Documents/ioi/repos/ioi>, "/tmp/.tmp5b0nCP/resource.lock", O_RDWR|O_NOFOLLOW|O_CLOEXEC) = 4</tmp/.tmp5b0nCP/resource.lock>
1377148 openat(AT_FDCWD</home/heathledger/Documents/ioi/repos/ioi>, "/tmp/.tmp5b0nCP/records/b7152008cde8bb92263053413d6ba78f1b7a36ecde6fd42ddf1e6a0f1667edfd.json", O_RDONLY|O_CLOEXEC) = 5</tmp/.tmp5b0nCP/records/b7152008cde8bb92263053413d6ba78f1b7a36ecde6fd42ddf1e6a0f1667edfd.json>
1377148 close(5</tmp/.tmp5b0nCP/records/b7152008cde8bb92263053413d6ba78f1b7a36ecde6fd42ddf1e6a0f1667edfd.json>) = 0
1377148 close(4</tmp/.tmp5b0nCP/resource.lock>) = 0
1377148 openat(AT_FDCWD</home/heathledger/Documents/ioi/repos/ioi>, "/tmp/.tmp5b0nCP/records/.b7152008cde8bb92263053413d6ba78f1b7a36ecde6fd42ddf1e6a0f1667edfd.json.prepared", O_RDONLY|O_CLOEXEC) = 4</tmp/.tmp5b0nCP/records/.b7152008cde8bb92263053413d6ba78f1b7a36ecde6fd42ddf1e6a0f1667edfd.json.prepared>
1377148 close(4</tmp/.tmp5b0nCP/records/.b7152008cde8bb92263053413d6ba78f1b7a36ecde6fd42ddf1e6a0f1667edfd.json.prepared>) = 0
1377148 openat(AT_FDCWD</home/heathledger/Documents/ioi/repos/ioi>, "/tmp/.tmp5b0nCP/resource.lock", O_RDWR|O_NOFOLLOW|O_CLOEXEC) = 4</tmp/.tmp5b0nCP/resource.lock>
1377148 openat(AT_FDCWD</home/heathledger/Documents/ioi/repos/ioi>, "/tmp/.tmp5b0nCP/records/b7152008cde8bb92263053413d6ba78f1b7a36ecde6fd42ddf1e6a0f1667edfd.json", O_RDONLY|O_CLOEXEC) = 5</tmp/.tmp5b0nCP/records/b7152008cde8bb92263053413d6ba78f1b7a36ecde6fd42ddf1e6a0f1667edfd.json>
1377148 close(5</tmp/.tmp5b0nCP/records/b7152008cde8bb92263053413d6ba78f1b7a36ecde6fd42ddf1e6a0f1667edfd.json>) = 0
1377148 close(4</tmp/.tmp5b0nCP/resource.lock>) = 0
1377148 openat(AT_FDCWD</home/heathledger/Documents/ioi/repos/ioi>, "/tmp/.tmp5b0nCP/resource.lock", O_RDWR|O_NOFOLLOW|O_CLOEXEC) = 4</tmp/.tmp5b0nCP/resource.lock>
1377148 openat(AT_FDCWD</home/heathledger/Documents/ioi/repos/ioi>, "/tmp/.tmp5b0nCP/records/b7152008cde8bb92263053413d6ba78f1b7a36ecde6fd42ddf1e6a0f1667edfd.json", O_RDONLY|O_CLOEXEC) = 5</tmp/.tmp5b0nCP/records/b7152008cde8bb92263053413d6ba78f1b7a36ecde6fd42ddf1e6a0f1667edfd.json>
1377148 close(5</tmp/.tmp5b0nCP/records/b7152008cde8bb92263053413d6ba78f1b7a36ecde6fd42ddf1e6a0f1667edfd.json>) = 0
1377148 close(4</tmp/.tmp5b0nCP/resource.lock>) = 0
1377148 openat(AT_FDCWD</home/heathledger/Documents/ioi/repos/ioi>, "/tmp/.tmp5b0nCP/records/b7152008cde8bb92263053413d6ba78f1b7a36ecde6fd42ddf1e6a0f1667edfd.json", O_RDONLY|O_CLOEXEC) = 4</tmp/.tmp5b0nCP/records/b7152008cde8bb92263053413d6ba78f1b7a36ecde6fd42ddf1e6a0f1667edfd.json>
1377148 close(4</tmp/.tmp5b0nCP/records/b7152008cde8bb92263053413d6ba78f1b7a36ecde6fd42ddf1e6a0f1667edfd.json>) = 0
1377148 openat(AT_FDCWD</home/heathledger/Documents/ioi/repos/ioi>, "/tmp/.tmp5b0nCP/resource.lock", O_RDWR|O_CREAT|O_NOFOLLOW|O_CLOEXEC, 0600) = 4</tmp/.tmp5b0nCP/resource.lock>
1377148 fsync(4</tmp/.tmp5b0nCP/resource.lock>) = 0
1377148 close(4</tmp/.tmp5b0nCP/resource.lock>) = 0
1377148 openat(AT_FDCWD</home/heathledger/Documents/ioi/repos/ioi>, "/tmp/.tmp5b0nCP/records", O_RDONLY|O_CLOEXEC) = 4</tmp/.tmp5b0nCP/records>
1377148 fsync(4</tmp/.tmp5b0nCP/records>) = 0
1377148 close(4</tmp/.tmp5b0nCP/records>) = 0
1377148 openat(AT_FDCWD</home/heathledger/Documents/ioi/repos/ioi>, "/tmp/.tmp5b0nCP", O_RDONLY|O_CLOEXEC) = 4</tmp/.tmp5b0nCP>
1377148 fsync(4</tmp/.tmp5b0nCP>)       = 0
1377148 close(4</tmp/.tmp5b0nCP>)       = 0
1377148 openat(AT_FDCWD</home/heathledger/Documents/ioi/repos/ioi>, "/tmp", O_RDONLY|O_CLOEXEC) = 4</tmp>
1377148 fsync(4</tmp>)                  = 0
1377148 close(4</tmp>)                  = 0
1377148 openat(AT_FDCWD</home/heathledger/Documents/ioi/repos/ioi>, "/", O_RDONLY|O_CLOEXEC) = 4</>
1377148 fsync(4</>)                     = 0
1377148 close(4</>)                     = 0
1377148 openat(AT_FDCWD</home/heathledger/Documents/ioi/repos/ioi>, "/tmp/.tmp5b0nCP/resource.lock", O_RDWR|O_NOFOLLOW|O_CLOEXEC) = 4</tmp/.tmp5b0nCP/resource.lock>
1377148 openat(AT_FDCWD</home/heathledger/Documents/ioi/repos/ioi>, "/tmp/.tmp5b0nCP/records/b7152008cde8bb92263053413d6ba78f1b7a36ecde6fd42ddf1e6a0f1667edfd.json", O_RDONLY|O_CLOEXEC) = 5</tmp/.tmp5b0nCP/records/b7152008cde8bb92263053413d6ba78f1b7a36ecde6fd42ddf1e6a0f1667edfd.json>
1377148 close(5</tmp/.tmp5b0nCP/records/b7152008cde8bb92263053413d6ba78f1b7a36ecde6fd42ddf1e6a0f1667edfd.json>) = 0
1377148 close(4</tmp/.tmp5b0nCP/resource.lock>) = 0
1377148 openat(AT_FDCWD</home/heathledger/Documents/ioi/repos/ioi>, "/tmp/.tmp5b0nCP/records/b7152008cde8bb92263053413d6ba78f1b7a36ecde6fd42ddf1e6a0f1667edfd.json", O_WRONLY|O_CREAT|O_TRUNC|O_CLOEXEC, 0666) = 4</tmp/.tmp5b0nCP/records/b7152008cde8bb92263053413d6ba78f1b7a36ecde6fd42ddf1e6a0f1667edfd.json>
1377148 write(4</tmp/.tmp5b0nCP/records/b7152008cde8bb92263053413d6ba78f1b7a36ecde6fd42ddf1e6a0f1667edfd.json>, "corrupt active", 14) = 14
1377148 close(4</tmp/.tmp5b0nCP/records/b7152008cde8bb92263053413d6ba78f1b7a36ecde6fd42ddf1e6a0f1667edfd.json>) = 0
1377148 openat(AT_FDCWD</home/heathledger/Documents/ioi/repos/ioi>, "/tmp/.tmp5b0nCP/resource.lock", O_RDWR|O_NOFOLLOW|O_CLOEXEC) = 4</tmp/.tmp5b0nCP/resource.lock>
1377148 openat(AT_FDCWD</home/heathledger/Documents/ioi/repos/ioi>, "/tmp/.tmp5b0nCP/records/b7152008cde8bb92263053413d6ba78f1b7a36ecde6fd42ddf1e6a0f1667edfd.json", O_RDONLY|O_CLOEXEC) = 5</tmp/.tmp5b0nCP/records/b7152008cde8bb92263053413d6ba78f1b7a36ecde6fd42ddf1e6a0f1667edfd.json>
1377148 close(5</tmp/.tmp5b0nCP/records/b7152008cde8bb92263053413d6ba78f1b7a36ecde6fd42ddf1e6a0f1667edfd.json>) = 0
1377148 close(4</tmp/.tmp5b0nCP/resource.lock>) = 0
1377148 openat(AT_FDCWD</home/heathledger/Documents/ioi/repos/ioi>, "/tmp/.tmp5b0nCP/resource.lock", O_RDWR|O_NOFOLLOW|O_CLOEXEC) = 4</tmp/.tmp5b0nCP/resource.lock>
1377148 openat(AT_FDCWD</home/heathledger/Documents/ioi/repos/ioi>, "/tmp/.tmp5b0nCP/records/b7152008cde8bb92263053413d6ba78f1b7a36ecde6fd42ddf1e6a0f1667edfd.json", O_RDONLY|O_CLOEXEC) = 5</tmp/.tmp5b0nCP/records/b7152008cde8bb92263053413d6ba78f1b7a36ecde6fd42ddf1e6a0f1667edfd.json>
1377148 close(5</tmp/.tmp5b0nCP/records/b7152008cde8bb92263053413d6ba78f1b7a36ecde6fd42ddf1e6a0f1667edfd.json>) = 0
1377148 close(4</tmp/.tmp5b0nCP/resource.lock>) = 0
1377148 openat(AT_FDCWD</home/heathledger/Documents/ioi/repos/ioi>, "/tmp/.tmp5b0nCP/records/b7152008cde8bb92263053413d6ba78f1b7a36ecde6fd42ddf1e6a0f1667edfd.json", O_RDONLY|O_CLOEXEC) = 4</tmp/.tmp5b0nCP/records/b7152008cde8bb92263053413d6ba78f1b7a36ecde6fd42ddf1e6a0f1667edfd.json>
1377148 close(4</tmp/.tmp5b0nCP/records/b7152008cde8bb92263053413d6ba78f1b7a36ecde6fd42ddf1e6a0f1667edfd.json>) = 0
1377148 openat(AT_FDCWD</home/heathledger/Documents/ioi/repos/ioi>, "/tmp/.tmp5b0nCP/records/.b7152008cde8bb92263053413d6ba78f1b7a36ecde6fd42ddf1e6a0f1667edfd.json.prepared", O_RDONLY|O_CLOEXEC) = 4</tmp/.tmp5b0nCP/records/.b7152008cde8bb92263053413d6ba78f1b7a36ecde6fd42ddf1e6a0f1667edfd.json.prepared>
1377148 close(4</tmp/.tmp5b0nCP/records/.b7152008cde8bb92263053413d6ba78f1b7a36ecde6fd42ddf1e6a0f1667edfd.json.prepared>) = 0
1377148 close(3</tmp/.tmp5b0nCP/records/b7152008cde8bb92263053413d6ba78f1b7a36ecde6fd42ddf1e6a0f1667edfd.json>) = 0
1377148 openat(AT_FDCWD</home/heathledger/Documents/ioi/repos/ioi>, "/tmp/.tmp5b0nCP", O_RDONLY|O_NOFOLLOW|O_CLOEXEC|O_DIRECTORY) = 3</tmp/.tmp5b0nCP>
1377148 openat(3</tmp/.tmp5b0nCP>, "records", O_RDONLY|O_NOFOLLOW|O_CLOEXEC|O_DIRECTORY) = 4</tmp/.tmp5b0nCP/records>
1377148 close(4</tmp/.tmp5b0nCP/records>) = 0
1377148 close(3</tmp/.tmp5b0nCP>)       = 0
1377148 openat(AT_FDCWD</home/heathledger/Documents/ioi/repos/ioi>, "/proc/sys/vm/overcommit_memory", O_RDONLY|O_CLOEXEC) = 3</proc/sys/vm/overcommit_memory>
1377148 close(3</proc/sys/vm/overcommit_memory>) = 0
1377148 +++ exited with 0 +++
1377147 write(1</home/heathledger/Documents/ioi/repos/ioi/internal-docs/architecture/protocols/aft/evidence/m17q-r1-endpoint-reservation-2026-09-06/syscalls/test.log>, "test consequence::tests::online_pq_endpoint_consumes_reserved_inode_and_retains_active_authority ... ", 101) = 101
1377147 write(1</home/heathledger/Documents/ioi/repos/ioi/internal-docs/architecture/protocols/aft/evidence/m17q-r1-endpoint-reservation-2026-09-06/syscalls/test.log>, "ok", 2) = 2
1377147 write(1</home/heathledger/Documents/ioi/repos/ioi/internal-docs/architecture/protocols/aft/evidence/m17q-r1-endpoint-reservation-2026-09-06/syscalls/test.log>, "\n", 1) = 1
1377147 write(1</home/heathledger/Documents/ioi/repos/ioi/internal-docs/architecture/protocols/aft/evidence/m17q-r1-endpoint-reservation-2026-09-06/syscalls/test.log>, "\n", 1) = 1
1377147 write(1</home/heathledger/Documents/ioi/repos/ioi/internal-docs/architecture/protocols/aft/evidence/m17q-r1-endpoint-reservation-2026-09-06/syscalls/test.log>, "test result: ", 13) = 13
1377147 write(1</home/heathledger/Documents/ioi/repos/ioi/internal-docs/architecture/protocols/aft/evidence/m17q-r1-endpoint-reservation-2026-09-06/syscalls/test.log>, "ok", 2) = 2
1377147 write(1</home/heathledger/Documents/ioi/repos/ioi/internal-docs/architecture/protocols/aft/evidence/m17q-r1-endpoint-reservation-2026-09-06/syscalls/test.log>, ". 1 passed; 0 failed; 0 ignored; 0 measured; 114 filtered out", 61) = 61
1377147 write(1</home/heathledger/Documents/ioi/repos/ioi/internal-docs/architecture/protocols/aft/evidence/m17q-r1-endpoint-reservation-2026-09-06/syscalls/test.log>, "; finished in 3.44s", 19) = 19
1377147 write(1</home/heathledger/Documents/ioi/repos/ioi/internal-docs/architecture/protocols/aft/evidence/m17q-r1-endpoint-reservation-2026-09-06/syscalls/test.log>, "\n\n", 2) = 2
1377147 +++ exited with 0 +++
