census OK: 87 modules = 74 executed + 13 manifest-marked (manual)
(* fingerprints file ".tlacache/QuvEffectPreparationProof.tlaps/fingerprints" removed *)
(* created new ".tlacache/QuvEffectPreparationProof.tlaps/QuvEffectPreparationProof.thy" *)
(* fingerprints written in ".tlacache/QuvEffectPreparationProof.tlaps/fingerprints" *)
File "./QuvEffectPreparationProof.tla", line 1, character 1 to line 12, character 77:
[INFO]: All 9 obligations proved.
TLC2 Version 2026.08.11.125311 (rev: 0894c34)
Warning: Please run the Java VM, which executes TLC with a throughput optimized garbage collector, by passing the "-XX:+UseParallelGC" property.
(Use the -nowarning option to disable this warning.)
Running breadth-first search Model-Checking with fp 2 and seed -3087677097017235733 with 1 worker on 24 cores with 24000MB heap and 64MB offheap memory [pid: 1452489] (Linux 6.17.9-76061709-generic amd64, Ubuntu 21.0.10 64bit, MSBDiskFPSet, DiskStateQueue).
Parsing file /home/heathledger/Documents/ioi/repos/ioi/internal-docs/architecture/protocols/aft/formal/consequence/QuvEffectPreparation.tla
Parsing file /tmp/tlc-8791682079066785161/Naturals.tla (jar:file:/home/heathledger/Documents/ioi/repos/ioi/.internal/formal-cache/tools/tla/tla2tools.jar!/tla2sany/StandardModules/Naturals.tla)
Parsing file /tmp/tlc-8791682079066785161/_TLCTrace.tla (jar:file:/home/heathledger/Documents/ioi/repos/ioi/.internal/formal-cache/tools/tla/tla2tools.jar!/tla2sany/StandardModules/_TLCTrace.tla)
Parsing file /tmp/tlc-8791682079066785161/TLC.tla (jar:file:/home/heathledger/Documents/ioi/repos/ioi/.internal/formal-cache/tools/tla/tla2tools.jar!/tla2sany/StandardModules/TLC.tla)
Parsing file /tmp/tlc-8791682079066785161/TLCExt.tla (jar:file:/home/heathledger/Documents/ioi/repos/ioi/.internal/formal-cache/tools/tla/tla2tools.jar!/tla2sany/StandardModules/TLCExt.tla)
Parsing file /tmp/tlc-8791682079066785161/Sequences.tla (jar:file:/home/heathledger/Documents/ioi/repos/ioi/.internal/formal-cache/tools/tla/tla2tools.jar!/tla2sany/StandardModules/Sequences.tla)
Parsing file /tmp/tlc-8791682079066785161/FiniteSets.tla (jar:file:/home/heathledger/Documents/ioi/repos/ioi/.internal/formal-cache/tools/tla/tla2tools.jar!/tla2sany/StandardModules/FiniteSets.tla)
Parsing file /tmp/tlc-8791682079066785161/Integers.tla (jar:file:/home/heathledger/Documents/ioi/repos/ioi/.internal/formal-cache/tools/tla/tla2tools.jar!/tla2sany/StandardModules/Integers.tla)
Semantic processing of module Naturals
Semantic processing of module Sequences
Semantic processing of module FiniteSets
Semantic processing of module TLC
Semantic processing of module Integers
Semantic processing of module TLCExt
Semantic processing of module _TLCTrace
Semantic processing of module QuvEffectPreparation
Linting of module TLCExt
Linting of module _TLCTrace
Linting of module QuvEffectPreparation
Starting... (2026-09-06 02:42:29)
Computing initial states...
Computed 2 initial states...
Computed 4 initial states...
Computed 8 initial states...
Finished computing initial states: 16 distinct states generated at 2026-09-06 02:42:29.
Model checking completed. No error has been found.
  Estimates of the probability that TLC did not check all reachable states
  because two distinct states had the same fingerprint:
  calculated (optimistic):  val = 5.0E-17
62 states generated, 25 distinct states found, 0 states left on queue.
The depth of the complete state graph search is 7.
The average outdegree of the complete state graph is 0 (minimum is 0, the maximum 2 and the 95th percentile is 1).
Finished in 00s at (2026-09-06 02:42:29)
TLC2 Version 2026.08.11.125311 (rev: 0894c34)
Warning: Please run the Java VM, which executes TLC with a throughput optimized garbage collector, by passing the "-XX:+UseParallelGC" property.
(Use the -nowarning option to disable this warning.)
Running breadth-first search Model-Checking with fp 68 and seed 8505761290878470317 with 1 worker on 24 cores with 24000MB heap and 64MB offheap memory [pid: 1452602] (Linux 6.17.9-76061709-generic amd64, Ubuntu 21.0.10 64bit, MSBDiskFPSet, DiskStateQueue).
Parsing file /tmp/tmp.7eQyJ961kV/QuvEffectPreparation.tla
Parsing file /tmp/tlc-9322983615749374369/Naturals.tla (jar:file:/home/heathledger/Documents/ioi/repos/ioi/.internal/formal-cache/tools/tla/tla2tools.jar!/tla2sany/StandardModules/Naturals.tla)
Parsing file /tmp/tlc-9322983615749374369/_TLCTrace.tla (jar:file:/home/heathledger/Documents/ioi/repos/ioi/.internal/formal-cache/tools/tla/tla2tools.jar!/tla2sany/StandardModules/_TLCTrace.tla)
Parsing file /tmp/tlc-9322983615749374369/TLC.tla (jar:file:/home/heathledger/Documents/ioi/repos/ioi/.internal/formal-cache/tools/tla/tla2tools.jar!/tla2sany/StandardModules/TLC.tla)
Parsing file /tmp/tlc-9322983615749374369/TLCExt.tla (jar:file:/home/heathledger/Documents/ioi/repos/ioi/.internal/formal-cache/tools/tla/tla2tools.jar!/tla2sany/StandardModules/TLCExt.tla)
Parsing file /tmp/tlc-9322983615749374369/Sequences.tla (jar:file:/home/heathledger/Documents/ioi/repos/ioi/.internal/formal-cache/tools/tla/tla2tools.jar!/tla2sany/StandardModules/Sequences.tla)
Parsing file /tmp/tlc-9322983615749374369/FiniteSets.tla (jar:file:/home/heathledger/Documents/ioi/repos/ioi/.internal/formal-cache/tools/tla/tla2tools.jar!/tla2sany/StandardModules/FiniteSets.tla)
Parsing file /tmp/tlc-9322983615749374369/Integers.tla (jar:file:/home/heathledger/Documents/ioi/repos/ioi/.internal/formal-cache/tools/tla/tla2tools.jar!/tla2sany/StandardModules/Integers.tla)
Semantic processing of module Naturals
Semantic processing of module Sequences
Semantic processing of module FiniteSets
Semantic processing of module TLC
Semantic processing of module Integers
Semantic processing of module TLCExt
Semantic processing of module _TLCTrace
Semantic processing of module QuvEffectPreparation
Linting of module TLCExt
Linting of module _TLCTrace
Linting of module QuvEffectPreparation
Starting... (2026-09-06 02:42:29)
Computing initial states...
Computed 2 initial states...
Computed 4 initial states...
Computed 8 initial states...
Finished computing initial states: 16 distinct states generated at 2026-09-06 02:42:30.
Error: Invariant PreparationChecked is violated.
Error: The behavior up to this point is:
State 1: <Initial predicate>
/\ candidateOK = FALSE
/\ initiallyTerminal = TRUE
/\ live = FALSE
/\ ownInteraction = FALSE
/\ prepared = FALSE
/\ claimWasLive = FALSE
/\ bindingOK = FALSE
/\ phase = "Terminal"
/\ storagePrepared = FALSE
/\ admissionOK = TRUE

State 2: <Prepare line 13, col 12 to line 20, col 64 of module QuvEffectPreparation>
/\ candidateOK = FALSE
/\ initiallyTerminal = TRUE
/\ live = FALSE
/\ ownInteraction = FALSE
/\ prepared = TRUE
/\ claimWasLive = FALSE
/\ bindingOK = FALSE
/\ phase = "Terminal"
/\ storagePrepared = FALSE
/\ admissionOK = TRUE

20 states generated, 17 distinct states found, 12 states left on queue.
The depth of the complete state graph search is 2.
Finished in 00s at (2026-09-06 02:42:30)
Trace exploration spec path: ./QuvEffectPreparation_TTrace_1788676949.tla
expected counterexample observed: QuvEffectPreparation.tla: Invariant PreparationChecked is violated
TLC2 Version 2026.08.11.125311 (rev: 0894c34)
Warning: Please run the Java VM, which executes TLC with a throughput optimized garbage collector, by passing the "-XX:+UseParallelGC" property.
(Use the -nowarning option to disable this warning.)
Running breadth-first search Model-Checking with fp 32 and seed 6118269777517648017 with 1 worker on 24 cores with 24000MB heap and 64MB offheap memory [pid: 1452779] (Linux 6.17.9-76061709-generic amd64, Ubuntu 21.0.10 64bit, MSBDiskFPSet, DiskStateQueue).
Parsing file /tmp/tmp.r91h2vnazH/QuvEffectPreparation.tla
Parsing file /tmp/tlc-10566292401257090409/Naturals.tla (jar:file:/home/heathledger/Documents/ioi/repos/ioi/.internal/formal-cache/tools/tla/tla2tools.jar!/tla2sany/StandardModules/Naturals.tla)
Parsing file /tmp/tlc-10566292401257090409/_TLCTrace.tla (jar:file:/home/heathledger/Documents/ioi/repos/ioi/.internal/formal-cache/tools/tla/tla2tools.jar!/tla2sany/StandardModules/_TLCTrace.tla)
Parsing file /tmp/tlc-10566292401257090409/TLC.tla (jar:file:/home/heathledger/Documents/ioi/repos/ioi/.internal/formal-cache/tools/tla/tla2tools.jar!/tla2sany/StandardModules/TLC.tla)
Parsing file /tmp/tlc-10566292401257090409/TLCExt.tla (jar:file:/home/heathledger/Documents/ioi/repos/ioi/.internal/formal-cache/tools/tla/tla2tools.jar!/tla2sany/StandardModules/TLCExt.tla)
Parsing file /tmp/tlc-10566292401257090409/Sequences.tla (jar:file:/home/heathledger/Documents/ioi/repos/ioi/.internal/formal-cache/tools/tla/tla2tools.jar!/tla2sany/StandardModules/Sequences.tla)
Parsing file /tmp/tlc-10566292401257090409/FiniteSets.tla (jar:file:/home/heathledger/Documents/ioi/repos/ioi/.internal/formal-cache/tools/tla/tla2tools.jar!/tla2sany/StandardModules/FiniteSets.tla)
Parsing file /tmp/tlc-10566292401257090409/Integers.tla (jar:file:/home/heathledger/Documents/ioi/repos/ioi/.internal/formal-cache/tools/tla/tla2tools.jar!/tla2sany/StandardModules/Integers.tla)
Semantic processing of module Naturals
Semantic processing of module Sequences
Semantic processing of module FiniteSets
Semantic processing of module TLC
Semantic processing of module Integers
Semantic processing of module TLCExt
Semantic processing of module _TLCTrace
Semantic processing of module QuvEffectPreparation
Linting of module TLCExt
Linting of module _TLCTrace
Linting of module QuvEffectPreparation
Starting... (2026-09-06 02:42:30)
Computing initial states...
Computed 2 initial states...
Computed 4 initial states...
Computed 8 initial states...
Finished computing initial states: 16 distinct states generated at 2026-09-06 02:42:30.
Error: Invariant PreparationChecked is violated.
Error: The behavior up to this point is:
State 1: <Initial predicate>
/\ candidateOK = FALSE
/\ initiallyTerminal = FALSE
/\ live = FALSE
/\ ownInteraction = FALSE
/\ prepared = FALSE
/\ claimWasLive = FALSE
/\ bindingOK = TRUE
/\ phase = "Absent"
/\ storagePrepared = FALSE
/\ admissionOK = TRUE

State 2: <Prepare line 13, col 12 to line 20, col 64 of module QuvEffectPreparation>
/\ candidateOK = FALSE
/\ initiallyTerminal = FALSE
/\ live = FALSE
/\ ownInteraction = FALSE
/\ prepared = TRUE
/\ claimWasLive = FALSE
/\ bindingOK = TRUE
/\ phase = "Prepared"
/\ storagePrepared = TRUE
/\ admissionOK = TRUE

27 states generated, 17 distinct states found, 5 states left on queue.
The depth of the complete state graph search is 2.
Finished in 00s at (2026-09-06 02:42:30)
Trace exploration spec path: ./QuvEffectPreparation_TTrace_1788676950.tla
expected counterexample observed: QuvEffectPreparation.tla: Invariant PreparationChecked is violated
TLC2 Version 2026.08.11.125311 (rev: 0894c34)
Warning: Please run the Java VM, which executes TLC with a throughput optimized garbage collector, by passing the "-XX:+UseParallelGC" property.
(Use the -nowarning option to disable this warning.)
Running breadth-first search Model-Checking with fp 99 and seed 8274180895704094069 with 1 worker on 24 cores with 24000MB heap and 64MB offheap memory [pid: 1453001] (Linux 6.17.9-76061709-generic amd64, Ubuntu 21.0.10 64bit, MSBDiskFPSet, DiskStateQueue).
Parsing file /tmp/tmp.1qEF4WvLok/QuvEffectPreparation.tla
Parsing file /tmp/tlc-18046036324695743681/Naturals.tla (jar:file:/home/heathledger/Documents/ioi/repos/ioi/.internal/formal-cache/tools/tla/tla2tools.jar!/tla2sany/StandardModules/Naturals.tla)
Parsing file /tmp/tlc-18046036324695743681/_TLCTrace.tla (jar:file:/home/heathledger/Documents/ioi/repos/ioi/.internal/formal-cache/tools/tla/tla2tools.jar!/tla2sany/StandardModules/_TLCTrace.tla)
Parsing file /tmp/tlc-18046036324695743681/TLC.tla (jar:file:/home/heathledger/Documents/ioi/repos/ioi/.internal/formal-cache/tools/tla/tla2tools.jar!/tla2sany/StandardModules/TLC.tla)
Parsing file /tmp/tlc-18046036324695743681/TLCExt.tla (jar:file:/home/heathledger/Documents/ioi/repos/ioi/.internal/formal-cache/tools/tla/tla2tools.jar!/tla2sany/StandardModules/TLCExt.tla)
Parsing file /tmp/tlc-18046036324695743681/Sequences.tla (jar:file:/home/heathledger/Documents/ioi/repos/ioi/.internal/formal-cache/tools/tla/tla2tools.jar!/tla2sany/StandardModules/Sequences.tla)
Parsing file /tmp/tlc-18046036324695743681/FiniteSets.tla (jar:file:/home/heathledger/Documents/ioi/repos/ioi/.internal/formal-cache/tools/tla/tla2tools.jar!/tla2sany/StandardModules/FiniteSets.tla)
Parsing file /tmp/tlc-18046036324695743681/Integers.tla (jar:file:/home/heathledger/Documents/ioi/repos/ioi/.internal/formal-cache/tools/tla/tla2tools.jar!/tla2sany/StandardModules/Integers.tla)
Semantic processing of module Naturals
Semantic processing of module Sequences
Semantic processing of module FiniteSets
Semantic processing of module TLC
Semantic processing of module Integers
Semantic processing of module TLCExt
Semantic processing of module _TLCTrace
Semantic processing of module QuvEffectPreparation
Linting of module TLCExt
Linting of module _TLCTrace
Linting of module QuvEffectPreparation
Starting... (2026-09-06 02:42:30)
Computing initial states...
Computed 2 initial states...
Computed 4 initial states...
Computed 8 initial states...
Finished computing initial states: 16 distinct states generated at 2026-09-06 02:42:30.
Error: Invariant GrantIsOwn is violated.
Error: The behavior up to this point is:
State 1: <Initial predicate>
/\ candidateOK = FALSE
/\ initiallyTerminal = TRUE
/\ live = FALSE
/\ ownInteraction = FALSE
/\ prepared = FALSE
/\ claimWasLive = FALSE
/\ bindingOK = TRUE
/\ phase = "Terminal"
/\ storagePrepared = FALSE
/\ admissionOK = TRUE

State 2: <Prepare line 13, col 12 to line 20, col 64 of module QuvEffectPreparation>
/\ candidateOK = FALSE
/\ initiallyTerminal = TRUE
/\ live = TRUE
/\ ownInteraction = FALSE
/\ prepared = TRUE
/\ claimWasLive = FALSE
/\ bindingOK = TRUE
/\ phase = "Terminal"
/\ storagePrepared = FALSE
/\ admissionOK = TRUE

28 states generated, 17 distinct states found, 4 states left on queue.
The depth of the complete state graph search is 2.
Finished in 00s at (2026-09-06 02:42:30)
Trace exploration spec path: ./QuvEffectPreparation_TTrace_1788676950.tla
expected counterexample observed: QuvEffectPreparation.tla: Invariant GrantIsOwn is violated
TLC2 Version 2026.08.11.125311 (rev: 0894c34)
Warning: Please run the Java VM, which executes TLC with a throughput optimized garbage collector, by passing the "-XX:+UseParallelGC" property.
(Use the -nowarning option to disable this warning.)
Running breadth-first search Model-Checking with fp 10 and seed -7104985289456910002 with 1 worker on 24 cores with 24000MB heap and 64MB offheap memory [pid: 1453145] (Linux 6.17.9-76061709-generic amd64, Ubuntu 21.0.10 64bit, MSBDiskFPSet, DiskStateQueue).
Parsing file /tmp/tmp.cBi3NWuObt/QuvEffectPreparation.tla
Parsing file /tmp/tlc-8578897337350823363/Naturals.tla (jar:file:/home/heathledger/Documents/ioi/repos/ioi/.internal/formal-cache/tools/tla/tla2tools.jar!/tla2sany/StandardModules/Naturals.tla)
Parsing file /tmp/tlc-8578897337350823363/_TLCTrace.tla (jar:file:/home/heathledger/Documents/ioi/repos/ioi/.internal/formal-cache/tools/tla/tla2tools.jar!/tla2sany/StandardModules/_TLCTrace.tla)
Parsing file /tmp/tlc-8578897337350823363/TLC.tla (jar:file:/home/heathledger/Documents/ioi/repos/ioi/.internal/formal-cache/tools/tla/tla2tools.jar!/tla2sany/StandardModules/TLC.tla)
Parsing file /tmp/tlc-8578897337350823363/TLCExt.tla (jar:file:/home/heathledger/Documents/ioi/repos/ioi/.internal/formal-cache/tools/tla/tla2tools.jar!/tla2sany/StandardModules/TLCExt.tla)
Parsing file /tmp/tlc-8578897337350823363/Sequences.tla (jar:file:/home/heathledger/Documents/ioi/repos/ioi/.internal/formal-cache/tools/tla/tla2tools.jar!/tla2sany/StandardModules/Sequences.tla)
Parsing file /tmp/tlc-8578897337350823363/FiniteSets.tla (jar:file:/home/heathledger/Documents/ioi/repos/ioi/.internal/formal-cache/tools/tla/tla2tools.jar!/tla2sany/StandardModules/FiniteSets.tla)
Parsing file /tmp/tlc-8578897337350823363/Integers.tla (jar:file:/home/heathledger/Documents/ioi/repos/ioi/.internal/formal-cache/tools/tla/tla2tools.jar!/tla2sany/StandardModules/Integers.tla)
Semantic processing of module Naturals
Semantic processing of module Sequences
Semantic processing of module FiniteSets
Semantic processing of module TLC
Semantic processing of module Integers
Semantic processing of module TLCExt
Semantic processing of module _TLCTrace
Semantic processing of module QuvEffectPreparation
Linting of module TLCExt
Linting of module _TLCTrace
Linting of module QuvEffectPreparation
Starting... (2026-09-06 02:42:31)
Computing initial states...
Computed 2 initial states...
Computed 4 initial states...
Computed 8 initial states...
Finished computing initial states: 16 distinct states generated at 2026-09-06 02:42:31.
Error: Invariant TerminalReadOnly is violated.
Error: The behavior up to this point is:
State 1: <Initial predicate>
/\ candidateOK = FALSE
/\ initiallyTerminal = TRUE
/\ live = FALSE
/\ ownInteraction = FALSE
/\ prepared = FALSE
/\ claimWasLive = FALSE
/\ bindingOK = TRUE
/\ phase = "Terminal"
/\ storagePrepared = FALSE
/\ admissionOK = TRUE

State 2: <Prepare line 13, col 12 to line 20, col 64 of module QuvEffectPreparation>
/\ candidateOK = FALSE
/\ initiallyTerminal = TRUE
/\ live = FALSE
/\ ownInteraction = FALSE
/\ prepared = TRUE
/\ claimWasLive = FALSE
/\ bindingOK = TRUE
/\ phase = "Terminal"
/\ storagePrepared = TRUE
/\ admissionOK = TRUE

28 states generated, 17 distinct states found, 4 states left on queue.
The depth of the complete state graph search is 2.
Finished in 00s at (2026-09-06 02:42:31)
Trace exploration spec path: ./QuvEffectPreparation_TTrace_1788676950.tla
expected counterexample observed: QuvEffectPreparation.tla: Invariant TerminalReadOnly is violated
