census OK: 87 modules = 74 executed + 13 manifest-marked (manual)
(* fingerprints file ".tlacache/QuvEffectPreparationProof.tlaps/fingerprints" removed *)
(* created new ".tlacache/QuvEffectPreparationProof.tlaps/QuvEffectPreparationProof.thy" *)
(* fingerprints written in ".tlacache/QuvEffectPreparationProof.tlaps/fingerprints" *)
File "./QuvEffectPreparationProof.tla", line 1, character 1 to line 12, character 77:
[INFO]: All 9 obligations proved.
TLC2 Version 2026.08.11.125311 (rev: 0894c34)
Warning: Please run the Java VM, which executes TLC with a throughput optimized garbage collector, by passing the "-XX:+UseParallelGC" property.
(Use the -nowarning option to disable this warning.)
Running breadth-first search Model-Checking with fp 79 and seed -8959645324908063432 with 1 worker on 24 cores with 24000MB heap and 64MB offheap memory [pid: 1500685] (Linux 6.17.9-76061709-generic amd64, Ubuntu 21.0.10 64bit, MSBDiskFPSet, DiskStateQueue).
Parsing file /home/heathledger/Documents/ioi/repos/ioi/internal-docs/architecture/protocols/aft/formal/consequence/QuvEffectPreparation.tla
Parsing file /tmp/tlc-9326225030307548485/Naturals.tla (jar:file:/home/heathledger/Documents/ioi/repos/ioi/.internal/formal-cache/tools/tla/tla2tools.jar!/tla2sany/StandardModules/Naturals.tla)
Parsing file /tmp/tlc-9326225030307548485/_TLCTrace.tla (jar:file:/home/heathledger/Documents/ioi/repos/ioi/.internal/formal-cache/tools/tla/tla2tools.jar!/tla2sany/StandardModules/_TLCTrace.tla)
Parsing file /tmp/tlc-9326225030307548485/TLC.tla (jar:file:/home/heathledger/Documents/ioi/repos/ioi/.internal/formal-cache/tools/tla/tla2tools.jar!/tla2sany/StandardModules/TLC.tla)
Parsing file /tmp/tlc-9326225030307548485/TLCExt.tla (jar:file:/home/heathledger/Documents/ioi/repos/ioi/.internal/formal-cache/tools/tla/tla2tools.jar!/tla2sany/StandardModules/TLCExt.tla)
Parsing file /tmp/tlc-9326225030307548485/Sequences.tla (jar:file:/home/heathledger/Documents/ioi/repos/ioi/.internal/formal-cache/tools/tla/tla2tools.jar!/tla2sany/StandardModules/Sequences.tla)
Parsing file /tmp/tlc-9326225030307548485/FiniteSets.tla (jar:file:/home/heathledger/Documents/ioi/repos/ioi/.internal/formal-cache/tools/tla/tla2tools.jar!/tla2sany/StandardModules/FiniteSets.tla)
Parsing file /tmp/tlc-9326225030307548485/Integers.tla (jar:file:/home/heathledger/Documents/ioi/repos/ioi/.internal/formal-cache/tools/tla/tla2tools.jar!/tla2sany/StandardModules/Integers.tla)
Semantic processing of module Naturals
Semantic processing of module Sequences
Semantic processing of module FiniteSets
Semantic processing of module TLC
Semantic processing of module Integers
Semantic processing of module TLCExt
Semantic processing of module _TLCTrace
Semantic processing of module QuvEffectPreparation
Linting of module TLCExt
Linting of module _TLCTrace
Linting of module QuvEffectPreparation
Starting... (2026-09-06 02:44:50)
Computing initial states...
Computed 2 initial states...
Computed 4 initial states...
Computed 8 initial states...
Finished computing initial states: 16 distinct states generated at 2026-09-06 02:44:50.
Model checking completed. No error has been found.
  Estimates of the probability that TLC did not check all reachable states
  because two distinct states had the same fingerprint:
  calculated (optimistic):  val = 5.0E-17
62 states generated, 25 distinct states found, 0 states left on queue.
The depth of the complete state graph search is 7.
The average outdegree of the complete state graph is 0 (minimum is 0, the maximum 2 and the 95th percentile is 1).
Finished in 00s at (2026-09-06 02:44:50)
TLC2 Version 2026.08.11.125311 (rev: 0894c34)
Warning: Please run the Java VM, which executes TLC with a throughput optimized garbage collector, by passing the "-XX:+UseParallelGC" property.
(Use the -nowarning option to disable this warning.)
Running breadth-first search Model-Checking with fp 95 and seed -6352089400721930754 with 1 worker on 24 cores with 24000MB heap and 64MB offheap memory [pid: 1500721] (Linux 6.17.9-76061709-generic amd64, Ubuntu 21.0.10 64bit, MSBDiskFPSet, DiskStateQueue).
Parsing file /tmp/tmp.2x1mkSHZ4Z/QuvEffectPreparation.tla
Parsing file /tmp/tlc-11818187867643325610/Naturals.tla (jar:file:/home/heathledger/Documents/ioi/repos/ioi/.internal/formal-cache/tools/tla/tla2tools.jar!/tla2sany/StandardModules/Naturals.tla)
Parsing file /tmp/tlc-11818187867643325610/_TLCTrace.tla (jar:file:/home/heathledger/Documents/ioi/repos/ioi/.internal/formal-cache/tools/tla/tla2tools.jar!/tla2sany/StandardModules/_TLCTrace.tla)
Parsing file /tmp/tlc-11818187867643325610/TLC.tla (jar:file:/home/heathledger/Documents/ioi/repos/ioi/.internal/formal-cache/tools/tla/tla2tools.jar!/tla2sany/StandardModules/TLC.tla)
Parsing file /tmp/tlc-11818187867643325610/TLCExt.tla (jar:file:/home/heathledger/Documents/ioi/repos/ioi/.internal/formal-cache/tools/tla/tla2tools.jar!/tla2sany/StandardModules/TLCExt.tla)
Parsing file /tmp/tlc-11818187867643325610/Sequences.tla (jar:file:/home/heathledger/Documents/ioi/repos/ioi/.internal/formal-cache/tools/tla/tla2tools.jar!/tla2sany/StandardModules/Sequences.tla)
Parsing file /tmp/tlc-11818187867643325610/FiniteSets.tla (jar:file:/home/heathledger/Documents/ioi/repos/ioi/.internal/formal-cache/tools/tla/tla2tools.jar!/tla2sany/StandardModules/FiniteSets.tla)
Parsing file /tmp/tlc-11818187867643325610/Integers.tla (jar:file:/home/heathledger/Documents/ioi/repos/ioi/.internal/formal-cache/tools/tla/tla2tools.jar!/tla2sany/StandardModules/Integers.tla)
Semantic processing of module Naturals
Semantic processing of module Sequences
Semantic processing of module FiniteSets
Semantic processing of module TLC
Semantic processing of module Integers
Semantic processing of module TLCExt
Semantic processing of module _TLCTrace
Semantic processing of module QuvEffectPreparation
Linting of module TLCExt
Linting of module _TLCTrace
Linting of module QuvEffectPreparation
Starting... (2026-09-06 02:44:50)
Computing initial states...
Computed 2 initial states...
Computed 4 initial states...
Computed 8 initial states...
Finished computing initial states: 16 distinct states generated at 2026-09-06 02:44:50.
Error: Invariant PreparationChecked is violated.
Error: The behavior up to this point is:
State 1: <Initial predicate>
/\ candidateOK = FALSE
/\ initiallyTerminal = TRUE
/\ live = FALSE
/\ ownInteraction = FALSE
/\ prepared = FALSE
/\ claimWasLive = FALSE
/\ bindingOK = FALSE
/\ phase = "Terminal"
/\ storagePrepared = FALSE
/\ admissionOK = TRUE

State 2: <Prepare line 13, col 12 to line 20, col 64 of module QuvEffectPreparation>
/\ candidateOK = FALSE
/\ initiallyTerminal = TRUE
/\ live = FALSE
/\ ownInteraction = FALSE
/\ prepared = TRUE
/\ claimWasLive = FALSE
/\ bindingOK = FALSE
/\ phase = "Terminal"
/\ storagePrepared = FALSE
/\ admissionOK = TRUE

20 states generated, 17 distinct states found, 12 states left on queue.
The depth of the complete state graph search is 2.
Finished in 00s at (2026-09-06 02:44:50)
Trace exploration spec path: ./QuvEffectPreparation_TTrace_1788677090.tla
expected counterexample observed: QuvEffectPreparation.tla: Invariant PreparationChecked is violated
TLC2 Version 2026.08.11.125311 (rev: 0894c34)
Warning: Please run the Java VM, which executes TLC with a throughput optimized garbage collector, by passing the "-XX:+UseParallelGC" property.
(Use the -nowarning option to disable this warning.)
Running breadth-first search Model-Checking with fp 57 and seed 3886648860969522873 with 1 worker on 24 cores with 24000MB heap and 64MB offheap memory [pid: 1500923] (Linux 6.17.9-76061709-generic amd64, Ubuntu 21.0.10 64bit, MSBDiskFPSet, DiskStateQueue).
Parsing file /tmp/tmp.0VrzSrvmCy/QuvEffectPreparation.tla
Parsing file /tmp/tlc-2622951547996603292/Naturals.tla (jar:file:/home/heathledger/Documents/ioi/repos/ioi/.internal/formal-cache/tools/tla/tla2tools.jar!/tla2sany/StandardModules/Naturals.tla)
Parsing file /tmp/tlc-2622951547996603292/_TLCTrace.tla (jar:file:/home/heathledger/Documents/ioi/repos/ioi/.internal/formal-cache/tools/tla/tla2tools.jar!/tla2sany/StandardModules/_TLCTrace.tla)
Parsing file /tmp/tlc-2622951547996603292/TLC.tla (jar:file:/home/heathledger/Documents/ioi/repos/ioi/.internal/formal-cache/tools/tla/tla2tools.jar!/tla2sany/StandardModules/TLC.tla)
Parsing file /tmp/tlc-2622951547996603292/TLCExt.tla (jar:file:/home/heathledger/Documents/ioi/repos/ioi/.internal/formal-cache/tools/tla/tla2tools.jar!/tla2sany/StandardModules/TLCExt.tla)
Parsing file /tmp/tlc-2622951547996603292/Sequences.tla (jar:file:/home/heathledger/Documents/ioi/repos/ioi/.internal/formal-cache/tools/tla/tla2tools.jar!/tla2sany/StandardModules/Sequences.tla)
Parsing file /tmp/tlc-2622951547996603292/FiniteSets.tla (jar:file:/home/heathledger/Documents/ioi/repos/ioi/.internal/formal-cache/tools/tla/tla2tools.jar!/tla2sany/StandardModules/FiniteSets.tla)
Parsing file /tmp/tlc-2622951547996603292/Integers.tla (jar:file:/home/heathledger/Documents/ioi/repos/ioi/.internal/formal-cache/tools/tla/tla2tools.jar!/tla2sany/StandardModules/Integers.tla)
Semantic processing of module Naturals
Semantic processing of module Sequences
Semantic processing of module FiniteSets
Semantic processing of module TLC
Semantic processing of module Integers
Semantic processing of module TLCExt
Semantic processing of module _TLCTrace
Semantic processing of module QuvEffectPreparation
Linting of module TLCExt
Linting of module _TLCTrace
Linting of module QuvEffectPreparation
Starting... (2026-09-06 02:44:50)
Computing initial states...
Computed 2 initial states...
Computed 4 initial states...
Computed 8 initial states...
Finished computing initial states: 16 distinct states generated at 2026-09-06 02:44:51.
Error: Invariant PreparationChecked is violated.
Error: The behavior up to this point is:
State 1: <Initial predicate>
/\ candidateOK = FALSE
/\ initiallyTerminal = FALSE
/\ live = FALSE
/\ ownInteraction = FALSE
/\ prepared = FALSE
/\ claimWasLive = FALSE
/\ bindingOK = TRUE
/\ phase = "Absent"
/\ storagePrepared = FALSE
/\ admissionOK = TRUE

State 2: <Prepare line 13, col 12 to line 20, col 64 of module QuvEffectPreparation>
/\ candidateOK = FALSE
/\ initiallyTerminal = FALSE
/\ live = FALSE
/\ ownInteraction = FALSE
/\ prepared = TRUE
/\ claimWasLive = FALSE
/\ bindingOK = TRUE
/\ phase = "Prepared"
/\ storagePrepared = TRUE
/\ admissionOK = TRUE

27 states generated, 17 distinct states found, 5 states left on queue.
The depth of the complete state graph search is 2.
Finished in 00s at (2026-09-06 02:44:51)
Trace exploration spec path: ./QuvEffectPreparation_TTrace_1788677090.tla
expected counterexample observed: QuvEffectPreparation.tla: Invariant PreparationChecked is violated
TLC2 Version 2026.08.11.125311 (rev: 0894c34)
Warning: Please run the Java VM, which executes TLC with a throughput optimized garbage collector, by passing the "-XX:+UseParallelGC" property.
(Use the -nowarning option to disable this warning.)
Running breadth-first search Model-Checking with fp 62 and seed -544009159527022615 with 1 worker on 24 cores with 24000MB heap and 64MB offheap memory [pid: 1501088] (Linux 6.17.9-76061709-generic amd64, Ubuntu 21.0.10 64bit, MSBDiskFPSet, DiskStateQueue).
Parsing file /tmp/tmp.hPVIk4ZjEs/QuvEffectPreparation.tla
Parsing file /tmp/tlc-3292566208712681326/Naturals.tla (jar:file:/home/heathledger/Documents/ioi/repos/ioi/.internal/formal-cache/tools/tla/tla2tools.jar!/tla2sany/StandardModules/Naturals.tla)
Parsing file /tmp/tlc-3292566208712681326/_TLCTrace.tla (jar:file:/home/heathledger/Documents/ioi/repos/ioi/.internal/formal-cache/tools/tla/tla2tools.jar!/tla2sany/StandardModules/_TLCTrace.tla)
Parsing file /tmp/tlc-3292566208712681326/TLC.tla (jar:file:/home/heathledger/Documents/ioi/repos/ioi/.internal/formal-cache/tools/tla/tla2tools.jar!/tla2sany/StandardModules/TLC.tla)
Parsing file /tmp/tlc-3292566208712681326/TLCExt.tla (jar:file:/home/heathledger/Documents/ioi/repos/ioi/.internal/formal-cache/tools/tla/tla2tools.jar!/tla2sany/StandardModules/TLCExt.tla)
Parsing file /tmp/tlc-3292566208712681326/Sequences.tla (jar:file:/home/heathledger/Documents/ioi/repos/ioi/.internal/formal-cache/tools/tla/tla2tools.jar!/tla2sany/StandardModules/Sequences.tla)
Parsing file /tmp/tlc-3292566208712681326/FiniteSets.tla (jar:file:/home/heathledger/Documents/ioi/repos/ioi/.internal/formal-cache/tools/tla/tla2tools.jar!/tla2sany/StandardModules/FiniteSets.tla)
Parsing file /tmp/tlc-3292566208712681326/Integers.tla (jar:file:/home/heathledger/Documents/ioi/repos/ioi/.internal/formal-cache/tools/tla/tla2tools.jar!/tla2sany/StandardModules/Integers.tla)
Semantic processing of module Naturals
Semantic processing of module Sequences
Semantic processing of module FiniteSets
Semantic processing of module TLC
Semantic processing of module Integers
Semantic processing of module TLCExt
Semantic processing of module _TLCTrace
Semantic processing of module QuvEffectPreparation
Linting of module TLCExt
Linting of module _TLCTrace
Linting of module QuvEffectPreparation
Starting... (2026-09-06 02:44:51)
Computing initial states...
Computed 2 initial states...
Computed 4 initial states...
Computed 8 initial states...
Finished computing initial states: 16 distinct states generated at 2026-09-06 02:44:51.
Error: Invariant GrantIsOwn is violated.
Error: The behavior up to this point is:
State 1: <Initial predicate>
/\ candidateOK = FALSE
/\ initiallyTerminal = TRUE
/\ live = FALSE
/\ ownInteraction = FALSE
/\ prepared = FALSE
/\ claimWasLive = FALSE
/\ bindingOK = TRUE
/\ phase = "Terminal"
/\ storagePrepared = FALSE
/\ admissionOK = TRUE

State 2: <Prepare line 13, col 12 to line 20, col 64 of module QuvEffectPreparation>
/\ candidateOK = FALSE
/\ initiallyTerminal = TRUE
/\ live = TRUE
/\ ownInteraction = FALSE
/\ prepared = TRUE
/\ claimWasLive = FALSE
/\ bindingOK = TRUE
/\ phase = "Terminal"
/\ storagePrepared = FALSE
/\ admissionOK = TRUE

28 states generated, 17 distinct states found, 4 states left on queue.
The depth of the complete state graph search is 2.
Finished in 00s at (2026-09-06 02:44:51)
Trace exploration spec path: ./QuvEffectPreparation_TTrace_1788677091.tla
expected counterexample observed: QuvEffectPreparation.tla: Invariant GrantIsOwn is violated
TLC2 Version 2026.08.11.125311 (rev: 0894c34)
Warning: Please run the Java VM, which executes TLC with a throughput optimized garbage collector, by passing the "-XX:+UseParallelGC" property.
(Use the -nowarning option to disable this warning.)
Running breadth-first search Model-Checking with fp 129 and seed -818514375891806546 with 1 worker on 24 cores with 24000MB heap and 64MB offheap memory [pid: 1501233] (Linux 6.17.9-76061709-generic amd64, Ubuntu 21.0.10 64bit, MSBDiskFPSet, DiskStateQueue).
Parsing file /tmp/tmp.ymItqIymrt/QuvEffectPreparation.tla
Parsing file /tmp/tlc-10677133739181940500/Naturals.tla (jar:file:/home/heathledger/Documents/ioi/repos/ioi/.internal/formal-cache/tools/tla/tla2tools.jar!/tla2sany/StandardModules/Naturals.tla)
Parsing file /tmp/tlc-10677133739181940500/_TLCTrace.tla (jar:file:/home/heathledger/Documents/ioi/repos/ioi/.internal/formal-cache/tools/tla/tla2tools.jar!/tla2sany/StandardModules/_TLCTrace.tla)
Parsing file /tmp/tlc-10677133739181940500/TLC.tla (jar:file:/home/heathledger/Documents/ioi/repos/ioi/.internal/formal-cache/tools/tla/tla2tools.jar!/tla2sany/StandardModules/TLC.tla)
Parsing file /tmp/tlc-10677133739181940500/TLCExt.tla (jar:file:/home/heathledger/Documents/ioi/repos/ioi/.internal/formal-cache/tools/tla/tla2tools.jar!/tla2sany/StandardModules/TLCExt.tla)
Parsing file /tmp/tlc-10677133739181940500/Sequences.tla (jar:file:/home/heathledger/Documents/ioi/repos/ioi/.internal/formal-cache/tools/tla/tla2tools.jar!/tla2sany/StandardModules/Sequences.tla)
Parsing file /tmp/tlc-10677133739181940500/FiniteSets.tla (jar:file:/home/heathledger/Documents/ioi/repos/ioi/.internal/formal-cache/tools/tla/tla2tools.jar!/tla2sany/StandardModules/FiniteSets.tla)
Parsing file /tmp/tlc-10677133739181940500/Integers.tla (jar:file:/home/heathledger/Documents/ioi/repos/ioi/.internal/formal-cache/tools/tla/tla2tools.jar!/tla2sany/StandardModules/Integers.tla)
Semantic processing of module Naturals
Semantic processing of module Sequences
Semantic processing of module FiniteSets
Semantic processing of module TLC
Semantic processing of module Integers
Semantic processing of module TLCExt
Semantic processing of module _TLCTrace
Semantic processing of module QuvEffectPreparation
Linting of module TLCExt
Linting of module _TLCTrace
Linting of module QuvEffectPreparation
Starting... (2026-09-06 02:44:51)
Computing initial states...
Computed 2 initial states...
Computed 4 initial states...
Computed 8 initial states...
Finished computing initial states: 16 distinct states generated at 2026-09-06 02:44:51.
Error: Invariant TerminalReadOnly is violated.
Error: The behavior up to this point is:
State 1: <Initial predicate>
/\ candidateOK = FALSE
/\ initiallyTerminal = TRUE
/\ live = FALSE
/\ ownInteraction = FALSE
/\ prepared = FALSE
/\ claimWasLive = FALSE
/\ bindingOK = TRUE
/\ phase = "Terminal"
/\ storagePrepared = FALSE
/\ admissionOK = TRUE

State 2: <Prepare line 13, col 12 to line 20, col 64 of module QuvEffectPreparation>
/\ candidateOK = FALSE
/\ initiallyTerminal = TRUE
/\ live = FALSE
/\ ownInteraction = FALSE
/\ prepared = TRUE
/\ claimWasLive = FALSE
/\ bindingOK = TRUE
/\ phase = "Terminal"
/\ storagePrepared = TRUE
/\ admissionOK = TRUE

28 states generated, 17 distinct states found, 4 states left on queue.
The depth of the complete state graph search is 2.
Finished in 00s at (2026-09-06 02:44:51)
Trace exploration spec path: ./QuvEffectPreparation_TTrace_1788677091.tla
expected counterexample observed: QuvEffectPreparation.tla: Invariant TerminalReadOnly is violated
