   Compiling serde v1.0.228
   Compiling bitflags v2.11.0
   Compiling libp2p-identity v0.2.13
   Compiling serde_json v1.0.149
   Compiling num-traits v0.2.19
   Compiling half v2.7.1
   Compiling openssl v0.10.75
   Compiling ciborium-ll v0.2.2
   Compiling multiaddr v0.18.2
   Compiling parity-scale-codec v3.7.5
   Compiling serde_urlencoded v0.7.1
   Compiling bcs v0.1.6
   Compiling ciborium v0.2.2
   Compiling plotters v0.3.7
   Compiling libp2p-core v0.41.3
   Compiling schemars v0.8.22
   Compiling serde_jcs v0.1.0
   Compiling tinytemplate v1.2.1
   Compiling libp2p-swarm v0.44.2
   Compiling libp2p-noise v0.44.0
   Compiling libp2p-yamux v0.45.2
   Compiling libp2p-tcp v0.41.0
   Compiling criterion v0.5.1
   Compiling native-tls v0.2.18
   Compiling libp2p-allow-block-list v0.3.0
   Compiling libp2p-gossipsub v0.46.1
   Compiling libp2p-mdns v0.45.1
   Compiling libp2p-identify v0.44.2
   Compiling libp2p-request-response v0.26.3
   Compiling libp2p-connection-limits v0.3.1
   Compiling tokio-native-tls v0.3.1
   Compiling hyper-tls v0.5.0
   Compiling reqwest v0.11.27
   Compiling libp2p v0.53.2
   Compiling ioi-types v0.1.0 (/home/heathledger/Documents/ioi/repos/ioi/crates/types)
warning: structure field `runtimeTruthSource` should have a snake case name
    --> crates/types/src/app/generated/architecture_contracts.rs:5223:9
     |
5223 |     pub runtimeTruthSource: Option<GoalRunV1RuntimeTruthSource>,
     |         ^^^^^^^^^^^^^^^^^^ help: convert the identifier to snake case: `runtime_truth_source`
     |
     = note: `#[warn(non_snake_case)]` (part of `#[warn(nonstandard_style)]`) on by default

warning: structure field `runtimeTruthSource` should have a snake case name
    --> crates/types/src/app/generated/architecture_contracts.rs:9220:9
     |
9220 |     pub runtimeTruthSource: ArtifactAvailabilityIncidentOperationV1RuntimeTruthSource,
     |         ^^^^^^^^^^^^^^^^^^ help: convert the identifier to snake case: `runtime_truth_source`

warning: structure field `agentgresTruthSource` should have a snake case name
    --> crates/types/src/app/generated/architecture_contracts.rs:9221:9
     |
9221 |     pub agentgresTruthSource: ArtifactAvailabilityIncidentOperationV1AgentgresTruthSource,
     |         ^^^^^^^^^^^^^^^^^^^^ help: convert the identifier to snake case: `agentgres_truth_source`

warning: structure field `runtimeTruthSource` should have a snake case name
    --> crates/types/src/app/generated/architecture_contracts.rs:9480:9
     |
9480 |     pub runtimeTruthSource: ArtifactAvailabilityIncidentV1RuntimeTruthSource,
     |         ^^^^^^^^^^^^^^^^^^ help: convert the identifier to snake case: `runtime_truth_source`

warning: structure field `runtimeTruthSource` should have a snake case name
    --> crates/types/src/app/generated/architecture_contracts.rs:9718:9
     |
9718 |     pub runtimeTruthSource: ArtifactAvailabilityIncidentV1AgentgresOperationRuntimeTruthSource,
     |         ^^^^^^^^^^^^^^^^^^ help: convert the identifier to snake case: `runtime_truth_source`

warning: structure field `agentgresTruthSource` should have a snake case name
    --> crates/types/src/app/generated/architecture_contracts.rs:9719:9
     |
9719 |     pub agentgresTruthSource: ArtifactAvailabilityIncidentV1AgentgresOperationAgentgresTruthSource,
     |         ^^^^^^^^^^^^^^^^^^^^ help: convert the identifier to snake case: `agentgres_truth_source`

warning: structure field `requiresDaemonGate` should have a snake case name
     --> crates/types/src/app/generated/architecture_contracts.rs:26731:9
      |
26731 |     pub requiresDaemonGate: HarnessSessionBindingAdmissionV1RequiresDaemonGate,
      |         ^^^^^^^^^^^^^^^^^^ help: convert the identifier to snake case: `requires_daemon_gate`

warning: structure field `runtimeTruthSource` should have a snake case name
     --> crates/types/src/app/generated/architecture_contracts.rs:26732:9
      |
26732 |     pub runtimeTruthSource: HarnessSessionBindingAdmissionV1RuntimeTruthSource,
      |         ^^^^^^^^^^^^^^^^^^ help: convert the identifier to snake case: `runtime_truth_source`

warning: structure field `runtimeTruthSource` should have a snake case name
     --> crates/types/src/app/generated/architecture_contracts.rs:27154:9
      |
27154 |     pub runtimeTruthSource: HarnessSessionBindingV1RuntimeTruthSource,
      |         ^^^^^^^^^^^^^^^^^^ help: convert the identifier to snake case: `runtime_truth_source`

warning: structure field `requiresDaemonGate` should have a snake case name
     --> crates/types/src/app/generated/architecture_contracts.rs:27566:9
      |
27566 |     pub requiresDaemonGate: HarnessSessionReadinessV1RequiresDaemonGate,
      |         ^^^^^^^^^^^^^^^^^^ help: convert the identifier to snake case: `requires_daemon_gate`

warning: structure field `runtimeTruthSource` should have a snake case name
     --> crates/types/src/app/generated/architecture_contracts.rs:27567:9
      |
27567 |     pub runtimeTruthSource: HarnessSessionReadinessV1RuntimeTruthSource,
      |         ^^^^^^^^^^^^^^^^^^ help: convert the identifier to snake case: `runtime_truth_source`

warning: structure field `requiresDaemonGate` should have a snake case name
     --> crates/types/src/app/generated/architecture_contracts.rs:27844:9
      |
27844 |     pub requiresDaemonGate: HarnessSessionSpawnV1RequiresDaemonGate,
      |         ^^^^^^^^^^^^^^^^^^ help: convert the identifier to snake case: `requires_daemon_gate`

warning: structure field `runtimeTruthSource` should have a snake case name
     --> crates/types/src/app/generated/architecture_contracts.rs:27845:9
      |
27845 |     pub runtimeTruthSource: HarnessSessionSpawnV1RuntimeTruthSource,
      |         ^^^^^^^^^^^^^^^^^^ help: convert the identifier to snake case: `runtime_truth_source`

warning: structure field `requiresDaemonGate` should have a snake case name
     --> crates/types/src/app/generated/architecture_contracts.rs:28316:9
      |
28316 |     pub requiresDaemonGate: HarnessSessionTerminalAttachV1RequiresDaemonGate,
      |         ^^^^^^^^^^^^^^^^^^ help: convert the identifier to snake case: `requires_daemon_gate`

warning: structure field `runtimeTruthSource` should have a snake case name
     --> crates/types/src/app/generated/architecture_contracts.rs:28317:9
      |
28317 |     pub runtimeTruthSource: HarnessSessionTerminalAttachV1RuntimeTruthSource,
      |         ^^^^^^^^^^^^^^^^^^ help: convert the identifier to snake case: `runtime_truth_source`

warning: structure field `runtimeTruthSource` should have a snake case name
     --> crates/types/src/app/generated/architecture_contracts.rs:28756:9
      |
28756 |     pub runtimeTruthSource:
      |         ^^^^^^^^^^^^^^^^^^ help: convert the identifier to snake case: `runtime_truth_source`

warning: structure field `requiresDaemonGate` should have a snake case name
     --> crates/types/src/app/generated/architecture_contracts.rs:31709:9
      |
31709 |     pub requiresDaemonGate: HypervisorSessionLaunchRecipeAdmissionV1RequiresDaemonGate,
      |         ^^^^^^^^^^^^^^^^^^ help: convert the identifier to snake case: `requires_daemon_gate`

warning: structure field `runtimeTruthSource` should have a snake case name
     --> crates/types/src/app/generated/architecture_contracts.rs:31710:9
      |
31710 |     pub runtimeTruthSource: HypervisorSessionLaunchRecipeAdmissionV1RuntimeTruthSource,
      |         ^^^^^^^^^^^^^^^^^^ help: convert the identifier to snake case: `runtime_truth_source`

warning: structure field `runtimeTruthSource` should have a snake case name
     --> crates/types/src/app/generated/architecture_contracts.rs:93444:9
      |
93444 |     pub runtimeTruthSource: ManagedWorkerInstanceStateV1LastTransitionAdmissionRuntimeTruthSource,
      |         ^^^^^^^^^^^^^^^^^^ help: convert the identifier to snake case: `runtime_truth_source`

   Compiling ioi-api v0.1.0 (/home/heathledger/Documents/ioi/repos/ioi/crates/api)
warning: `ioi-types` (lib) generated 19 warnings
   Compiling ioi-crypto v0.1.0 (/home/heathledger/Documents/ioi/repos/ioi/crates/crypto)
warning: variable does not need to be mutable
   --> crates/crypto/src/sign/guardian_committee/tests.rs:172:9
    |
172 |     let mut without_endpoints = test_manifest(&member_keys);
    |         ----^^^^^^^^^^^^^^^^^
    |         |
    |         help: remove this `mut`
    |
    = note: `#[warn(unused_mut)]` (part of `#[warn(unused)]`) on by default

warning: variable does not need to be mutable
   --> crates/crypto/src/sign/guardian_committee/tests.rs:189:9
    |
189 |     let mut without_endpoints = test_witness_manifest(&member_keys);
    |         ----^^^^^^^^^^^^^^^^^
    |         |
    |         help: remove this `mut`

warning: `ioi-crypto` (lib test) generated 2 warnings (run `cargo fix --lib -p ioi-crypto --tests` to apply 2 suggestions)
    Finished `test` profile [unoptimized + debuginfo] target(s) in 1m 11s
     Running unittests src/lib.rs (target/debug/deps/ioi_crypto-4fd33614b370cab1)

running 6 tests
test transport::pq_authenticated_channel::tests::cross_configuration_replay_and_unenrolled_keys_fail_closed ... ok
test transport::pq_authenticated_channel::tests::server_ciphertext_and_signature_mutations_fail_closed ... ok
test transport::pq_authenticated_channel::tests::records_are_confidential_transcript_bound_and_replay_ordered ... ok
test transport::pq_authenticated_channel::tests::mutual_handshake_derives_complementary_transcript_bound_keys ... ok
test transport::pq_authenticated_channel::tests::transcript_and_key_confirmation_mutations_fail_closed ... ok
test transport::pq_authenticated_channel::tests::dual_endpoint_completion_evidence_is_offline_verifiable_and_payload_bound ... ok

test result: ok. 6 passed; 0 failed; 0 ignored; 0 measured; 58 filtered out; finished in 9.87s

