561352 openat(AT_FDCWD</home/heathledger/Documents/ioi/repos/ioi>, "/etc/ld.so.cache", O_RDONLY|O_CLOEXEC) = 3</etc/ld.so.cache>
561352 close(3</etc/ld.so.cache>)       = 0
561352 openat(AT_FDCWD</home/heathledger/Documents/ioi/repos/ioi>, "/lib/x86_64-linux-gnu/libstdc++.so.6", O_RDONLY|O_CLOEXEC) = 3</usr/lib/x86_64-linux-gnu/libstdc++.so.6.0.33>
561352 close(3</usr/lib/x86_64-linux-gnu/libstdc++.so.6.0.33>) = 0
561352 openat(AT_FDCWD</home/heathledger/Documents/ioi/repos/ioi>, "/lib/x86_64-linux-gnu/libgcc_s.so.1", O_RDONLY|O_CLOEXEC) = 3</usr/lib/x86_64-linux-gnu/libgcc_s.so.1>
561352 close(3</usr/lib/x86_64-linux-gnu/libgcc_s.so.1>) = 0
561352 openat(AT_FDCWD</home/heathledger/Documents/ioi/repos/ioi>, "/lib/x86_64-linux-gnu/libm.so.6", O_RDONLY|O_CLOEXEC) = 3</usr/lib/x86_64-linux-gnu/libm.so.6>
561352 close(3</usr/lib/x86_64-linux-gnu/libm.so.6>) = 0
561352 openat(AT_FDCWD</home/heathledger/Documents/ioi/repos/ioi>, "/lib/x86_64-linux-gnu/libc.so.6", O_RDONLY|O_CLOEXEC) = 3</usr/lib/x86_64-linux-gnu/libc.so.6>
561352 close(3</usr/lib/x86_64-linux-gnu/libc.so.6>) = 0
561352 openat(AT_FDCWD</home/heathledger/Documents/ioi/repos/ioi>, "/proc/self/maps", O_RDONLY|O_CLOEXEC) = 3</proc/561352/maps>
561352 close(3</proc/561352/maps>)      = 0
561352 openat(AT_FDCWD</home/heathledger/Documents/ioi/repos/ioi>, "/usr/share/terminfo/l/linux", O_RDONLY|O_CLOEXEC) = 3</usr/share/terminfo/l/linux>
561352 close(3</usr/share/terminfo/l/linux>) = 0
561352 openat(AT_FDCWD</home/heathledger/Documents/ioi/repos/ioi>, "/proc/self/cgroup", O_RDONLY|O_CLOEXEC) = 3</proc/561352/cgroup>
561352 close(3</proc/561352/cgroup>)    = 0
561352 openat(AT_FDCWD</home/heathledger/Documents/ioi/repos/ioi>, "/sys/fs/cgroup/user.slice/user-1000.slice/user@1000.service/app.slice/app-org.chromium.Chromium-101080.scope/cpu.max", O_RDONLY|O_CLOEXEC) = -1 ENOENT (No such file or directory)
561352 openat(AT_FDCWD</home/heathledger/Documents/ioi/repos/ioi>, "/sys/fs/cgroup/user.slice/user-1000.slice/user@1000.service/app.slice/cpu.max", O_RDONLY|O_CLOEXEC) = 3</sys/fs/cgroup/user.slice/user-1000.slice/user@1000.service/app.slice/cpu.max>
561352 close(3</sys/fs/cgroup/user.slice/user-1000.slice/user@1000.service/app.slice/cpu.max>) = 0
561352 openat(AT_FDCWD</home/heathledger/Documents/ioi/repos/ioi>, "/sys/fs/cgroup/user.slice/user-1000.slice/user@1000.service/cpu.max", O_RDONLY|O_CLOEXEC) = 3</sys/fs/cgroup/user.slice/user-1000.slice/user@1000.service/cpu.max>
561352 close(3</sys/fs/cgroup/user.slice/user-1000.slice/user@1000.service/cpu.max>) = 0
561352 openat(AT_FDCWD</home/heathledger/Documents/ioi/repos/ioi>, "/sys/fs/cgroup/user.slice/user-1000.slice/cpu.max", O_RDONLY|O_CLOEXEC) = 3</sys/fs/cgroup/user.slice/user-1000.slice/cpu.max>
561352 close(3</sys/fs/cgroup/user.slice/user-1000.slice/cpu.max>) = 0
561352 openat(AT_FDCWD</home/heathledger/Documents/ioi/repos/ioi>, "/sys/fs/cgroup/user.slice/cpu.max", O_RDONLY|O_CLOEXEC) = 3</sys/fs/cgroup/user.slice/cpu.max>
561352 close(3</sys/fs/cgroup/user.slice/cpu.max>) = 0
561352 openat(AT_FDCWD</home/heathledger/Documents/ioi/repos/ioi>, "/sys/fs/cgroup/cpu.max", O_RDONLY|O_CLOEXEC) = -1 ENOENT (No such file or directory)
561352 openat(AT_FDCWD</home/heathledger/Documents/ioi/repos/ioi>, "/proc/self/cgroup", O_RDONLY|O_CLOEXEC) = 3</proc/561352/cgroup>
561352 close(3</proc/561352/cgroup>)    = 0
561352 openat(AT_FDCWD</home/heathledger/Documents/ioi/repos/ioi>, "/sys/fs/cgroup/user.slice/user-1000.slice/user@1000.service/app.slice/app-org.chromium.Chromium-101080.scope/cpu.max", O_RDONLY|O_CLOEXEC) = -1 ENOENT (No such file or directory)
561352 openat(AT_FDCWD</home/heathledger/Documents/ioi/repos/ioi>, "/sys/fs/cgroup/user.slice/user-1000.slice/user@1000.service/app.slice/cpu.max", O_RDONLY|O_CLOEXEC) = 3</sys/fs/cgroup/user.slice/user-1000.slice/user@1000.service/app.slice/cpu.max>
561352 close(3</sys/fs/cgroup/user.slice/user-1000.slice/user@1000.service/app.slice/cpu.max>) = 0
561352 openat(AT_FDCWD</home/heathledger/Documents/ioi/repos/ioi>, "/sys/fs/cgroup/user.slice/user-1000.slice/user@1000.service/cpu.max", O_RDONLY|O_CLOEXEC) = 3</sys/fs/cgroup/user.slice/user-1000.slice/user@1000.service/cpu.max>
561352 close(3</sys/fs/cgroup/user.slice/user-1000.slice/user@1000.service/cpu.max>) = 0
561352 openat(AT_FDCWD</home/heathledger/Documents/ioi/repos/ioi>, "/sys/fs/cgroup/user.slice/user-1000.slice/cpu.max", O_RDONLY|O_CLOEXEC) = 3</sys/fs/cgroup/user.slice/user-1000.slice/cpu.max>
561352 close(3</sys/fs/cgroup/user.slice/user-1000.slice/cpu.max>) = 0
561352 openat(AT_FDCWD</home/heathledger/Documents/ioi/repos/ioi>, "/sys/fs/cgroup/user.slice/cpu.max", O_RDONLY|O_CLOEXEC) = 3</sys/fs/cgroup/user.slice/cpu.max>
561352 close(3</sys/fs/cgroup/user.slice/cpu.max>) = 0
561352 openat(AT_FDCWD</home/heathledger/Documents/ioi/repos/ioi>, "/sys/fs/cgroup/cpu.max", O_RDONLY|O_CLOEXEC) = -1 ENOENT (No such file or directory)
561353 mkdir("/tmp/.tmpGa8GNB", 0777)   = 0
561353 mkdir("/tmp/.tmpGa8GNB", 0700)   = -1 EEXIST (File exists)
561353 openat(AT_FDCWD</home/heathledger/Documents/ioi/repos/ioi>, "/tmp/.tmpGa8GNB", O_RDONLY|O_CLOEXEC) = 3</tmp/.tmpGa8GNB>
561353 fsync(3</tmp/.tmpGa8GNB>)        = 0
561353 close(3</tmp/.tmpGa8GNB>)        = 0
561353 openat(AT_FDCWD</home/heathledger/Documents/ioi/repos/ioi>, "/tmp", O_RDONLY|O_CLOEXEC) = 3</tmp>
561353 fsync(3</tmp>)                   = 0
561353 close(3</tmp>)                   = 0
561353 openat(AT_FDCWD</home/heathledger/Documents/ioi/repos/ioi>, "/", O_RDONLY|O_CLOEXEC) = 3</>
561353 fsync(3</>)                      = 0
561353 close(3</>)                      = 0
561353 openat(AT_FDCWD</home/heathledger/Documents/ioi/repos/ioi>, "/tmp/.tmpGa8GNB/index.outbox.lock", O_RDWR|O_CREAT|O_CLOEXEC, 0600) = 3</tmp/.tmpGa8GNB/index.outbox.lock>
561353 openat(AT_FDCWD</home/heathledger/Documents/ioi/repos/ioi>, "/tmp/.tmpGa8GNB/index.outbox.tmp", O_WRONLY|O_CREAT|O_TRUNC|O_CLOEXEC, 0600) = 4</tmp/.tmpGa8GNB/index.outbox.tmp>
561353 fsync(4</tmp/.tmpGa8GNB/index.outbox.tmp>) = 0
561353 rename("/tmp/.tmpGa8GNB/index.outbox.tmp", "/tmp/.tmpGa8GNB/index.outbox") = 0
561353 openat(AT_FDCWD</home/heathledger/Documents/ioi/repos/ioi>, "/tmp/.tmpGa8GNB", O_RDONLY|O_CLOEXEC) = 5</tmp/.tmpGa8GNB>
561353 fsync(5</tmp/.tmpGa8GNB>)        = 0
561353 close(5</tmp/.tmpGa8GNB>)        = 0
561353 close(4</tmp/.tmpGa8GNB/index.outbox>) = 0
561353 mkdir("/tmp/.tmpGa8GNB/index.outbox.entries", 0700) = 0
561353 openat(AT_FDCWD</home/heathledger/Documents/ioi/repos/ioi>, "/tmp/.tmpGa8GNB/index.outbox.entries", O_RDONLY|O_CLOEXEC) = 4</tmp/.tmpGa8GNB/index.outbox.entries>
561353 fsync(4</tmp/.tmpGa8GNB/index.outbox.entries>) = 0
561353 close(4</tmp/.tmpGa8GNB/index.outbox.entries>) = 0
561353 openat(AT_FDCWD</home/heathledger/Documents/ioi/repos/ioi>, "/tmp/.tmpGa8GNB", O_RDONLY|O_CLOEXEC) = 4</tmp/.tmpGa8GNB>
561353 fsync(4</tmp/.tmpGa8GNB>)        = 0
561353 close(4</tmp/.tmpGa8GNB>)        = 0
561353 openat(AT_FDCWD</home/heathledger/Documents/ioi/repos/ioi>, "/tmp", O_RDONLY|O_CLOEXEC) = 4</tmp>
561353 fsync(4</tmp>)                   = 0
561353 close(4</tmp>)                   = 0
561353 openat(AT_FDCWD</home/heathledger/Documents/ioi/repos/ioi>, "/", O_RDONLY|O_CLOEXEC) = 4</>
561353 fsync(4</>)                      = 0
561353 close(4</>)                      = 0
561353 openat(AT_FDCWD</home/heathledger/Documents/ioi/repos/ioi>, "/tmp/.tmpGa8GNB/index.outbox.tmp", O_WRONLY|O_CREAT|O_TRUNC|O_CLOEXEC, 0600) = 4</tmp/.tmpGa8GNB/index.outbox.tmp>
561353 fsync(4</tmp/.tmpGa8GNB/index.outbox.tmp>) = 0
561353 rename("/tmp/.tmpGa8GNB/index.outbox.tmp", "/tmp/.tmpGa8GNB/index.outbox") = 0
561353 openat(AT_FDCWD</home/heathledger/Documents/ioi/repos/ioi>, "/tmp/.tmpGa8GNB", O_RDONLY|O_CLOEXEC) = 5</tmp/.tmpGa8GNB>
561353 fsync(5</tmp/.tmpGa8GNB>)        = 0
561353 close(5</tmp/.tmpGa8GNB>)        = 0
561353 close(4</tmp/.tmpGa8GNB/index.outbox>) = 0
561353 openat(AT_FDCWD</home/heathledger/Documents/ioi/repos/ioi>, "/tmp/.tmpGa8GNB/index.outbox.entries/5dfef5269539fbeb942857a332aaf071ac4daee0ef03b0deb678ef8c89004937.tmp", O_WRONLY|O_CREAT|O_TRUNC|O_CLOEXEC, 0600) = 4</tmp/.tmpGa8GNB/index.outbox.entries/5dfef5269539fbeb942857a332aaf071ac4daee0ef03b0deb678ef8c89004937.tmp>
561353 fsync(4</tmp/.tmpGa8GNB/index.outbox.entries/5dfef5269539fbeb942857a332aaf071ac4daee0ef03b0deb678ef8c89004937.tmp>) = 0
561353 rename("/tmp/.tmpGa8GNB/index.outbox.entries/5dfef5269539fbeb942857a332aaf071ac4daee0ef03b0deb678ef8c89004937.tmp", "/tmp/.tmpGa8GNB/index.outbox.entries/5dfef5269539fbeb942857a332aaf071ac4daee0ef03b0deb678ef8c89004937") = 0
561353 openat(AT_FDCWD</home/heathledger/Documents/ioi/repos/ioi>, "/tmp/.tmpGa8GNB/index.outbox.entries", O_RDONLY|O_CLOEXEC) = 5</tmp/.tmpGa8GNB/index.outbox.entries>
561353 fsync(5</tmp/.tmpGa8GNB/index.outbox.entries>) = 0
561353 close(5</tmp/.tmpGa8GNB/index.outbox.entries>) = 0
561353 close(4</tmp/.tmpGa8GNB/index.outbox.entries/5dfef5269539fbeb942857a332aaf071ac4daee0ef03b0deb678ef8c89004937>) = 0
561353 openat(AT_FDCWD</home/heathledger/Documents/ioi/repos/ioi>, "/tmp/.tmpGa8GNB/index.outbox.tmp", O_WRONLY|O_CREAT|O_TRUNC|O_CLOEXEC, 0600) = 4</tmp/.tmpGa8GNB/index.outbox.tmp>
561353 fsync(4</tmp/.tmpGa8GNB/index.outbox.tmp>) = 0
561353 rename("/tmp/.tmpGa8GNB/index.outbox.tmp", "/tmp/.tmpGa8GNB/index.outbox") = 0
561353 openat(AT_FDCWD</home/heathledger/Documents/ioi/repos/ioi>, "/tmp/.tmpGa8GNB", O_RDONLY|O_CLOEXEC) = 5</tmp/.tmpGa8GNB>
561353 fsync(5</tmp/.tmpGa8GNB>)        = 0
561353 close(5</tmp/.tmpGa8GNB>)        = 0
561353 close(4</tmp/.tmpGa8GNB/index.outbox>) = 0
561353 openat(AT_FDCWD</home/heathledger/Documents/ioi/repos/ioi>, "/tmp/.tmpGa8GNB/index.outbox.entries", O_RDONLY|O_CLOEXEC) = 4</tmp/.tmpGa8GNB/index.outbox.entries>
561353 fsync(4</tmp/.tmpGa8GNB/index.outbox.entries>) = 0
561353 close(4</tmp/.tmpGa8GNB/index.outbox.entries>) = 0
561353 openat(AT_FDCWD</home/heathledger/Documents/ioi/repos/ioi>, "/tmp/.tmpGa8GNB/index.outbox", O_RDONLY|O_CLOEXEC) = 4</tmp/.tmpGa8GNB/index.outbox>
561353 close(4</tmp/.tmpGa8GNB/index.outbox>) = 0
561353 openat(AT_FDCWD</home/heathledger/Documents/ioi/repos/ioi>, "/tmp/.tmpGa8GNB/index.outbox.entries/bfda7557b26ba2db032dad88ee86dfb65e5a135d89854df67a6244e165dae759.tmp", O_WRONLY|O_CREAT|O_TRUNC|O_CLOEXEC, 0600) = 4</tmp/.tmpGa8GNB/index.outbox.entries/bfda7557b26ba2db032dad88ee86dfb65e5a135d89854df67a6244e165dae759.tmp>
561353 fsync(4</tmp/.tmpGa8GNB/index.outbox.entries/bfda7557b26ba2db032dad88ee86dfb65e5a135d89854df67a6244e165dae759.tmp>) = 0
561353 rename("/tmp/.tmpGa8GNB/index.outbox.entries/bfda7557b26ba2db032dad88ee86dfb65e5a135d89854df67a6244e165dae759.tmp", "/tmp/.tmpGa8GNB/index.outbox.entries/bfda7557b26ba2db032dad88ee86dfb65e5a135d89854df67a6244e165dae759") = 0
561353 openat(AT_FDCWD</home/heathledger/Documents/ioi/repos/ioi>, "/tmp/.tmpGa8GNB/index.outbox.entries", O_RDONLY|O_CLOEXEC) = 5</tmp/.tmpGa8GNB/index.outbox.entries>
561353 fsync(5</tmp/.tmpGa8GNB/index.outbox.entries>) = 0
561353 close(5</tmp/.tmpGa8GNB/index.outbox.entries>) = 0
561353 close(4</tmp/.tmpGa8GNB/index.outbox.entries/bfda7557b26ba2db032dad88ee86dfb65e5a135d89854df67a6244e165dae759>) = 0
561353 openat(AT_FDCWD</home/heathledger/Documents/ioi/repos/ioi>, "/tmp/.tmpGa8GNB/index.outbox", O_RDONLY|O_CLOEXEC) = 4</tmp/.tmpGa8GNB/index.outbox>
561353 close(4</tmp/.tmpGa8GNB/index.outbox>) = 0
561353 close(3</tmp/.tmpGa8GNB/index.outbox.lock>) = 0
561353 mkdir("/tmp/.tmpGa8GNB", 0700)   = -1 EEXIST (File exists)
561353 openat(AT_FDCWD</home/heathledger/Documents/ioi/repos/ioi>, "/tmp/.tmpGa8GNB", O_RDONLY|O_CLOEXEC) = 3</tmp/.tmpGa8GNB>
561353 fsync(3</tmp/.tmpGa8GNB>)        = 0
561353 close(3</tmp/.tmpGa8GNB>)        = 0
561353 openat(AT_FDCWD</home/heathledger/Documents/ioi/repos/ioi>, "/tmp", O_RDONLY|O_CLOEXEC) = 3</tmp>
561353 fsync(3</tmp>)                   = 0
561353 close(3</tmp>)                   = 0
561353 openat(AT_FDCWD</home/heathledger/Documents/ioi/repos/ioi>, "/", O_RDONLY|O_CLOEXEC) = 3</>
561353 fsync(3</>)                      = 0
561353 close(3</>)                      = 0
561353 openat(AT_FDCWD</home/heathledger/Documents/ioi/repos/ioi>, "/tmp/.tmpGa8GNB/index.outbox.lock", O_RDWR|O_CREAT|O_CLOEXEC, 0600) = 3</tmp/.tmpGa8GNB/index.outbox.lock>
561353 openat(AT_FDCWD</home/heathledger/Documents/ioi/repos/ioi>, "/tmp/.tmpGa8GNB/index.outbox", O_RDONLY|O_CLOEXEC) = 4</tmp/.tmpGa8GNB/index.outbox>
561353 close(4</tmp/.tmpGa8GNB/index.outbox>) = 0
561353 openat(AT_FDCWD</home/heathledger/Documents/ioi/repos/ioi>, "/tmp/.tmpGa8GNB/index.outbox", O_RDONLY|O_CLOEXEC) = 4</tmp/.tmpGa8GNB/index.outbox>
561353 close(4</tmp/.tmpGa8GNB/index.outbox>) = 0
561353 openat(AT_FDCWD</home/heathledger/Documents/ioi/repos/ioi>, "/tmp/.tmpGa8GNB/index.outbox.entries/5dfef5269539fbeb942857a332aaf071ac4daee0ef03b0deb678ef8c89004937", O_RDONLY|O_CLOEXEC) = 4</tmp/.tmpGa8GNB/index.outbox.entries/5dfef5269539fbeb942857a332aaf071ac4daee0ef03b0deb678ef8c89004937>
561353 close(4</tmp/.tmpGa8GNB/index.outbox.entries/5dfef5269539fbeb942857a332aaf071ac4daee0ef03b0deb678ef8c89004937>) = 0
561353 openat(AT_FDCWD</home/heathledger/Documents/ioi/repos/ioi>, "/tmp/.tmpGa8GNB/index.outbox.entries", O_RDONLY|O_NONBLOCK|O_CLOEXEC|O_DIRECTORY) = 4</tmp/.tmpGa8GNB/index.outbox.entries>
561353 close(4</tmp/.tmpGa8GNB/index.outbox.entries>) = 0
561353 openat(AT_FDCWD</home/heathledger/Documents/ioi/repos/ioi>, "/tmp/.tmpGa8GNB/index.outbox.entries", O_RDONLY|O_CLOEXEC) = 4</tmp/.tmpGa8GNB/index.outbox.entries>
561353 fsync(4</tmp/.tmpGa8GNB/index.outbox.entries>) = 0
561353 close(4</tmp/.tmpGa8GNB/index.outbox.entries>) = 0
561353 openat(AT_FDCWD</home/heathledger/Documents/ioi/repos/ioi>, "/tmp/.tmpGa8GNB/index.outbox.entries/bfda7557b26ba2db032dad88ee86dfb65e5a135d89854df67a6244e165dae759.tmp", O_WRONLY|O_CREAT|O_TRUNC|O_CLOEXEC, 0600) = 4</tmp/.tmpGa8GNB/index.outbox.entries/bfda7557b26ba2db032dad88ee86dfb65e5a135d89854df67a6244e165dae759.tmp>
561353 fsync(4</tmp/.tmpGa8GNB/index.outbox.entries/bfda7557b26ba2db032dad88ee86dfb65e5a135d89854df67a6244e165dae759.tmp>) = 0
561353 rename("/tmp/.tmpGa8GNB/index.outbox.entries/bfda7557b26ba2db032dad88ee86dfb65e5a135d89854df67a6244e165dae759.tmp", "/tmp/.tmpGa8GNB/index.outbox.entries/bfda7557b26ba2db032dad88ee86dfb65e5a135d89854df67a6244e165dae759") = 0
561353 openat(AT_FDCWD</home/heathledger/Documents/ioi/repos/ioi>, "/tmp/.tmpGa8GNB/index.outbox.entries", O_RDONLY|O_CLOEXEC) = 5</tmp/.tmpGa8GNB/index.outbox.entries>
561353 fsync(5</tmp/.tmpGa8GNB/index.outbox.entries>) = 0
561353 close(5</tmp/.tmpGa8GNB/index.outbox.entries>) = 0
561353 close(4</tmp/.tmpGa8GNB/index.outbox.entries/bfda7557b26ba2db032dad88ee86dfb65e5a135d89854df67a6244e165dae759>) = 0
561353 openat(AT_FDCWD</home/heathledger/Documents/ioi/repos/ioi>, "/tmp/.tmpGa8GNB/index.outbox.tmp", O_WRONLY|O_CREAT|O_TRUNC|O_CLOEXEC, 0600) = 4</tmp/.tmpGa8GNB/index.outbox.tmp>
561353 fsync(4</tmp/.tmpGa8GNB/index.outbox.tmp>) = 0
561353 rename("/tmp/.tmpGa8GNB/index.outbox.tmp", "/tmp/.tmpGa8GNB/index.outbox") = 0
561353 openat(AT_FDCWD</home/heathledger/Documents/ioi/repos/ioi>, "/tmp/.tmpGa8GNB", O_RDONLY|O_CLOEXEC) = 5</tmp/.tmpGa8GNB>
561353 fsync(5</tmp/.tmpGa8GNB>)        = 0
561353 close(5</tmp/.tmpGa8GNB>)        = 0
561353 close(4</tmp/.tmpGa8GNB/index.outbox>) = 0
561353 openat(AT_FDCWD</home/heathledger/Documents/ioi/repos/ioi>, "/tmp/.tmpGa8GNB/index.outbox.entries", O_RDONLY|O_CLOEXEC) = 4</tmp/.tmpGa8GNB/index.outbox.entries>
561353 fsync(4</tmp/.tmpGa8GNB/index.outbox.entries>) = 0
561353 close(4</tmp/.tmpGa8GNB/index.outbox.entries>) = 0
561353 openat(AT_FDCWD</home/heathledger/Documents/ioi/repos/ioi>, "/tmp/.tmpGa8GNB/index.outbox.tmp", O_WRONLY|O_CREAT|O_TRUNC|O_CLOEXEC, 0600) = 4</tmp/.tmpGa8GNB/index.outbox.tmp>
561353 fsync(4</tmp/.tmpGa8GNB/index.outbox.tmp>) = 0
561353 rename("/tmp/.tmpGa8GNB/index.outbox.tmp", "/tmp/.tmpGa8GNB/index.outbox") = 0
561353 openat(AT_FDCWD</home/heathledger/Documents/ioi/repos/ioi>, "/tmp/.tmpGa8GNB", O_RDONLY|O_CLOEXEC) = 5</tmp/.tmpGa8GNB>
561353 fsync(5</tmp/.tmpGa8GNB>)        = 0
561353 close(5</tmp/.tmpGa8GNB>)        = 0
561353 close(4</tmp/.tmpGa8GNB/index.outbox>) = 0
561353 close(3</tmp/.tmpGa8GNB/index.outbox.lock>) = 0
561353 mkdir("/tmp/.tmpGa8GNB", 0700)   = -1 EEXIST (File exists)
561353 openat(AT_FDCWD</home/heathledger/Documents/ioi/repos/ioi>, "/tmp/.tmpGa8GNB", O_RDONLY|O_CLOEXEC) = 3</tmp/.tmpGa8GNB>
561353 fsync(3</tmp/.tmpGa8GNB>)        = 0
561353 close(3</tmp/.tmpGa8GNB>)        = 0
561353 openat(AT_FDCWD</home/heathledger/Documents/ioi/repos/ioi>, "/tmp", O_RDONLY|O_CLOEXEC) = 3</tmp>
561353 fsync(3</tmp>)                   = 0
561353 close(3</tmp>)                   = 0
561353 openat(AT_FDCWD</home/heathledger/Documents/ioi/repos/ioi>, "/", O_RDONLY|O_CLOEXEC) = 3</>
561353 fsync(3</>)                      = 0
561353 close(3</>)                      = 0
561353 openat(AT_FDCWD</home/heathledger/Documents/ioi/repos/ioi>, "/tmp/.tmpGa8GNB/index.outbox.lock", O_RDWR|O_CREAT|O_CLOEXEC, 0600) = 3</tmp/.tmpGa8GNB/index.outbox.lock>
561353 openat(AT_FDCWD</home/heathledger/Documents/ioi/repos/ioi>, "/tmp/.tmpGa8GNB/index.outbox", O_RDONLY|O_CLOEXEC) = 4</tmp/.tmpGa8GNB/index.outbox>
561353 close(4</tmp/.tmpGa8GNB/index.outbox>) = 0
561353 openat(AT_FDCWD</home/heathledger/Documents/ioi/repos/ioi>, "/tmp/.tmpGa8GNB/index.outbox", O_RDONLY|O_CLOEXEC) = 4</tmp/.tmpGa8GNB/index.outbox>
561353 close(4</tmp/.tmpGa8GNB/index.outbox>) = 0
561353 openat(AT_FDCWD</home/heathledger/Documents/ioi/repos/ioi>, "/tmp/.tmpGa8GNB/index.outbox.entries/bfda7557b26ba2db032dad88ee86dfb65e5a135d89854df67a6244e165dae759", O_RDONLY|O_CLOEXEC) = 4</tmp/.tmpGa8GNB/index.outbox.entries/bfda7557b26ba2db032dad88ee86dfb65e5a135d89854df67a6244e165dae759>
561353 close(4</tmp/.tmpGa8GNB/index.outbox.entries/bfda7557b26ba2db032dad88ee86dfb65e5a135d89854df67a6244e165dae759>) = 0
561353 openat(AT_FDCWD</home/heathledger/Documents/ioi/repos/ioi>, "/tmp/.tmpGa8GNB/index.outbox.entries", O_RDONLY|O_NONBLOCK|O_CLOEXEC|O_DIRECTORY) = 4</tmp/.tmpGa8GNB/index.outbox.entries>
561353 close(4</tmp/.tmpGa8GNB/index.outbox.entries>) = 0
561353 openat(AT_FDCWD</home/heathledger/Documents/ioi/repos/ioi>, "/tmp/.tmpGa8GNB/index.outbox.entries", O_RDONLY|O_CLOEXEC) = 4</tmp/.tmpGa8GNB/index.outbox.entries>
561353 fsync(4</tmp/.tmpGa8GNB/index.outbox.entries>) = 0
561353 close(4</tmp/.tmpGa8GNB/index.outbox.entries>) = 0
561353 close(3</tmp/.tmpGa8GNB/index.outbox.lock>) = 0
561353 openat(AT_FDCWD</home/heathledger/Documents/ioi/repos/ioi>, "/tmp/.tmpGa8GNB", O_RDONLY|O_NOFOLLOW|O_CLOEXEC|O_DIRECTORY) = 3</tmp/.tmpGa8GNB>
561353 openat(3</tmp/.tmpGa8GNB>, "index.outbox.entries", O_RDONLY|O_NOFOLLOW|O_CLOEXEC|O_DIRECTORY) = 4</tmp/.tmpGa8GNB/index.outbox.entries>
561353 close(4</tmp/.tmpGa8GNB/index.outbox.entries>) = 0
561353 close(3</tmp/.tmpGa8GNB>)        = 0
561353 +++ exited with 0 +++
561352 +++ exited with 0 +++
