warning: structure field `runtimeTruthSource` should have a snake case name
    --> crates/types/src/app/generated/architecture_contracts.rs:5223:9
     |
5223 |     pub runtimeTruthSource: Option<GoalRunV1RuntimeTruthSource>,
     |         ^^^^^^^^^^^^^^^^^^ help: convert the identifier to snake case: `runtime_truth_source`
     |
     = note: `#[warn(non_snake_case)]` (part of `#[warn(nonstandard_style)]`) on by default

warning: structure field `runtimeTruthSource` should have a snake case name
    --> crates/types/src/app/generated/architecture_contracts.rs:9220:9
     |
9220 |     pub runtimeTruthSource: ArtifactAvailabilityIncidentOperationV1RuntimeTruthSource,
     |         ^^^^^^^^^^^^^^^^^^ help: convert the identifier to snake case: `runtime_truth_source`

warning: structure field `agentgresTruthSource` should have a snake case name
    --> crates/types/src/app/generated/architecture_contracts.rs:9221:9
     |
9221 |     pub agentgresTruthSource: ArtifactAvailabilityIncidentOperationV1AgentgresTruthSource,
     |         ^^^^^^^^^^^^^^^^^^^^ help: convert the identifier to snake case: `agentgres_truth_source`

warning: structure field `runtimeTruthSource` should have a snake case name
    --> crates/types/src/app/generated/architecture_contracts.rs:9480:9
     |
9480 |     pub runtimeTruthSource: ArtifactAvailabilityIncidentV1RuntimeTruthSource,
     |         ^^^^^^^^^^^^^^^^^^ help: convert the identifier to snake case: `runtime_truth_source`

warning: structure field `runtimeTruthSource` should have a snake case name
    --> crates/types/src/app/generated/architecture_contracts.rs:9718:9
     |
9718 |     pub runtimeTruthSource: ArtifactAvailabilityIncidentV1AgentgresOperationRuntimeTruthSource,
     |         ^^^^^^^^^^^^^^^^^^ help: convert the identifier to snake case: `runtime_truth_source`

warning: structure field `agentgresTruthSource` should have a snake case name
    --> crates/types/src/app/generated/architecture_contracts.rs:9719:9
     |
9719 |     pub agentgresTruthSource: ArtifactAvailabilityIncidentV1AgentgresOperationAgentgresTruthSource,
     |         ^^^^^^^^^^^^^^^^^^^^ help: convert the identifier to snake case: `agentgres_truth_source`

warning: structure field `requiresDaemonGate` should have a snake case name
     --> crates/types/src/app/generated/architecture_contracts.rs:26731:9
      |
26731 |     pub requiresDaemonGate: HarnessSessionBindingAdmissionV1RequiresDaemonGate,
      |         ^^^^^^^^^^^^^^^^^^ help: convert the identifier to snake case: `requires_daemon_gate`

warning: structure field `runtimeTruthSource` should have a snake case name
     --> crates/types/src/app/generated/architecture_contracts.rs:26732:9
      |
26732 |     pub runtimeTruthSource: HarnessSessionBindingAdmissionV1RuntimeTruthSource,
      |         ^^^^^^^^^^^^^^^^^^ help: convert the identifier to snake case: `runtime_truth_source`

warning: structure field `runtimeTruthSource` should have a snake case name
     --> crates/types/src/app/generated/architecture_contracts.rs:27154:9
      |
27154 |     pub runtimeTruthSource: HarnessSessionBindingV1RuntimeTruthSource,
      |         ^^^^^^^^^^^^^^^^^^ help: convert the identifier to snake case: `runtime_truth_source`

warning: structure field `requiresDaemonGate` should have a snake case name
     --> crates/types/src/app/generated/architecture_contracts.rs:27566:9
      |
27566 |     pub requiresDaemonGate: HarnessSessionReadinessV1RequiresDaemonGate,
      |         ^^^^^^^^^^^^^^^^^^ help: convert the identifier to snake case: `requires_daemon_gate`

warning: structure field `runtimeTruthSource` should have a snake case name
     --> crates/types/src/app/generated/architecture_contracts.rs:27567:9
      |
27567 |     pub runtimeTruthSource: HarnessSessionReadinessV1RuntimeTruthSource,
      |         ^^^^^^^^^^^^^^^^^^ help: convert the identifier to snake case: `runtime_truth_source`

warning: structure field `requiresDaemonGate` should have a snake case name
     --> crates/types/src/app/generated/architecture_contracts.rs:27844:9
      |
27844 |     pub requiresDaemonGate: HarnessSessionSpawnV1RequiresDaemonGate,
      |         ^^^^^^^^^^^^^^^^^^ help: convert the identifier to snake case: `requires_daemon_gate`

warning: structure field `runtimeTruthSource` should have a snake case name
     --> crates/types/src/app/generated/architecture_contracts.rs:27845:9
      |
27845 |     pub runtimeTruthSource: HarnessSessionSpawnV1RuntimeTruthSource,
      |         ^^^^^^^^^^^^^^^^^^ help: convert the identifier to snake case: `runtime_truth_source`

warning: structure field `requiresDaemonGate` should have a snake case name
     --> crates/types/src/app/generated/architecture_contracts.rs:28316:9
      |
28316 |     pub requiresDaemonGate: HarnessSessionTerminalAttachV1RequiresDaemonGate,
      |         ^^^^^^^^^^^^^^^^^^ help: convert the identifier to snake case: `requires_daemon_gate`

warning: structure field `runtimeTruthSource` should have a snake case name
     --> crates/types/src/app/generated/architecture_contracts.rs:28317:9
      |
28317 |     pub runtimeTruthSource: HarnessSessionTerminalAttachV1RuntimeTruthSource,
      |         ^^^^^^^^^^^^^^^^^^ help: convert the identifier to snake case: `runtime_truth_source`

warning: structure field `runtimeTruthSource` should have a snake case name
     --> crates/types/src/app/generated/architecture_contracts.rs:28756:9
      |
28756 |     pub runtimeTruthSource:
      |         ^^^^^^^^^^^^^^^^^^ help: convert the identifier to snake case: `runtime_truth_source`

warning: structure field `requiresDaemonGate` should have a snake case name
     --> crates/types/src/app/generated/architecture_contracts.rs:31709:9
      |
31709 |     pub requiresDaemonGate: HypervisorSessionLaunchRecipeAdmissionV1RequiresDaemonGate,
      |         ^^^^^^^^^^^^^^^^^^ help: convert the identifier to snake case: `requires_daemon_gate`

warning: structure field `runtimeTruthSource` should have a snake case name
     --> crates/types/src/app/generated/architecture_contracts.rs:31710:9
      |
31710 |     pub runtimeTruthSource: HypervisorSessionLaunchRecipeAdmissionV1RuntimeTruthSource,
      |         ^^^^^^^^^^^^^^^^^^ help: convert the identifier to snake case: `runtime_truth_source`

warning: structure field `runtimeTruthSource` should have a snake case name
     --> crates/types/src/app/generated/architecture_contracts.rs:93444:9
      |
93444 |     pub runtimeTruthSource: ManagedWorkerInstanceStateV1LastTransitionAdmissionRuntimeTruthSource,
      |         ^^^^^^^^^^^^^^^^^^ help: convert the identifier to snake case: `runtime_truth_source`

warning: `ioi-types` (lib) generated 19 warnings
   Compiling agentgres v0.1.0 (/home/heathledger/Documents/ioi/repos/ioi/crates/agentgres)
warning: unused doc comment
   --> crates/agentgres/src/event_stream.rs:229:1
    |
229 | / /// Confirm the substrate log is durable on disk.
230 | | ///
231 | | /// The fault-injection hook travels WITH the discipline: a durability
232 | | /// confirmation whose failure path is unreachable in test is a confirmation
...   |
235 | | /// pre-lift implementation so the M4 fault-injection proofs keep exercising
236 | | /// this exact path.
    | |_-------------------^
    |   |
    |   rustdoc does not generate documentation for macro invocations
    |
    = help: to document an item produced by a macro, the macro must produce the documentation as part of its expansion
    = note: `#[warn(unused_doc_comments)]` (part of `#[warn(unused)]`) on by default

warning: `agentgres` (lib test) generated 1 warning
    Finished `test` profile [unoptimized + debuginfo] target(s) in 1.39s
     Running unittests src/lib.rs (target/debug/deps/agentgres-834edda94e368887)

running 1 test
test consequence::tests::receipt_admission_preserves_invalid_active_and_staging_aliases ... FAILED

failures:

---- consequence::tests::receipt_admission_preserves_invalid_active_and_staging_aliases stdout ----

thread 'consequence::tests::receipt_admission_preserves_invalid_active_and_staging_aliases' (759451) panicked at crates/agentgres/src/consequence/tests.rs:2160:9:
staging-symlink: Ok(ConsequenceReceiptV1 { schema_version: "ioi.aft-consequence-receipt.v1", manifest: EffectManifestV1 { schema_version: V1, effect_id: "staging-symlink", resource_id: "resource://test/register", conflict_domain_id: "domain://test/register", conflict_slot: 1, authorization_mode: OnlineQueryUnanimityV0, online_authorization_policy_root: Some([19, 19, 19, 19, 19, 19, 19, 19, 19, 19, 19, 19, 19, 19, 19, 19, 19, 19, 19, 19, 19, 19, 19, 19, 19, 19, 19, 19, 19, 19, 19, 19]), online_authorization_predecessor: Some([77, 77, 77, 77, 77, 77, 77, 77, 77, 77, 77, 77, 77, 77, 77, 77, 77, 77, 77, 77, 77, 77, 77, 77, 77, 77, 77, 77, 77, 77, 77, 77]), online_authorization_authority_mode: Some(Unowned), read_set: [EffectResourceKeyV1 { key: "account/source", predecessor: Some([1, 1, 1, 1, 1, 1, 1, 1, 1, 1, 1, 1, 1, 1, 1, 1, 1, 1, 1, 1, 1, 1, 1, 1, 1, 1, 1, 1, 1, 1, 1, 1]) }], write_set: [EffectResourceKeyV1 { key: "transfer/42", predecessor: None }], idempotency_key: "aft-quv-v0:f92b52d0b5a6bcccaa016d4774ff59d7eaadab5ef13913e7b37b239d8445aa52:1", request_root: [2, 2, 2, 2, 2, 2, 2, 2, 2, 2, 2, 2, 2, 2, 2, 2, 2, 2, 2, 2, 2, 2, 2, 2, 2, 2, 2, 2, 2, 2, 2, 2], predecessor_root: [3, 3, 3, 3, 3, 3, 3, 3, 3, 3, 3, 3, 3, 3, 3, 3, 3, 3, 3, 3, 3, 3, 3, 3, 3, 3, 3, 3, 3, 3, 3, 3], intent_root: [4, 4, 4, 4, 4, 4, 4, 4, 4, 4, 4, 4, 4, 4, 4, 4, 4, 4, 4, 4, 4, 4, 4, 4, 4, 4, 4, 4, 4, 4, 4, 4], expected_outcome_root: [5, 5, 5, 5, 5, 5, 5, 5, 5, 5, 5, 5, 5, 5, 5, 5, 5, 5, 5, 5, 5, 5, 5, 5, 5, 5, 5, 5, 5, 5, 5, 5], resource_profile: ExternalResourceProfileV1 { adapter_id: "ioi-durable-pq-register", adapter_version: "v1", resource_profile_id: "resource-profile://ioi/durable-pq-register/v1", contract: AtomicPutIfAbsent, externalization_pq: true, endpoint_pq_key_hash: Some([254, 132, 139, 211, 183, 80, 188, 102, 128, 175, 198, 183, 207, 151, 38, 255, 61, 107, 15, 224, 101, 167, 97, 227, 251, 117, 71, 134, 43, 240, 104, 170]) }, required_guarantees: GuaranteeRequirementsV1 { minimum_finality_rank: None, configuration_hash: Some([6, 6, 6, 6, 6, 6, 6, 6, 6, 6, 6, 6, 6, 6, 6, 6, 6, 6, 6, 6, 6, 6, 6, 6, 6, 6, 6, 6, 6, 6, 6, 6]), conflict_domain_hash: None, require_consensus_pq: false, require_channel_pq: false, require_externalization_pq: false, require_end_to_end_pq: false, require_no_private_threshold_setup: false, minimum_accountability: None, require_publication_retrievable: false, minimum_externalization: Some(IdempotencyRegister), require_at_most_once: true, minimum_slashable_collateral: None }, fence: ProtocolHeight { configuration_hash: [6, 6, 6, 6, 6, 6, 6, 6, 6, 6, 6, 6, 6, 6, 6, 6, 6, 6, 6, 6, 6, 6, 6, 6, 6, 6, 6, 6, 6, 6, 6, 6], minimum_height: 10, maximum_height: 10 }, reconciliation: LookupByIdempotencyKey { maximum_observations: 3 }, irreversible: true }, manifest_root: [60, 121, 138, 30, 66, 222, 191, 50, 144, 228, 124, 3, 3, 171, 245, 149, 20, 113, 150, 73, 48, 87, 10, 78, 191, 150, 138, 149, 75, 63, 247, 234], achieved_guarantee_root: [65, 213, 164, 251, 235, 190, 180, 122, 171, 217, 56, 129, 95, 91, 211, 240, 243, 212, 21, 45, 230, 254, 236, 151, 244, 166, 138, 51, 18, 29, 191, 47], online_authorization_audit: None, reconciliation_attempts: 0, state: Authorized { authorization_root: [42, 42, 42, 42, 42, 42, 42, 42, 42, 42, 42, 42, 42, 42, 42, 42, 42, 42, 42, 42, 42, 42, 42, 42, 42, 42, 42, 42, 42, 42, 42, 42], achieved_guarantee_root: [65, 213, 164, 251, 235, 190, 180, 122, 171, 217, 56, 129, 95, 91, 211, 240, 243, 212, 21, 45, 230, 254, 236, 151, 244, 166, 138, 51, 18, 29, 191, 47] }, trace: [ConsequenceTransitionV1 { sequence: 1, from: None, to: Authorized, evidence_root: [202, 146, 141, 106, 73, 9, 73, 212, 240, 146, 63, 8, 132, 238, 120, 147, 106, 70, 255, 24, 92, 57, 247, 141, 234, 95, 178, 243, 25, 49, 131, 157] }], generation: 1, receipt_root: [94, 149, 205, 105, 52, 246, 219, 45, 77, 140, 44, 167, 45, 5, 170, 109, 103, 225, 133, 120, 37, 121, 89, 14, 139, 85, 204, 23, 233, 60, 158, 47] })
note: run with `RUST_BACKTRACE=1` environment variable to display a backtrace


failures:
    consequence::tests::receipt_admission_preserves_invalid_active_and_staging_aliases

test result: FAILED. 0 passed; 1 failed; 0 ignored; 0 measured; 119 filtered out; finished in 0.08s

error: test failed, to rerun pass `-p agentgres --lib`
