warning: structure field `runtimeTruthSource` should have a snake case name
    --> crates/types/src/app/generated/architecture_contracts.rs:5223:9
     |
5223 |     pub runtimeTruthSource: Option<GoalRunV1RuntimeTruthSource>,
     |         ^^^^^^^^^^^^^^^^^^ help: convert the identifier to snake case: `runtime_truth_source`
     |
     = note: `#[warn(non_snake_case)]` (part of `#[warn(nonstandard_style)]`) on by default

warning: structure field `runtimeTruthSource` should have a snake case name
    --> crates/types/src/app/generated/architecture_contracts.rs:9220:9
     |
9220 |     pub runtimeTruthSource: ArtifactAvailabilityIncidentOperationV1RuntimeTruthSource,
     |         ^^^^^^^^^^^^^^^^^^ help: convert the identifier to snake case: `runtime_truth_source`

warning: structure field `agentgresTruthSource` should have a snake case name
    --> crates/types/src/app/generated/architecture_contracts.rs:9221:9
     |
9221 |     pub agentgresTruthSource: ArtifactAvailabilityIncidentOperationV1AgentgresTruthSource,
     |         ^^^^^^^^^^^^^^^^^^^^ help: convert the identifier to snake case: `agentgres_truth_source`

warning: structure field `runtimeTruthSource` should have a snake case name
    --> crates/types/src/app/generated/architecture_contracts.rs:9480:9
     |
9480 |     pub runtimeTruthSource: ArtifactAvailabilityIncidentV1RuntimeTruthSource,
     |         ^^^^^^^^^^^^^^^^^^ help: convert the identifier to snake case: `runtime_truth_source`

warning: structure field `runtimeTruthSource` should have a snake case name
    --> crates/types/src/app/generated/architecture_contracts.rs:9718:9
     |
9718 |     pub runtimeTruthSource: ArtifactAvailabilityIncidentV1AgentgresOperationRuntimeTruthSource,
     |         ^^^^^^^^^^^^^^^^^^ help: convert the identifier to snake case: `runtime_truth_source`

warning: structure field `agentgresTruthSource` should have a snake case name
    --> crates/types/src/app/generated/architecture_contracts.rs:9719:9
     |
9719 |     pub agentgresTruthSource: ArtifactAvailabilityIncidentV1AgentgresOperationAgentgresTruthSource,
     |         ^^^^^^^^^^^^^^^^^^^^ help: convert the identifier to snake case: `agentgres_truth_source`

warning: structure field `requiresDaemonGate` should have a snake case name
     --> crates/types/src/app/generated/architecture_contracts.rs:26731:9
      |
26731 |     pub requiresDaemonGate: HarnessSessionBindingAdmissionV1RequiresDaemonGate,
      |         ^^^^^^^^^^^^^^^^^^ help: convert the identifier to snake case: `requires_daemon_gate`

warning: structure field `runtimeTruthSource` should have a snake case name
     --> crates/types/src/app/generated/architecture_contracts.rs:26732:9
      |
26732 |     pub runtimeTruthSource: HarnessSessionBindingAdmissionV1RuntimeTruthSource,
      |         ^^^^^^^^^^^^^^^^^^ help: convert the identifier to snake case: `runtime_truth_source`

warning: structure field `runtimeTruthSource` should have a snake case name
     --> crates/types/src/app/generated/architecture_contracts.rs:27154:9
      |
27154 |     pub runtimeTruthSource: HarnessSessionBindingV1RuntimeTruthSource,
      |         ^^^^^^^^^^^^^^^^^^ help: convert the identifier to snake case: `runtime_truth_source`

warning: structure field `requiresDaemonGate` should have a snake case name
     --> crates/types/src/app/generated/architecture_contracts.rs:27566:9
      |
27566 |     pub requiresDaemonGate: HarnessSessionReadinessV1RequiresDaemonGate,
      |         ^^^^^^^^^^^^^^^^^^ help: convert the identifier to snake case: `requires_daemon_gate`

warning: structure field `runtimeTruthSource` should have a snake case name
     --> crates/types/src/app/generated/architecture_contracts.rs:27567:9
      |
27567 |     pub runtimeTruthSource: HarnessSessionReadinessV1RuntimeTruthSource,
      |         ^^^^^^^^^^^^^^^^^^ help: convert the identifier to snake case: `runtime_truth_source`

warning: structure field `requiresDaemonGate` should have a snake case name
     --> crates/types/src/app/generated/architecture_contracts.rs:27844:9
      |
27844 |     pub requiresDaemonGate: HarnessSessionSpawnV1RequiresDaemonGate,
      |         ^^^^^^^^^^^^^^^^^^ help: convert the identifier to snake case: `requires_daemon_gate`

warning: structure field `runtimeTruthSource` should have a snake case name
     --> crates/types/src/app/generated/architecture_contracts.rs:27845:9
      |
27845 |     pub runtimeTruthSource: HarnessSessionSpawnV1RuntimeTruthSource,
      |         ^^^^^^^^^^^^^^^^^^ help: convert the identifier to snake case: `runtime_truth_source`

warning: structure field `requiresDaemonGate` should have a snake case name
     --> crates/types/src/app/generated/architecture_contracts.rs:28316:9
      |
28316 |     pub requiresDaemonGate: HarnessSessionTerminalAttachV1RequiresDaemonGate,
      |         ^^^^^^^^^^^^^^^^^^ help: convert the identifier to snake case: `requires_daemon_gate`

warning: structure field `runtimeTruthSource` should have a snake case name
     --> crates/types/src/app/generated/architecture_contracts.rs:28317:9
      |
28317 |     pub runtimeTruthSource: HarnessSessionTerminalAttachV1RuntimeTruthSource,
      |         ^^^^^^^^^^^^^^^^^^ help: convert the identifier to snake case: `runtime_truth_source`

warning: structure field `runtimeTruthSource` should have a snake case name
     --> crates/types/src/app/generated/architecture_contracts.rs:28756:9
      |
28756 |     pub runtimeTruthSource:
      |         ^^^^^^^^^^^^^^^^^^ help: convert the identifier to snake case: `runtime_truth_source`

warning: structure field `requiresDaemonGate` should have a snake case name
     --> crates/types/src/app/generated/architecture_contracts.rs:31709:9
      |
31709 |     pub requiresDaemonGate: HypervisorSessionLaunchRecipeAdmissionV1RequiresDaemonGate,
      |         ^^^^^^^^^^^^^^^^^^ help: convert the identifier to snake case: `requires_daemon_gate`

warning: structure field `runtimeTruthSource` should have a snake case name
     --> crates/types/src/app/generated/architecture_contracts.rs:31710:9
      |
31710 |     pub runtimeTruthSource: HypervisorSessionLaunchRecipeAdmissionV1RuntimeTruthSource,
      |         ^^^^^^^^^^^^^^^^^^ help: convert the identifier to snake case: `runtime_truth_source`

warning: structure field `runtimeTruthSource` should have a snake case name
     --> crates/types/src/app/generated/architecture_contracts.rs:93444:9
      |
93444 |     pub runtimeTruthSource: ManagedWorkerInstanceStateV1LastTransitionAdmissionRuntimeTruthSource,
      |         ^^^^^^^^^^^^^^^^^^ help: convert the identifier to snake case: `runtime_truth_source`

warning: `ioi-types` (lib) generated 19 warnings
   Compiling agentgres v0.1.0 (/home/heathledger/Documents/ioi/repos/ioi/crates/agentgres)
warning: unused doc comment
   --> crates/agentgres/src/event_stream.rs:229:1
    |
229 | / /// Confirm the substrate log is durable on disk.
230 | | ///
231 | | /// The fault-injection hook travels WITH the discipline: a durability
232 | | /// confirmation whose failure path is unreachable in test is a confirmation
...   |
235 | | /// pre-lift implementation so the M4 fault-injection proofs keep exercising
236 | | /// this exact path.
    | |_-------------------^
    |   |
    |   rustdoc does not generate documentation for macro invocations
    |
    = help: to document an item produced by a macro, the macro must produce the documentation as part of its expansion
    = note: `#[warn(unused_doc_comments)]` (part of `#[warn(unused)]`) on by default

warning: `agentgres` (lib test) generated 1 warning
    Finished `test` profile [unoptimized + debuginfo] target(s) in 1.44s
     Running unittests src/lib.rs (target/debug/deps/agentgres-834edda94e368887)

running 1 test
test consequence::tests::receipt_admission_preserves_invalid_active_and_staging_aliases ... FAILED

failures:

---- consequence::tests::receipt_admission_preserves_invalid_active_and_staging_aliases stdout ----

thread 'consequence::tests::receipt_admission_preserves_invalid_active_and_staging_aliases' (758614) panicked at crates/agentgres/src/consequence/tests.rs:2160:9:
active-dangling: Ok(ConsequenceReceiptV1 { schema_version: "ioi.aft-consequence-receipt.v1", manifest: EffectManifestV1 { schema_version: V1, effect_id: "active-dangling", resource_id: "resource://test/register", conflict_domain_id: "domain://test/register", conflict_slot: 1, authorization_mode: OnlineQueryUnanimityV0, online_authorization_policy_root: Some([19, 19, 19, 19, 19, 19, 19, 19, 19, 19, 19, 19, 19, 19, 19, 19, 19, 19, 19, 19, 19, 19, 19, 19, 19, 19, 19, 19, 19, 19, 19, 19]), online_authorization_predecessor: Some([77, 77, 77, 77, 77, 77, 77, 77, 77, 77, 77, 77, 77, 77, 77, 77, 77, 77, 77, 77, 77, 77, 77, 77, 77, 77, 77, 77, 77, 77, 77, 77]), online_authorization_authority_mode: Some(Unowned), read_set: [EffectResourceKeyV1 { key: "account/source", predecessor: Some([1, 1, 1, 1, 1, 1, 1, 1, 1, 1, 1, 1, 1, 1, 1, 1, 1, 1, 1, 1, 1, 1, 1, 1, 1, 1, 1, 1, 1, 1, 1, 1]) }], write_set: [EffectResourceKeyV1 { key: "transfer/42", predecessor: None }], idempotency_key: "aft-quv-v0:f92b52d0b5a6bcccaa016d4774ff59d7eaadab5ef13913e7b37b239d8445aa52:1", request_root: [2, 2, 2, 2, 2, 2, 2, 2, 2, 2, 2, 2, 2, 2, 2, 2, 2, 2, 2, 2, 2, 2, 2, 2, 2, 2, 2, 2, 2, 2, 2, 2], predecessor_root: [3, 3, 3, 3, 3, 3, 3, 3, 3, 3, 3, 3, 3, 3, 3, 3, 3, 3, 3, 3, 3, 3, 3, 3, 3, 3, 3, 3, 3, 3, 3, 3], intent_root: [4, 4, 4, 4, 4, 4, 4, 4, 4, 4, 4, 4, 4, 4, 4, 4, 4, 4, 4, 4, 4, 4, 4, 4, 4, 4, 4, 4, 4, 4, 4, 4], expected_outcome_root: [5, 5, 5, 5, 5, 5, 5, 5, 5, 5, 5, 5, 5, 5, 5, 5, 5, 5, 5, 5, 5, 5, 5, 5, 5, 5, 5, 5, 5, 5, 5, 5], resource_profile: ExternalResourceProfileV1 { adapter_id: "ioi-durable-pq-register", adapter_version: "v1", resource_profile_id: "resource-profile://ioi/durable-pq-register/v1", contract: AtomicPutIfAbsent, externalization_pq: true, endpoint_pq_key_hash: Some([206, 156, 174, 63, 157, 195, 23, 237, 44, 13, 245, 26, 171, 133, 100, 136, 109, 239, 108, 22, 129, 109, 149, 47, 245, 81, 104, 243, 88, 205, 242, 204]) }, required_guarantees: GuaranteeRequirementsV1 { minimum_finality_rank: None, configuration_hash: Some([6, 6, 6, 6, 6, 6, 6, 6, 6, 6, 6, 6, 6, 6, 6, 6, 6, 6, 6, 6, 6, 6, 6, 6, 6, 6, 6, 6, 6, 6, 6, 6]), conflict_domain_hash: None, require_consensus_pq: false, require_channel_pq: false, require_externalization_pq: false, require_end_to_end_pq: false, require_no_private_threshold_setup: false, minimum_accountability: None, require_publication_retrievable: false, minimum_externalization: Some(IdempotencyRegister), require_at_most_once: true, minimum_slashable_collateral: None }, fence: ProtocolHeight { configuration_hash: [6, 6, 6, 6, 6, 6, 6, 6, 6, 6, 6, 6, 6, 6, 6, 6, 6, 6, 6, 6, 6, 6, 6, 6, 6, 6, 6, 6, 6, 6, 6, 6], minimum_height: 10, maximum_height: 10 }, reconciliation: LookupByIdempotencyKey { maximum_observations: 3 }, irreversible: true }, manifest_root: [104, 202, 61, 30, 136, 70, 46, 159, 198, 255, 2, 116, 30, 171, 50, 240, 241, 162, 17, 254, 133, 40, 36, 102, 200, 247, 92, 206, 165, 202, 45, 84], achieved_guarantee_root: [194, 91, 250, 47, 101, 135, 36, 26, 219, 203, 214, 57, 41, 205, 28, 102, 7, 166, 155, 212, 146, 240, 97, 46, 140, 208, 122, 113, 61, 154, 226, 37], online_authorization_audit: None, reconciliation_attempts: 0, state: Authorized { authorization_root: [42, 42, 42, 42, 42, 42, 42, 42, 42, 42, 42, 42, 42, 42, 42, 42, 42, 42, 42, 42, 42, 42, 42, 42, 42, 42, 42, 42, 42, 42, 42, 42], achieved_guarantee_root: [194, 91, 250, 47, 101, 135, 36, 26, 219, 203, 214, 57, 41, 205, 28, 102, 7, 166, 155, 212, 146, 240, 97, 46, 140, 208, 122, 113, 61, 154, 226, 37] }, trace: [ConsequenceTransitionV1 { sequence: 1, from: None, to: Authorized, evidence_root: [138, 76, 253, 34, 54, 155, 112, 145, 103, 41, 87, 106, 235, 59, 119, 121, 110, 147, 41, 14, 153, 130, 12, 116, 43, 203, 233, 117, 168, 197, 241, 26] }], generation: 1, receipt_root: [120, 163, 18, 32, 204, 239, 106, 101, 59, 146, 146, 85, 65, 48, 153, 94, 255, 156, 137, 219, 209, 109, 173, 235, 132, 249, 235, 203, 119, 95, 60, 193] })
note: run with `RUST_BACKTRACE=1` environment variable to display a backtrace


failures:
    consequence::tests::receipt_admission_preserves_invalid_active_and_staging_aliases

test result: FAILED. 0 passed; 1 failed; 0 ignored; 0 measured; 119 filtered out; finished in 0.04s

error: test failed, to rerun pass `-p agentgres --lib`
