census OK: 55 modules = 42 executed + 13 manifest-marked (manual)
TLC2 Version 2026.08.11.125311 (rev: 0894c34)
Warning: Please run the Java VM, which executes TLC with a throughput optimized garbage collector, by passing the "-XX:+UseParallelGC" property.
(Use the -nowarning option to disable this warning.)
Running breadth-first search Model-Checking with fp 33 and seed 6690903213103669928 with 1 worker on 24 cores with 24000MB heap and 64MB offheap memory [pid: 1947926] (Linux 6.17.9-76061709-generic amd64, Ubuntu 21.0.10 64bit, MSBDiskFPSet, DiskStateQueue).
Parsing file /home/heathledger/Documents/ioi/repos/ioi/internal-docs/architecture/protocols/aft/formal/maximal_visibility/QuvHeadPreparationTiming.tla
Parsing file /tmp/tlc-8851116771386860358/Naturals.tla (jar:file:/home/heathledger/Documents/ioi/repos/ioi/.internal/formal-cache/tools/tla/tla2tools.jar!/tla2sany/StandardModules/Naturals.tla)
Parsing file /tmp/tlc-8851116771386860358/FiniteSets.tla (jar:file:/home/heathledger/Documents/ioi/repos/ioi/.internal/formal-cache/tools/tla/tla2tools.jar!/tla2sany/StandardModules/FiniteSets.tla)
Parsing file /tmp/tlc-8851116771386860358/_TLCTrace.tla (jar:file:/home/heathledger/Documents/ioi/repos/ioi/.internal/formal-cache/tools/tla/tla2tools.jar!/tla2sany/StandardModules/_TLCTrace.tla)
Parsing file /tmp/tlc-8851116771386860358/Sequences.tla (jar:file:/home/heathledger/Documents/ioi/repos/ioi/.internal/formal-cache/tools/tla/tla2tools.jar!/tla2sany/StandardModules/Sequences.tla)
Parsing file /tmp/tlc-8851116771386860358/TLC.tla (jar:file:/home/heathledger/Documents/ioi/repos/ioi/.internal/formal-cache/tools/tla/tla2tools.jar!/tla2sany/StandardModules/TLC.tla)
Parsing file /tmp/tlc-8851116771386860358/TLCExt.tla (jar:file:/home/heathledger/Documents/ioi/repos/ioi/.internal/formal-cache/tools/tla/tla2tools.jar!/tla2sany/StandardModules/TLCExt.tla)
Parsing file /tmp/tlc-8851116771386860358/Integers.tla (jar:file:/home/heathledger/Documents/ioi/repos/ioi/.internal/formal-cache/tools/tla/tla2tools.jar!/tla2sany/StandardModules/Integers.tla)
Semantic processing of module Naturals
Semantic processing of module Sequences
Semantic processing of module FiniteSets
Semantic processing of module TLC
Semantic processing of module Integers
Semantic processing of module TLCExt
Semantic processing of module _TLCTrace
Semantic processing of module QuvHeadPreparationTiming
Linting of module TLCExt
Linting of module _TLCTrace
Linting of module QuvHeadPreparationTiming
Starting... (2026-09-05 01:18:48)
Warning: The invariant Premises is a constant-level formula (i.e., it contains no variables, primes, or temporal operators) and evaluates to TRUE. To assert constant-level formulas in your spec, use ASSUME ConstInv. If you optionally want to give the assumption a name, write ASSUME YourAssumption == ConstInv instead. See https://explain.tlapl.us/assumptions-and-invariants for additional details.
Computing initial states...
Finished computing initial states: 1 distinct state generated at 2026-09-05 01:18:49.
Model checking completed. No error has been found.
  Estimates of the probability that TLC did not check all reachable states
  because two distinct states had the same fingerprint:
  calculated (optimistic):  val = 8.8E-18
33 states generated, 27 distinct states found, 0 states left on queue.
The depth of the complete state graph search is 11.
The average outdegree of the complete state graph is 1 (minimum is 0, the maximum 2 and the 95th percentile is 2).
Finished in 00s at (2026-09-05 01:18:49)
TLC2 Version 2026.08.11.125311 (rev: 0894c34)
Warning: Please run the Java VM, which executes TLC with a throughput optimized garbage collector, by passing the "-XX:+UseParallelGC" property.
(Use the -nowarning option to disable this warning.)
Running breadth-first search Model-Checking with fp 28 and seed 6110093720336686040 with 1 worker on 24 cores with 24000MB heap and 64MB offheap memory [pid: 1948123] (Linux 6.17.9-76061709-generic amd64, Ubuntu 21.0.10 64bit, MSBDiskFPSet, DiskStateQueue).
Parsing file /tmp/tmp.beTCsiMMWs/QuvHeadPreparationTiming.tla
Parsing file /tmp/tlc-4122892367801775092/Naturals.tla (jar:file:/home/heathledger/Documents/ioi/repos/ioi/.internal/formal-cache/tools/tla/tla2tools.jar!/tla2sany/StandardModules/Naturals.tla)
Parsing file /tmp/tlc-4122892367801775092/FiniteSets.tla (jar:file:/home/heathledger/Documents/ioi/repos/ioi/.internal/formal-cache/tools/tla/tla2tools.jar!/tla2sany/StandardModules/FiniteSets.tla)
Parsing file /tmp/tlc-4122892367801775092/_TLCTrace.tla (jar:file:/home/heathledger/Documents/ioi/repos/ioi/.internal/formal-cache/tools/tla/tla2tools.jar!/tla2sany/StandardModules/_TLCTrace.tla)
Parsing file /tmp/tlc-4122892367801775092/Sequences.tla (jar:file:/home/heathledger/Documents/ioi/repos/ioi/.internal/formal-cache/tools/tla/tla2tools.jar!/tla2sany/StandardModules/Sequences.tla)
Parsing file /tmp/tlc-4122892367801775092/TLC.tla (jar:file:/home/heathledger/Documents/ioi/repos/ioi/.internal/formal-cache/tools/tla/tla2tools.jar!/tla2sany/StandardModules/TLC.tla)
Parsing file /tmp/tlc-4122892367801775092/TLCExt.tla (jar:file:/home/heathledger/Documents/ioi/repos/ioi/.internal/formal-cache/tools/tla/tla2tools.jar!/tla2sany/StandardModules/TLCExt.tla)
Parsing file /tmp/tlc-4122892367801775092/Integers.tla (jar:file:/home/heathledger/Documents/ioi/repos/ioi/.internal/formal-cache/tools/tla/tla2tools.jar!/tla2sany/StandardModules/Integers.tla)
Semantic processing of module Naturals
Semantic processing of module Sequences
Semantic processing of module FiniteSets
Semantic processing of module TLC
Semantic processing of module Integers
Semantic processing of module TLCExt
Semantic processing of module _TLCTrace
Semantic processing of module QuvHeadPreparationTiming
Linting of module TLCExt
Linting of module _TLCTrace
Linting of module QuvHeadPreparationTiming
Starting... (2026-09-05 01:18:49)
Warning: The invariant Premises is a constant-level formula (i.e., it contains no variables, primes, or temporal operators) and evaluates to TRUE. To assert constant-level formulas in your spec, use ASSUME ConstInv. If you optionally want to give the assumption a name, write ASSUME YourAssumption == ConstInv instead. See https://explain.tlapl.us/assumptions-and-invariants for additional details.
Computing initial states...
Finished computing initial states: 1 distinct state generated at 2026-09-05 01:18:49.
Error: Invariant CompleteCorrectProcessing is violated.
Error: The behavior up to this point is:
State 1: <Initial predicate>
/\ replied = {}
/\ now = 0
/\ ownGrant = {m1}
/\ refused = {}
/\ started = FALSE
/\ startTime = 0
/\ ready = {m1}
/\ finished = FALSE

State 2: <BeginChild line 27, col 5 to line 30, col 69 of module QuvHeadPreparationTiming>
/\ replied = {}
/\ now = 0
/\ ownGrant = {m1}
/\ refused = {}
/\ started = TRUE
/\ startTime = 0
/\ ready = {m1}
/\ finished = FALSE

State 3: <DeliverChild(m1) line 32, col 5 to line 37, col 71 of module QuvHeadPreparationTiming>
/\ replied = {m1}
/\ now = 0
/\ ownGrant = {m1}
/\ refused = {}
/\ started = TRUE
/\ startTime = 0
/\ ready = {m1}
/\ finished = FALSE

State 4: <DeliverChild(m2) line 32, col 5 to line 37, col 71 of module QuvHeadPreparationTiming>
/\ replied = {m1}
/\ now = 0
/\ ownGrant = {m1}
/\ refused = {m2}
/\ started = TRUE
/\ startTime = 0
/\ ready = {m1}
/\ finished = FALSE

State 5: <Tick line 43, col 5 to line 50, col 84 of module QuvHeadPreparationTiming>
/\ replied = {m1}
/\ now = 1
/\ ownGrant = {m1}
/\ refused = {m2}
/\ started = TRUE
/\ startTime = 0
/\ ready = {m1}
/\ finished = FALSE

State 6: <FinishChild line 39, col 5 to line 41, col 79 of module QuvHeadPreparationTiming>
/\ replied = {m1}
/\ now = 1
/\ ownGrant = {m1}
/\ refused = {m2}
/\ started = TRUE
/\ startTime = 0
/\ ready = {m1}
/\ finished = TRUE

59 states generated, 38 distinct states found, 10 states left on queue.
The depth of the complete state graph search is 6.
Finished in 00s at (2026-09-05 01:18:49)
Trace exploration spec path: ./QuvHeadPreparationTiming_TTrace_1788585529.tla
expected counterexample observed: QuvHeadPreparationTiming.tla: Invariant CompleteCorrectProcessing is violated
TLC2 Version 2026.08.11.125311 (rev: 0894c34)
Warning: Please run the Java VM, which executes TLC with a throughput optimized garbage collector, by passing the "-XX:+UseParallelGC" property.
(Use the -nowarning option to disable this warning.)
Running breadth-first search Model-Checking with fp 50 and seed 2933426352766029605 with 1 worker on 24 cores with 24000MB heap and 64MB offheap memory [pid: 1948341] (Linux 6.17.9-76061709-generic amd64, Ubuntu 21.0.10 64bit, MSBDiskFPSet, DiskStateQueue).
Parsing file /tmp/tmp.nN9MikIULN/QuvHeadPreparationTiming.tla
Parsing file /tmp/tlc-11299611553115901247/Naturals.tla (jar:file:/home/heathledger/Documents/ioi/repos/ioi/.internal/formal-cache/tools/tla/tla2tools.jar!/tla2sany/StandardModules/Naturals.tla)
Parsing file /tmp/tlc-11299611553115901247/FiniteSets.tla (jar:file:/home/heathledger/Documents/ioi/repos/ioi/.internal/formal-cache/tools/tla/tla2tools.jar!/tla2sany/StandardModules/FiniteSets.tla)
Parsing file /tmp/tlc-11299611553115901247/_TLCTrace.tla (jar:file:/home/heathledger/Documents/ioi/repos/ioi/.internal/formal-cache/tools/tla/tla2tools.jar!/tla2sany/StandardModules/_TLCTrace.tla)
Parsing file /tmp/tlc-11299611553115901247/Sequences.tla (jar:file:/home/heathledger/Documents/ioi/repos/ioi/.internal/formal-cache/tools/tla/tla2tools.jar!/tla2sany/StandardModules/Sequences.tla)
Parsing file /tmp/tlc-11299611553115901247/TLC.tla (jar:file:/home/heathledger/Documents/ioi/repos/ioi/.internal/formal-cache/tools/tla/tla2tools.jar!/tla2sany/StandardModules/TLC.tla)
Parsing file /tmp/tlc-11299611553115901247/TLCExt.tla (jar:file:/home/heathledger/Documents/ioi/repos/ioi/.internal/formal-cache/tools/tla/tla2tools.jar!/tla2sany/StandardModules/TLCExt.tla)
Parsing file /tmp/tlc-11299611553115901247/Integers.tla (jar:file:/home/heathledger/Documents/ioi/repos/ioi/.internal/formal-cache/tools/tla/tla2tools.jar!/tla2sany/StandardModules/Integers.tla)
Semantic processing of module Naturals
Semantic processing of module Sequences
Semantic processing of module FiniteSets
Semantic processing of module TLC
Semantic processing of module Integers
Semantic processing of module TLCExt
Semantic processing of module _TLCTrace
Semantic processing of module QuvHeadPreparationTiming
Linting of module TLCExt
Linting of module _TLCTrace
Linting of module QuvHeadPreparationTiming
Starting... (2026-09-05 01:18:49)
Warning: The invariant Premises is a constant-level formula (i.e., it contains no variables, primes, or temporal operators) and evaluates to TRUE. To assert constant-level formulas in your spec, use ASSUME ConstInv. If you optionally want to give the assumption a name, write ASSUME YourAssumption == ConstInv instead. See https://explain.tlapl.us/assumptions-and-invariants for additional details.
Computing initial states...
Finished computing initial states: 1 distinct state generated at 2026-09-05 01:18:49.
Error: Invariant NoCompletedChild is violated.
Error: The behavior up to this point is:
State 1: <Initial predicate>
/\ replied = {}
/\ now = 0
/\ ownGrant = {m1}
/\ refused = {}
/\ started = FALSE
/\ startTime = 0
/\ ready = {m1}
/\ finished = FALSE

State 2: <OwnParentQuery(m2) line 17, col 5 to line 20, col 79 of module QuvHeadPreparationTiming>
/\ replied = {}
/\ now = 0
/\ ownGrant = {m1, m2}
/\ refused = {}
/\ started = FALSE
/\ startTime = 0
/\ ready = {m1}
/\ finished = FALSE

State 3: <CommitParent(m2) line 22, col 5 to line 25, col 82 of module QuvHeadPreparationTiming>
/\ replied = {}
/\ now = 0
/\ ownGrant = {m1, m2}
/\ refused = {}
/\ started = FALSE
/\ startTime = 0
/\ ready = {m1, m2}
/\ finished = FALSE

State 4: <Tick line 43, col 5 to line 50, col 84 of module QuvHeadPreparationTiming>
/\ replied = {}
/\ now = 1
/\ ownGrant = {m1, m2}
/\ refused = {}
/\ started = FALSE
/\ startTime = 0
/\ ready = {m1, m2}
/\ finished = FALSE

State 5: <Tick line 43, col 5 to line 50, col 84 of module QuvHeadPreparationTiming>
/\ replied = {}
/\ now = 2
/\ ownGrant = {m1, m2}
/\ refused = {}
/\ started = FALSE
/\ startTime = 0
/\ ready = {m1, m2}
/\ finished = FALSE

State 6: <BeginChild line 27, col 5 to line 30, col 69 of module QuvHeadPreparationTiming>
/\ replied = {}
/\ now = 2
/\ ownGrant = {m1, m2}
/\ refused = {}
/\ started = TRUE
/\ startTime = 2
/\ ready = {m1, m2}
/\ finished = FALSE

State 7: <DeliverChild(m1) line 32, col 5 to line 37, col 71 of module QuvHeadPreparationTiming>
/\ replied = {m1}
/\ now = 2
/\ ownGrant = {m1, m2}
/\ refused = {}
/\ started = TRUE
/\ startTime = 2
/\ ready = {m1, m2}
/\ finished = FALSE

State 8: <DeliverChild(m2) line 32, col 5 to line 37, col 71 of module QuvHeadPreparationTiming>
/\ replied = {m1, m2}
/\ now = 2
/\ ownGrant = {m1, m2}
/\ refused = {}
/\ started = TRUE
/\ startTime = 2
/\ ready = {m1, m2}
/\ finished = FALSE

State 9: <Tick line 43, col 5 to line 50, col 84 of module QuvHeadPreparationTiming>
/\ replied = {m1, m2}
/\ now = 3
/\ ownGrant = {m1, m2}
/\ refused = {}
/\ started = TRUE
/\ startTime = 2
/\ ready = {m1, m2}
/\ finished = FALSE

State 10: <FinishChild line 39, col 5 to line 41, col 79 of module QuvHeadPreparationTiming>
/\ replied = {m1, m2}
/\ now = 3
/\ ownGrant = {m1, m2}
/\ refused = {}
/\ started = TRUE
/\ startTime = 2
/\ ready = {m1, m2}
/\ finished = TRUE

26 states generated, 22 distinct states found, 3 states left on queue.
The depth of the complete state graph search is 10.
Finished in 00s at (2026-09-05 01:18:49)
Trace exploration spec path: ./QuvHeadPreparationTiming_TTrace_1788585529.tla
expected counterexample observed: QuvHeadPreparationTiming.tla: Invariant NoCompletedChild is violated
