census OK: 60 modules = 47 executed + 13 manifest-marked (manual)
TLC2 Version 2026.08.11.125311 (rev: 0894c34)
Warning: Please run the Java VM, which executes TLC with a throughput optimized garbage collector, by passing the "-XX:+UseParallelGC" property.
(Use the -nowarning option to disable this warning.)
Running breadth-first search Model-Checking with fp 85 and seed -2332709565670136390 with 1 worker on 24 cores with 24000MB heap and 64MB offheap memory [pid: 996351] (Linux 6.17.9-76061709-generic amd64, Ubuntu 21.0.10 64bit, MSBDiskFPSet, DiskStateQueue).
Parsing file /home/heathledger/Documents/ioi/repos/ioi/internal-docs/architecture/protocols/aft/formal/concurrency/QuvAdmissionOrder.tla
Parsing file /tmp/tlc-12059282716342954535/Naturals.tla (jar:file:/home/heathledger/Documents/ioi/repos/ioi/.internal/formal-cache/tools/tla/tla2tools.jar!/tla2sany/StandardModules/Naturals.tla)
Parsing file /tmp/tlc-12059282716342954535/Sequences.tla (jar:file:/home/heathledger/Documents/ioi/repos/ioi/.internal/formal-cache/tools/tla/tla2tools.jar!/tla2sany/StandardModules/Sequences.tla)
Parsing file /tmp/tlc-12059282716342954535/FiniteSets.tla (jar:file:/home/heathledger/Documents/ioi/repos/ioi/.internal/formal-cache/tools/tla/tla2tools.jar!/tla2sany/StandardModules/FiniteSets.tla)
Parsing file /tmp/tlc-12059282716342954535/_TLCTrace.tla (jar:file:/home/heathledger/Documents/ioi/repos/ioi/.internal/formal-cache/tools/tla/tla2tools.jar!/tla2sany/StandardModules/_TLCTrace.tla)
Parsing file /tmp/tlc-12059282716342954535/TLC.tla (jar:file:/home/heathledger/Documents/ioi/repos/ioi/.internal/formal-cache/tools/tla/tla2tools.jar!/tla2sany/StandardModules/TLC.tla)
Parsing file /tmp/tlc-12059282716342954535/TLCExt.tla (jar:file:/home/heathledger/Documents/ioi/repos/ioi/.internal/formal-cache/tools/tla/tla2tools.jar!/tla2sany/StandardModules/TLCExt.tla)
Parsing file /tmp/tlc-12059282716342954535/Integers.tla (jar:file:/home/heathledger/Documents/ioi/repos/ioi/.internal/formal-cache/tools/tla/tla2tools.jar!/tla2sany/StandardModules/Integers.tla)
Semantic processing of module Naturals
Semantic processing of module Sequences
Semantic processing of module FiniteSets
Semantic processing of module TLC
Semantic processing of module Integers
Semantic processing of module TLCExt
Semantic processing of module _TLCTrace
Semantic processing of module QuvAdmissionOrder
Linting of module TLCExt
Linting of module _TLCTrace
Linting of module QuvAdmissionOrder
Starting... (2026-09-05 08:35:30)
Implied-temporal checking--satisfiability problem has 1 branches.
Computing initial states...
Computed 2 initial states...
Finished computing initial states: 4 distinct states generated at 2026-09-05 08:35:31.
Progress(6) at 2026-09-05 08:35:31: 32 states generated, 18 distinct states found, 0 states left on queue.
Checking temporal properties for the complete state space with 18 total distinct states at (2026-09-05 08:35:31)
Finished checking temporal properties in 00s at 2026-09-05 08:35:31
Model checking completed. No error has been found.
  Estimates of the probability that TLC did not check all reachable states
  because two distinct states had the same fingerprint:
  calculated (optimistic):  val = 1.4E-17
32 states generated, 18 distinct states found, 0 states left on queue.
The depth of the complete state graph search is 6.
The average outdegree of the complete state graph is 1 (minimum is 0, the maximum 2 and the 95th percentile is 2).
Finished in 00s at (2026-09-05 08:35:31)
TLC2 Version 2026.08.11.125311 (rev: 0894c34)
Warning: Please run the Java VM, which executes TLC with a throughput optimized garbage collector, by passing the "-XX:+UseParallelGC" property.
(Use the -nowarning option to disable this warning.)
Running breadth-first search Model-Checking with fp 122 and seed -5262200107455236882 with 1 worker on 24 cores with 24000MB heap and 64MB offheap memory [pid: 996610] (Linux 6.17.9-76061709-generic amd64, Ubuntu 21.0.10 64bit, MSBDiskFPSet, DiskStateQueue).
Parsing file /home/heathledger/Documents/ioi/repos/ioi/internal-docs/architecture/protocols/aft/formal/concurrency/QuvAdmissionOrder.tla
Parsing file /tmp/tlc-17860559527257370601/Naturals.tla (jar:file:/home/heathledger/Documents/ioi/repos/ioi/.internal/formal-cache/tools/tla/tla2tools.jar!/tla2sany/StandardModules/Naturals.tla)
Parsing file /tmp/tlc-17860559527257370601/Sequences.tla (jar:file:/home/heathledger/Documents/ioi/repos/ioi/.internal/formal-cache/tools/tla/tla2tools.jar!/tla2sany/StandardModules/Sequences.tla)
Parsing file /tmp/tlc-17860559527257370601/FiniteSets.tla (jar:file:/home/heathledger/Documents/ioi/repos/ioi/.internal/formal-cache/tools/tla/tla2tools.jar!/tla2sany/StandardModules/FiniteSets.tla)
Parsing file /tmp/tlc-17860559527257370601/_TLCTrace.tla (jar:file:/home/heathledger/Documents/ioi/repos/ioi/.internal/formal-cache/tools/tla/tla2tools.jar!/tla2sany/StandardModules/_TLCTrace.tla)
Parsing file /tmp/tlc-17860559527257370601/TLC.tla (jar:file:/home/heathledger/Documents/ioi/repos/ioi/.internal/formal-cache/tools/tla/tla2tools.jar!/tla2sany/StandardModules/TLC.tla)
Parsing file /tmp/tlc-17860559527257370601/TLCExt.tla (jar:file:/home/heathledger/Documents/ioi/repos/ioi/.internal/formal-cache/tools/tla/tla2tools.jar!/tla2sany/StandardModules/TLCExt.tla)
Parsing file /tmp/tlc-17860559527257370601/Integers.tla (jar:file:/home/heathledger/Documents/ioi/repos/ioi/.internal/formal-cache/tools/tla/tla2tools.jar!/tla2sany/StandardModules/Integers.tla)
Semantic processing of module Naturals
Semantic processing of module Sequences
Semantic processing of module FiniteSets
Semantic processing of module TLC
Semantic processing of module Integers
Semantic processing of module TLCExt
Semantic processing of module _TLCTrace
Semantic processing of module QuvAdmissionOrder
Linting of module TLCExt
Linting of module _TLCTrace
Linting of module QuvAdmissionOrder
Starting... (2026-09-05 08:35:31)
Implied-temporal checking--satisfiability problem has 1 branches.
Computing initial states...
Computed 2 initial states...
Computed 4 initial states...
Computed 8 initial states...
Finished computing initial states: 15 distinct states generated at 2026-09-05 08:35:31.
Progress(9) at 2026-09-05 08:35:31: 258 states generated, 101 distinct states found, 0 states left on queue.
Checking temporal properties for the complete state space with 101 total distinct states at (2026-09-05 08:35:31)
Finished checking temporal properties in 00s at 2026-09-05 08:35:31
Model checking completed. No error has been found.
  Estimates of the probability that TLC did not check all reachable states
  because two distinct states had the same fingerprint:
  calculated (optimistic):  val = 8.6E-16
258 states generated, 101 distinct states found, 0 states left on queue.
The depth of the complete state graph search is 9.
The average outdegree of the complete state graph is 1 (minimum is 0, the maximum 3 and the 95th percentile is 2).
Finished in 00s at (2026-09-05 08:35:31)
TLC2 Version 2026.08.11.125311 (rev: 0894c34)
Warning: Please run the Java VM, which executes TLC with a throughput optimized garbage collector, by passing the "-XX:+UseParallelGC" property.
(Use the -nowarning option to disable this warning.)
Running breadth-first search Model-Checking with fp 26 and seed 6746720109280888537 with 1 worker on 24 cores with 24000MB heap and 64MB offheap memory [pid: 996729] (Linux 6.17.9-76061709-generic amd64, Ubuntu 21.0.10 64bit, MSBDiskFPSet, DiskStateQueue).
Parsing file /tmp/tmp.Af3ajKMysR/QuvAdmissionOrder.tla
Parsing file /tmp/tlc-15343177335980662775/Naturals.tla (jar:file:/home/heathledger/Documents/ioi/repos/ioi/.internal/formal-cache/tools/tla/tla2tools.jar!/tla2sany/StandardModules/Naturals.tla)
Parsing file /tmp/tlc-15343177335980662775/Sequences.tla (jar:file:/home/heathledger/Documents/ioi/repos/ioi/.internal/formal-cache/tools/tla/tla2tools.jar!/tla2sany/StandardModules/Sequences.tla)
Parsing file /tmp/tlc-15343177335980662775/FiniteSets.tla (jar:file:/home/heathledger/Documents/ioi/repos/ioi/.internal/formal-cache/tools/tla/tla2tools.jar!/tla2sany/StandardModules/FiniteSets.tla)
Parsing file /tmp/tlc-15343177335980662775/_TLCTrace.tla (jar:file:/home/heathledger/Documents/ioi/repos/ioi/.internal/formal-cache/tools/tla/tla2tools.jar!/tla2sany/StandardModules/_TLCTrace.tla)
Parsing file /tmp/tlc-15343177335980662775/TLC.tla (jar:file:/home/heathledger/Documents/ioi/repos/ioi/.internal/formal-cache/tools/tla/tla2tools.jar!/tla2sany/StandardModules/TLC.tla)
Parsing file /tmp/tlc-15343177335980662775/TLCExt.tla (jar:file:/home/heathledger/Documents/ioi/repos/ioi/.internal/formal-cache/tools/tla/tla2tools.jar!/tla2sany/StandardModules/TLCExt.tla)
Parsing file /tmp/tlc-15343177335980662775/Integers.tla (jar:file:/home/heathledger/Documents/ioi/repos/ioi/.internal/formal-cache/tools/tla/tla2tools.jar!/tla2sany/StandardModules/Integers.tla)
Semantic processing of module Naturals
Semantic processing of module Sequences
Semantic processing of module FiniteSets
Semantic processing of module TLC
Semantic processing of module Integers
Semantic processing of module TLCExt
Semantic processing of module _TLCTrace
Semantic processing of module QuvAdmissionOrder
Linting of module TLCExt
Linting of module _TLCTrace
Linting of module QuvAdmissionOrder
Starting... (2026-09-05 08:35:31)
Implied-temporal checking--satisfiability problem has 1 branches.
Computing initial states...
Computed 2 initial states...
Finished computing initial states: 4 distinct states generated at 2026-09-05 08:35:32.
Error: Invariant BoundedPredecessors is violated.
Error: The behavior up to this point is:
State 1: <Initial predicate>
/\ bypasses = 0
/\ active = "idle"
/\ served = FALSE
/\ queue = <<d1, "worker">>

State 2: <Start line 30, col 10 to line 36, col 66 of module QuvAdmissionOrder>
/\ bypasses = 1
/\ active = d1
/\ served = FALSE
/\ queue = <<"worker">>

State 3: <Arrive line 19, col 11 to line 22, col 56 of module QuvAdmissionOrder>
/\ bypasses = 1
/\ active = d1
/\ served = FALSE
/\ queue = <<"worker", d1>>

State 4: <Release line 28, col 12 to line 29, col 51 of module QuvAdmissionOrder>
/\ bypasses = 1
/\ active = "idle"
/\ served = FALSE
/\ queue = <<"worker", d1>>

State 5: <Start line 30, col 10 to line 36, col 66 of module QuvAdmissionOrder>
/\ bypasses = 2
/\ active = d1
/\ served = FALSE
/\ queue = <<"worker">>

31 states generated, 17 distinct states found, 2 states left on queue.
The depth of the complete state graph search is 5.
Finished in 00s at (2026-09-05 08:35:32)
Trace exploration spec path: ./QuvAdmissionOrder_TTrace_1788611731.tla
expected counterexample observed: QuvAdmissionOrder.tla: Invariant BoundedPredecessors is violated
