census OK: 87 modules = 74 executed + 13 manifest-marked (manual)
TLC2 Version 2026.08.11.125311 (rev: 0894c34)
Warning: Please run the Java VM, which executes TLC with a throughput optimized garbage collector, by passing the "-XX:+UseParallelGC" property.
(Use the -nowarning option to disable this warning.)
Running breadth-first search Model-Checking with fp 117 and seed -2680311459640325659 with 1 worker on 24 cores with 24000MB heap and 64MB offheap memory [pid: 1640824] (Linux 6.17.9-76061709-generic amd64, Ubuntu 21.0.10 64bit, MSBDiskFPSet, DiskStateQueue).
Parsing file /home/heathledger/Documents/ioi/repos/ioi/internal-docs/architecture/protocols/aft/formal/concurrency/QuvAdmissionOrder.tla
Parsing file /tmp/tlc-13970062596940273740/Naturals.tla (jar:file:/home/heathledger/Documents/ioi/repos/ioi/.internal/formal-cache/tools/tla/tla2tools.jar!/tla2sany/StandardModules/Naturals.tla)
Parsing file /tmp/tlc-13970062596940273740/Sequences.tla (jar:file:/home/heathledger/Documents/ioi/repos/ioi/.internal/formal-cache/tools/tla/tla2tools.jar!/tla2sany/StandardModules/Sequences.tla)
Parsing file /tmp/tlc-13970062596940273740/FiniteSets.tla (jar:file:/home/heathledger/Documents/ioi/repos/ioi/.internal/formal-cache/tools/tla/tla2tools.jar!/tla2sany/StandardModules/FiniteSets.tla)
Parsing file /tmp/tlc-13970062596940273740/_TLCTrace.tla (jar:file:/home/heathledger/Documents/ioi/repos/ioi/.internal/formal-cache/tools/tla/tla2tools.jar!/tla2sany/StandardModules/_TLCTrace.tla)
Parsing file /tmp/tlc-13970062596940273740/TLC.tla (jar:file:/home/heathledger/Documents/ioi/repos/ioi/.internal/formal-cache/tools/tla/tla2tools.jar!/tla2sany/StandardModules/TLC.tla)
Parsing file /tmp/tlc-13970062596940273740/TLCExt.tla (jar:file:/home/heathledger/Documents/ioi/repos/ioi/.internal/formal-cache/tools/tla/tla2tools.jar!/tla2sany/StandardModules/TLCExt.tla)
Parsing file /tmp/tlc-13970062596940273740/Integers.tla (jar:file:/home/heathledger/Documents/ioi/repos/ioi/.internal/formal-cache/tools/tla/tla2tools.jar!/tla2sany/StandardModules/Integers.tla)
Semantic processing of module Naturals
Semantic processing of module Sequences
Semantic processing of module FiniteSets
Semantic processing of module TLC
Semantic processing of module Integers
Semantic processing of module TLCExt
Semantic processing of module _TLCTrace
Semantic processing of module QuvAdmissionOrder
Linting of module TLCExt
Linting of module _TLCTrace
Linting of module QuvAdmissionOrder
Starting... (2026-09-06 02:51:51)
Implied-temporal checking--satisfiability problem has 1 branches.
Computing initial states...
Computed 2 initial states...
Computed 4 initial states...
Computed 8 initial states...
Computed 16 initial states...
Computed 32 initial states...
Finished computing initial states: 64 distinct states generated at 2026-09-06 02:51:51.
Progress(12) at 2026-09-06 02:51:51: 2,200 states generated, 630 distinct states found, 0 states left on queue.
Checking temporal properties for the complete state space with 630 total distinct states at (2026-09-06 02:51:51)
Finished checking temporal properties in 00s at 2026-09-06 02:51:51
Model checking completed. No error has been found.
  Estimates of the probability that TLC did not check all reachable states
  because two distinct states had the same fingerprint:
  calculated (optimistic):  val = 5.4E-14
2200 states generated, 630 distinct states found, 0 states left on queue.
The depth of the complete state graph search is 12.
The average outdegree of the complete state graph is 1 (minimum is 0, the maximum 4 and the 95th percentile is 2).
Finished in 00s at (2026-09-06 02:51:51)
TLC2 Version 2026.08.11.125311 (rev: 0894c34)
Warning: Please run the Java VM, which executes TLC with a throughput optimized garbage collector, by passing the "-XX:+UseParallelGC" property.
(Use the -nowarning option to disable this warning.)
Running breadth-first search Model-Checking with fp 29 and seed -665793818159988695 with 1 worker on 24 cores with 24000MB heap and 64MB offheap memory [pid: 1641068] (Linux 6.17.9-76061709-generic amd64, Ubuntu 21.0.10 64bit, MSBDiskFPSet, DiskStateQueue).
Parsing file /tmp/tmp.ssLpZKgCAo/QuvAdmissionOrder.tla
Parsing file /tmp/tlc-5756066580539168312/Naturals.tla (jar:file:/home/heathledger/Documents/ioi/repos/ioi/.internal/formal-cache/tools/tla/tla2tools.jar!/tla2sany/StandardModules/Naturals.tla)
Parsing file /tmp/tlc-5756066580539168312/Sequences.tla (jar:file:/home/heathledger/Documents/ioi/repos/ioi/.internal/formal-cache/tools/tla/tla2tools.jar!/tla2sany/StandardModules/Sequences.tla)
Parsing file /tmp/tlc-5756066580539168312/FiniteSets.tla (jar:file:/home/heathledger/Documents/ioi/repos/ioi/.internal/formal-cache/tools/tla/tla2tools.jar!/tla2sany/StandardModules/FiniteSets.tla)
Parsing file /tmp/tlc-5756066580539168312/_TLCTrace.tla (jar:file:/home/heathledger/Documents/ioi/repos/ioi/.internal/formal-cache/tools/tla/tla2tools.jar!/tla2sany/StandardModules/_TLCTrace.tla)
Parsing file /tmp/tlc-5756066580539168312/TLC.tla (jar:file:/home/heathledger/Documents/ioi/repos/ioi/.internal/formal-cache/tools/tla/tla2tools.jar!/tla2sany/StandardModules/TLC.tla)
Parsing file /tmp/tlc-5756066580539168312/TLCExt.tla (jar:file:/home/heathledger/Documents/ioi/repos/ioi/.internal/formal-cache/tools/tla/tla2tools.jar!/tla2sany/StandardModules/TLCExt.tla)
Parsing file /tmp/tlc-5756066580539168312/Integers.tla (jar:file:/home/heathledger/Documents/ioi/repos/ioi/.internal/formal-cache/tools/tla/tla2tools.jar!/tla2sany/StandardModules/Integers.tla)
Semantic processing of module Naturals
Semantic processing of module Sequences
Semantic processing of module FiniteSets
Semantic processing of module TLC
Semantic processing of module Integers
Semantic processing of module TLCExt
Semantic processing of module _TLCTrace
Semantic processing of module QuvAdmissionOrder
Linting of module TLCExt
Linting of module _TLCTrace
Linting of module QuvAdmissionOrder
Starting... (2026-09-06 02:51:51)
Implied-temporal checking--satisfiability problem has 1 branches.
Computing initial states...
Computed 2 initial states...
Computed 4 initial states...
Computed 8 initial states...
Computed 16 initial states...
Computed 32 initial states...
Finished computing initial states: 64 distinct states generated at 2026-09-06 02:51:51.
Error: Invariant BoundedPredecessors is violated.
Error: The behavior up to this point is:
State 1: <Initial predicate>
/\ bypasses = 0
/\ active = "idle"
/\ served = FALSE
/\ queue = <<d1, d2, historical, "worker">>

State 2: <Start line 30, col 10 to line 36, col 66 of module QuvAdmissionOrder>
/\ bypasses = 1
/\ active = d1
/\ served = FALSE
/\ queue = <<d2, historical, "worker">>

State 3: <Arrive line 19, col 11 to line 22, col 56 of module QuvAdmissionOrder>
/\ bypasses = 1
/\ active = d1
/\ served = FALSE
/\ queue = <<d2, historical, "worker", d1>>

State 4: <Release line 28, col 12 to line 29, col 51 of module QuvAdmissionOrder>
/\ bypasses = 1
/\ active = "idle"
/\ served = FALSE
/\ queue = <<d2, historical, "worker", d1>>

State 5: <Start line 30, col 10 to line 36, col 66 of module QuvAdmissionOrder>
/\ bypasses = 2
/\ active = d2
/\ served = FALSE
/\ queue = <<historical, "worker", d1>>

State 6: <Release line 28, col 12 to line 29, col 51 of module QuvAdmissionOrder>
/\ bypasses = 2
/\ active = "idle"
/\ served = FALSE
/\ queue = <<historical, "worker", d1>>

State 7: <Start line 30, col 10 to line 36, col 66 of module QuvAdmissionOrder>
/\ bypasses = 3
/\ active = historical
/\ served = FALSE
/\ queue = <<"worker", d1>>

State 8: <Release line 28, col 12 to line 29, col 51 of module QuvAdmissionOrder>
/\ bypasses = 3
/\ active = "idle"
/\ served = FALSE
/\ queue = <<"worker", d1>>

State 9: <Start line 30, col 10 to line 36, col 66 of module QuvAdmissionOrder>
/\ bypasses = 4
/\ active = d1
/\ served = FALSE
/\ queue = <<"worker">>

2394 states generated, 625 distinct states found, 59 states left on queue.
The depth of the complete state graph search is 9.
Finished in 00s at (2026-09-06 02:51:52)
Trace exploration spec path: ./QuvAdmissionOrder_TTrace_1788677511.tla
expected counterexample observed: QuvAdmissionOrder.tla: Invariant BoundedPredecessors is violated
