START pressure-checker 2026-09-06T07:05:01.148378+00:00
DONE pressure-checker 0
START policy-types 2026-09-06T07:05:01.174993+00:00
DONE policy-types 0
START quv-core 2026-09-06T07:06:48.698062+00:00
DONE quv-core 0
START runtime-finality 2026-09-06T07:08:48.531735+00:00
DONE runtime-finality 0
START runtime 2026-09-06T07:09:04.027817+00:00
DONE runtime 0
START executor 2026-09-06T07:09:12.250076+00:00
DONE executor 0
START cli 2026-09-06T07:09:12.661544+00:00
DONE cli 0
START format 2026-09-06T07:10:33.917747+00:00
DONE format 0
START syntax 2026-09-06T07:10:42.312038+00:00
DONE syntax 0
START formal 2026-09-06T07:10:42.316806+00:00
DONE formal 0
