IOI_MEASURED_COMMIT=3dda6066f6ecd73b8f36d02cb4876a0498ef0a3e
IOI_ENV_ROOT_USED_PCT=50%
Runtime action contracts are out of date:
- packages/hypervisor-workbench/src/runtime/generated/action-schema.ts
Run npm run generate:runtime-action-contracts.
Runtime action contracts are out of date:
- packages/hypervisor-workbench/src/runtime/generated/action-schema.ts
Run npm run generate:runtime-action-contracts.
TAP version 13
# Subtest: pre-next-leg gate vectors are pinned independently of the production list
ok 1 - pre-next-leg gate vectors are pinned independently of the production list
  ---
  duration_ms: 1.046598
  type: 'test'
  ...
# Subtest: pre-next-leg propagates a compositor-tier failure
ok 2 - pre-next-leg propagates a compositor-tier failure
  ---
  duration_ms: 0.387237
  type: 'test'
  ...
# Subtest: pre-next-leg pins check mode ahead of a missing or altered regression flag
ok 3 - pre-next-leg pins check mode ahead of a missing or altered regression flag
  ---
  duration_ms: 48.301495
  type: 'test'
  ...
# Subtest: conformance help cannot mask compositor or unknown flags
ok 4 - conformance help cannot mask compositor or unknown flags
  ---
  duration_ms: 19.106889
  type: 'test'
  ...
1..4
# tests 4
# suites 0
# pass 4
# fail 0
# cancelled 0
# skipped 0
# todo 0
# duration_ms 75.395967
