GA_START 2026-07-28T13:00:32Z
PASS: VISIBILITY: one plane lock encloses the exact intent scan and record read - lock=82 scan=214 read=851
PASS: AUTHORITY DISCIPLINE: production admission consumes a recorded wallet grant and never records approvals itself - consume=true production_record=false
PASS: FIXTURE: exact compiler inputs reconstruct both immutable release commitments - sha256:8cd8d649b1ae06bb99cf6cbe9fa671ef47b48ca523cbdce8b943224c279340fc/sha256:78ca76fbeb4fc51bdc114f68afd9078cedf52c8a3760ed1e2bb3be173091858b
PASS: COMPILER: upgrade-only release returns the exact blocker before authority with zero mutation - 422/system_genesis_proposal_invalid blockers=[["new_system_instantiation_forbidden","$.release.system_binding.allowed_use"]] zero_write=true
PASS: INTAKE: recursive plaintext secret is typed, zero-write, and the sentinel is absent - 422/system_genesis_plaintext_secret_rejected response_clean=true json_clean=true log_clean=true
PASS: COMPILER: recursive unknown field is rejected before authority with zero mutation - 422/system_genesis_proposal_invalid blockers=[["proposed_instantiation_invalid","$.proposed.candidate.cryptographic_origin"],["unknown_property","$.proposed.candidate.cryptographic_origin.unknown_commitment"]] zero_write=true
PASS: COMPILER: activation claim is rejected before authority with zero mutation - 422/system_genesis_proposal_invalid blockers=[["genesis_activation_claim_forbidden","$.proposed.candidate.activation_receipt_ref"],["proposed_instantiation_invalid","$.proposed.candidate.activation_receipt_ref"]] zero_write=true
PASS: SHAPE: route-owned top-level field is rejected before authority with zero mutation - 422/system_genesis_field_unknown
PASS: AUTHORITY: multi-owner constitution is typed unavailable until authority aggregation exists - 501/system_genesis_authority_aggregation_unavailable
PASS: AUTHORITY: exact compiled proposal receives a 403 scope-bound wallet challenge - 403/scope:autonomous_system.genesis_admit
PASS: AUTHORITY: same-hash foreign signer is refused with zero mutation - 403/system_genesis_host_authority_required
PASS: AUTHORITY: proposal/body swap under the original signed grant is refused with zero mutation - 403/system_genesis_host_authority_required request_changed=true
PASS: AUTHORITY: release fields excluded from release_root still change the exact signed effect - 403/system_genesis_host_authority_required release_root_same=true effect_changed=true
PASS: ADMIT: real signed wallet grant commits one authorized admission and receipt - 201/system-genesis-admission://asg_71125124e9178213b8d6feefeb11f004a6ebf4ebb821bee40a693b3dab8b4b9b
PASS: COMPILE: admitted record binds the exact fixture release and all compiler golden roots - sha256:a519964f16ab9974e009336f784a764d9c8ad1354879036d9846effd6680a2e5/sha256:7cb2c381d5d98c2d220446a18a55b9f5be1dfbc824ebb5d8295be01138f6cbea
PASS: DURABLE: response record and receipt are byte-equivalent to their canonical files - records=1 receipts=1 intents=0
PASS: GET: exact system_id query and exact deterministic record key return the same admission - 200/200/asg_71125124e9178213b8d6feefeb11f004a6ebf4ebb821bee40a693b3dab8b4b9b detail=
PASS: GET PROOF: a locally plausible but receipt-inconsistent aggregate refuses typed - 500/system_genesis_local_evidence_mismatch
PASS: GET PROOF: a forged local admission receipt refuses typed - 500/system_genesis_local_evidence_mismatch
PASS: GET PROOF: a self-consistent rehashed local wallet-use receipt still refuses against immutable Agentgres evidence - 500/system_genesis_agentgres_evidence_mismatch
PASS: GET PROOF: a truncated Agentgres log refuses typed and exact restoration recovers - 500/system_genesis_agentgres_evidence_mismatch restored=200/ok detail=
PASS: RECEIPT: output hash and complete bound_facts recompute from the persisted record - sha256:c35a664017b979707d699bcb9d58927bc35db72c2afe9e5f330142a2efd60751/bound=true
PASS: BOUNDARY: authorized is not activated and no runtime, member, or lifecycle effect lands - status=authorized/authorized json_delta=["autonomous-system-genesis-authority-consumptions/asgc_7745440f665db502e3be7ad5eacbd4c0f0fde3109c60d3de448bf86725344df8.json","autonomous-system-genesis-receipts/asgr_7745440f665db502e3be7ad5eacbd4c0f0fde3109c60d3de448bf86725344df8.json","autonomous-system-genesis-registry/asg_71125124e9178213b8d6feefeb11f004a6ebf4ebb821bee40a693b3dab8b4b9b.json"] changed_startup=[]
PASS: IDENTITY: duplicate System/genesis admission is refused with byte-exact zero mutation - 409/system_genesis_already_admitted
PASS: WALLET CONSUMPTION: interruption after wallet commit retains only the prepared replay anchor locally - 500/system_genesis_pending_convergence counts={"autonomous-system-genesis-registry":0,"autonomous-system-genesis-receipts":0,"autonomous-system-genesis-intents":1,"autonomous-system-genesis-authority-consumptions":0}
PASS: WALLET CONSUMPTION REPLAY: restart recovers the same immutable use receipt without spending a second grant usage - 200 usage=1 remaining=0 counts={"autonomous-system-genesis-registry":1,"autonomous-system-genesis-receipts":1,"autonomous-system-genesis-intents":0,"autonomous-system-genesis-authority-consumptions":1}
PASS: WALLET BINDING PREPARE: the durable intent exists before a real root-signed principal-authority revocation - 500/system_genesis_pending_convergence binding=wallet.network://principal-authority-binding/0020e1a05a9a79ef9d3fe84b244e9c39ae1db327dafb431b3441b652b5208cae
PASS: WALLET BINDING ATOMICITY: revocation after prepare refuses first consumption with the intent byte-exact and zero admission effects - get=500/system_genesis_pending_convergence counts={"autonomous-system-genesis-registry":0,"autonomous-system-genesis-receipts":0,"autonomous-system-genesis-intents":1,"autonomous-system-genesis-authority-consumptions":0} log_match=true/true log_tail="cipation': isolated worker exited; owner slot released\ngoverned completer 'work-frontier-claim': isolated worker exited; owner slot released\ngoverned completer 'resource-capability-offer': isolated worker exited; owner slot released\ngoverned completer 'attempt-finding': isolated worker exited; owner slot released\ngoverned completer 'verifier-challenge': isolated worker exited; owner slot released\n"
PASS: DURABILITY: forced receipt dirsync uncertainty returns typed pending and retains a sealed intent - 500/system_genesis_pending_convergence counts={"autonomous-system-genesis-registry":0,"autonomous-system-genesis-receipts":1,"autonomous-system-genesis-intents":1,"autonomous-system-genesis-authority-consumptions":1}
PASS: DURABILITY: exact GETs report pending convergence while the matching intent exists - system=500/system_genesis_pending_convergence key=500/system_genesis_pending_convergence
PASS: REPLAY: SIGKILL restart reauthorizes and converges the exact receipt plus one immutable record - 200 counts={"autonomous-system-genesis-registry":1,"autonomous-system-genesis-receipts":1,"autonomous-system-genesis-intents":0,"autonomous-system-genesis-authority-consumptions":1}
PASS: AGENTGRES DURABILITY: an unconfirmed required-admission sync retains the intent and refuses success - 500/system_genesis_agentgres_admission_failed counts={"autonomous-system-genesis-registry":0,"autonomous-system-genesis-receipts":0,"autonomous-system-genesis-intents":1,"autonomous-system-genesis-authority-consumptions":1}
PASS: AGENTGRES DURABILITY: restart explicitly syncs the exact replay before consuming its anchor - 200 counts={"autonomous-system-genesis-registry":1,"autonomous-system-genesis-receipts":1,"autonomous-system-genesis-intents":0,"autonomous-system-genesis-authority-consumptions":1}
PASS: AGENTGRES FAULT: POST stops pending after exactly one admission in each mandatory evidence domain - 500/system_genesis_pending_convergence counts={"autonomous-system-genesis-registry":1,"autonomous-system-genesis-receipts":1,"autonomous-system-genesis-intents":1,"autonomous-system-genesis-authority-consumptions":1}
PASS: AGENTGRES: all three M1.3 evidence domains are mandatory and admitted without soak while exact GETs remain pending - required=["autonomous-system-genesis-registry","autonomous-system-genesis-receipts","autonomous-system-genesis-authority-consumptions","autonomous-system-sequence-zero-materializations","autonomous-system-sequence-zero-materialization-receipts","autonomous-system-sequence-zero-component-registries","autonomous-system-sequence-zero-authority-consumptions","autonomous-system-deployment-profile-revisions","autonomous-system-lifecycle-authority-evidence","autonomous-system-lifecycle-authority-consumptions","autonomous-system-lifecycle-proposals","autonomous-system-lifecycle-authority-decisions","autonomous-system-lifecycle-transitions","autonomous-system-initialize-transition-receipts","autonomous-system-activation-receipts","autonomous-system-activation-states","autonomous-system-active-profile-sets","autonomous-system-home-bindings","autonomous-system-operation-log-revisions","autonomous-system-chain-revisions","autonomous-system-chain-successor-claims","autonomous-system-chain-writer-reservations","autonomous-system-lifecycle-states","autonomous-system-protected-transition-receipts","autonomous-system-continuity-transition-receipts","autonomous-system-migration-destination-acknowledgements","autonomous-system-migration-destination-acknowledgement-receipts","autonomous-system-dissolution-dispositions","autonomous-system-dissolution-receipts","autonomous-system-network-enrollments","autonomous-system-amendment-receipts","autonomous-system-constitution-amendments","autonomous-system-constitution-amendment-approval-decisions","autonomous-system-constitution-amendment-approval-authority-evidence","autonomous-system-constitutions"] admitted=3 errors=0 gets=500/500
PASS: AGENTGRES REPLAY: SIGKILL restart converges without advancing any M1.3 required domain - record_state={"root":"sha256:779ab8a61b87810c52aa3779c5693ae3b263981905f598d83f9a5ace6e4e5c62","admitted_seq":1}->{"root":"sha256:779ab8a61b87810c52aa3779c5693ae3b263981905f598d83f9a5ace6e4e5c62","admitted_seq":1} receipt_state={"root":"sha256:af1a0e5a1675d046cfea3b8c6aed2d092cfe85ec728bacecefc49777ed72b1d9","admitted_seq":1}->{"root":"sha256:af1a0e5a1675d046cfea3b8c6aed2d092cfe85ec728bacecefc49777ed72b1d9","admitted_seq":1} consumption_state={"root":"sha256:e3dbd799d5c6337f5213e232181c41e04a514058bfedd6b0dab453944b2e7252","admitted_seq":1}->{"root":"sha256:e3dbd799d5c6337f5213e232181c41e04a514058bfedd6b0dab453944b2e7252","admitted_seq":1} counts={"autonomous-system-genesis-registry":1,"autonomous-system-genesis-receipts":1,"autonomous-system-genesis-intents":0,"autonomous-system-genesis-authority-consumptions":1}
PASS: CONCURRENCY: sixteen exact admissions linearize to one record, one receipt, and one wallet usage - created=1 refused=15 statuses=409/system_genesis_already_admitted,409/system_genesis_already_admitted,201/ok,409/system_genesis_already_admitted,409/system_genesis_already_admitted,409/system_genesis_already_admitted,409/system_genesis_already_admitted,409/system_genesis_already_admitted,409/system_genesis_already_admitted,409/system_genesis_already_admitted,409/system_genesis_already_admitted,409/system_genesis_already_admitted,409/system_genesis_already_admitted,409/system_genesis_already_admitted,409/system_genesis_already_admitted,409/system_genesis_already_admitted
PASS: STARTUP OWNERSHIP: the boot completer and sixteen online admissions share one gate, yielding one 201 and no false convergence failure - created=1 refused=15 5xx=0 statuses=409/system_genesis_already_admitted,409/system_genesis_already_admitted,409/system_genesis_already_admitted,409/system_genesis_already_admitted,409/system_genesis_already_admitted,409/system_genesis_already_admitted,409/system_genesis_already_admitted,409/system_genesis_already_admitted,409/system_genesis_already_admitted,409/system_genesis_already_admitted,409/system_genesis_already_admitted,409/system_genesis_already_admitted,409/system_genesis_already_admitted,409/system_genesis_already_admitted,409/system_genesis_already_admitted,201/ok
PASS: ISOLATION: real daemon System-genesis family counts are unchanged - {"autonomous-system-genesis-registry":0,"autonomous-system-genesis-receipts":0,"autonomous-system-genesis-intents":0,"autonomous-system-genesis-authority-consumptions":0} -> {"autonomous-system-genesis-registry":0,"autonomous-system-genesis-receipts":0,"autonomous-system-genesis-intents":0,"autonomous-system-genesis-authority-consumptions":0}
PASS: TEARDOWN: every verifier-owned temp data directory is removed - owned_removed=true concurrent_temp_census=35->35
40/40 passed
system-genesis admission integration bar: PASS (isolated real-wallet authority, durability replay, and mandatory Agentgres admission verified)
GA_END 2026-07-28T13:16:39Z
GA_EXIT=0
