PASS: TEARDOWN SELF-TEST: stale resources are atomically quarantined and revalidated before recursive removal - removed=5
PASS: FIXTURE SELF-TEST: malformed atomically published readiness kills and reaps the complete owned process group
PASS: FIXTURE SELF-TEST: the guardian kills its complete fixture group when the exact parent identity dies
warning: unused imports: `chat_reply_looks_like_source_candidate_list`, `chat_reply_looks_like_tool_plan`, and `workspace_chat_reply_looks_terminal`
  --> crates/services/src/agentic/runtime/service/tool_execution/processing/phases/execute_tool_phase/tool_outcome.rs:23:5
   |
23 |     chat_reply_looks_like_source_candidate_list, chat_reply_looks_like_tool_plan,
   |     ^^^^^^^^^^^^^^^^^^^^^^^^^^^^^^^^^^^^^^^^^^^  ^^^^^^^^^^^^^^^^^^^^^^^^^^^^^^^
24 |     file_mutation_policy_action_report_candidate, goal_requires_fresh_retrieval_before_chat_reply,
25 |     source_candidate_chat_reply_blocker, workspace_chat_reply_looks_terminal,
   |                                          ^^^^^^^^^^^^^^^^^^^^^^^^^^^^^^^^^^^
   |
   = note: `#[warn(unused_imports)]` (part of `#[warn(unused)]`) on by default

warning: method `to_value` is never used
   --> crates/services/src/agentic/runtime/kernel/repository_workflow.rs:195:8
    |
194 | impl RepositoryWorkflowProjectionRecord {
    | --------------------------------------- method in this implementation
195 |     fn to_value(&self) -> Value {
    |        ^^^^^^^^
    |
    = note: `#[warn(dead_code)]` (part of `#[warn(unused)]`) on by default

warning: function `set_array_strings` is never used
   --> crates/services/src/agentic/runtime/kernel/runtime_conversation_artifact_control.rs:570:4
    |
570 | fn set_array_strings(value: &mut Value, key: &str, values: &[String]) {
    |    ^^^^^^^^^^^^^^^^^

warning: method `to_value` is never used
   --> crates/services/src/agentic/runtime/kernel/runtime_lifecycle.rs:196:8
    |
195 | impl RuntimeLifecycleProjectionRecord {
    | ------------------------------------- method in this implementation
196 |     fn to_value(&self) -> Value {
    |        ^^^^^^^^

warning: method `to_value` is never used
   --> crates/services/src/agentic/runtime/kernel/runtime_mcp_serve.rs:635:8
    |
634 | impl RuntimeMcpServeToolCallPlanRecord {
    | -------------------------------------- method in this implementation
635 |     fn to_value(&self) -> Value {
    |        ^^^^^^^^

warning: method `to_value` is never used
   --> crates/services/src/agentic/runtime/kernel/runtime_mcp_serve.rs:664:8
    |
663 | impl RuntimeMcpServeToolResultProjectionRecord {
    | ---------------------------------------------- method in this implementation
664 |     fn to_value(&self) -> Value {
    |        ^^^^^^^^

warning: method `to_value` is never used
   --> crates/services/src/agentic/runtime/kernel/runtime_tool_catalog.rs:144:8
    |
143 | impl RuntimeToolCatalogProjectionRecord {
    | --------------------------------------- method in this implementation
144 |     fn to_value(&self) -> Value {
    |        ^^^^^^^^

warning: method `to_value` is never used
   --> crates/services/src/agentic/runtime/kernel/skill_hook_registry.rs:137:8
    |
136 | impl SkillHookRegistryProjectionRecord {
    | -------------------------------------- method in this implementation
137 |     fn to_value(&self) -> Value {
    |        ^^^^^^^^

warning: `ioi-services` (lib) generated 8 warnings (run `cargo fix --lib -p ioi-services` to apply 1 suggestion)
warning: unused import: `remove_record`
  --> crates/node/src/bin/hypervisor_daemon_routes/ioi_intelligence_routes.rs:32:55
   |
32 | use super::{iso_now, persist_record, read_record_dir, remove_record, sha256_hex_str, DaemonState};
   |                                                       ^^^^^^^^^^^^^
   |
   = note: `#[warn(unused_imports)]` (part of `#[warn(unused)]`) on by default

warning: unnecessary parentheses around closure body
    --> crates/node/src/bin/hypervisor-daemon.rs:4659:22
     |
4659 |     .map_err(|error| (AppError(StatusCode::INTERNAL_SERVER_ERROR, error.to_string())))?;
     |                      ^                                                              ^
     |
     = note: `#[warn(unused_parens)]` (part of `#[warn(unused)]`) on by default
help: remove these parentheses
     |
4659 -     .map_err(|error| (AppError(StatusCode::INTERNAL_SERVER_ERROR, error.to_string())))?;
4659 +     .map_err(|error| AppError(StatusCode::INTERNAL_SERVER_ERROR, error.to_string()))?;
     |

warning: unnecessary parentheses around closure body
    --> crates/node/src/bin/hypervisor-daemon.rs:4699:22
     |
4699 |     .map_err(|error| (AppError(StatusCode::INTERNAL_SERVER_ERROR, error.to_string())))?;
     |                      ^                                                              ^
     |
help: remove these parentheses
     |
4699 -     .map_err(|error| (AppError(StatusCode::INTERNAL_SERVER_ERROR, error.to_string())))?;
4699 +     .map_err(|error| AppError(StatusCode::INTERNAL_SERVER_ERROR, error.to_string()))?;
     |

warning: variable does not need to be mutable
    --> crates/node/src/bin/hypervisor_daemon_routes/ioi_intelligence_routes.rs:1653:9
     |
1653 |     let mut record_edges =
     |         ----^^^^^^^^^^^^
     |         |
     |         help: remove this `mut`
     |
     = note: `#[warn(unused_mut)]` (part of `#[warn(unused)]`) on by default

warning: variable does not need to be mutable
    --> crates/node/src/bin/hypervisor_daemon_routes/storage_backend_routes.rs:1288:9
     |
1288 |     let mut fail = |reason: String, verification: Value| {
     |         ----^^^^
     |         |
     |         help: remove this `mut`

warning: unused variable: `inbound`
   --> crates/node/src/bin/hypervisor_daemon_routes/decentralized_cloud_routes.rs:915:5
    |
915 |     inbound: axum::http::HeaderMap,
    |     ^^^^^^^ help: if this is intentional, prefix it with an underscore: `_inbound`
    |
    = note: `#[warn(unused_variables)]` (part of `#[warn(unused)]`) on by default

warning: variable `final_count` is assigned to, but never used
   --> crates/node/src/bin/hypervisor_daemon_routes/state_machine_routes.rs:166:9
    |
166 |     let mut final_count = 0usize;
    |         ^^^^^^^^^^^^^^^
    |
    = note: consider using `_final_count` instead

warning: value assigned to `final_count` is never read
   --> crates/node/src/bin/hypervisor_daemon_routes/state_machine_routes.rs:219:13
    |
219 |             final_count += 1;
    |             ^^^^^^^^^^^^^^^^
    |
    = help: maybe it is overwritten before being read?
    = note: `#[warn(unused_assignments)]` (part of `#[warn(unused)]`) on by default

warning: fields `url`, `capability_lease_ref`, and `workspace_root` are never read
   --> crates/node/src/bin/hypervisor-daemon.rs:257:16
    |
255 | pub(crate) struct PreviewServer {
    |                   ------------- fields in this struct
256 |     pub(crate) port: u16,
257 |     pub(crate) url: String,
    |                ^^^
258 |     pub(crate) capability_lease_ref: String,
    |                ^^^^^^^^^^^^^^^^^^^^
259 |     pub(crate) workspace_root: String,
    |                ^^^^^^^^^^^^^^
    |
    = note: `#[warn(dead_code)]` (part of `#[warn(unused)]`) on by default

warning: fields `internal_port`, `log_path`, `started_at`, and `workspace_root` are never read
  --> crates/node/src/bin/hypervisor_daemon_routes/editor_host.rs:25:16
   |
23 | pub(crate) struct EditorRuntime {
   |                   ------------- fields in this struct
24 |     pub(crate) child: std::process::Child,
25 |     pub(crate) internal_port: u16,
   |                ^^^^^^^^^^^^^
26 |     pub(crate) log_path: String,
   |                ^^^^^^^^
27 |     pub(crate) started_at: String,
   |                ^^^^^^^^^^
28 |     pub(crate) workspace_root: String,
   |                ^^^^^^^^^^^^^^

warning: fields `public_port`, `internal_port`, `lease_id`, `service_id`, and `join` are never read
  --> crates/node/src/bin/hypervisor_daemon_routes/editor_proxy.rs:20:16
   |
19 | pub(crate) struct EditorProxy {
   |                   ----------- fields in this struct
20 |     pub(crate) public_port: u16,
   |                ^^^^^^^^^^^
21 |     pub(crate) internal_port: u16,
   |                ^^^^^^^^^^^^^
22 |     pub(crate) lease_id: String,
   |                ^^^^^^^^
23 |     pub(crate) service_id: String,
   |                ^^^^^^^^^^
24 |     pub(crate) shutdown: tokio::sync::oneshot::Sender<()>,
25 |     pub(crate) join: tokio::task::JoinHandle<()>,
   |                ^^^^

warning: methods `record` and `durable` are never used
   --> crates/node/src/bin/hypervisor_daemon_routes/goalrun_routes.rs:90:19
    |
 89 | impl MutationOutcome {
    | -------------------- methods in this implementation
 90 |     pub(crate) fn record(&self) -> &Value {
    |                   ^^^^^^
...
100 |     pub(crate) fn durable(&self) -> bool {
    |                   ^^^^^^^

warning: function `decision_policy_hash` is never used
   --> crates/node/src/bin/hypervisor_daemon_routes/governed_authority.rs:325:15
    |
325 | pub(crate) fn decision_policy_hash(
    |               ^^^^^^^^^^^^^^^^^^^^

warning: function `authorize_decision_for_resolution` is never used
   --> crates/node/src/bin/hypervisor_daemon_routes/governed_authority.rs:588:15
    |
588 | pub(crate) fn authorize_decision_for_resolution(
    |               ^^^^^^^^^^^^^^^^^^^^^^^^^^^^^^^^^

warning: constant `IMPROVEMENT_STATES` is never used
    --> crates/node/src/bin/hypervisor_daemon_routes/ioi_intelligence_routes.rs:2258:7
     |
2258 | const IMPROVEMENT_STATES: &[&str] = &["pending", "approved", "rejected", "applied", "superseded"];
     |       ^^^^^^^^^^^^^^^^^^

warning: field `run_dir` is never read
  --> crates/node/src/bin/hypervisor_daemon_routes/microvm.rs:52:9
   |
49 | pub(crate) struct VmHandle {
   |                   -------- field in this struct
...
52 |     pub run_dir: PathBuf,
   |         ^^^^^^^

warning: function `decision_policy_hash` is never used
   --> crates/node/src/bin/hypervisor_daemon_routes/room_participation_routes.rs:245:4
    |
245 | fn decision_policy_hash(gov: Gov, room_ref: &str, required_authority: &str, op: &str) -> String {
    |    ^^^^^^^^^^^^^^^^^^^^

warning: function `decision_request_hash` is never used
   --> crates/node/src/bin/hypervisor_daemon_routes/room_participation_routes.rs:248:4
    |
248 | fn decision_request_hash(
    |    ^^^^^^^^^^^^^^^^^^^^^

warning: type alias `VerifiedAuthorityResolution` is never used
   --> crates/node/src/bin/hypervisor_daemon_routes/room_participation_routes.rs:297:6
    |
297 | type VerifiedAuthorityResolution = governed::VerifiedAuthorityResolution;
    |      ^^^^^^^^^^^^^^^^^^^^^^^^^^^

warning: function `authorize_decision_for_resolution` is never used
   --> crates/node/src/bin/hypervisor_daemon_routes/room_participation_routes.rs:303:4
    |
303 | fn authorize_decision_for_resolution(
    |    ^^^^^^^^^^^^^^^^^^^^^^^^^^^^^^^^^

warning: `ioi-node` (bin "hypervisor-daemon") generated 20 warnings (run `cargo fix --bin "hypervisor-daemon" -p ioi-node` to apply 6 suggestions)
    Finished `dev` profile [unoptimized + debuginfo] target(s) in 0.31s
PASS: BUILD: the verifier compiled the current locked hypervisor-daemon source before runtime journeys - /home/heathledger/Documents/ioi/repos/ioi/target/debug/hypervisor-daemon
PASS: SOURCE: the held verifier is pinned to all four required M1.4 evidence families - families=4/4 current-write-only=true
PASS: SOURCE GUARD: every held journey has an exact nonempty proof and resource census - journeys=14/14
PASS: SELF-TEST: substituting async no-ops for every held journey fails certification
PASS: SELF-TEST: an empty verifier-owned resource ledger cannot satisfy teardown
PASS: SELF-TEST: evidence families refuse orphan.bin, .bak, and nonregular residue
PASS: SELF-TEST: exact boundary refs admit the nullable profile lane but refuse omission and stuffing
PASS: SELF-TEST: durable-state snapshots exclude only exact verifier transport-log names
PASS: SELF-TEST: child planes inherit no ambient fault, replay, wallet, or selector controls
PASS: SELECTOR: an omitted selector defaults to every journey
PASS: SELECTOR: delimiter-only and empty-token selectors fail closed
PASS: SELECTOR: duplicate journeys fail closed
PASS: SELECTOR: unknown journeys fail closed
PASS: SELECTOR: a valid subset remains focused and ordered
PASS: SELECTOR: a focused subset requires the explicit non-certifying opt-in
PASS: CERTIFICATION MODE: selectors and focused opt-ins cannot produce a held-bar certificate
PASS: M1.5d ELIGIBILITY: named succession exposes its distinct scope and evidence blockers over the live head - 200/scope:autonomous_system.continuity.initiate_succession
PASS: M1.5d ENROLLMENT FLOOR: widening to a connected profile refuses without durable continuity evidence - 422/system_continuity_plan_invalid
PASS: M1.5d ENROLLMENT RACE: eight real-wallet attempts linearize to one local-only enrollment - winners=1 responses=200/enroll_local/no-message,409/system_lifecycle_head_conflict/continuity request is stale against the live chain head,409/system_lifecycle_head_conflict/continuity request is stale against the live chain head,409/system_lifecycle_head_conflict/continuity request is stale against the live chain head,409/system_lifecycle_head_conflict/continuity request is stale against the live chain head,409/system_lifecycle_head_conflict/continuity request is stale against the live chain head,409/system_lifecycle_head_conflict/continuity request is stale against the live chain head,409/system_lifecycle_head_conflict/continuity request is stale against the live chain head
PASS: M1.5d APPROVAL REPLAY: the consumed enroll grant cannot authorize local exit - 403/system_lifecycle_host_authority_required
M1.5d progress: authorizing exit_local_enrollment
M1.5d progress: committed exit_local_enrollment at sequence 4
PASS: M1.5d MIGRATION ACK: independent daemons reserve one destination, recover exact wallet consumption, and converge the durable acknowledgement after restart - parked=500 competing=409/system_lifecycle_head_conflict consumed=500 cleared=true records=1 replay=no-log
M1.5d progress: authorizing migrate
M1.5d progress: committed migrate at sequence 5
M1.5d progress: authorizing initiate_succession
M1.5d progress: committed initiate_succession at sequence 6
M1.5d progress: authorizing complete_succession
M1.5d progress: committed complete_succession at sequence 7
M1.5d progress: probing former owner on successor pause
M1.5d progress: executing successor pause
M1.5d progress: executing successor resume
PASS: M1.5d SUCCESSOR AUTHORITY: the former owner refuses and the verified successor alone pauses and resumes the live System - former=403/system_lifecycle_host_authority_required sequence=9 owner=org://acme/successor-authority
M1.5d progress: governance approved successor amendment
M1.5d progress: executing successor amendment
PASS: M1.5d SUCCESSOR AMENDMENT: the former owner refuses and the verified successor alone executes the governed constitution change - former=403/system_lifecycle_host_authority_required sequence=10 constitution=constitution://acme/system-alpha/m1-5d-successor-v2
PASS: M1.5d LIVE EFFECT FLOOR: dissolution carrying a live effect refuses before authority - 422/system_continuity_plan_invalid
M1.5d progress: authorizing initiate_dissolution
M1.5d progress: committed initiate_dissolution at sequence 11
PASS: M1.5d RESIDUAL FLOOR: caller-authored disposition evidence cannot close server-owned residual truth - 422/system_continuity_plan_invalid
PASS: M1.5d WRONG SCOPE: a record-outcome-scoped grant cannot authorize opening the dissolution disposition - 403/system_lifecycle_wallet_consumption_refused
M1.5d progress: authorizing open_dissolution_disposition
M1.5d progress: committed open_dissolution_disposition at sequence 12
PASS: M1.5d DISPOSITION OPEN: only the exact record body over the admitted initiation opens the dissolving ladder - wrong-initiate=422/disposition record does not bind the exact initiate_dissolution transition wrong-profile=422/disposition record does not root the active lifecycle profile opened=12/dissolving get=dissolving
PASS: M1.5d DISPOSITION SINGLETON: a second disposition record cannot open over the dissolving System - 422/open_dissolution_disposition cannot lawfully leave dissolving blockers=[{"code":"predecessor_status_not_admitted","status":"dissolving"}]
M1.5d progress: authorizing record_dissolution_domain_outcome
M1.5d progress: committed record_dissolution_domain_outcome at sequence 13
PASS: M1.5d DOMAIN OUTCOME: one policy-bound receipted outcome records exactly once per domain - first=13/active_work duplicate=422/domain active_work is already completed; an outcome is recorded exactly once wrong-policy=422/domain outstanding_obligations outcome does not bind a policy the active profile declares escalated=422/escalated domain outstanding_obligations requires its escalation decision ref
M1.5d progress: authorizing record_dissolution_domain_outcome
M1.5d progress: committed record_dissolution_domain_outcome at sequence 14
M1.5d progress: authorizing record_dissolution_domain_outcome
M1.5d progress: committed record_dissolution_domain_outcome at sequence 15
M1.5d progress: authorizing record_dissolution_domain_outcome
M1.5d progress: committed record_dissolution_domain_outcome at sequence 16
M1.5d progress: authorizing record_dissolution_domain_outcome
M1.5d progress: committed record_dissolution_domain_outcome at sequence 17
M1.5d progress: authorizing record_dissolution_domain_outcome
M1.5d progress: committed record_dissolution_domain_outcome at sequence 18
PASS: M1.5d REPLAY: a crash after exact wallet consumption converges one named transition on restart - cleared=true sequence=19 status=dissolving entries=7
M1.5d progress: authorizing complete_dissolution
M1.5d progress: committed complete_dissolution at sequence 20
PASS: M1.5d TERMINAL FLOOR: completion refuses over pending domains and admits only the fully terminal disposition record - pending=422/complete_dissolution is admissible only over a terminal disposition record completed=20/dissolved
PASS: M1.5d RECEIPT BINDING: the committed completion carries the record's receipt union and mints the dissolution receipt exactly once - union=["receipt://acme/dissolution/active_work","receipt://acme/dissolution/authority_revocation","receipt://acme/dissolution/data_export_retention_and_erasure","receipt://acme/dissolution/network_exit","receipt://acme/dissolution/outstanding_obligations","receipt://acme/dissolution/tombstone","receipt://acme/dissolution/worker_and_node_shutdown"] receipts=1 op=complete_dissolution posture=dissolution_committed frames=1
PASS: M1.5d STATUS LADDER: dissolved is reachable only through the full disposition ladder while generic transitions refuse the dissolving System - reserved=422/system_lifecycle_plan_invalid/predecessor status dissolving is outside the generic family ladder=initiate_dissolution,open_dissolution_disposition,record_dissolution_domain_outcome,record_dissolution_domain_outcome,record_dissolution_domain_outcome,record_dissolution_domain_outcome,record_dissolution_domain_outcome,record_dissolution_domain_outcome,record_dissolution_domain_outcome,complete_dissolution final=dissolved
PASS: M1.5d CONTINUITY: local enrollment, exit, verified migration, succession, and residual-closed dissolution commit as one exact chain - receipts=15 states=18 dispositions=9
PASS: TEARDOWN: the nonempty exact verifier-owned resource ledger is fully removed - owned=2 removed=2 process_groups=3 descendants_remaining=0
38/38 passed
system sequence-zero materialization focused verifier: PASS (journeys=named-continuity; subset only, held bar not claimed)
NC_JOURNEY_EXIT=0
