PJ_START 2026-07-28T11:04:38Z
journey progress: starting the real wallet.network principal-authority fixture (cargo test — first run may compile)
journey progress: booting the isolated daemon + serve plane
PASS: MOUNT: the four surfaces mount launch-addressed only — no permanent Systems navigation (suite page, app catalog, injected rail untouched) - catalog=14 redirect=302→/__ioi/systems/packages
PASS: HONEST EMPTY: packages + governance render the daemon's honest_empty census with zero fabricated rows - no data-system-id rows in either census
PASS: COMPOSER READY: both lanes render their composition forms with the estate nonclaims banner - compact carries rebind fields; advanced is verbatim-only
PASS: UNKNOWN SYSTEM: a canonical-but-unknown key renders the daemon's not-found honestly (nothing substituted) - system_genesis_not_found rendered
PASS: NAVIGATION MINTS NOTHING: browsing all four surfaces leaves the daemon tree byte-identical - durable JSON snapshot unchanged
PASS: INVALID PROPOSAL: the compiler blocker report renders verbatim (denied state, exact blocker code+path) with zero mutation - new_system_instantiation_forbidden @ $.release.system_binding.allowed_use
PASS: GOVERNANCE PREVIEW: a valid declaration renders the exact pending authority challenge as preview-not-authority with zero mutation - scope+hashes rendered (sha256:bb9ec89381a…)
PASS: GOVERNANCE PREVIEW STRIPS AUTHORITY: a pasted grant is stripped before submission and the pending challenge still renders - grant never traveled
PASS: COMPACT LANE CHALLENGE: composing System alpha in the compact lane surfaces the daemon's exact challenge (identity rebind composed, authority previewed) - compact-lane rebind composed the SAME request hash the governance preview showed for the full declaration
PASS: COMPACT LANE ADMISSION: the wallet-granted resubmission commits ONE admission through the surface and the daemon record carries the rebound identity - admission asg_bd936e8e90f4cda25131f62455e361c23bc39976256d9007c9ee2eb7eea39979 · system://acme/system-alpha-compact
PASS: PENDING CENSUS: mid-ladder the packages census withholds honestly (loading_or_pending, daemon code verbatim, no partial rows) - census withheld while alpha lacks its live chain
PASS: DETAIL LADDER HONESTY: the provisional detail renders admission admitted and every later stage pending from live daemon reads - admission admitted · sequence_zero/initialize/activate pending
PASS: GOVERNANCE LADDER: the per-System governed ladder mirrors the same live stage truth on the preview surface - preview ladder agrees with detail
PASS: PREMATURE ACTIVATION REFUSED: activate before initialize surfaces the daemon refusal verbatim, never masked, with zero lifecycle effect - direct refusal: system_activate_source_not_found
journey progress: governed step: alpha materialize (challenge)
journey progress: governed step: alpha materialize (granted resubmission)
PASS: MATERIALIZE VIA SURFACE: the M1.4 sequence-zero materialization challenges, commits, and renders completed through the detail form - sequence-zero committed
journey progress: governed step: alpha initialize (challenge)
journey progress: governed step: alpha initialize (granted resubmission)
PASS: INITIALIZE VIA SURFACE: sequence 1 challenges, commits, and renders completed through the detail form - initialize committed
journey progress: governed step: alpha activate (challenge)
journey progress: governed step: alpha activate (granted resubmission)
PASS: ACTIVATE VIA SURFACE: sequence 2 challenges, commits, and the committed page carries the live chain status - alpha active
PASS: DETAIL COMPLETED: the provisional detail shows the full admitted ladder, active status, and canonical roots from the compact projection - alpha detail ready
journey progress: governed step: beta genesis (advanced lane) (challenge)
journey progress: governed step: beta genesis (advanced lane) (granted resubmission)
PASS: ADVANCED LANE ADMISSION: System beta admits through the verbatim advanced declaration lane (second System, same package) - beta asg_fc7382570b6fe7e41715fda515ce885877ee8a69573c96b261c373a42cf819a5 shares package package://acme/outcome-operator
journey progress: governed step: beta materialize (challenge)
journey progress: governed step: beta materialize (granted resubmission)
journey progress: governed step: beta initialize (challenge)
journey progress: governed step: beta initialize (granted resubmission)
journey progress: governed step: beta activate (challenge)
journey progress: governed step: beta activate (granted resubmission)
PASS: SECOND SYSTEM ACTIVE: beta reaches its live chain through the same surface ladder - beta active
PASS: TWO-SYSTEM PACKAGES: one reusable package lists two distinct active Systems with distinct live roots - one package card, two Systems, distinct chain/state roots
PASS: NO CROSS-SYSTEM BLEED: each detail (compact AND advanced) renders only its own System's identity and roots - alpha/beta ids and chain roots stay separate per detail
PASS: CROSS-SYSTEM SUBSTITUTION REFUSED: beta continuity under alpha's live roots refuses before authority and renders the head conflict verbatim - system_lifecycle_head_conflict, both chains unchanged
journey progress: killing the daemon (unavailable lane)
PASS: UNAVAILABLE: with the daemon dead every surface renders the NAMED degraded state and fabricates nothing - all four surfaces degraded, /v1 spine 502, no cached Systems claimed
journey progress: restarting the plane on the same durable state
PASS: RESTART BYTE-EXACT: both compact and advanced projections rebuild byte-identical from durable owners after a full daemon restart - compact 3600B, advanced 214293B identical
PASS: RESTART SURFACES READY (recovery): packages and both provisional details render ready again from verified reconstruction - both Systems ready on the restarted plane
PASS: STALE FAIL-CLOSED: a local/Agentgres census divergence renders the projection's fail-closed stop — no partial or plausible list - system_projection_source_incomplete, beta withheld too
PASS: RECOVERY: restoring the admission owner returns the census to verified ready with both Systems intact - census recovered
journey progress: governed step: beta initiate_dissolution (challenge)
journey progress: governed step: beta initiate_dissolution (granted resubmission)
PASS: RECOVER-OR-DISSOLVE: initiate_dissolution commits through the detail surface and dissolution_pending renders from the chain head on detail AND packages - continuity ladder status live; full ladder vocabulary named on the detail
PASS: PROXY DISCIPLINE: the surface module holds no state and derives no truth — no fs writes, no processes, daemon-parameterized calls only - source scan clean (single node:http proxy to the injected daemon origin)

30/30 passed
system genesis product journey: OK
PJ_END 2026-07-28T11:31:55Z
PJ_EXIT=0
