   Compiling proc-macro2 v1.0.106
   Compiling unicode-ident v1.0.24
   Compiling quote v1.0.44
   Compiling cfg-if v1.0.4
   Compiling libc v0.2.182
   Compiling serde_core v1.0.228
   Compiling serde v1.0.228
   Compiling version_check v0.9.5
   Compiling memchr v2.8.0
   Compiling value-bag v1.12.0
   Compiling pin-project-lite v0.2.16
   Compiling autocfg v1.5.0
   Compiling once_cell v1.21.3
   Compiling smallvec v1.15.1
   Compiling futures-core v0.3.32
   Compiling typenum v1.19.0
   Compiling zerocopy v0.8.39
   Compiling futures-io v0.3.32
   Compiling subtle v2.6.1
   Compiling slab v0.4.12
   Compiling shlex v1.3.0
   Compiling find-msvc-tools v0.1.9
   Compiling itoa v1.0.17
   Compiling futures-sink v0.3.32
   Compiling parking_lot_core v0.9.12
   Compiling scopeguard v1.2.0
   Compiling log v0.4.29
   Compiling stable_deref_trait v1.2.1
   Compiling futures-task v0.3.32
   Compiling futures-channel v0.3.32
   Compiling thiserror v1.0.69
   Compiling lock_api v0.4.14
   Compiling cpufeatures v0.2.17
   Compiling byteorder v1.5.0
   Compiling equivalent v1.0.2
   Compiling bitflags v1.3.2
   Compiling crossbeam-utils v0.8.21
   Compiling tracing-core v0.1.36
   Compiling percent-encoding v2.3.2
   Compiling syn v1.0.109
   Compiling generic-array v0.14.9
   Compiling anyhow v1.0.101
   Compiling litemap v0.8.1
   Compiling writeable v0.6.2
   Compiling icu_properties_data v2.1.2
   Compiling icu_normalizer_data v2.1.1
   Compiling hashbrown v0.16.1
   Compiling fnv v1.0.7
   Compiling thiserror v2.0.18
   Compiling form_urlencoded v1.2.2
   Compiling static_assertions v1.1.0
   Compiling utf8_iter v1.0.4
   Compiling either v1.15.0
   Compiling pkg-config v0.3.32
   Compiling regex-syntax v0.8.9
   Compiling zmij v1.0.21
   Compiling serde_json v1.0.149
   Compiling libm v0.2.16
   Compiling core2 v0.4.0
   Compiling num-traits v0.2.19
   Compiling semver v1.0.27
   Compiling data-encoding v2.10.0
   Compiling getrandom v0.3.4
   Compiling fastrand v2.3.0
   Compiling arrayvec v0.7.6
   Compiling httparse v1.10.1
   Compiling allocator-api2 v0.2.21
   Compiling vcpkg v0.2.15
   Compiling rustc_version v0.4.1
   Compiling paste v1.0.15
   Compiling parking v2.2.1
   Compiling indexmap v2.13.0
   Compiling syn v2.0.116
   Compiling concurrent-queue v2.5.0
   Compiling getrandom v0.1.16
   Compiling curve25519-dalek v4.1.3
   Compiling signature v2.2.0
   Compiling siphasher v0.3.11
   Compiling unsigned-varint v0.8.0
   Compiling quick-protobuf v0.8.1
   Compiling ed25519 v2.2.3
   Compiling const-str v0.4.3
   Compiling futures-timer v3.0.3
   Compiling jobserver v0.1.34
   Compiling rustversion v1.0.22
   Compiling heck v0.5.0
   Compiling multihash v0.19.3
   Compiling bs58 v0.5.1
   Compiling ryu v1.0.23
   Compiling base-x v0.2.11
   Compiling simd-adler32 v0.3.8
   Compiling cc v1.2.56
   Compiling unsigned-varint v0.7.2
   Compiling atomic-waker v1.1.2
   Compiling web-time v1.1.0
   Compiling tower-service v0.3.3
   Compiling arrayref v0.3.9
   Compiling lazy_static v1.5.0
   Compiling getrandom v0.2.17
   Compiling crypto-common v0.1.6
   Compiling block-buffer v0.10.4
   Compiling memoffset v0.7.1
   Compiling encoding_rs v0.8.35
   Compiling mime v0.3.17
   Compiling void v1.0.2
   Compiling rustix v1.1.3
   Compiling event-listener v5.4.1
   Compiling untrusted v0.9.0
   Compiling base64 v0.22.1
   Compiling adler2 v2.0.1
   Compiling linux-raw-sys v0.11.0
   Compiling digest v0.10.7
   Compiling httpdate v1.0.3
   Compiling crc32fast v1.5.0
   Compiling futures-lite v2.6.1
   Compiling miniz_oxide v0.8.9
   Compiling aho-corasick v1.1.4
   Compiling ahash v0.8.12
   Compiling rand_core v0.6.4
   Compiling event-listener-strategy v0.5.4
   Compiling base64 v0.13.1
   Compiling try-lock v0.2.5
   Compiling errno v0.3.14
   Compiling socket2 v0.5.10
   Compiling mio v1.1.1
   Compiling sha2 v0.10.9
   Compiling hmac v0.12.1
   Compiling signal-hook-registry v1.4.8
   Compiling parking_lot v0.12.5
   Compiling hkdf v0.12.4
   Compiling bytemuck v1.25.0
   Compiling foreign-types-shared v0.1.1
   Compiling foldhash v0.1.5
   Compiling openssl v0.10.75
   Compiling foreign-types v0.3.2
   Compiling bitflags v2.11.0
   Compiling hashbrown v0.15.5
   Compiling want v0.3.1
   Compiling nix v0.26.4
   Compiling dtoa v1.0.11
   Compiling native-tls v0.2.18
   Compiling instant v0.1.13
   Compiling flate2 v1.1.9
   Compiling openssl-probe v0.2.1
   Compiling base64 v0.21.7
   Compiling async-task v4.7.1
   Compiling event-listener v2.5.3
   Compiling num-integer v0.1.46
   Compiling portable-atomic v1.13.1
   Compiling cmake v0.1.57
   Compiling async-channel v2.5.0
   Compiling crossbeam-epoch v0.9.18
   Compiling siphasher v1.0.2
   Compiling proc-macro-hack v0.5.20+deprecated
   Compiling rayon-core v1.13.0
   Compiling regex-automata v0.4.14
   Compiling tinyvec_macros v0.1.1
   Compiling fs_extra v1.3.0
   Compiling tinyvec v1.10.0
   Compiling phf_shared v0.11.3
   Compiling rand_core v0.9.5
   Compiling piper v0.2.4
   Compiling crossbeam-deque v0.8.6
   Compiling ring v0.17.14
   Compiling openssl-sys v0.9.111
   Compiling lru v0.12.5
   Compiling winnow v0.7.14
   Compiling dcrypt-params v1.2.2
   Compiling new_debug_unreachable v1.0.6
   Compiling ipnet v2.11.0
   Compiling rand_core v0.5.1
   Compiling blocking v1.6.2
   Compiling async-executor v1.14.0
   Compiling pin-utils v0.1.0
   Compiling num-bigint v0.4.6
   Compiling snow v0.9.6
   Compiling async-io v2.6.0
   Compiling rand_pcg v0.2.1
   Compiling nohash-hasher v0.2.0
   Compiling dunce v1.0.5
   Compiling toml_datetime v0.7.5+spec-1.1.0
   Compiling base64ct v1.8.3
   Compiling prettyplease v0.2.37
   Compiling prometheus-client v0.22.3
   Compiling phf_shared v0.8.0
   Compiling fastrand v1.9.0
   Compiling rayon v1.11.0
   Compiling waker-fn v1.2.0
   Compiling unicode-xid v0.2.6
   Compiling utf-8 v0.7.6
   Compiling io-lifetimes v1.0.11
   Compiling password-hash v0.4.2
   Compiling const_format_proc_macros v0.2.34
   Compiling futures-lite v1.13.0
   Compiling aws-lc-sys v0.37.1
   Compiling parity-scale-codec v3.7.5
   Compiling async-lock v3.4.2
   Compiling sha1 v0.10.6
   Compiling itertools v0.14.0
   Compiling nom v8.0.0
   Compiling polling v2.8.0
   Compiling pbkdf2 v0.11.0
   Compiling ahash v0.7.8
   Compiling ppv-lite86 v0.2.21
   Compiling hex_fmt v0.3.0
   Compiling opaque-debug v0.3.1
   Compiling tower-layer v0.3.3
   Compiling sync_wrapper v0.1.2
   Compiling getrandom v0.4.1
   Compiling schemars v0.8.22
   Compiling rustix v0.37.28
   Compiling num-rational v0.4.2
   Compiling synstructure v0.13.2
   Compiling rand_chacha v0.3.1
   Compiling rand_chacha v0.2.2
   Compiling serde_derive_internals v0.29.1
   Compiling const_format v0.2.35
   Compiling rand v0.7.3
   Compiling async-lock v2.8.0
   Compiling rand v0.8.5
   Compiling toml_parser v1.0.8+spec-1.1.0
   Compiling async-io v1.13.0
   Compiling standback v0.2.17
   Compiling ryu-js v0.2.2
   Compiling linux-raw-sys v0.3.8
   Compiling byte-slice-cast v1.2.3
   Compiling winnow v0.5.40
   Compiling dyn-clone v1.0.20
   Compiling toml_datetime v0.6.11
   Compiling rustls-pemfile v1.0.4
   Compiling socket2 v0.4.10
   Compiling cipher v0.2.5
   Compiling itertools v0.12.1
   Compiling phf_generator v0.11.3
   Compiling toml_edit v0.23.10+spec-1.0.0
   Compiling time-core v0.1.2
   Compiling num-conv v0.1.0
   Compiling phf_generator v0.8.0
   Compiling termcolor v1.4.1
   Compiling string_cache_codegen v0.5.4
   Compiling lexical-core v0.7.6
   Compiling aws-lc-rs v1.15.4
   Compiling powerfmt v0.2.0
   Compiling time-macros v0.2.19
   Compiling hashbrown v0.12.3
   Compiling zvariant_utils v1.0.1
   Compiling zip v0.6.6
   Compiling regex v1.12.3
   Compiling async-channel v1.9.0
   Compiling symphonia-core v0.5.5
   Compiling digest v0.9.0
   Compiling universal-hash v0.4.0
   Compiling phf_shared v0.10.0
   Compiling kv-log-macro v1.0.7
   Compiling indexmap v1.9.3
   Compiling nom v5.1.3
   Compiling as-slice v0.2.1
   Compiling arrayvec v0.5.2
   Compiling cpuid-bool v0.2.0
   Compiling rustix v0.38.44
   Compiling glob v0.3.3
   Compiling weezl v0.1.12
   Compiling const_fn v0.4.11
   Compiling proc-macro-crate v3.4.0
   Compiling async-attributes v1.1.2
   Compiling precomputed-hash v0.1.1
   Compiling built v0.8.0
   Compiling av-scenechange v0.14.1
   Compiling time-macros-impl v0.1.2
   Compiling clang-sys v1.8.1
   Compiling serde_derive v1.0.228
   Compiling zerocopy-derive v0.8.39
   Compiling futures-macro v0.3.32
   Compiling thiserror-impl v1.0.69
   Compiling zerofrom-derive v0.1.6
   Compiling zeroize_derive v1.4.3
   Compiling tokio-macros v2.4.0
   Compiling yoke-derive v0.8.1
   Compiling zerovec-derive v0.11.2
   Compiling displaydoc v0.2.5
   Compiling tracing-attributes v0.1.31
   Compiling thiserror-impl v2.0.18
   Compiling pin-project-internal v1.1.10
   Compiling async-trait v0.1.89
   Compiling curve25519-dalek-derive v0.1.1
   Compiling zeroize v1.8.2
   Compiling match-lookup v0.1.2
   Compiling data-encoding-macro-internal v0.1.17
   Compiling futures-util v0.3.32
   Compiling openssl-macros v0.1.1
   Compiling libp2p-swarm-derive v0.34.2
   Compiling rustls-pki-types v1.14.0
   Compiling base256emoji v1.0.2
   Compiling polling v3.11.0
   Compiling data-encoding-macro v0.1.19
   Compiling prometheus-client-derive-encode v0.4.2
   Compiling enum-as-inner v0.6.1
   Compiling multibase v0.9.2
   Compiling equator-macro v0.4.2
   Compiling parity-scale-codec-derive v3.7.5
   Compiling schemars_derive v0.8.22
   Compiling prost-derive v0.13.5
   Compiling zerofrom v0.1.6
   Compiling dcrypt-internal v1.2.2
   Compiling netlink-packet-utils v0.5.2
   Compiling yoke v0.8.1
   Compiling impl-trait-for-tuples v0.2.3
   Compiling toml_edit v0.19.15
   Compiling prost-derive v0.12.6
   Compiling ts-rs-macros v12.0.1
   Compiling pin-project v1.1.10
   Compiling netlink-packet-core v0.7.0
   Compiling tracing v0.1.44
   Compiling async-signal v0.2.13
   Compiling zerovec v0.11.5
   Compiling zerotrie v0.2.3
   Compiling netlink-packet-route v0.17.1
   Compiling equator v0.4.2
   Compiling async-process v2.5.0
   Compiling async-global-executor v2.4.1
   Compiling ed25519-dalek v2.2.0
   Compiling x25519-dalek v2.0.1
   Compiling aligned-vec v0.6.4
   Compiling rav1e v0.8.1
   Compiling tinystr v0.8.2
   Compiling potential_utf v0.1.4
   Compiling v_frame v0.3.9
   Compiling async-std v1.13.2
   Compiling icu_collections v2.1.1
   Compiling icu_locale_core v2.1.1
   Compiling arg_enum_proc_macro v0.3.4
   Compiling enumflags2_derive v0.7.12
   Compiling profiling-procmacros v1.0.17
   Compiling polyval v0.4.5
   Compiling aligned v0.4.3
   Compiling phf_generator v0.10.0
   Compiling phf_codegen v0.8.0
   Compiling aes-soft v0.6.4
   Compiling crypto-mac v0.10.0
   Compiling time v0.2.27
   Compiling object v0.37.3
   Compiling y4m v0.8.0
   Compiling pastey v0.1.1
   Compiling quick-error v2.0.1
   Compiling mac v0.1.1
   Compiling linux-raw-sys v0.4.15
   Compiling aes v0.6.0
   Compiling futf v0.1.5
   Compiling hmac v0.10.1
   Compiling phf_codegen v0.10.0
   Compiling profiling v1.0.17
   Compiling ghash v0.3.1
   Compiling av1-grain v0.2.5
   Compiling time-macros v0.1.1
   Compiling symphonia-metadata v0.5.5
   Compiling num-derive v0.4.2
   Compiling fax_derive v0.2.0
   Compiling maybe-rayon v0.1.1
   Compiling ctr v0.6.0
   Compiling num-complex v0.4.6
   Compiling block-buffer v0.9.0
   Compiling icu_provider v2.1.1
   Compiling proc-macro-crate v1.3.1
   Compiling ts-rs v12.0.1
   Compiling aead v0.3.2
   Compiling simd_helpers v0.1.0
   Compiling icu_properties v2.1.2
   Compiling icu_normalizer v2.1.1
   Compiling bitstream-io v4.9.0
   Compiling async-fs v1.6.0
   Compiling cookie v0.14.4
   Compiling futures-executor v0.3.32
   Compiling futures-bounded v0.2.4
   Compiling zune-core v0.4.12
   Compiling bytes v1.11.1
   Compiling futures v0.3.32
   Compiling hex v0.4.3
   Compiling rw-stream-sink v0.4.0
   Compiling serde_urlencoded v0.7.1
   Compiling futures-ticker v0.0.3
   Compiling serde_jcs v0.1.0
   Compiling bcs v0.1.6
   Compiling deranged v0.3.11
   Compiling enumflags2 v0.7.12
   Compiling noop_proc_macro v0.3.0
   Compiling rustls v0.23.36
   Compiling imgref v1.12.0
   Compiling minimal-lexical v0.2.1
   Compiling matchit v0.7.3
   Compiling zvariant_derive v3.15.2
   Compiling zune-jpeg v0.4.21
   Compiling string_cache v0.8.9
   Compiling loop9 v0.1.5
   Compiling tokio v1.42.0
   Compiling http v0.2.12
   Compiling multistream-select v0.13.0
   Compiling asynchronous-codec v0.7.0
   Compiling idna_adapter v1.2.1
   Compiling http v1.4.0
   Compiling prost v0.13.5
   Compiling nom v7.1.3
   Compiling prost v0.12.6
   Compiling idna v1.1.0
   Compiling quick-protobuf-codec v0.3.1
   Compiling fax v0.2.6
   Compiling aes-gcm v0.8.0
   Compiling sha2 v0.9.9
   Compiling hkdf v0.10.0
   Compiling time v0.3.37
   Compiling tendril v0.4.3
   Compiling cssparser-macros v0.6.1
   Compiling url v2.5.8
   Compiling half v2.7.1
   Compiling phf_macros v0.8.0
   Compiling zvariant v3.15.2
   Compiling hashbrown v0.14.5
   Compiling http-body v0.4.6
   Compiling rand_chacha v0.9.0
   Compiling pxfm v0.1.27
   Compiling http-body v1.0.1
   Compiling rand v0.9.2
   Compiling dtoa-short v0.3.5
   Compiling block-padding v0.3.3
   Compiling zune-inflate v0.2.54
   Compiling dashmap v5.5.3
   Compiling fdeflate v0.3.7
   Compiling avif-serialize v0.8.8
   Compiling libloading v0.8.9
   Compiling lebe v0.5.3
   Compiling zune-core v0.5.1
   Compiling byteorder-lite v0.1.0
   Compiling http-types v2.12.0
   Compiling bit_field v0.10.3
   Compiling bindgen v0.71.1
   Compiling rgb v0.8.52
   Compiling unicase v2.9.0
   Compiling color_quant v1.1.0
   Compiling fixedbitset v0.4.2
   Compiling png v0.18.1
   Compiling tempfile v3.25.0
   Compiling gif v0.14.1
   Compiling mime_guess v2.0.5
   Compiling yamux v0.13.8
   Compiling petgraph v0.6.5
   Compiling zune-jpeg v0.5.12
   Compiling image-webp v0.2.4
   Compiling exr v1.74.0
   Compiling cexpr v0.6.0
   Compiling libp2p-identity v0.2.13
   Compiling dcrypt-api v1.2.2
   Compiling yamux v0.12.1
   Compiling hickory-proto v0.24.4
   Compiling dcrypt-common v1.2.2
   Compiling inout v0.1.4
   Compiling zbus_names v2.6.1
   Compiling multiaddr v0.18.2
   Compiling dcrypt-algorithms v1.2.2
   Compiling phf v0.8.0
   Compiling http-body-util v0.1.3
   Compiling tiff v0.10.3
   Compiling prost-types v0.12.6
   Compiling libp2p-core v0.41.3
   Compiling zbus_macros v3.15.2
   Compiling serde_qs v0.8.5
   Compiling async-recursion v1.1.1
   Compiling serde_repr v0.1.20
   Compiling ptr_meta_derive v0.1.4
   Compiling derivative v2.2.0
   Compiling async-broadcast v0.5.1
   Compiling qoi v0.4.1
   Compiling axum-core v0.3.4
   Compiling xdg-home v1.3.0
   Compiling itertools v0.13.0
   Compiling quick-xml v0.30.0
   Compiling ordered-stream v0.2.0
   Compiling procfs v0.16.0
   Compiling protobuf v2.28.0
   Compiling same-file v1.0.6
   Compiling rustc-hash v2.1.1
   Compiling multimap v0.10.1
   Compiling infer v0.2.3
   Compiling ttf-parser v0.25.1
   Compiling convert_case v0.4.0
   Compiling cfg_aliases v0.2.1
   Compiling sync_wrapper v1.0.2
   Compiling rustls v0.22.4
   Compiling libp2p-noise v0.44.0
   Compiling libp2p-yamux v0.45.2
   Compiling bytecheck v0.6.12
   Compiling prost-build v0.12.6
   Compiling moxcms v0.7.11
   Compiling nix v0.30.1
   Compiling derive_more v0.99.20
   Compiling walkdir v2.5.0
   Compiling ptr_meta v0.1.4
   Compiling cipher v0.4.4
   Compiling config v0.10.1
   Compiling xcb v1.7.0
   Compiling ar_archive_writer v0.5.1
   Compiling procfs-core v0.16.0
   Compiling rustls-webpki v0.102.8
   Compiling symphonia-utils-xiph v0.5.5
   Compiling markup5ever v0.10.1
   Compiling cssparser v0.27.2
   Compiling bytecheck_derive v0.6.12
   Compiling async-dup v1.2.4
   Compiling libsqlite3-sys v0.30.1
   Compiling tokio-util v0.7.17
   Compiling libp2p-swarm v0.44.2
   Compiling netlink-sys v0.8.8
   Compiling dcrypt-sign v1.2.2
   Compiling dcrypt-kem v1.2.2
   Compiling dcrypt-pke v1.2.2
   Compiling netlink-proto v0.11.5
   Compiling dcrypt-symmetric v1.2.2
   Compiling tokio-native-tls v0.3.1
   Compiling ravif v0.12.0
   Compiling zbus v3.15.2
   Compiling h2 v0.3.27
   Compiling rtnetlink v0.13.1
   Compiling tower v0.4.13
   Compiling dcrypt-hybrid v1.2.2
   Compiling psm v0.1.30
   Compiling hyper v1.8.1
   Compiling safe_arch v0.7.4
   Compiling axum v0.6.20
   Compiling dcrypt v1.2.2
   Compiling num_cpus v1.17.0
   Compiling libdbus-sys v0.2.7
   Compiling crossbeam-queue v0.3.12
   Compiling fxhash v0.2.1
   Compiling matrixmultiply v0.3.10
   Compiling memoffset v0.6.5
   Compiling simdutf8 v0.1.5
   Compiling rend v0.4.2
   Compiling cfg_aliases v0.1.1
   Compiling libp2p-identify v0.44.2
   Compiling libp2p-gossipsub v0.46.1
   Compiling libp2p-connection-limits v0.3.1
   Compiling libp2p-ping v0.44.1
   Compiling libp2p-allow-block-list v0.3.0
   Compiling libp2p-request-response v0.26.3
   Compiling strength_reduce v0.2.4
   Compiling prometheus v0.13.4
   Compiling transpose v0.2.3
   Compiling hyper-util v0.1.20
   Compiling nix v0.28.0
   Compiling deadpool v0.7.0
   Compiling phf v0.10.1
   Compiling wide v0.7.33
   Compiling async-h1 v2.3.4
   Compiling tokio-io-timeout v1.2.1
   Compiling tower v0.5.3
   Compiling tonic-build v0.11.0
   Compiling axum-core v0.4.5
   Compiling async-native-tls v0.3.3
   Compiling tracing-serde v0.2.0
   Compiling chromiumoxide_types v0.5.2
   Compiling markup5ever v0.11.0
   Compiling selectors v0.22.0
   Compiling phf_macros v0.11.3
   Compiling async-stream-impl v0.3.6
   Compiling html5ever v0.25.2
   Compiling matchers v0.2.0
   Compiling stacker v0.1.23
   Compiling primal-check v0.3.4
   Compiling approx v0.5.1
   Compiling serde_path_to_error v0.1.20
   Compiling sharded-slab v0.1.7
   Compiling tracing-log v0.2.0
   Compiling if-watch v3.2.1
   Compiling thread_local v1.1.9
   Compiling rawpointer v0.2.1
   Compiling itoa v0.4.8
   Compiling libp2p-mdns v0.45.1
   Compiling libp2p-tcp v0.41.0
   Compiling redb v1.5.2
   Compiling nodrop v0.1.14
   Compiling ab_glyph_rasterizer v0.1.10
   Compiling rkyv v0.7.46
   Compiling option-ext v0.2.0
   Compiling image v0.25.9
   Compiling nu-ansi-term v0.50.3
   Compiling matches v0.1.10
   Compiling heck v0.4.1
   Compiling dirs-sys v0.4.1
   Compiling servo_arc v0.1.1
   Compiling ioi-ipc v0.2.0 (/var/tmp/ioi-wt-f34ca84cb/crates/ipc)
   Compiling chromiumoxide_pdl v0.5.2
   Compiling phf v0.11.3
   Compiling async-stream v0.3.6
   Compiling simba v0.8.1
   Compiling tracing-subscriber v0.3.22
   Compiling rustfft v6.4.1
   Compiling http-client v6.5.3
   Compiling axum v0.7.9
   Compiling libp2p v0.53.2
   Compiling hyper v0.14.32
   Compiling owned_ttf_parser v0.25.1
   Compiling tokio-stream v0.1.18
   Compiling ioi-types v0.1.0 (/var/tmp/ioi-wt-f34ca84cb/crates/types)
   Compiling tower-http v0.5.2
   Compiling tokio-rustls v0.25.0
   Compiling tungstenite v0.20.1
   Compiling hashlink v0.9.1
   Compiling bincode v1.3.3
   Compiling selectors v0.25.0
   Compiling rustls-pemfile v2.2.0
   Compiling whisper-rs-sys v0.14.1
   Compiling gethostname v1.1.0
   Compiling rkyv_derive v0.7.46
   Compiling html5ever v0.26.0
   Compiling unicode-normalization v0.1.25
   Compiling lzma-sys v0.1.20
   Compiling num-iter v0.1.45
   Compiling memmap2 v0.8.0
   Compiling atspi-common v0.3.0
   Compiling ttf-parser v0.15.2
   Compiling unicode-properties v0.1.4
   Compiling fallible-iterator v0.3.0
   Compiling home v0.5.12
   Compiling fallible-streaming-iterator v0.1.9
   Compiling seahash v4.1.0
   Compiling xkeysym v0.2.1
   Compiling thin-slice v0.1.1
   Compiling pom v1.1.0
   Compiling bytecount v0.6.9
   Compiling unicode-bidi v0.3.18
   Compiling x11rb-protocol v0.13.2
   Compiling nom_locate v5.0.0
   Compiling xkbcommon v0.7.0
   Compiling nalgebra v0.32.6
   Compiling stringprep v0.1.5
   Compiling which v4.4.2
   Compiling num v0.4.3
   Compiling async-tungstenite v0.23.0
   Compiling surf v2.3.2
   Compiling ab_glyph v0.2.32
   Compiling dbus v0.9.10
   Compiling owned_ttf_parser v0.15.2
   Compiling nix v0.23.2
   Compiling hyper-tls v0.5.0
   Compiling reqwest v0.11.27
   Compiling hyper-timeout v0.4.1
   Compiling ioi-telemetry v0.1.0 (/var/tmp/ioi-wt-f34ca84cb/crates/telemetry)
   Compiling rustdct v0.7.1
   Compiling chromiumoxide_cdp v0.5.2
   Compiling os_info v3.14.0
   Compiling cssparser v0.31.2
   Compiling rusqlite v0.32.1
   Compiling directories v5.0.1
   Compiling aes v0.8.4
   Compiling ecb v0.1.2
   Compiling atspi-proxies v0.3.0
   Compiling cbc v0.1.2
   Compiling rand_distr v0.4.3
   Compiling filedescriptor v0.8.3
   Compiling webpki-roots v1.0.6
   Compiling sysinfo v0.32.1
   Compiling serial2 v0.2.34
   Compiling md-5 v0.10.6
   Compiling servo_arc v0.3.0
   Compiling shell-words v1.1.1
   Compiling extended v0.1.0
   Compiling iana-time-zone v0.1.65
   Compiling x11rb v0.13.2
   Compiling downcast-rs v1.2.1
   Compiling unicode-width v0.2.2
   Compiling rangemap v1.7.1
   Compiling whisper-rs v0.15.1
   Compiling shared_memory v0.12.4
   Compiling portable-pty v0.9.0
   Compiling getopts v0.2.24
   Compiling lopdf v0.38.0
   Compiling xcap v0.0.14 (/var/tmp/ioi-wt-f34ca84cb/third_party/cargo-patches/xcap-0.0.14)
   Compiling chrono v0.4.43
   Compiling symphonia-format-riff v0.5.5
   Compiling arboard v3.6.1
   Compiling webpki-roots v0.26.11
   Compiling ioi-memory v0.1.0 (/var/tmp/ioi-wt-f34ca84cb/crates/memory)
   Compiling chromiumoxide_fetcher v0.5.3
   Compiling image_hasher v2.0.0
   Compiling tonic v0.11.0
   Compiling atspi-connection v0.3.0
   Compiling chumsky v0.9.3
   Compiling kuchiki v0.8.1
   Compiling rusttype v0.9.3
   Compiling atspi v0.19.0
   Compiling enigo v0.2.1
   Compiling active-win-pos-rs v0.8.4
   Compiling type1-encoding-parser v0.1.1
   Compiling adobe-cmap-parser v0.4.1
   Compiling uuid v1.21.0
   Compiling symphonia-format-mkv v0.5.5
   Compiling symphonia-codec-vorbis v0.5.5
   Compiling symphonia-format-ogg v0.5.5
   Compiling symphonia-format-isomp4 v0.5.5
   Compiling imageproc v0.25.0
   Compiling imap-proto v0.10.2 (/var/tmp/ioi-wt-f34ca84cb/third_party/cargo-patches/imap-proto-0.10.2)
   Compiling serde_spanned v0.6.9
   Compiling symphonia-bundle-mp3 v0.5.5
   Compiling symphonia-codec-aac v0.5.5
   Compiling xattr v1.6.1
   Compiling euclid v0.20.14
   Compiling arc-swap v1.8.2
   Compiling socket2 v0.6.2
   Compiling hostname v0.4.2
   Compiling filetime v0.2.27
   Compiling wait-timeout v0.2.1
   Compiling email-encoding v0.4.1
   Compiling html2md-rs v0.10.2
   Compiling quoted_printable v0.5.1
   Compiling ego-tree v0.6.3
   Compiling accesskit v0.16.3
   Compiling cff-parser v0.1.0
   Compiling postscript v0.14.1
   Compiling toml_write v0.1.2
   Compiling email_address v0.2.9
   Compiling bufstream v0.1.4
   Compiling scraper v0.18.1
   Compiling symphonia v0.5.5
   Compiling imap v2.4.1
   Compiling toml_edit v0.22.27
   Compiling lettre v0.11.19
   Compiling tar v0.4.44
   Compiling xz2 v0.1.7
   Compiling pdf-extract v0.10.0
   Compiling agentgres v0.1.0 (/var/tmp/ioi-wt-f34ca84cb/crates/agentgres)
   Compiling fd-lock v4.0.4
   Compiling ioi-macros v0.1.0 (/var/tmp/ioi-wt-f34ca84cb/crates/macros)
   Compiling serde_bytes v0.11.19
   Compiling dotenvy v0.15.7
   Compiling bs58 v0.4.0
   Compiling zk-types v0.1.0 (/var/tmp/ioi-wt-f34ca84cb/crates/plugins/zk-types)
   Compiling ring v0.16.20
   Compiling multer v2.1.0
   Compiling yasna v0.5.2
   Compiling tungstenite v0.21.0
   Compiling headers-core v0.2.0
   Compiling rtoolbox v0.0.3
   Compiling pem v3.0.6
   Compiling spin v0.9.8
   Compiling untrusted v0.7.1
   Compiling rust-embed-utils v8.11.0
   Compiling spin v0.5.2
   Compiling rpassword v7.4.0
   Compiling headers v0.3.9
   Compiling rust-embed-impl v8.11.0
   Compiling rcgen v0.13.2
   Compiling simple_asn1 v0.6.3
   Compiling ipnetwork v0.20.0
   Compiling pem v1.1.1
   Compiling tokio-tungstenite v0.21.0
   Compiling atty v0.2.14
   Compiling ioi-node v0.1.0 (/var/tmp/ioi-wt-f34ca84cb/crates/node)
   Compiling scoped-tls v1.0.1
   Compiling rust-embed v8.11.0
   Compiling warp v0.3.7
   Compiling toml v0.8.23
   Compiling jsonwebtoken v8.3.0
   Compiling rustls-webpki v0.103.9
   Compiling tokio-rustls v0.26.4
   Compiling chromiumoxide v0.5.7
warning: structure field `runtimeTruthSource` should have a snake case name
    --> crates/types/src/app/generated/architecture_contracts.rs:4806:9
     |
4806 |     pub runtimeTruthSource: Option<GoalRunV1RuntimeTruthSource>,
     |         ^^^^^^^^^^^^^^^^^^ help: convert the identifier to snake case: `runtime_truth_source`
     |
     = note: `#[warn(non_snake_case)]` (part of `#[warn(nonstandard_style)]`) on by default

warning: structure field `runtimeTruthSource` should have a snake case name
    --> crates/types/src/app/generated/architecture_contracts.rs:7790:9
     |
7790 |     pub runtimeTruthSource: ArtifactAvailabilityIncidentOperationV1RuntimeTruthSource,
     |         ^^^^^^^^^^^^^^^^^^ help: convert the identifier to snake case: `runtime_truth_source`

warning: structure field `agentgresTruthSource` should have a snake case name
    --> crates/types/src/app/generated/architecture_contracts.rs:7791:9
     |
7791 |     pub agentgresTruthSource: ArtifactAvailabilityIncidentOperationV1AgentgresTruthSource,
     |         ^^^^^^^^^^^^^^^^^^^^ help: convert the identifier to snake case: `agentgres_truth_source`

warning: structure field `runtimeTruthSource` should have a snake case name
    --> crates/types/src/app/generated/architecture_contracts.rs:8050:9
     |
8050 |     pub runtimeTruthSource: ArtifactAvailabilityIncidentV1RuntimeTruthSource,
     |         ^^^^^^^^^^^^^^^^^^ help: convert the identifier to snake case: `runtime_truth_source`

warning: structure field `runtimeTruthSource` should have a snake case name
    --> crates/types/src/app/generated/architecture_contracts.rs:8288:9
     |
8288 |     pub runtimeTruthSource: ArtifactAvailabilityIncidentV1AgentgresOperationRuntimeTruthSource,
     |         ^^^^^^^^^^^^^^^^^^ help: convert the identifier to snake case: `runtime_truth_source`

warning: structure field `agentgresTruthSource` should have a snake case name
    --> crates/types/src/app/generated/architecture_contracts.rs:8289:9
     |
8289 |     pub agentgresTruthSource: ArtifactAvailabilityIncidentV1AgentgresOperationAgentgresTruthSource,
     |         ^^^^^^^^^^^^^^^^^^^^ help: convert the identifier to snake case: `agentgres_truth_source`

warning: structure field `requiresDaemonGate` should have a snake case name
     --> crates/types/src/app/generated/architecture_contracts.rs:19258:9
      |
19258 |     pub requiresDaemonGate: HarnessSessionBindingAdmissionV1RequiresDaemonGate,
      |         ^^^^^^^^^^^^^^^^^^ help: convert the identifier to snake case: `requires_daemon_gate`

warning: structure field `runtimeTruthSource` should have a snake case name
     --> crates/types/src/app/generated/architecture_contracts.rs:19259:9
      |
19259 |     pub runtimeTruthSource: HarnessSessionBindingAdmissionV1RuntimeTruthSource,
      |         ^^^^^^^^^^^^^^^^^^ help: convert the identifier to snake case: `runtime_truth_source`

warning: structure field `runtimeTruthSource` should have a snake case name
     --> crates/types/src/app/generated/architecture_contracts.rs:19681:9
      |
19681 |     pub runtimeTruthSource: HarnessSessionBindingV1RuntimeTruthSource,
      |         ^^^^^^^^^^^^^^^^^^ help: convert the identifier to snake case: `runtime_truth_source`

warning: structure field `requiresDaemonGate` should have a snake case name
     --> crates/types/src/app/generated/architecture_contracts.rs:20093:9
      |
20093 |     pub requiresDaemonGate: HarnessSessionReadinessV1RequiresDaemonGate,
      |         ^^^^^^^^^^^^^^^^^^ help: convert the identifier to snake case: `requires_daemon_gate`

warning: structure field `runtimeTruthSource` should have a snake case name
     --> crates/types/src/app/generated/architecture_contracts.rs:20094:9
      |
20094 |     pub runtimeTruthSource: HarnessSessionReadinessV1RuntimeTruthSource,
      |         ^^^^^^^^^^^^^^^^^^ help: convert the identifier to snake case: `runtime_truth_source`

warning: structure field `requiresDaemonGate` should have a snake case name
     --> crates/types/src/app/generated/architecture_contracts.rs:20371:9
      |
20371 |     pub requiresDaemonGate: HarnessSessionSpawnV1RequiresDaemonGate,
      |         ^^^^^^^^^^^^^^^^^^ help: convert the identifier to snake case: `requires_daemon_gate`

warning: structure field `runtimeTruthSource` should have a snake case name
     --> crates/types/src/app/generated/architecture_contracts.rs:20372:9
      |
20372 |     pub runtimeTruthSource: HarnessSessionSpawnV1RuntimeTruthSource,
      |         ^^^^^^^^^^^^^^^^^^ help: convert the identifier to snake case: `runtime_truth_source`

warning: structure field `requiresDaemonGate` should have a snake case name
     --> crates/types/src/app/generated/architecture_contracts.rs:20843:9
      |
20843 |     pub requiresDaemonGate: HarnessSessionTerminalAttachV1RequiresDaemonGate,
      |         ^^^^^^^^^^^^^^^^^^ help: convert the identifier to snake case: `requires_daemon_gate`

warning: structure field `runtimeTruthSource` should have a snake case name
     --> crates/types/src/app/generated/architecture_contracts.rs:20844:9
      |
20844 |     pub runtimeTruthSource: HarnessSessionTerminalAttachV1RuntimeTruthSource,
      |         ^^^^^^^^^^^^^^^^^^ help: convert the identifier to snake case: `runtime_truth_source`

warning: structure field `runtimeTruthSource` should have a snake case name
     --> crates/types/src/app/generated/architecture_contracts.rs:21283:9
      |
21283 |     pub runtimeTruthSource:
      |         ^^^^^^^^^^^^^^^^^^ help: convert the identifier to snake case: `runtime_truth_source`

warning: structure field `requiresDaemonGate` should have a snake case name
     --> crates/types/src/app/generated/architecture_contracts.rs:24236:9
      |
24236 |     pub requiresDaemonGate: HypervisorSessionLaunchRecipeAdmissionV1RequiresDaemonGate,
      |         ^^^^^^^^^^^^^^^^^^ help: convert the identifier to snake case: `requires_daemon_gate`

warning: structure field `runtimeTruthSource` should have a snake case name
     --> crates/types/src/app/generated/architecture_contracts.rs:24237:9
      |
24237 |     pub runtimeTruthSource: HypervisorSessionLaunchRecipeAdmissionV1RuntimeTruthSource,
      |         ^^^^^^^^^^^^^^^^^^ help: convert the identifier to snake case: `runtime_truth_source`

   Compiling ioi-api v0.1.0 (/var/tmp/ioi-wt-f34ca84cb/crates/api)
   Compiling ioi-pii v0.1.0 (/var/tmp/ioi-wt-f34ca84cb/crates/pii)
warning: `ioi-types` (lib) generated 18 warnings
   Compiling ioi-crypto v0.1.0 (/var/tmp/ioi-wt-f34ca84cb/crates/crypto)
   Compiling ioi-storage v0.1.0 (/var/tmp/ioi-wt-f34ca84cb/crates/storage)
   Compiling zk-driver-succinct v0.1.0 (/var/tmp/ioi-wt-f34ca84cb/crates/plugins/zk-driver-succinct)
   Compiling ioi-system v0.1.0 (/var/tmp/ioi-wt-f34ca84cb/crates/system)
   Compiling ioi-drivers v0.1.0 (/var/tmp/ioi-wt-f34ca84cb/crates/drivers)
   Compiling ioi-state v0.1.0 (/var/tmp/ioi-wt-f34ca84cb/crates/state)
   Compiling ioi-client v0.2.0 (/var/tmp/ioi-wt-f34ca84cb/crates/client)
   Compiling ioi-services v0.1.0 (/var/tmp/ioi-wt-f34ca84cb/crates/services)
warning: unused imports: `chat_reply_looks_like_source_candidate_list`, `chat_reply_looks_like_tool_plan`, and `workspace_chat_reply_looks_terminal`
  --> crates/services/src/agentic/runtime/service/tool_execution/processing/phases/execute_tool_phase/tool_outcome.rs:23:5
   |
23 |     chat_reply_looks_like_source_candidate_list, chat_reply_looks_like_tool_plan,
   |     ^^^^^^^^^^^^^^^^^^^^^^^^^^^^^^^^^^^^^^^^^^^  ^^^^^^^^^^^^^^^^^^^^^^^^^^^^^^^
24 |     file_mutation_policy_action_report_candidate, goal_requires_fresh_retrieval_before_chat_reply,
25 |     source_candidate_chat_reply_blocker, workspace_chat_reply_looks_terminal,
   |                                          ^^^^^^^^^^^^^^^^^^^^^^^^^^^^^^^^^^^
   |
   = note: `#[warn(unused_imports)]` (part of `#[warn(unused)]`) on by default

warning: function `append_event_line` is never used
   --> crates/services/src/agentic/runtime/event_log_bridge.rs:231:4
    |
231 | fn append_event_line(state_dir: &str, event_stream_id: &str, event: &Value) -> Result<(), String> {
    |    ^^^^^^^^^^^^^^^^^
    |
    = note: `#[warn(dead_code)]` (part of `#[warn(unused)]`) on by default

warning: method `to_value` is never used
   --> crates/services/src/agentic/runtime/kernel/repository_workflow.rs:195:8
    |
194 | impl RepositoryWorkflowProjectionRecord {
    | --------------------------------------- method in this implementation
195 |     fn to_value(&self) -> Value {
    |        ^^^^^^^^

warning: function `set_array_strings` is never used
   --> crates/services/src/agentic/runtime/kernel/runtime_conversation_artifact_control.rs:570:4
    |
570 | fn set_array_strings(value: &mut Value, key: &str, values: &[String]) {
    |    ^^^^^^^^^^^^^^^^^

warning: method `to_value` is never used
   --> crates/services/src/agentic/runtime/kernel/runtime_lifecycle.rs:196:8
    |
195 | impl RuntimeLifecycleProjectionRecord {
    | ------------------------------------- method in this implementation
196 |     fn to_value(&self) -> Value {
    |        ^^^^^^^^

warning: method `to_value` is never used
   --> crates/services/src/agentic/runtime/kernel/runtime_mcp_serve.rs:635:8
    |
634 | impl RuntimeMcpServeToolCallPlanRecord {
    | -------------------------------------- method in this implementation
635 |     fn to_value(&self) -> Value {
    |        ^^^^^^^^

warning: method `to_value` is never used
   --> crates/services/src/agentic/runtime/kernel/runtime_mcp_serve.rs:664:8
    |
663 | impl RuntimeMcpServeToolResultProjectionRecord {
    | ---------------------------------------------- method in this implementation
664 |     fn to_value(&self) -> Value {
    |        ^^^^^^^^

warning: method `to_value` is never used
   --> crates/services/src/agentic/runtime/kernel/runtime_tool_catalog.rs:144:8
    |
143 | impl RuntimeToolCatalogProjectionRecord {
    | --------------------------------------- method in this implementation
144 |     fn to_value(&self) -> Value {
    |        ^^^^^^^^

warning: method `to_value` is never used
   --> crates/services/src/agentic/runtime/kernel/skill_hook_registry.rs:137:8
    |
136 | impl SkillHookRegistryProjectionRecord {
    | -------------------------------------- method in this implementation
137 |     fn to_value(&self) -> Value {
    |        ^^^^^^^^

   Compiling ioi-tx v0.1.0 (/var/tmp/ioi-wt-f34ca84cb/crates/tx)
   Compiling ioi-consensus v0.1.0 (/var/tmp/ioi-wt-f34ca84cb/crates/consensus)
   Compiling ioi-execution v0.1.0 (/var/tmp/ioi-wt-f34ca84cb/crates/execution)
   Compiling ioi-networking v0.1.0 (/var/tmp/ioi-wt-f34ca84cb/crates/networking)
   Compiling ioi-validator v0.1.0 (/var/tmp/ioi-wt-f34ca84cb/crates/validator)
warning: `ioi-services` (lib) generated 9 warnings (run `cargo fix --lib -p ioi-services` to apply 1 suggestion)
warning: unused import: `remove_record`
  --> crates/node/src/bin/hypervisor_daemon_routes/ioi_intelligence_routes.rs:32:55
   |
32 | use super::{iso_now, persist_record, read_record_dir, remove_record, sha256_hex_str, DaemonState};
   |                                                       ^^^^^^^^^^^^^
   |
   = note: `#[warn(unused_imports)]` (part of `#[warn(unused)]`) on by default

warning: unnecessary parentheses around closure body
    --> crates/node/src/bin/hypervisor-daemon.rs:4914:22
     |
4914 |     .map_err(|error| (AppError(StatusCode::INTERNAL_SERVER_ERROR, error.to_string())))?;
     |                      ^                                                              ^
     |
     = note: `#[warn(unused_parens)]` (part of `#[warn(unused)]`) on by default
help: remove these parentheses
     |
4914 -     .map_err(|error| (AppError(StatusCode::INTERNAL_SERVER_ERROR, error.to_string())))?;
4914 +     .map_err(|error| AppError(StatusCode::INTERNAL_SERVER_ERROR, error.to_string()))?;
     |

warning: unnecessary parentheses around closure body
    --> crates/node/src/bin/hypervisor-daemon.rs:4954:22
     |
4954 |     .map_err(|error| (AppError(StatusCode::INTERNAL_SERVER_ERROR, error.to_string())))?;
     |                      ^                                                              ^
     |
help: remove these parentheses
     |
4954 -     .map_err(|error| (AppError(StatusCode::INTERNAL_SERVER_ERROR, error.to_string())))?;
4954 +     .map_err(|error| AppError(StatusCode::INTERNAL_SERVER_ERROR, error.to_string()))?;
     |

warning: variable does not need to be mutable
    --> crates/node/src/bin/hypervisor_daemon_routes/ioi_intelligence_routes.rs:1653:9
     |
1653 |     let mut record_edges =
     |         ----^^^^^^^^^^^^
     |         |
     |         help: remove this `mut`
     |
     = note: `#[warn(unused_mut)]` (part of `#[warn(unused)]`) on by default

warning: variable does not need to be mutable
    --> crates/node/src/bin/hypervisor_daemon_routes/storage_backend_routes.rs:1288:9
     |
1288 |     let mut fail = |reason: String, verification: Value| {
     |         ----^^^^
     |         |
     |         help: remove this `mut`

warning: unused variable: `inbound`
   --> crates/node/src/bin/hypervisor_daemon_routes/decentralized_cloud_routes.rs:915:5
    |
915 |     inbound: axum::http::HeaderMap,
    |     ^^^^^^^ help: if this is intentional, prefix it with an underscore: `_inbound`
    |
    = note: `#[warn(unused_variables)]` (part of `#[warn(unused)]`) on by default

warning: variable does not need to be mutable
   --> crates/node/src/bin/hypervisor_daemon_routes/outcome_room_system_routes.rs:562:9
    |
562 |     let mut room = json!({
    |         ----^^^^
    |         |
    |         help: remove this `mut`

warning: variable `final_count` is assigned to, but never used
   --> crates/node/src/bin/hypervisor_daemon_routes/state_machine_routes.rs:166:9
    |
166 |     let mut final_count = 0usize;
    |         ^^^^^^^^^^^^^^^
    |
    = note: consider using `_final_count` instead

warning: value assigned to `final_count` is never read
   --> crates/node/src/bin/hypervisor_daemon_routes/state_machine_routes.rs:219:13
    |
219 |             final_count += 1;
    |             ^^^^^^^^^^^^^^^^
    |
    = help: maybe it is overwritten before being read?
    = note: `#[warn(unused_assignments)]` (part of `#[warn(unused)]`) on by default

warning: fields `url`, `capability_lease_ref`, and `workspace_root` are never read
   --> crates/node/src/bin/hypervisor-daemon.rs:273:16
    |
271 | pub(crate) struct PreviewServer {
    |                   ------------- fields in this struct
272 |     pub(crate) port: u16,
273 |     pub(crate) url: String,
    |                ^^^
274 |     pub(crate) capability_lease_ref: String,
    |                ^^^^^^^^^^^^^^^^^^^^
275 |     pub(crate) workspace_root: String,
    |                ^^^^^^^^^^^^^^
    |
    = note: `#[warn(dead_code)]` (part of `#[warn(unused)]`) on by default

warning: fields `internal_port`, `log_path`, `started_at`, and `workspace_root` are never read
  --> crates/node/src/bin/hypervisor_daemon_routes/editor_host.rs:25:16
   |
23 | pub(crate) struct EditorRuntime {
   |                   ------------- fields in this struct
24 |     pub(crate) child: std::process::Child,
25 |     pub(crate) internal_port: u16,
   |                ^^^^^^^^^^^^^
26 |     pub(crate) log_path: String,
   |                ^^^^^^^^
27 |     pub(crate) started_at: String,
   |                ^^^^^^^^^^
28 |     pub(crate) workspace_root: String,
   |                ^^^^^^^^^^^^^^

warning: fields `public_port`, `internal_port`, `lease_id`, `service_id`, and `join` are never read
  --> crates/node/src/bin/hypervisor_daemon_routes/editor_proxy.rs:20:16
   |
19 | pub(crate) struct EditorProxy {
   |                   ----------- fields in this struct
20 |     pub(crate) public_port: u16,
   |                ^^^^^^^^^^^
21 |     pub(crate) internal_port: u16,
   |                ^^^^^^^^^^^^^
22 |     pub(crate) lease_id: String,
   |                ^^^^^^^^
23 |     pub(crate) service_id: String,
   |                ^^^^^^^^^^
24 |     pub(crate) shutdown: tokio::sync::oneshot::Sender<()>,
25 |     pub(crate) join: tokio::task::JoinHandle<()>,
   |                ^^^^

warning: methods `record` and `durable` are never used
   --> crates/node/src/bin/hypervisor_daemon_routes/goalrun_routes.rs:137:19
    |
136 | impl MutationOutcome {
    | -------------------- methods in this implementation
137 |     pub(crate) fn record(&self) -> &Value {
    |                   ^^^^^^
...
147 |     pub(crate) fn durable(&self) -> bool {
    |                   ^^^^^^^

warning: multiple fields are never read
    --> crates/node/src/bin/hypervisor_daemon_routes/goalrun_routes.rs:5414:5
     |
5413 | struct ResultPayloadCustody {
     |        -------------------- fields in this struct
5414 |     artifact_ref: String,
     |     ^^^^^^^^^^^^
5415 |     payload_ref: String,
     |     ^^^^^^^^^^^
5416 |     content_hash: String,
5417 |     size_bytes: u64,
     |     ^^^^^^^^^^
...
5422 |     implementation_result: Value,
     |     ^^^^^^^^^^^^^^^^^^^^^
5423 |     captured_output_file_facts: Value,
     |     ^^^^^^^^^^^^^^^^^^^^^^^^^^
5424 |     captured_output_file_facts_hash: String,
     |     ^^^^^^^^^^^^^^^^^^^^^^^^^^^^^^^
5425 |     receipt_refs: Vec<String>,
     |     ^^^^^^^^^^^^
     |
     = note: `ResultPayloadCustody` has derived impls for the traits `Clone` and `Debug`, but these are intentionally ignored during dead code analysis

warning: constant `SCM_PUBLICATION_AUTHORITY` is never used
  --> crates/node/src/bin/hypervisor_daemon_routes/governed_authority.rs:51:18
   |
51 | pub(crate) const SCM_PUBLICATION_AUTHORITY: AuthorityContract = AuthorityContract {
   |                  ^^^^^^^^^^^^^^^^^^^^^^^^^

warning: methods `claim_id`, `reference`, and `effect_hash` are never used
   --> crates/node/src/bin/hypervisor_daemon_routes/governed_authority.rs:265:19
    |
264 | impl FinalInvocationClaim {
    | ------------------------- methods in this implementation
265 |     pub(crate) fn claim_id(&self) -> &str {
    |                   ^^^^^^^^
...
269 |     pub(crate) fn reference(&self) -> &str {
    |                   ^^^^^^^^^
...
273 |     pub(crate) fn effect_hash(&self) -> &str {
    |                   ^^^^^^^^^^^

warning: function `final_invocation_disposition` is never used
   --> crates/node/src/bin/hypervisor_daemon_routes/governed_authority.rs:998:15
    |
998 | pub(crate) fn final_invocation_disposition(
    |               ^^^^^^^^^^^^^^^^^^^^^^^^^^^^

warning: function `decision_policy_hash` is never used
    --> crates/node/src/bin/hypervisor_daemon_routes/governed_authority.rs:1161:15
     |
1161 | pub(crate) fn decision_policy_hash(
     |               ^^^^^^^^^^^^^^^^^^^^

warning: function `authorize_decision_for_resolution` is never used
    --> crates/node/src/bin/hypervisor_daemon_routes/governed_authority.rs:1632:15
     |
1632 | pub(crate) fn authorize_decision_for_resolution(
     |               ^^^^^^^^^^^^^^^^^^^^^^^^^^^^^^^^^

warning: constant `IMPROVEMENT_STATES` is never used
    --> crates/node/src/bin/hypervisor_daemon_routes/ioi_intelligence_routes.rs:2258:7
     |
2258 | const IMPROVEMENT_STATES: &[&str] = &["pending", "approved", "rejected", "applied", "superseded"];
     |       ^^^^^^^^^^^^^^^^^^

warning: function `append_persisted_events` is never used
   --> crates/node/src/bin/hypervisor_daemon_routes/lifecycle_routes.rs:871:4
    |
871 | fn append_persisted_events(
    |    ^^^^^^^^^^^^^^^^^^^^^^^

warning: field `run_dir` is never read
  --> crates/node/src/bin/hypervisor_daemon_routes/microvm.rs:78:9
   |
75 | pub(crate) struct VmHandle {
   |                   -------- field in this struct
...
78 |     pub run_dir: PathBuf,
   |         ^^^^^^^

warning: function `list_rooms_exact` is never used
    --> crates/node/src/bin/hypervisor_daemon_routes/outcome_room_routes.rs:1282:4
     |
1282 | fn list_rooms_exact(data_dir: &str) -> Result<Vec<Value>, String> {
     |    ^^^^^^^^^^^^^^^^

warning: function `sorted_newest` is never used
    --> crates/node/src/bin/hypervisor_daemon_routes/outcome_room_routes.rs:2373:4
     |
2373 | fn sorted_newest(data_dir: &str) -> Result<Vec<Value>, String> {
     |    ^^^^^^^^^^^^^

warning: function `decision_policy_hash` is never used
   --> crates/node/src/bin/hypervisor_daemon_routes/room_participation_routes.rs:245:4
    |
245 | fn decision_policy_hash(gov: Gov, room_ref: &str, required_authority: &str, op: &str) -> String {
    |    ^^^^^^^^^^^^^^^^^^^^

warning: function `decision_request_hash` is never used
   --> crates/node/src/bin/hypervisor_daemon_routes/room_participation_routes.rs:248:4
    |
248 | fn decision_request_hash(
    |    ^^^^^^^^^^^^^^^^^^^^^

warning: type alias `VerifiedAuthorityResolution` is never used
   --> crates/node/src/bin/hypervisor_daemon_routes/room_participation_routes.rs:298:6
    |
298 | type VerifiedAuthorityResolution = governed::VerifiedAuthorityResolution;
    |      ^^^^^^^^^^^^^^^^^^^^^^^^^^^

warning: function `authorize_decision_for_resolution` is never used
   --> crates/node/src/bin/hypervisor_daemon_routes/room_participation_routes.rs:304:4
    |
304 | fn authorize_decision_for_resolution(
    |    ^^^^^^^^^^^^^^^^^^^^^^^^^^^^^^^^^

warning: variant `Opened` is never constructed
   --> crates/node/src/bin/hypervisor_daemon_routes/scm_publication_routes.rs:176:5
    |
174 | pub(crate) enum ReviewRequestOpenOutcome {
    |                 ------------------------ variant in this enum
175 |     /// A review request was opened; this is its locator.
176 |     Opened {
    |     ^^^^^^
    |
    = note: `ReviewRequestOpenOutcome` has derived impls for the traits `Clone` and `Debug`, but these are intentionally ignored during dead code analysis

warning: field `prior_effects` is never read
   --> crates/node/src/bin/hypervisor_daemon_routes/scm_publication_routes.rs:566:16
    |
560 | pub(crate) struct ScmPublicationSource {
    |                   -------------------- field in this struct
...
566 |     pub(crate) prior_effects: Vec<Value>,
    |                ^^^^^^^^^^^^^

warning: function `execute_scm_publication` is never used
    --> crates/node/src/bin/hypervisor_daemon_routes/scm_publication_routes.rs:1319:15
     |
1319 | pub(crate) fn execute_scm_publication<P: ScmRemotePort>(
     |               ^^^^^^^^^^^^^^^^^^^^^^^

warning: function `observation_tail` is never used
    --> crates/node/src/bin/hypervisor_daemon_routes/scm_publication_routes.rs:1520:4
     |
1520 | fn observation_tail(observed: &ObservedHeads, target_ref: &str) -> String {
     |    ^^^^^^^^^^^^^^^^

warning: function `refusal_err` is never used
    --> crates/node/src/bin/hypervisor_daemon_routes/scm_publication_routes.rs:1539:4
     |
1539 | fn refusal_err(verdict: ioi_types::app::scm_publication::ScmPublicationVerdict) -> VErr {
     |    ^^^^^^^^^^^

warning: function `persist_effect_graph` is never used
    --> crates/node/src/bin/hypervisor_daemon_routes/scm_publication_routes.rs:1553:4
     |
1553 | fn persist_effect_graph(data_dir: &str, effect: &Value, now: &str) -> Result<Vec<Value>, VErr> {
     |    ^^^^^^^^^^^^^^^^^^^^

warning: constant `MINIMUM_TOPOLOGY_ROUTE` is never used
  --> crates/node/src/bin/hypervisor_daemon_routes/system_topology_routes.rs:45:18
   |
45 | pub(crate) const MINIMUM_TOPOLOGY_ROUTE: &str =
   |                  ^^^^^^^^^^^^^^^^^^^^^^

warning: field `transitions` is never read
   --> crates/node/src/bin/hypervisor_daemon_routes/system_writer_routes.rs:230:9
    |
225 | pub(crate) struct WriterSource {
    |                   ------------ field in this struct
...
230 |     pub transitions: Vec<Value>,
    |         ^^^^^^^^^^^

warning: `ioi-node` (bin "hypervisor-daemon") generated 36 warnings (run `cargo fix --bin "hypervisor-daemon" -p ioi-node` to apply 7 suggestions)
    Finished `dev` profile [unoptimized + debuginfo] target(s) in 2m 41s
M4_GOALRUN_ACTIVATION_DAEMON_BINARY_SHA256=sha256:c2d6af353629b60c0c2966f235bb18c95c4536029e99484d64c1d460f20d597f
IOI_ISOLATED_LISTENER_OWNERSHIP role=daemon pid=414498 port=38781 inode=181327866 owned=true
IOI_ISOLATED_LISTENER_OWNERSHIP role=daemon pid=431224 port=40965 inode=181990515 owned=true
IOI_ISOLATED_LISTENER_OWNERSHIP role=serve pid=431375 port=41907 inode=182087621 owned=true
IOI_ISOLATED_LISTENER_OWNERSHIP role=daemon pid=432655 port=37257 inode=181804335 owned=true
IOI_ISOLATED_LISTENER_OWNERSHIP role=daemon pid=432844 port=44545 inode=182094782 owned=true
IOI_ISOLATED_LISTENER_OWNERSHIP role=daemon pid=433099 port=34089 inode=182103485 owned=true
IOI_ISOLATED_LISTENER_OWNERSHIP role=daemon pid=450747 port=35811 inode=182230165 owned=true
PASS startup leaves retired M3 legacy WorkResult bytes inert: never listed, never folded into the canonical registry, never rewritten, never deleted — list=200/listed=false canonical=0 legacy=1 legacy_bytes_unchanged=true
PASS draft persists typed ioi_goal_draft and an origin tag cannot bypass activation — draft=201/undefined bypass=422/goal_run_activation_required_for_origin durable_tree=sha256:82de3c6e17bf5f879e2fcd65a4bd9e6ef2f5a4af83f987361b0220ac3877a184->sha256:82de3c6e17bf5f879e2fcd65a4bd9e6ef2f5a4af83f987361b0220ac3877a184
PASS draft activation conforms to the registered durable contract — No errors
PASS daemon resolves owner, source, and an immutable content-addressed profile closure
PASS caller profile injection refuses before activation persistence — 400/goal_run_activation_draft_request_invalid
PASS same draft idempotency key and body converge — 200/undefined
PASS idempotency-key body substitution refuses before new source or GoalRun — 409/goal_run_activation_idempotency_body_conflict
PASS missing explicit approval cannot mint goal identity — 422/goal_run_activation_explicit_user_review_required
PASS stale reviewed bytes refuse before GoalRun persistence — 409/goal_run_activation_stale_draft
PASS durable source substitution refuses before GoalRun persistence — 409/goal_run_activation_source_integrity_failure
PASS daemon-resolved authority substitution refuses before GoalRun persistence — 409/goal_run_activation_authority_integrity_failure
PASS missing exact GoalRunProfile release refuses before GoalRun admission — 409/goal_run_activation_profile_missing
PASS tampered GoalRunProfile bytes refuse their stale content address — 409/goal_run_activation_profile_integrity_failure
PASS explicit review exposes a wallet-owned authority request before GoalRun admission — 403/goal_run_activation_authority_required
PASS expired activation authority refuses before GoalRun admission — 403/goal_run_activation_authority_required
PASS explicit exact-hash review admits one durable GoalRun — 201/undefined
PASS admitted activation and GoalRun conform to their registered durable contracts — No errors No errors
PASS activation retains root, lifecycle head, exact zero-execution profile closure, and three receipt classes
PASS GoalRun retains registered typed receipt obligations with complete discharge — No errors
PASS admitted state validates, reproduces a content-addressed local key, and crossed Agentgres — No errors
PASS activation admission receipt validates its registered contract and both portable invariants — No errors
PASS authorized submit retry replays instead of minting a second GoalRun — 200/undefined
PASS a prefix-shaped state ref without local owner evidence refuses replay — 409/goal_run_activation_state_evidence_missing
PASS tampered admitted-state bytes refuse before projection — 409/goal_run_activation_state_integrity_failure
PASS zero-execution GoalRun start refuses before reservation, dependency resolution, or receipt effects — 422/goal_run_execution_budget_exhausted tree=sha256:065604b336bbc551b317c6584dfaa5f2f7da82a95930b86408609ccbd11b62bd->sha256:065604b336bbc551b317c6584dfaa5f2f7da82a95930b86408609ccbd11b62bd
PASS zero-execution GoalRun refuses WorkResult creation before record, backlink, or receipt effects — 422/goal_run_execution_budget_exhausted tree=sha256:065604b336bbc551b317c6584dfaa5f2f7da82a95930b86408609ccbd11b62bd->sha256:065604b336bbc551b317c6584dfaa5f2f7da82a95930b86408609ccbd11b62bd
PASS zero-execution GoalRun refuses OutcomeDelta creation before record, backlink, or receipt effects — 422/goal_run_execution_budget_exhausted tree=sha256:065604b336bbc551b317c6584dfaa5f2f7da82a95930b86408609ccbd11b62bd->sha256:065604b336bbc551b317c6584dfaa5f2f7da82a95930b86408609ccbd11b62bd
PASS missing exact execution-ceiling release refuses before GoalRun admission — 409/goal_run_execution_ceiling_missing
PASS tampered execution-ceiling bytes refuse their stale content address — 409/goal_run_execution_ceiling_contract_invalid
PASS widened or defaulted execution ceilings refuse instead of inferring invocation capacity — widened=409/goal_run_execution_ceiling_integrity_failure defaulted=409/goal_run_execution_ceiling_contract_invalid
PASS generic WorkResult and OutcomeDelta routes cannot bypass room ownership or the zero-execution GoalRun ceiling — zero=422/goal_run_execution_budget_exhausted,422/goal_run_execution_budget_exhausted room=422/422,422/422 registryDelta=0/0 durable_tree=sha256:64de2ac9bb843a6b0bebcd1cdf5768c979ecf8f257c126429c09bf6068a52a9b->sha256:64de2ac9bb843a6b0bebcd1cdf5768c979ecf8f257c126429c09bf6068a52a9b
PASS restart replays activation, GoalRun root/head, and receipts from durable state — 200/undefined
PASS malformed GoalRun sibling makes reads, activation replay, and mutation fail closed — list=500/goal_run_registry_unreadable get=500/goal_run_registry_unreadable activation=409/goal_run_activation_goal_registry_unreadable mutation=500/goal_run_registry_unreadable
PASS duplicate canonical GoalRun reference refuses complete-census projection — list=500/goal_run_registry_unreadable activation=409/goal_run_activation_goal_registry_unreadable
PASS restart preserves the resultless GoalRun and creates no invocation result, delta, backlink, or receipt — 200/results=0/deltas=0
PASS authenticated GoalRun creation cannot bind another owner's Session/workspace — 202/403/goal_run_target_session_owner_mismatch
PASS activation replay and submit authorize before existence and expose one owner-mismatch refusal class — owner=200 existing_get=403/goal_run_activation_projection_owner_mismatch existing_submit=403/goal_run_activation_projection_owner_mismatch missing_get=403/goal_run_activation_projection_owner_mismatch missing_submit=403/goal_run_activation_projection_owner_mismatch durable_tree=sha256:6f4e8d560e7aed2fe848767e2d97dd701a0feefbfc21ba81f9247090b49e6ec2->sha256:6f4e8d560e7aed2fe848767e2d97dd701a0feefbfc21ba81f9247090b49e6ec2
PASS exposed anonymous caller cannot read activation source, authority, or receipts — 401/authentication_required/anchor_pinned=true/anchor_keys=needs_bootstrap,ok,reason
PASS GoalRun start, reconcile, recovery, and event projection enforce authentication/owner authorization before any existing or missing lifecycle truth — start=403/goal_run_mutation_owner_mismatch reconcile=403/goal_run_mutation_owner_mismatch recovery=403/goal_run_mutation_owner_mismatch anonymous_statuses=401,401,401,401,401,401,401,401,401 anonymous_distinct_bodies=1 anonymous_reason=authentication_required events=403/goal_run_global_truth_owner_mismatch
PASS cross-owner and exposed anonymous callers cannot mutate GoalRun result or delta truth through either route family — outsider=403/goal_run_mutation_owner_mismatch,403/goal_run_mutation_owner_mismatch,403/work_truth_goal_owner_mismatch,403/work_truth_goal_owner_mismatch anonymous_statuses=401,401,401,401,401,401 anonymous_distinct_bodies=1 matches_lifecycle_refusal=true resultDelta=0/0
PASS exposed anonymous callers cannot enumerate or fetch GoalRun, WorkResult, or OutcomeDelta truth — goal=401/401 result=401/401 delta=401/401 uniform=true
PASS an unregistered receipt-obligation type refuses before activation or GoalRun identity — 422/goal_run_activation_receipt_obligation_type_unregistered
PASS GoalRun durability uncertainty refuses success while retaining one retryable identity — 500/goal_run_persist_failed
PASS fresh-process retry certifies the same GoalRun and completes the activation — 201/undefined
M4 GoalRun activation isolated plane: PASS (44/44)
