IOI_MEASURED_COMMIT=b2f5a3b2a916568b3a41fedee8391d46d7912740
IOI_ENV_ROOT_USED_PCT=49%
IOI_ENV_LOADAVG=7.52 5.59 3.25 12/4031 2947990
Runtime action contracts are out of date:
- packages/hypervisor-workbench/src/runtime/generated/action-schema.ts
Run npm run generate:runtime-action-contracts.
Runtime action contracts are out of date:
- packages/hypervisor-workbench/src/runtime/generated/action-schema.ts
Run npm run generate:runtime-action-contracts.
TAP version 13
# Subtest: pre-next-leg propagates a compositor-tier failure
ok 1 - pre-next-leg propagates a compositor-tier failure
  ---
  duration_ms: 1.02951
  type: 'test'
  ...
# Subtest: pre-next-leg pins check mode ahead of a missing or altered regression flag
ok 2 - pre-next-leg pins check mode ahead of a missing or altered regression flag
  ---
  duration_ms: 45.116712
  type: 'test'
  ...
# Subtest: conformance help cannot mask compositor or unknown flags
ok 3 - conformance help cannot mask compositor or unknown flags
  ---
  duration_ms: 16.744156
  type: 'test'
  ...
1..3
# tests 3
# suites 0
# pass 3
# fail 0
# cancelled 0
# skipped 0
# todo 0
# duration_ms 68.292524
