census OK: 52 modules = 39 executed + 13 manifest-marked (manual)
TLC2 Version 2026.08.11.125311 (rev: 0894c34)
Warning: Please run the Java VM, which executes TLC with a throughput optimized garbage collector, by passing the "-XX:+UseParallelGC" property.
(Use the -nowarning option to disable this warning.)
Running breadth-first search Model-Checking with fp 62 and seed -2573015346386072008 with 1 worker on 24 cores with 24000MB heap and 64MB offheap memory [pid: 3399160] (Linux 6.17.9-76061709-generic amd64, Ubuntu 21.0.10 64bit, MSBDiskFPSet, DiskStateQueue).
Parsing file /home/heathledger/Documents/ioi/repos/ioi/internal-docs/architecture/protocols/aft/formal/maximal_visibility/QuvHeadInterleaving.tla
Parsing file /home/heathledger/Documents/ioi/repos/ioi/internal-docs/architecture/protocols/aft/formal/maximal_visibility/QuvHeadPreparation.tla
Parsing file /tmp/tlc-1066317123669787213/_TLCTrace.tla (jar:file:/home/heathledger/Documents/ioi/repos/ioi/.internal/formal-cache/tools/tla/tla2tools.jar!/tla2sany/StandardModules/_TLCTrace.tla)
Parsing file /tmp/tlc-1066317123669787213/Naturals.tla (jar:file:/home/heathledger/Documents/ioi/repos/ioi/.internal/formal-cache/tools/tla/tla2tools.jar!/tla2sany/StandardModules/Naturals.tla)
Parsing file /tmp/tlc-1066317123669787213/Sequences.tla (jar:file:/home/heathledger/Documents/ioi/repos/ioi/.internal/formal-cache/tools/tla/tla2tools.jar!/tla2sany/StandardModules/Sequences.tla)
Parsing file /tmp/tlc-1066317123669787213/FiniteSets.tla (jar:file:/home/heathledger/Documents/ioi/repos/ioi/.internal/formal-cache/tools/tla/tla2tools.jar!/tla2sany/StandardModules/FiniteSets.tla)
Parsing file /tmp/tlc-1066317123669787213/TLC.tla (jar:file:/home/heathledger/Documents/ioi/repos/ioi/.internal/formal-cache/tools/tla/tla2tools.jar!/tla2sany/StandardModules/TLC.tla)
Parsing file /tmp/tlc-1066317123669787213/TLCExt.tla (jar:file:/home/heathledger/Documents/ioi/repos/ioi/.internal/formal-cache/tools/tla/tla2tools.jar!/tla2sany/StandardModules/TLCExt.tla)
Parsing file /tmp/tlc-1066317123669787213/Integers.tla (jar:file:/home/heathledger/Documents/ioi/repos/ioi/.internal/formal-cache/tools/tla/tla2tools.jar!/tla2sany/StandardModules/Integers.tla)
Semantic processing of module Naturals
Semantic processing of module Sequences
Semantic processing of module FiniteSets
Semantic processing of module QuvHeadPreparation
Semantic processing of module TLC
Semantic processing of module Integers
Semantic processing of module TLCExt
Semantic processing of module _TLCTrace
Semantic processing of module QuvHeadInterleaving
Linting of module QuvHeadPreparation
Linting of module TLCExt
Linting of module _TLCTrace
Linting of module QuvHeadInterleaving
Starting... (2026-09-04 22:52:18)
Computing initial states...
Finished computing initial states: 1 distinct state generated at 2026-09-04 22:52:18.
Model checking completed. No error has been found.
  Estimates of the probability that TLC did not check all reachable states
  because two distinct states had the same fingerprint:
  calculated (optimistic):  val = 4.0E-12
21501 states generated, 4328 distinct states found, 0 states left on queue.
The depth of the complete state graph search is 17.
The average outdegree of the complete state graph is 1 (minimum is 0, the maximum 6 and the 95th percentile is 2).
Finished in 00s at (2026-09-04 22:52:18)
TLC2 Version 2026.08.11.125311 (rev: 0894c34)
Warning: Please run the Java VM, which executes TLC with a throughput optimized garbage collector, by passing the "-XX:+UseParallelGC" property.
(Use the -nowarning option to disable this warning.)
Running breadth-first search Model-Checking with fp 116 and seed 5879562315014274388 with 1 worker on 24 cores with 24000MB heap and 64MB offheap memory [pid: 3399377] (Linux 6.17.9-76061709-generic amd64, Ubuntu 21.0.10 64bit, MSBDiskFPSet, DiskStateQueue).
Parsing file /home/heathledger/Documents/ioi/repos/ioi/internal-docs/architecture/protocols/aft/formal/maximal_visibility/QuvHeadInterleaving.tla
Parsing file /home/heathledger/Documents/ioi/repos/ioi/internal-docs/architecture/protocols/aft/formal/maximal_visibility/QuvHeadPreparation.tla
Parsing file /tmp/tlc-14483145132126888851/_TLCTrace.tla (jar:file:/home/heathledger/Documents/ioi/repos/ioi/.internal/formal-cache/tools/tla/tla2tools.jar!/tla2sany/StandardModules/_TLCTrace.tla)
Parsing file /tmp/tlc-14483145132126888851/Naturals.tla (jar:file:/home/heathledger/Documents/ioi/repos/ioi/.internal/formal-cache/tools/tla/tla2tools.jar!/tla2sany/StandardModules/Naturals.tla)
Parsing file /tmp/tlc-14483145132126888851/Sequences.tla (jar:file:/home/heathledger/Documents/ioi/repos/ioi/.internal/formal-cache/tools/tla/tla2tools.jar!/tla2sany/StandardModules/Sequences.tla)
Parsing file /tmp/tlc-14483145132126888851/FiniteSets.tla (jar:file:/home/heathledger/Documents/ioi/repos/ioi/.internal/formal-cache/tools/tla/tla2tools.jar!/tla2sany/StandardModules/FiniteSets.tla)
Parsing file /tmp/tlc-14483145132126888851/TLC.tla (jar:file:/home/heathledger/Documents/ioi/repos/ioi/.internal/formal-cache/tools/tla/tla2tools.jar!/tla2sany/StandardModules/TLC.tla)
Parsing file /tmp/tlc-14483145132126888851/TLCExt.tla (jar:file:/home/heathledger/Documents/ioi/repos/ioi/.internal/formal-cache/tools/tla/tla2tools.jar!/tla2sany/StandardModules/TLCExt.tla)
Parsing file /tmp/tlc-14483145132126888851/Integers.tla (jar:file:/home/heathledger/Documents/ioi/repos/ioi/.internal/formal-cache/tools/tla/tla2tools.jar!/tla2sany/StandardModules/Integers.tla)
Semantic processing of module Naturals
Semantic processing of module Sequences
Semantic processing of module FiniteSets
Semantic processing of module QuvHeadPreparation
Semantic processing of module TLC
Semantic processing of module Integers
Semantic processing of module TLCExt
Semantic processing of module _TLCTrace
Semantic processing of module QuvHeadInterleaving
Linting of module QuvHeadPreparation
Linting of module TLCExt
Linting of module _TLCTrace
Linting of module QuvHeadInterleaving
Starting... (2026-09-04 22:52:19)
Computing initial states...
Finished computing initial states: 1 distinct state generated at 2026-09-04 22:52:19.
Model checking completed. No error has been found.
  Estimates of the probability that TLC did not check all reachable states
  because two distinct states had the same fingerprint:
  calculated (optimistic):  val = 4.4E-14
2193 states generated, 469 distinct states found, 0 states left on queue.
The depth of the complete state graph search is 29.
The average outdegree of the complete state graph is 1 (minimum is 0, the maximum 5 and the 95th percentile is 3).
Finished in 00s at (2026-09-04 22:52:19)
TLC2 Version 2026.08.11.125311 (rev: 0894c34)
Warning: Please run the Java VM, which executes TLC with a throughput optimized garbage collector, by passing the "-XX:+UseParallelGC" property.
(Use the -nowarning option to disable this warning.)
Running breadth-first search Model-Checking with fp 31 and seed -3788604694424691897 with 1 worker on 24 cores with 24000MB heap and 64MB offheap memory [pid: 3399656] (Linux 6.17.9-76061709-generic amd64, Ubuntu 21.0.10 64bit, MSBDiskFPSet, DiskStateQueue).
Parsing file /home/heathledger/Documents/ioi/repos/ioi/internal-docs/architecture/protocols/aft/formal/maximal_visibility/QuvHeadPreparation.tla
Parsing file /tmp/tlc-17172124894196148321/Naturals.tla (jar:file:/home/heathledger/Documents/ioi/repos/ioi/.internal/formal-cache/tools/tla/tla2tools.jar!/tla2sany/StandardModules/Naturals.tla)
Parsing file /tmp/tlc-17172124894196148321/Sequences.tla (jar:file:/home/heathledger/Documents/ioi/repos/ioi/.internal/formal-cache/tools/tla/tla2tools.jar!/tla2sany/StandardModules/Sequences.tla)
Parsing file /tmp/tlc-17172124894196148321/FiniteSets.tla (jar:file:/home/heathledger/Documents/ioi/repos/ioi/.internal/formal-cache/tools/tla/tla2tools.jar!/tla2sany/StandardModules/FiniteSets.tla)
Parsing file /tmp/tlc-17172124894196148321/_TLCTrace.tla (jar:file:/home/heathledger/Documents/ioi/repos/ioi/.internal/formal-cache/tools/tla/tla2tools.jar!/tla2sany/StandardModules/_TLCTrace.tla)
Parsing file /tmp/tlc-17172124894196148321/TLC.tla (jar:file:/home/heathledger/Documents/ioi/repos/ioi/.internal/formal-cache/tools/tla/tla2tools.jar!/tla2sany/StandardModules/TLC.tla)
Parsing file /tmp/tlc-17172124894196148321/TLCExt.tla (jar:file:/home/heathledger/Documents/ioi/repos/ioi/.internal/formal-cache/tools/tla/tla2tools.jar!/tla2sany/StandardModules/TLCExt.tla)
Parsing file /tmp/tlc-17172124894196148321/Integers.tla (jar:file:/home/heathledger/Documents/ioi/repos/ioi/.internal/formal-cache/tools/tla/tla2tools.jar!/tla2sany/StandardModules/Integers.tla)
Semantic processing of module Naturals
Semantic processing of module Sequences
Semantic processing of module FiniteSets
Semantic processing of module TLC
Semantic processing of module Integers
Semantic processing of module TLCExt
Semantic processing of module _TLCTrace
Semantic processing of module QuvHeadPreparation
Linting of module TLCExt
Linting of module _TLCTrace
Linting of module QuvHeadPreparation
Starting... (2026-09-04 22:52:19)
Computing initial states...
Finished computing initial states: 1 distinct state generated at 2026-09-04 22:52:19.
Model checking completed. No error has been found.
  Estimates of the probability that TLC did not check all reachable states
  because two distinct states had the same fingerprint:
  calculated (optimistic):  val = 1.3E-13
5221 states generated, 522 distinct states found, 0 states left on queue.
The depth of the complete state graph search is 12.
The average outdegree of the complete state graph is 1 (minimum is 0, the maximum 8 and the 95th percentile is 3).
Finished in 00s at (2026-09-04 22:52:19)
TLC2 Version 2026.08.11.125311 (rev: 0894c34)
Warning: Please run the Java VM, which executes TLC with a throughput optimized garbage collector, by passing the "-XX:+UseParallelGC" property.
(Use the -nowarning option to disable this warning.)
Running breadth-first search Model-Checking with fp 14 and seed -6664672523900209784 with 1 worker on 24 cores with 24000MB heap and 64MB offheap memory [pid: 3399731] (Linux 6.17.9-76061709-generic amd64, Ubuntu 21.0.10 64bit, MSBDiskFPSet, DiskStateQueue).
Parsing file /home/heathledger/Documents/ioi/repos/ioi/internal-docs/architecture/protocols/aft/formal/maximal_visibility/QuvHeadPreparation.tla
Parsing file /tmp/tlc-897693007484612490/Naturals.tla (jar:file:/home/heathledger/Documents/ioi/repos/ioi/.internal/formal-cache/tools/tla/tla2tools.jar!/tla2sany/StandardModules/Naturals.tla)
Parsing file /tmp/tlc-897693007484612490/Sequences.tla (jar:file:/home/heathledger/Documents/ioi/repos/ioi/.internal/formal-cache/tools/tla/tla2tools.jar!/tla2sany/StandardModules/Sequences.tla)
Parsing file /tmp/tlc-897693007484612490/FiniteSets.tla (jar:file:/home/heathledger/Documents/ioi/repos/ioi/.internal/formal-cache/tools/tla/tla2tools.jar!/tla2sany/StandardModules/FiniteSets.tla)
Parsing file /tmp/tlc-897693007484612490/_TLCTrace.tla (jar:file:/home/heathledger/Documents/ioi/repos/ioi/.internal/formal-cache/tools/tla/tla2tools.jar!/tla2sany/StandardModules/_TLCTrace.tla)
Parsing file /tmp/tlc-897693007484612490/TLC.tla (jar:file:/home/heathledger/Documents/ioi/repos/ioi/.internal/formal-cache/tools/tla/tla2tools.jar!/tla2sany/StandardModules/TLC.tla)
Parsing file /tmp/tlc-897693007484612490/TLCExt.tla (jar:file:/home/heathledger/Documents/ioi/repos/ioi/.internal/formal-cache/tools/tla/tla2tools.jar!/tla2sany/StandardModules/TLCExt.tla)
Parsing file /tmp/tlc-897693007484612490/Integers.tla (jar:file:/home/heathledger/Documents/ioi/repos/ioi/.internal/formal-cache/tools/tla/tla2tools.jar!/tla2sany/StandardModules/Integers.tla)
Semantic processing of module Naturals
Semantic processing of module Sequences
Semantic processing of module FiniteSets
Semantic processing of module TLC
Semantic processing of module Integers
Semantic processing of module TLCExt
Semantic processing of module _TLCTrace
Semantic processing of module QuvHeadPreparation
Linting of module TLCExt
Linting of module _TLCTrace
Linting of module QuvHeadPreparation
Starting... (2026-09-04 22:52:20)
Computing initial states...
Finished computing initial states: 1 distinct state generated at 2026-09-04 22:52:20.
Model checking completed. No error has been found.
  Estimates of the probability that TLC did not check all reachable states
  because two distinct states had the same fingerprint:
  calculated (optimistic):  val = 1.1E-15
349 states generated, 70 distinct states found, 0 states left on queue.
The depth of the complete state graph search is 7.
The average outdegree of the complete state graph is 1 (minimum is 0, the maximum 5 and the 95th percentile is 4).
Finished in 00s at (2026-09-04 22:52:20)
TLC2 Version 2026.08.11.125311 (rev: 0894c34)
Warning: Please run the Java VM, which executes TLC with a throughput optimized garbage collector, by passing the "-XX:+UseParallelGC" property.
(Use the -nowarning option to disable this warning.)
Running breadth-first search Model-Checking with fp 31 and seed -123288323188961441 with 1 worker on 24 cores with 24000MB heap and 64MB offheap memory [pid: 3399781] (Linux 6.17.9-76061709-generic amd64, Ubuntu 21.0.10 64bit, MSBDiskFPSet, DiskStateQueue).
Parsing file /tmp/tmp.IckFH6uICj/QuvHeadPreparation.tla
Parsing file /tmp/tlc-4909952785290760492/Naturals.tla (jar:file:/home/heathledger/Documents/ioi/repos/ioi/.internal/formal-cache/tools/tla/tla2tools.jar!/tla2sany/StandardModules/Naturals.tla)
Parsing file /tmp/tlc-4909952785290760492/Sequences.tla (jar:file:/home/heathledger/Documents/ioi/repos/ioi/.internal/formal-cache/tools/tla/tla2tools.jar!/tla2sany/StandardModules/Sequences.tla)
Parsing file /tmp/tlc-4909952785290760492/FiniteSets.tla (jar:file:/home/heathledger/Documents/ioi/repos/ioi/.internal/formal-cache/tools/tla/tla2tools.jar!/tla2sany/StandardModules/FiniteSets.tla)
Parsing file /tmp/tlc-4909952785290760492/_TLCTrace.tla (jar:file:/home/heathledger/Documents/ioi/repos/ioi/.internal/formal-cache/tools/tla/tla2tools.jar!/tla2sany/StandardModules/_TLCTrace.tla)
Parsing file /tmp/tlc-4909952785290760492/TLC.tla (jar:file:/home/heathledger/Documents/ioi/repos/ioi/.internal/formal-cache/tools/tla/tla2tools.jar!/tla2sany/StandardModules/TLC.tla)
Parsing file /tmp/tlc-4909952785290760492/TLCExt.tla (jar:file:/home/heathledger/Documents/ioi/repos/ioi/.internal/formal-cache/tools/tla/tla2tools.jar!/tla2sany/StandardModules/TLCExt.tla)
Parsing file /tmp/tlc-4909952785290760492/Integers.tla (jar:file:/home/heathledger/Documents/ioi/repos/ioi/.internal/formal-cache/tools/tla/tla2tools.jar!/tla2sany/StandardModules/Integers.tla)
Semantic processing of module Naturals
Semantic processing of module Sequences
Semantic processing of module FiniteSets
Semantic processing of module TLC
Semantic processing of module Integers
Semantic processing of module TLCExt
Semantic processing of module _TLCTrace
Semantic processing of module QuvHeadPreparation
Linting of module TLCExt
Linting of module _TLCTrace
Linting of module QuvHeadPreparation
Starting... (2026-09-04 22:52:20)
Computing initial states...
Finished computing initial states: 1 distinct state generated at 2026-09-04 22:52:20.
Error: Invariant NoCompletedTwoSlotHistory is violated.
Error: The behavior up to this point is:
State 1: <Initial predicate>
/\ seen = (m1 :> <<{}, {}>> @@ m2 :> <<{}, {}>>)
/\ grants = ( m1 :> [slot |-> 0, value |-> "A", parent |-> "rooted genesis"] @@
  m2 :> [slot |-> 0, value |-> "A", parent |-> "rooted genesis"] )
/\ histories = (m1 :> <<>> @@ m2 :> <<>>)

State 2: <Query(m1,1,"A","rooted genesis") line 26, col 5 to line 35, col 26 of module QuvHeadPreparation>
/\ seen = (m1 :> <<{"A"}, {}>> @@ m2 :> <<{"A"}, {}>>)
/\ grants = ( m1 :> [slot |-> 1, value |-> "A", parent |-> "rooted genesis"] @@
  m2 :> [slot |-> 0, value |-> "A", parent |-> "rooted genesis"] )
/\ histories = (m1 :> <<>> @@ m2 :> <<>>)

State 3: <Query(m2,1,"A","rooted genesis") line 26, col 5 to line 35, col 26 of module QuvHeadPreparation>
/\ seen = (m1 :> <<{"A"}, {}>> @@ m2 :> <<{"A"}, {}>>)
/\ grants = ( m1 :> [slot |-> 1, value |-> "A", parent |-> "rooted genesis"] @@
  m2 :> [slot |-> 1, value |-> "A", parent |-> "rooted genesis"] )
/\ histories = (m1 :> <<>> @@ m2 :> <<>>)

State 4: <Advance(m1) line 38, col 5 to line 44, col 21 of module QuvHeadPreparation>
/\ seen = (m1 :> <<{"A"}, {}>> @@ m2 :> <<{"A"}, {}>>)
/\ grants = ( m1 :> [slot |-> 0, value |-> "A", parent |-> "rooted genesis"] @@
  m2 :> [slot |-> 1, value |-> "A", parent |-> "rooted genesis"] )
/\ histories = (m1 :> <<"A">> @@ m2 :> <<>>)

State 5: <Advance(m2) line 38, col 5 to line 44, col 21 of module QuvHeadPreparation>
/\ seen = (m1 :> <<{"A"}, {}>> @@ m2 :> <<{"A"}, {}>>)
/\ grants = ( m1 :> [slot |-> 0, value |-> "A", parent |-> "rooted genesis"] @@
  m2 :> [slot |-> 0, value |-> "A", parent |-> "rooted genesis"] )
/\ histories = (m1 :> <<"A">> @@ m2 :> <<"A">>)

State 6: <Query(m1,2,"A","A") line 26, col 5 to line 35, col 26 of module QuvHeadPreparation>
/\ seen = (m1 :> <<{"A"}, {"A"}>> @@ m2 :> <<{"A"}, {"A"}>>)
/\ grants = ( m1 :> [slot |-> 2, value |-> "A", parent |-> "A"] @@
  m2 :> [slot |-> 0, value |-> "A", parent |-> "rooted genesis"] )
/\ histories = (m1 :> <<"A">> @@ m2 :> <<"A">>)

State 7: <Query(m2,2,"A","A") line 26, col 5 to line 35, col 26 of module QuvHeadPreparation>
/\ seen = (m1 :> <<{"A"}, {"A"}>> @@ m2 :> <<{"A"}, {"A"}>>)
/\ grants = ( m1 :> [slot |-> 2, value |-> "A", parent |-> "A"] @@
  m2 :> [slot |-> 2, value |-> "A", parent |-> "A"] )
/\ histories = (m1 :> <<"A">> @@ m2 :> <<"A">>)

State 8: <Advance(m1) line 38, col 5 to line 44, col 21 of module QuvHeadPreparation>
/\ seen = (m1 :> <<{"A"}, {"A"}>> @@ m2 :> <<{"A"}, {"A"}>>)
/\ grants = ( m1 :> [slot |-> 0, value |-> "A", parent |-> "rooted genesis"] @@
  m2 :> [slot |-> 2, value |-> "A", parent |-> "A"] )
/\ histories = (m1 :> <<"A", "A">> @@ m2 :> <<"A">>)

State 9: <Advance(m2) line 38, col 5 to line 44, col 21 of module QuvHeadPreparation>
/\ seen = (m1 :> <<{"A"}, {"A"}>> @@ m2 :> <<{"A"}, {"A"}>>)
/\ grants = ( m1 :> [slot |-> 0, value |-> "A", parent |-> "rooted genesis"] @@
  m2 :> [slot |-> 0, value |-> "A", parent |-> "rooted genesis"] )
/\ histories = (m1 :> <<"A", "A">> @@ m2 :> <<"A", "A">>)

1297 states generated, 238 distinct states found, 98 states left on queue.
The depth of the complete state graph search is 9.
Finished in 00s at (2026-09-04 22:52:20)
Trace exploration spec path: ./QuvHeadPreparation_TTrace_1788576740.tla
expected counterexample observed: QuvHeadPreparation.tla: Invariant NoCompletedTwoSlotHistory is violated
TLC2 Version 2026.08.11.125311 (rev: 0894c34)
Warning: Please run the Java VM, which executes TLC with a throughput optimized garbage collector, by passing the "-XX:+UseParallelGC" property.
(Use the -nowarning option to disable this warning.)
Running breadth-first search Model-Checking with fp 101 and seed 738159620173883128 with 1 worker on 24 cores with 24000MB heap and 64MB offheap memory [pid: 3400064] (Linux 6.17.9-76061709-generic amd64, Ubuntu 21.0.10 64bit, MSBDiskFPSet, DiskStateQueue).
Parsing file /home/heathledger/Documents/ioi/repos/ioi/internal-docs/architecture/protocols/aft/formal/maximal_visibility/OwnedParentReverification.tla
Parsing file /tmp/tlc-5501176388073672511/Naturals.tla (jar:file:/home/heathledger/Documents/ioi/repos/ioi/.internal/formal-cache/tools/tla/tla2tools.jar!/tla2sany/StandardModules/Naturals.tla)
Parsing file /tmp/tlc-5501176388073672511/FiniteSets.tla (jar:file:/home/heathledger/Documents/ioi/repos/ioi/.internal/formal-cache/tools/tla/tla2tools.jar!/tla2sany/StandardModules/FiniteSets.tla)
Parsing file /tmp/tlc-5501176388073672511/Sequences.tla (jar:file:/home/heathledger/Documents/ioi/repos/ioi/.internal/formal-cache/tools/tla/tla2tools.jar!/tla2sany/StandardModules/Sequences.tla)
Parsing file /tmp/tlc-5501176388073672511/_TLCTrace.tla (jar:file:/home/heathledger/Documents/ioi/repos/ioi/.internal/formal-cache/tools/tla/tla2tools.jar!/tla2sany/StandardModules/_TLCTrace.tla)
Parsing file /tmp/tlc-5501176388073672511/TLC.tla (jar:file:/home/heathledger/Documents/ioi/repos/ioi/.internal/formal-cache/tools/tla/tla2tools.jar!/tla2sany/StandardModules/TLC.tla)
Parsing file /tmp/tlc-5501176388073672511/TLCExt.tla (jar:file:/home/heathledger/Documents/ioi/repos/ioi/.internal/formal-cache/tools/tla/tla2tools.jar!/tla2sany/StandardModules/TLCExt.tla)
Parsing file /tmp/tlc-5501176388073672511/Integers.tla (jar:file:/home/heathledger/Documents/ioi/repos/ioi/.internal/formal-cache/tools/tla/tla2tools.jar!/tla2sany/StandardModules/Integers.tla)
Semantic processing of module Naturals
Semantic processing of module Sequences
Semantic processing of module FiniteSets
Semantic processing of module TLC
Semantic processing of module Integers
Semantic processing of module TLCExt
Semantic processing of module _TLCTrace
Semantic processing of module OwnedParentReverification
Linting of module TLCExt
Linting of module _TLCTrace
Linting of module OwnedParentReverification
Starting... (2026-09-04 22:52:21)
Computing initial states...
Finished computing initial states: 1 distinct state generated at 2026-09-04 22:52:21.
Model checking completed. No error has been found.
  Estimates of the probability that TLC did not check all reachable states
  because two distinct states had the same fingerprint:
  calculated (optimistic):  val = 5.1E-17
65 states generated, 22 distinct states found, 0 states left on queue.
The depth of the complete state graph search is 4.
The average outdegree of the complete state graph is 1 (minimum is 0, the maximum 4 and the 95th percentile is 3).
Finished in 00s at (2026-09-04 22:52:21)
TLC2 Version 2026.08.11.125311 (rev: 0894c34)
Warning: Please run the Java VM, which executes TLC with a throughput optimized garbage collector, by passing the "-XX:+UseParallelGC" property.
(Use the -nowarning option to disable this warning.)
Running breadth-first search Model-Checking with fp 101 and seed 2132085759846404245 with 1 worker on 24 cores with 24000MB heap and 64MB offheap memory [pid: 3400137] (Linux 6.17.9-76061709-generic amd64, Ubuntu 21.0.10 64bit, MSBDiskFPSet, DiskStateQueue).
Parsing file /tmp/tmp.fHAeVRlHjJ/OwnedParentReverification.tla
Parsing file /tmp/tlc-14987700900791882073/Naturals.tla (jar:file:/home/heathledger/Documents/ioi/repos/ioi/.internal/formal-cache/tools/tla/tla2tools.jar!/tla2sany/StandardModules/Naturals.tla)
Parsing file /tmp/tlc-14987700900791882073/FiniteSets.tla (jar:file:/home/heathledger/Documents/ioi/repos/ioi/.internal/formal-cache/tools/tla/tla2tools.jar!/tla2sany/StandardModules/FiniteSets.tla)
Parsing file /tmp/tlc-14987700900791882073/Sequences.tla (jar:file:/home/heathledger/Documents/ioi/repos/ioi/.internal/formal-cache/tools/tla/tla2tools.jar!/tla2sany/StandardModules/Sequences.tla)
Parsing file /tmp/tlc-14987700900791882073/_TLCTrace.tla (jar:file:/home/heathledger/Documents/ioi/repos/ioi/.internal/formal-cache/tools/tla/tla2tools.jar!/tla2sany/StandardModules/_TLCTrace.tla)
Parsing file /tmp/tlc-14987700900791882073/TLC.tla (jar:file:/home/heathledger/Documents/ioi/repos/ioi/.internal/formal-cache/tools/tla/tla2tools.jar!/tla2sany/StandardModules/TLC.tla)
Parsing file /tmp/tlc-14987700900791882073/TLCExt.tla (jar:file:/home/heathledger/Documents/ioi/repos/ioi/.internal/formal-cache/tools/tla/tla2tools.jar!/tla2sany/StandardModules/TLCExt.tla)
Parsing file /tmp/tlc-14987700900791882073/Integers.tla (jar:file:/home/heathledger/Documents/ioi/repos/ioi/.internal/formal-cache/tools/tla/tla2tools.jar!/tla2sany/StandardModules/Integers.tla)
Semantic processing of module Naturals
Semantic processing of module Sequences
Semantic processing of module FiniteSets
Semantic processing of module TLC
Semantic processing of module Integers
Semantic processing of module TLCExt
Semantic processing of module _TLCTrace
Semantic processing of module OwnedParentReverification
Linting of module TLCExt
Linting of module _TLCTrace
Linting of module OwnedParentReverification
Starting... (2026-09-04 22:52:21)
Computing initial states...
Finished computing initial states: 1 distinct state generated at 2026-09-04 22:52:21.
Error: Invariant PriorAcceptancePersists is violated.
Error: The behavior up to this point is:
State 1: <Initial predicate>
/\ results = <<>>
/\ seen = {}

State 2: <Query("A") line 16, col 13 to line 21, col 54 of module OwnedParentReverification>
/\ results = <<[candidate |-> "A", accepted |-> TRUE]>>
/\ seen = {"A"}

State 3: <Introduce("B") line 13, col 17 to line 15, col 36 of module OwnedParentReverification>
/\ results = <<[candidate |-> "A", accepted |-> TRUE]>>
/\ seen = {"A", "B"}

State 4: <Query("A") line 16, col 13 to line 21, col 54 of module OwnedParentReverification>
/\ results = << [candidate |-> "A", accepted |-> TRUE],
   [candidate |-> "A", accepted |-> FALSE] >>
/\ seen = {"A", "B"}

33 states generated, 18 distinct states found, 8 states left on queue.
The depth of the complete state graph search is 4.
Finished in 00s at (2026-09-04 22:52:21)
Trace exploration spec path: ./OwnedParentReverification_TTrace_1788576741.tla
expected counterexample observed: OwnedParentReverification.tla: Invariant PriorAcceptancePersists is violated
