    Checking libp2p v0.53.2
    Checking tonic v0.11.0
    Checking ioi-types v0.1.0 (/home/heathledger/Documents/ioi/repos/ioi/crates/types)
warning: structure field `runtimeTruthSource` should have a snake case name
    --> crates/types/src/app/generated/architecture_contracts.rs:5223:9
     |
5223 |     pub runtimeTruthSource: Option<GoalRunV1RuntimeTruthSource>,
     |         ^^^^^^^^^^^^^^^^^^ help: convert the identifier to snake case: `runtime_truth_source`
     |
     = note: `#[warn(non_snake_case)]` (part of `#[warn(nonstandard_style)]`) on by default

warning: structure field `runtimeTruthSource` should have a snake case name
    --> crates/types/src/app/generated/architecture_contracts.rs:9220:9
     |
9220 |     pub runtimeTruthSource: ArtifactAvailabilityIncidentOperationV1RuntimeTruthSource,
     |         ^^^^^^^^^^^^^^^^^^ help: convert the identifier to snake case: `runtime_truth_source`

warning: structure field `agentgresTruthSource` should have a snake case name
    --> crates/types/src/app/generated/architecture_contracts.rs:9221:9
     |
9221 |     pub agentgresTruthSource: ArtifactAvailabilityIncidentOperationV1AgentgresTruthSource,
     |         ^^^^^^^^^^^^^^^^^^^^ help: convert the identifier to snake case: `agentgres_truth_source`

warning: structure field `runtimeTruthSource` should have a snake case name
    --> crates/types/src/app/generated/architecture_contracts.rs:9480:9
     |
9480 |     pub runtimeTruthSource: ArtifactAvailabilityIncidentV1RuntimeTruthSource,
     |         ^^^^^^^^^^^^^^^^^^ help: convert the identifier to snake case: `runtime_truth_source`

warning: structure field `runtimeTruthSource` should have a snake case name
    --> crates/types/src/app/generated/architecture_contracts.rs:9718:9
     |
9718 |     pub runtimeTruthSource: ArtifactAvailabilityIncidentV1AgentgresOperationRuntimeTruthSource,
     |         ^^^^^^^^^^^^^^^^^^ help: convert the identifier to snake case: `runtime_truth_source`

warning: structure field `agentgresTruthSource` should have a snake case name
    --> crates/types/src/app/generated/architecture_contracts.rs:9719:9
     |
9719 |     pub agentgresTruthSource: ArtifactAvailabilityIncidentV1AgentgresOperationAgentgresTruthSource,
     |         ^^^^^^^^^^^^^^^^^^^^ help: convert the identifier to snake case: `agentgres_truth_source`

warning: structure field `requiresDaemonGate` should have a snake case name
     --> crates/types/src/app/generated/architecture_contracts.rs:26731:9
      |
26731 |     pub requiresDaemonGate: HarnessSessionBindingAdmissionV1RequiresDaemonGate,
      |         ^^^^^^^^^^^^^^^^^^ help: convert the identifier to snake case: `requires_daemon_gate`

warning: structure field `runtimeTruthSource` should have a snake case name
     --> crates/types/src/app/generated/architecture_contracts.rs:26732:9
      |
26732 |     pub runtimeTruthSource: HarnessSessionBindingAdmissionV1RuntimeTruthSource,
      |         ^^^^^^^^^^^^^^^^^^ help: convert the identifier to snake case: `runtime_truth_source`

warning: structure field `runtimeTruthSource` should have a snake case name
     --> crates/types/src/app/generated/architecture_contracts.rs:27154:9
      |
27154 |     pub runtimeTruthSource: HarnessSessionBindingV1RuntimeTruthSource,
      |         ^^^^^^^^^^^^^^^^^^ help: convert the identifier to snake case: `runtime_truth_source`

warning: structure field `requiresDaemonGate` should have a snake case name
     --> crates/types/src/app/generated/architecture_contracts.rs:27566:9
      |
27566 |     pub requiresDaemonGate: HarnessSessionReadinessV1RequiresDaemonGate,
      |         ^^^^^^^^^^^^^^^^^^ help: convert the identifier to snake case: `requires_daemon_gate`

warning: structure field `runtimeTruthSource` should have a snake case name
     --> crates/types/src/app/generated/architecture_contracts.rs:27567:9
      |
27567 |     pub runtimeTruthSource: HarnessSessionReadinessV1RuntimeTruthSource,
      |         ^^^^^^^^^^^^^^^^^^ help: convert the identifier to snake case: `runtime_truth_source`

warning: structure field `requiresDaemonGate` should have a snake case name
     --> crates/types/src/app/generated/architecture_contracts.rs:27844:9
      |
27844 |     pub requiresDaemonGate: HarnessSessionSpawnV1RequiresDaemonGate,
      |         ^^^^^^^^^^^^^^^^^^ help: convert the identifier to snake case: `requires_daemon_gate`

warning: structure field `runtimeTruthSource` should have a snake case name
     --> crates/types/src/app/generated/architecture_contracts.rs:27845:9
      |
27845 |     pub runtimeTruthSource: HarnessSessionSpawnV1RuntimeTruthSource,
      |         ^^^^^^^^^^^^^^^^^^ help: convert the identifier to snake case: `runtime_truth_source`

warning: structure field `requiresDaemonGate` should have a snake case name
     --> crates/types/src/app/generated/architecture_contracts.rs:28316:9
      |
28316 |     pub requiresDaemonGate: HarnessSessionTerminalAttachV1RequiresDaemonGate,
      |         ^^^^^^^^^^^^^^^^^^ help: convert the identifier to snake case: `requires_daemon_gate`

warning: structure field `runtimeTruthSource` should have a snake case name
     --> crates/types/src/app/generated/architecture_contracts.rs:28317:9
      |
28317 |     pub runtimeTruthSource: HarnessSessionTerminalAttachV1RuntimeTruthSource,
      |         ^^^^^^^^^^^^^^^^^^ help: convert the identifier to snake case: `runtime_truth_source`

warning: structure field `runtimeTruthSource` should have a snake case name
     --> crates/types/src/app/generated/architecture_contracts.rs:28756:9
      |
28756 |     pub runtimeTruthSource:
      |         ^^^^^^^^^^^^^^^^^^ help: convert the identifier to snake case: `runtime_truth_source`

warning: structure field `requiresDaemonGate` should have a snake case name
     --> crates/types/src/app/generated/architecture_contracts.rs:31709:9
      |
31709 |     pub requiresDaemonGate: HypervisorSessionLaunchRecipeAdmissionV1RequiresDaemonGate,
      |         ^^^^^^^^^^^^^^^^^^ help: convert the identifier to snake case: `requires_daemon_gate`

warning: structure field `runtimeTruthSource` should have a snake case name
     --> crates/types/src/app/generated/architecture_contracts.rs:31710:9
      |
31710 |     pub runtimeTruthSource: HypervisorSessionLaunchRecipeAdmissionV1RuntimeTruthSource,
      |         ^^^^^^^^^^^^^^^^^^ help: convert the identifier to snake case: `runtime_truth_source`

warning: structure field `runtimeTruthSource` should have a snake case name
     --> crates/types/src/app/generated/architecture_contracts.rs:93444:9
      |
93444 |     pub runtimeTruthSource: ManagedWorkerInstanceStateV1LastTransitionAdmissionRuntimeTruthSource,
      |         ^^^^^^^^^^^^^^^^^^ help: convert the identifier to snake case: `runtime_truth_source`

warning: `ioi-types` (lib) generated 19 warnings
    Checking ioi-api v0.1.0 (/home/heathledger/Documents/ioi/repos/ioi/crates/api)
    Checking ioi-pii v0.1.0 (/home/heathledger/Documents/ioi/repos/ioi/crates/pii)
    Checking ioi-crypto v0.1.0 (/home/heathledger/Documents/ioi/repos/ioi/crates/crypto)
    Checking ioi-storage v0.1.0 (/home/heathledger/Documents/ioi/repos/ioi/crates/storage)
    Checking zk-driver-succinct v0.1.0 (/home/heathledger/Documents/ioi/repos/ioi/crates/plugins/zk-driver-succinct)
    Checking ioi-system v0.1.0 (/home/heathledger/Documents/ioi/repos/ioi/crates/system)
warning: unused variable: `public_inputs`
   --> crates/plugins/zk-driver-succinct/src/lib.rs:121:9
    |
121 |         public_inputs: &CanonicalCollapseContinuityPublicInputs,
    |         ^^^^^^^^^^^^^ help: if this is intentional, prefix it with an underscore: `_public_inputs`
    |
    = note: `#[warn(unused_variables)]` (part of `#[warn(unused)]`) on by default

warning: `zk-driver-succinct` (lib) generated 1 warning (run `cargo fix --lib -p zk-driver-succinct` to apply 1 suggestion)
    Checking ioi-ipc v0.2.0 (/home/heathledger/Documents/ioi/repos/ioi/crates/ipc)
    Checking ioi-finality v0.1.0 (/home/heathledger/Documents/ioi/repos/ioi/crates/ioi-finality)
    Checking ioi-drivers v0.1.0 (/home/heathledger/Documents/ioi/repos/ioi/crates/drivers)
    Checking ioi-state v0.1.0 (/home/heathledger/Documents/ioi/repos/ioi/crates/state)
    Checking agentgres v0.1.0 (/home/heathledger/Documents/ioi/repos/ioi/crates/agentgres)
warning: unused doc comment
   --> crates/agentgres/src/event_stream.rs:229:1
    |
229 | / /// Confirm the substrate log is durable on disk.
230 | | ///
231 | | /// The fault-injection hook travels WITH the discipline: a durability
232 | | /// confirmation whose failure path is unreachable in test is a confirmation
...   |
235 | | /// pre-lift implementation so the M4 fault-injection proofs keep exercising
236 | | /// this exact path.
    | |_-------------------^
    |   |
    |   rustdoc does not generate documentation for macro invocations
    |
    = help: to document an item produced by a macro, the macro must produce the documentation as part of its expansion
    = note: `#[warn(unused_doc_comments)]` (part of `#[warn(unused)]`) on by default

    Checking ioi-client v0.2.0 (/home/heathledger/Documents/ioi/repos/ioi/crates/client)
warning: `agentgres` (lib) generated 1 warning
    Checking ioi-services v0.1.0 (/home/heathledger/Documents/ioi/repos/ioi/crates/services)
warning: unused imports: `chat_reply_looks_like_source_candidate_list`, `chat_reply_looks_like_tool_plan`, and `workspace_chat_reply_looks_terminal`
  --> crates/services/src/agentic/runtime/service/tool_execution/processing/phases/execute_tool_phase/tool_outcome.rs:23:5
   |
23 |     chat_reply_looks_like_source_candidate_list, chat_reply_looks_like_tool_plan,
   |     ^^^^^^^^^^^^^^^^^^^^^^^^^^^^^^^^^^^^^^^^^^^  ^^^^^^^^^^^^^^^^^^^^^^^^^^^^^^^
24 |     file_mutation_policy_action_report_candidate, goal_requires_fresh_retrieval_before_chat_reply,
25 |     source_candidate_chat_reply_blocker, workspace_chat_reply_looks_terminal,
   |                                          ^^^^^^^^^^^^^^^^^^^^^^^^^^^^^^^^^^^
   |
   = note: `#[warn(unused_imports)]` (part of `#[warn(unused)]`) on by default

warning: unused imports: `HandoverAcceptance` and `HandoverApproval`
   --> crates/services/src/guardian_registry/mod.rs:107:55
    |
107 |     GuardianWitnessFaultEvidence, GuardianWitnessSet, HandoverAcceptance, HandoverApproval,
    |                                                       ^^^^^^^^^^^^^^^^^^  ^^^^^^^^^^^^^^^^

warning: unused import: `require_identity`
 --> crates/services/src/wallet_network/handlers/identity.rs:6:46
  |
6 |     is_encrypted_secret_payload, load_typed, require_identity, store_typed,
  |                                              ^^^^^^^^^^^^^^^^

warning: function `append_event_line` is never used
   --> crates/services/src/agentic/runtime/event_log_bridge.rs:233:4
    |
233 | fn append_event_line(state_dir: &str, event_stream_id: &str, event: &Value) -> Result<(), String> {
    |    ^^^^^^^^^^^^^^^^^
    |
    = note: `#[warn(dead_code)]` (part of `#[warn(unused)]`) on by default

warning: method `to_value` is never used
   --> crates/services/src/agentic/runtime/kernel/repository_workflow.rs:195:8
    |
194 | impl RepositoryWorkflowProjectionRecord {
    | --------------------------------------- method in this implementation
195 |     fn to_value(&self) -> Value {
    |        ^^^^^^^^

warning: function `set_array_strings` is never used
   --> crates/services/src/agentic/runtime/kernel/runtime_conversation_artifact_control.rs:570:4
    |
570 | fn set_array_strings(value: &mut Value, key: &str, values: &[String]) {
    |    ^^^^^^^^^^^^^^^^^

warning: method `to_value` is never used
   --> crates/services/src/agentic/runtime/kernel/runtime_lifecycle.rs:196:8
    |
195 | impl RuntimeLifecycleProjectionRecord {
    | ------------------------------------- method in this implementation
196 |     fn to_value(&self) -> Value {
    |        ^^^^^^^^

warning: method `to_value` is never used
   --> crates/services/src/agentic/runtime/kernel/runtime_mcp_serve.rs:635:8
    |
634 | impl RuntimeMcpServeToolCallPlanRecord {
    | -------------------------------------- method in this implementation
635 |     fn to_value(&self) -> Value {
    |        ^^^^^^^^

warning: method `to_value` is never used
   --> crates/services/src/agentic/runtime/kernel/runtime_mcp_serve.rs:664:8
    |
663 | impl RuntimeMcpServeToolResultProjectionRecord {
    | ---------------------------------------------- method in this implementation
664 |     fn to_value(&self) -> Value {
    |        ^^^^^^^^

warning: method `to_value` is never used
   --> crates/services/src/agentic/runtime/kernel/runtime_tool_catalog.rs:144:8
    |
143 | impl RuntimeToolCatalogProjectionRecord {
    | --------------------------------------- method in this implementation
144 |     fn to_value(&self) -> Value {
    |        ^^^^^^^^

warning: method `to_value` is never used
   --> crates/services/src/agentic/runtime/kernel/skill_hook_registry.rs:137:8
    |
136 | impl SkillHookRegistryProjectionRecord {
    | -------------------------------------- method in this implementation
137 |     fn to_value(&self) -> Value {
    |        ^^^^^^^^

warning: function `require_identity` is never used
  --> crates/services/src/wallet_network/support.rs:25:15
   |
25 | pub(super) fn require_identity(state: &dyn StateAccess) -> Result<VaultIdentity, TransactionError> {
   |               ^^^^^^^^^^^^^^^^

warning: `ioi-services` (lib) generated 12 warnings (run `cargo fix --lib -p ioi-services` to apply 3 suggestions)
    Checking ioi-tx v0.1.0 (/home/heathledger/Documents/ioi/repos/ioi/crates/tx)
    Checking ioi-consensus v0.1.0 (/home/heathledger/Documents/ioi/repos/ioi/crates/consensus)
warning: unused imports: `AnchoredRegenesisRoot`, `LineageRelation`, and `lineage_relation`
  --> crates/consensus/src/aft/adversarial_campaigns.rs:15:5
   |
15 |     lineage_relation, AnchoredRegenesisRoot, BoundaryRingConfig, LineageRelation,
   |     ^^^^^^^^^^^^^^^^  ^^^^^^^^^^^^^^^^^^^^^                      ^^^^^^^^^^^^^^^
   |
   = note: `#[warn(unused_imports)]` (part of `#[warn(unused)]`) on by default

warning: function `honest_ring` is never used
  --> crates/consensus/src/aft/adversarial_campaigns.rs:73:15
   |
73 | pub(crate) fn honest_ring(members: &[u8]) -> BoundaryRingMembershipSim {
   |               ^^^^^^^^^^^
   |
   = note: `#[warn(dead_code)]` (part of `#[warn(unused)]`) on by default

warning: constant `STORE_HEAD_DOMAIN_V0` is never used
  --> crates/consensus/src/aft/query_unanimity.rs:43:7
   |
43 | const STORE_HEAD_DOMAIN_V0: &[u8] = b"ioi/aft/quv-store-head/v0";
   |       ^^^^^^^^^^^^^^^^^^^^

warning: constant `STORE_STATE_TAG_DOMAIN_V0` is never used
  --> crates/consensus/src/aft/query_unanimity.rs:44:7
   |
44 | const STORE_STATE_TAG_DOMAIN_V0: &[u8] = b"ioi/aft/quv-store-state-tag/v0";
   |       ^^^^^^^^^^^^^^^^^^^^^^^^^

warning: constant `ANCHOR_TAG_DOMAIN_V0` is never used
  --> crates/consensus/src/aft/query_unanimity.rs:45:7
   |
45 | const ANCHOR_TAG_DOMAIN_V0: &[u8] = b"ioi/aft/quv-anchor-tag/v0";
   |       ^^^^^^^^^^^^^^^^^^^^

warning: struct `QuvStoreAnchorV0` is never constructed
   --> crates/consensus/src/aft/query_unanimity.rs:504:8
    |
504 | struct QuvStoreAnchorV0 {
    |        ^^^^^^^^^^^^^^^^

warning: fields `path`, `anchor_path`, and `custody_key` are never read
   --> crates/consensus/src/aft/query_unanimity.rs:515:5
    |
514 | pub struct DurableQuvMemberV0 {
    |            ------------------ fields in this struct
515 |     path: PathBuf,
    |     ^^^^
516 |     anchor_path: PathBuf,
    |     ^^^^^^^^^^^
517 |     persistence: journal::member_store::MemberJournalPersistence,
518 |     custody_key: QuvHash,
    |     ^^^^^^^^^^^

warning: function `validate_store` is never used
    --> crates/consensus/src/aft/query_unanimity.rs:1608:4
     |
1608 | fn validate_store(state: &QuvStoreStateV0, custody_key: &QuvHash) -> Result<(), QuvError> {
     |    ^^^^^^^^^^^^^^

warning: function `store_state_authentication_input` is never used
    --> crates/consensus/src/aft/query_unanimity.rs:1715:4
     |
1715 | fn store_state_authentication_input(state: &QuvStoreStateV0) -> Result<Vec<u8>, QuvError> {
     |    ^^^^^^^^^^^^^^^^^^^^^^^^^^^^^^^^

warning: function `store_state_tag` is never used
    --> crates/consensus/src/aft/query_unanimity.rs:1730:4
     |
1730 | fn store_state_tag(key: &QuvHash, state: &QuvStoreStateV0) -> Result<QuvHash, QuvError> {
     |    ^^^^^^^^^^^^^^^

warning: function `store_head` is never used
    --> crates/consensus/src/aft/query_unanimity.rs:1775:4
     |
1775 | fn store_head(state: &QuvStoreStateV0) -> Result<QuvHash, QuvError> {
     |    ^^^^^^^^^^

warning: function `anchor_tag` is never used
    --> crates/consensus/src/aft/query_unanimity.rs:1783:4
     |
1783 | fn anchor_tag(key: &QuvHash, generation: u64, head: QuvHash) -> Result<QuvHash, QuvError> {
     |    ^^^^^^^^^^

warning: function `persist_anchor` is never used
    --> crates/consensus/src/aft/query_unanimity.rs:1796:4
     |
1796 | fn persist_anchor(
     |    ^^^^^^^^^^^^^^

warning: function `validate_anchor` is never used
    --> crates/consensus/src/aft/query_unanimity.rs:1815:4
     |
1815 | fn validate_anchor(anchor: &QuvStoreAnchorV0, key: &QuvHash) -> Result<(), QuvError> {
     |    ^^^^^^^^^^^^^^^

warning: method `append` is never used
   --> crates/consensus/src/aft/query_unanimity/journal.rs:410:12
    |
193 | impl MemberJournal {
    | ------------------ method in this implementation
...
410 |     pub fn append(&mut self, payload: &[u8]) -> Result<(), QuvError> {
    |            ^^^^^^

warning: methods `state`, `cached_logical_size`, and `commit` are never used
   --> crates/consensus/src/aft/query_unanimity/journal/member_store.rs:85:44
    |
 22 | impl JournalMemberStore {
    | ----------------------- methods in this implementation
...
 85 |     pub(in crate::aft::query_unanimity) fn state(&self) -> Result<&QuvStoreStateV0, QuvError> {
    |                                            ^^^^^
...
 92 |     pub(in crate::aft::query_unanimity) fn cached_logical_size(&self) -> usize {
    |                                            ^^^^^^^^^^^^^^^^^^^
...
104 |     pub(in crate::aft::query_unanimity) fn commit(
    |                                            ^^^^^^

warning: methods `same_bootstrap` and `accepted_entries` are never used
   --> crates/consensus/src/aft/query_unanimity/head.rs:204:19
    |
138 | impl QuvMemberDomainV0 {
    | ---------------------- methods in this implementation
...
204 |     pub(super) fn same_bootstrap(&self, other: &Self) -> bool {
    |                   ^^^^^^^^^^^^^^
...
218 |     pub(super) fn accepted_entries(&self) -> impl Iterator<Item = (QuvSlotV0, QuvHash)> + '_ {
    |                   ^^^^^^^^^^^^^^^^

warning: `ioi-consensus` (lib) generated 17 warnings (run `cargo fix --lib -p ioi-consensus` to apply 1 suggestion)
    Finished `dev` profile [unoptimized + debuginfo] target(s) in 1m 35s
