START core 2026-09-06T02:10:39.900830+00:00
DONE core 0
START runtime 2026-09-06T02:12:32.452103+00:00
DONE runtime 0
START cli 2026-09-06T02:12:51.694378+00:00
DONE cli 0
START format 2026-09-06T02:12:58.002658+00:00
DONE format 0
START syntax 2026-09-06T02:13:06.245751+00:00
DONE syntax 0
START formal 2026-09-06T02:13:06.250240+00:00
DONE formal 0
START anchor 2026-09-06T02:13:07.604195+00:00
DONE anchor 0
START continuation 2026-09-06T02:13:09.036202+00:00
DONE continuation 0
START lifetime 2026-09-06T02:13:10.402700+00:00
DONE lifetime 0
START handoff_trace 2026-09-06T02:13:11.920237+00:00
DONE handoff_trace 0
START trace 2026-09-06T02:13:13.841733+00:00
DONE trace 0
