START core 2026-09-06T02:07:16.372696+00:00
DONE core 0
START runtime 2026-09-06T02:09:11.224338+00:00
DONE runtime 0
START cli 2026-09-06T02:09:28.534200+00:00
DONE cli 0
START format 2026-09-06T02:09:34.931331+00:00
DONE format 0
START syntax 2026-09-06T02:09:43.517187+00:00
DONE syntax 0
START formal 2026-09-06T02:09:43.521194+00:00
DONE formal 0
START anchor 2026-09-06T02:09:44.881200+00:00
DONE anchor 0
START continuation 2026-09-06T02:09:46.327793+00:00
DONE continuation 0
START lifetime 2026-09-06T02:09:47.772175+00:00
DONE lifetime 0
START handoff_trace 2026-09-06T02:09:49.305170+00:00
DONE handoff_trace 0
START trace 2026-09-06T02:09:51.182203+00:00
DONE trace 2
