TLC2 Version 2026.08.11.125311 (rev: 0894c34)
Warning: Please run the Java VM, which executes TLC with a throughput optimized garbage collector, by passing the "-XX:+UseParallelGC" property.
(Use the -nowarning option to disable this warning.)
Running breadth-first search Model-Checking with fp 71 and seed 1195575189999272267 with 1 worker on 2 cores with 512MB heap and 64MB offheap memory [pid: 2950469] (Linux 6.17.9-76061709-generic amd64, Ubuntu 21.0.10 64bit, MSBDiskFPSet, DiskStateQueue).
Parsing file /tmp/quv-budget-model-2gv2m2g1/QuvLifetimeBudget.tla
Parsing file /tmp/tlc-419882164345625632/Integers.tla (jar:file:/home/heathledger/Documents/ioi/repos/ioi/.internal/formal-cache/tools/tla/tla2tools.jar!/tla2sany/StandardModules/Integers.tla)
Parsing file /tmp/tlc-419882164345625632/FiniteSets.tla (jar:file:/home/heathledger/Documents/ioi/repos/ioi/.internal/formal-cache/tools/tla/tla2tools.jar!/tla2sany/StandardModules/FiniteSets.tla)
Parsing file /tmp/tlc-419882164345625632/_TLCTrace.tla (jar:file:/home/heathledger/Documents/ioi/repos/ioi/.internal/formal-cache/tools/tla/tla2tools.jar!/tla2sany/StandardModules/_TLCTrace.tla)
Parsing file /tmp/tlc-419882164345625632/Naturals.tla (jar:file:/home/heathledger/Documents/ioi/repos/ioi/.internal/formal-cache/tools/tla/tla2tools.jar!/tla2sany/StandardModules/Naturals.tla)
Parsing file /tmp/tlc-419882164345625632/Sequences.tla (jar:file:/home/heathledger/Documents/ioi/repos/ioi/.internal/formal-cache/tools/tla/tla2tools.jar!/tla2sany/StandardModules/Sequences.tla)
Parsing file /tmp/tlc-419882164345625632/TLC.tla (jar:file:/home/heathledger/Documents/ioi/repos/ioi/.internal/formal-cache/tools/tla/tla2tools.jar!/tla2sany/StandardModules/TLC.tla)
Parsing file /tmp/tlc-419882164345625632/TLCExt.tla (jar:file:/home/heathledger/Documents/ioi/repos/ioi/.internal/formal-cache/tools/tla/tla2tools.jar!/tla2sany/StandardModules/TLCExt.tla)
Semantic processing of module Naturals
Semantic processing of module Integers
Semantic processing of module Sequences
Semantic processing of module FiniteSets
Semantic processing of module TLC
Semantic processing of module TLCExt
Semantic processing of module _TLCTrace
Semantic processing of module QuvLifetimeBudget
Linting of module TLCExt
Linting of module _TLCTrace
Linting of module QuvLifetimeBudget
Starting... (2026-09-05 17:35:34)
Computing initial states...
Finished computing initial states: 1 distinct state generated at 2026-09-05 17:35:34.
Error: Invariant ChargedRecordBytes is violated.
Error: The behavior up to this point is:
State 1: <Initial predicate>
/\ seen = {}
/\ charged = 0

State 2: <Record line 15, col 13 to line 16, col 40 of module QuvLifetimeBudget>
/\ seen = {<<1, 1>>}
/\ charged = 1

State 3: <Record line 15, col 13 to line 16, col 40 of module QuvLifetimeBudget>
/\ seen = {<<1, 1>>}
/\ charged = 3

32 states generated, 31 distinct states found, 28 states left on queue.
The depth of the complete state graph search is 3.
Finished in 00s at (2026-09-05 17:35:34)
Trace exploration spec path: ./QuvLifetimeBudget_TTrace_1788644134.tla
