TLC2 Version 2026.08.11.125311 (rev: 0894c34)
Warning: Please run the Java VM, which executes TLC with a throughput optimized garbage collector, by passing the "-XX:+UseParallelGC" property.
(Use the -nowarning option to disable this warning.)
Running breadth-first search Model-Checking with fp 27 and seed -6721997457907823915 with 1 worker on 2 cores with 512MB heap and 64MB offheap memory [pid: 2950318] (Linux 6.17.9-76061709-generic amd64, Ubuntu 21.0.10 64bit, MSBDiskFPSet, DiskStateQueue).
Parsing file /tmp/quv-budget-model-katdb2c_/QuvLifetimeBudget.tla
Parsing file /tmp/tlc-12739950699836931709/Integers.tla (jar:file:/home/heathledger/Documents/ioi/repos/ioi/.internal/formal-cache/tools/tla/tla2tools.jar!/tla2sany/StandardModules/Integers.tla)
Parsing file /tmp/tlc-12739950699836931709/FiniteSets.tla (jar:file:/home/heathledger/Documents/ioi/repos/ioi/.internal/formal-cache/tools/tla/tla2tools.jar!/tla2sany/StandardModules/FiniteSets.tla)
Parsing file /tmp/tlc-12739950699836931709/_TLCTrace.tla (jar:file:/home/heathledger/Documents/ioi/repos/ioi/.internal/formal-cache/tools/tla/tla2tools.jar!/tla2sany/StandardModules/_TLCTrace.tla)
Parsing file /tmp/tlc-12739950699836931709/Naturals.tla (jar:file:/home/heathledger/Documents/ioi/repos/ioi/.internal/formal-cache/tools/tla/tla2tools.jar!/tla2sany/StandardModules/Naturals.tla)
Parsing file /tmp/tlc-12739950699836931709/Sequences.tla (jar:file:/home/heathledger/Documents/ioi/repos/ioi/.internal/formal-cache/tools/tla/tla2tools.jar!/tla2sany/StandardModules/Sequences.tla)
Parsing file /tmp/tlc-12739950699836931709/TLC.tla (jar:file:/home/heathledger/Documents/ioi/repos/ioi/.internal/formal-cache/tools/tla/tla2tools.jar!/tla2sany/StandardModules/TLC.tla)
Parsing file /tmp/tlc-12739950699836931709/TLCExt.tla (jar:file:/home/heathledger/Documents/ioi/repos/ioi/.internal/formal-cache/tools/tla/tla2tools.jar!/tla2sany/StandardModules/TLCExt.tla)
Semantic processing of module Naturals
Semantic processing of module Integers
Semantic processing of module Sequences
Semantic processing of module FiniteSets
Semantic processing of module TLC
Semantic processing of module TLCExt
Semantic processing of module _TLCTrace
Semantic processing of module QuvLifetimeBudget
Linting of module TLCExt
Linting of module _TLCTrace
Linting of module QuvLifetimeBudget
Starting... (2026-09-05 17:35:34)
Computing initial states...
Finished computing initial states: 1 distinct state generated at 2026-09-05 17:35:34.
Model checking completed. No error has been found.
  Estimates of the probability that TLC did not check all reachable states
  because two distinct states had the same fingerprint:
  calculated (optimistic):  val = 1.7E-11
56321 states generated, 6144 distinct states found, 0 states left on queue.
The depth of the complete state graph search is 11.
The average outdegree of the complete state graph is 1 (minimum is 0, the maximum 20 and the 95th percentile is 4).
Finished in 00s at (2026-09-05 17:35:34)
