1743518 openat(AT_FDCWD</home/heathledger/Documents/ioi/repos/ioi>, "/etc/ld.so.cache", O_RDONLY|O_CLOEXEC) = 3</etc/ld.so.cache>
1743518 close(3</etc/ld.so.cache>)      = 0
1743518 openat(AT_FDCWD</home/heathledger/Documents/ioi/repos/ioi>, "/lib/x86_64-linux-gnu/libgcc_s.so.1", O_RDONLY|O_CLOEXEC) = 3</usr/lib/x86_64-linux-gnu/libgcc_s.so.1>
1743518 close(3</usr/lib/x86_64-linux-gnu/libgcc_s.so.1>) = 0
1743518 openat(AT_FDCWD</home/heathledger/Documents/ioi/repos/ioi>, "/lib/x86_64-linux-gnu/libc.so.6", O_RDONLY|O_CLOEXEC) = 3</usr/lib/x86_64-linux-gnu/libc.so.6>
1743518 close(3</usr/lib/x86_64-linux-gnu/libc.so.6>) = 0
1743518 openat(AT_FDCWD</home/heathledger/Documents/ioi/repos/ioi>, "/proc/self/maps", O_RDONLY|O_CLOEXEC) = 3</proc/1743518/maps>
1743518 close(3</proc/1743518/maps>)    = 0
1743518 openat(AT_FDCWD</home/heathledger/Documents/ioi/repos/ioi>, "/usr/share/terminfo/l/linux", O_RDONLY|O_CLOEXEC) = 3</usr/share/terminfo/l/linux>
1743518 close(3</usr/share/terminfo/l/linux>) = 0
1743518 openat(AT_FDCWD</home/heathledger/Documents/ioi/repos/ioi>, "/proc/self/cgroup", O_RDONLY|O_CLOEXEC) = 3</proc/1743518/cgroup>
1743518 close(3</proc/1743518/cgroup>)  = 0
1743518 openat(AT_FDCWD</home/heathledger/Documents/ioi/repos/ioi>, "/sys/fs/cgroup/user.slice/user-1000.slice/user@1000.service/app.slice/app-org.chromium.Chromium-101080.scope/cpu.max", O_RDONLY|O_CLOEXEC) = -1 ENOENT (No such file or directory)
1743518 openat(AT_FDCWD</home/heathledger/Documents/ioi/repos/ioi>, "/sys/fs/cgroup/user.slice/user-1000.slice/user@1000.service/app.slice/cpu.max", O_RDONLY|O_CLOEXEC) = 3</sys/fs/cgroup/user.slice/user-1000.slice/user@1000.service/app.slice/cpu.max>
1743518 close(3</sys/fs/cgroup/user.slice/user-1000.slice/user@1000.service/app.slice/cpu.max>) = 0
1743518 openat(AT_FDCWD</home/heathledger/Documents/ioi/repos/ioi>, "/sys/fs/cgroup/user.slice/user-1000.slice/user@1000.service/cpu.max", O_RDONLY|O_CLOEXEC) = 3</sys/fs/cgroup/user.slice/user-1000.slice/user@1000.service/cpu.max>
1743518 close(3</sys/fs/cgroup/user.slice/user-1000.slice/user@1000.service/cpu.max>) = 0
1743518 openat(AT_FDCWD</home/heathledger/Documents/ioi/repos/ioi>, "/sys/fs/cgroup/user.slice/user-1000.slice/cpu.max", O_RDONLY|O_CLOEXEC) = 3</sys/fs/cgroup/user.slice/user-1000.slice/cpu.max>
1743518 close(3</sys/fs/cgroup/user.slice/user-1000.slice/cpu.max>) = 0
1743518 openat(AT_FDCWD</home/heathledger/Documents/ioi/repos/ioi>, "/sys/fs/cgroup/user.slice/cpu.max", O_RDONLY|O_CLOEXEC) = 3</sys/fs/cgroup/user.slice/cpu.max>
1743518 close(3</sys/fs/cgroup/user.slice/cpu.max>) = 0
1743518 openat(AT_FDCWD</home/heathledger/Documents/ioi/repos/ioi>, "/sys/fs/cgroup/cpu.max", O_RDONLY|O_CLOEXEC) = -1 ENOENT (No such file or directory)
1743518 write(1</home/heathledger/Documents/ioi/repos/ioi/internal-docs/architecture/protocols/aft/evidence/m17q-r1-receipt-reservation-2026-09-06/final-syscalls/test.log>, "\nrunning 1 test\n", 16) = 16
1743518 openat(AT_FDCWD</home/heathledger/Documents/ioi/repos/ioi>, "/proc/self/cgroup", O_RDONLY|O_CLOEXEC) = 3</proc/1743518/cgroup>
1743518 close(3</proc/1743518/cgroup>)  = 0
1743518 openat(AT_FDCWD</home/heathledger/Documents/ioi/repos/ioi>, "/sys/fs/cgroup/user.slice/user-1000.slice/user@1000.service/app.slice/app-org.chromium.Chromium-101080.scope/cpu.max", O_RDONLY|O_CLOEXEC) = -1 ENOENT (No such file or directory)
1743518 openat(AT_FDCWD</home/heathledger/Documents/ioi/repos/ioi>, "/sys/fs/cgroup/user.slice/user-1000.slice/user@1000.service/app.slice/cpu.max", O_RDONLY|O_CLOEXEC) = 3</sys/fs/cgroup/user.slice/user-1000.slice/user@1000.service/app.slice/cpu.max>
1743518 close(3</sys/fs/cgroup/user.slice/user-1000.slice/user@1000.service/app.slice/cpu.max>) = 0
1743518 openat(AT_FDCWD</home/heathledger/Documents/ioi/repos/ioi>, "/sys/fs/cgroup/user.slice/user-1000.slice/user@1000.service/cpu.max", O_RDONLY|O_CLOEXEC) = 3</sys/fs/cgroup/user.slice/user-1000.slice/user@1000.service/cpu.max>
1743518 close(3</sys/fs/cgroup/user.slice/user-1000.slice/user@1000.service/cpu.max>) = 0
1743518 openat(AT_FDCWD</home/heathledger/Documents/ioi/repos/ioi>, "/sys/fs/cgroup/user.slice/user-1000.slice/cpu.max", O_RDONLY|O_CLOEXEC) = 3</sys/fs/cgroup/user.slice/user-1000.slice/cpu.max>
1743518 close(3</sys/fs/cgroup/user.slice/user-1000.slice/cpu.max>) = 0
1743518 openat(AT_FDCWD</home/heathledger/Documents/ioi/repos/ioi>, "/sys/fs/cgroup/user.slice/cpu.max", O_RDONLY|O_CLOEXEC) = 3</sys/fs/cgroup/user.slice/cpu.max>
1743518 close(3</sys/fs/cgroup/user.slice/cpu.max>) = 0
1743518 openat(AT_FDCWD</home/heathledger/Documents/ioi/repos/ioi>, "/sys/fs/cgroup/cpu.max", O_RDONLY|O_CLOEXEC) = -1 ENOENT (No such file or directory)
1743519 openat(AT_FDCWD</home/heathledger/Documents/ioi/repos/ioi>, "/tmp/.tmpXepZFt/resource.lock", O_RDWR|O_CREAT|O_NOFOLLOW|O_CLOEXEC, 0600) = 3</tmp/.tmpXepZFt/resource.lock>
1743519 fsync(3</tmp/.tmpXepZFt/resource.lock>) = 0
1743519 close(3</tmp/.tmpXepZFt/resource.lock>) = 0
1743519 openat(AT_FDCWD</home/heathledger/Documents/ioi/repos/ioi>, "/tmp/.tmpXepZFt/records", O_RDONLY|O_CLOEXEC) = 3</tmp/.tmpXepZFt/records>
1743519 fsync(3</tmp/.tmpXepZFt/records>) = 0
1743519 close(3</tmp/.tmpXepZFt/records>) = 0
1743519 openat(AT_FDCWD</home/heathledger/Documents/ioi/repos/ioi>, "/tmp/.tmpXepZFt", O_RDONLY|O_CLOEXEC) = 3</tmp/.tmpXepZFt>
1743519 fsync(3</tmp/.tmpXepZFt>)       = 0
1743519 close(3</tmp/.tmpXepZFt>)       = 0
1743519 openat(AT_FDCWD</home/heathledger/Documents/ioi/repos/ioi>, "/tmp", O_RDONLY|O_CLOEXEC) = 3</tmp>
1743519 fsync(3</tmp>)                  = 0
1743519 close(3</tmp>)                  = 0
1743519 openat(AT_FDCWD</home/heathledger/Documents/ioi/repos/ioi>, "/", O_RDONLY|O_CLOEXEC) = 3</>
1743519 fsync(3</>)                     = 0
1743519 close(3</>)                     = 0
1743519 openat(AT_FDCWD</home/heathledger/Documents/ioi/repos/ioi>, "/tmp/.tmpXepZFt/resource.lock", O_RDWR|O_NOFOLLOW|O_CLOEXEC) = 3</tmp/.tmpXepZFt/resource.lock>
1743519 openat(AT_FDCWD</home/heathledger/Documents/ioi/repos/ioi>, "/tmp/.tmpXepZFt/records/b7152008cde8bb92263053413d6ba78f1b7a36ecde6fd42ddf1e6a0f1667edfd.json", O_RDWR|O_NOFOLLOW|O_CLOEXEC) = -1 ENOENT (No such file or directory)
1743519 openat(AT_FDCWD</home/heathledger/Documents/ioi/repos/ioi>, "/tmp/.tmpXepZFt/records/.b7152008cde8bb92263053413d6ba78f1b7a36ecde6fd42ddf1e6a0f1667edfd.json.prepared", O_RDWR|O_NOFOLLOW|O_CLOEXEC) = -1 ENOENT (No such file or directory)
1743519 close(3</tmp/.tmpXepZFt/resource.lock>) = 0
1743519 openat(AT_FDCWD</home/heathledger/Documents/ioi/repos/ioi>, "/tmp/.tmpXepZFt/resource.lock", O_RDWR|O_CREAT|O_NOFOLLOW|O_CLOEXEC, 0600) = 3</tmp/.tmpXepZFt/resource.lock>
1743519 fsync(3</tmp/.tmpXepZFt/resource.lock>) = 0
1743519 close(3</tmp/.tmpXepZFt/resource.lock>) = 0
1743519 openat(AT_FDCWD</home/heathledger/Documents/ioi/repos/ioi>, "/tmp/.tmpXepZFt/records", O_RDONLY|O_CLOEXEC) = 3</tmp/.tmpXepZFt/records>
1743519 fsync(3</tmp/.tmpXepZFt/records>) = 0
1743519 close(3</tmp/.tmpXepZFt/records>) = 0
1743519 openat(AT_FDCWD</home/heathledger/Documents/ioi/repos/ioi>, "/tmp/.tmpXepZFt", O_RDONLY|O_CLOEXEC) = 3</tmp/.tmpXepZFt>
1743519 fsync(3</tmp/.tmpXepZFt>)       = 0
1743519 close(3</tmp/.tmpXepZFt>)       = 0
1743519 openat(AT_FDCWD</home/heathledger/Documents/ioi/repos/ioi>, "/tmp", O_RDONLY|O_CLOEXEC) = 3</tmp>
1743519 fsync(3</tmp>)                  = 0
1743519 close(3</tmp>)                  = 0
1743519 openat(AT_FDCWD</home/heathledger/Documents/ioi/repos/ioi>, "/", O_RDONLY|O_CLOEXEC) = 3</>
1743519 fsync(3</>)                     = 0
1743519 close(3</>)                     = 0
1743519 openat(AT_FDCWD</home/heathledger/Documents/ioi/repos/ioi>, "/tmp/.tmpXepZFt/resource.lock", O_RDWR|O_NOFOLLOW|O_CLOEXEC) = 3</tmp/.tmpXepZFt/resource.lock>
1743519 openat(AT_FDCWD</home/heathledger/Documents/ioi/repos/ioi>, "/tmp/.tmpXepZFt/records/b7152008cde8bb92263053413d6ba78f1b7a36ecde6fd42ddf1e6a0f1667edfd.json", O_RDWR|O_NOFOLLOW|O_CLOEXEC) = -1 ENOENT (No such file or directory)
1743519 openat(AT_FDCWD</home/heathledger/Documents/ioi/repos/ioi>, "/tmp/.tmpXepZFt/records/.b7152008cde8bb92263053413d6ba78f1b7a36ecde6fd42ddf1e6a0f1667edfd.json.prepared", O_RDWR|O_CREAT|O_NOFOLLOW|O_CLOEXEC, 0600) = 4</tmp/.tmpXepZFt/records/.b7152008cde8bb92263053413d6ba78f1b7a36ecde6fd42ddf1e6a0f1667edfd.json.prepared>
1743519 fallocate(4</tmp/.tmpXepZFt/records/.b7152008cde8bb92263053413d6ba78f1b7a36ecde6fd42ddf1e6a0f1667edfd.json.prepared>, FALLOC_FL_KEEP_SIZE, 0, 81920) = 0
1743519 fsync(4</tmp/.tmpXepZFt/records/.b7152008cde8bb92263053413d6ba78f1b7a36ecde6fd42ddf1e6a0f1667edfd.json.prepared>) = 0
1743519 openat(AT_FDCWD</home/heathledger/Documents/ioi/repos/ioi>, "/tmp/.tmpXepZFt/records", O_RDONLY|O_CLOEXEC) = 5</tmp/.tmpXepZFt/records>
1743519 fsync(5</tmp/.tmpXepZFt/records>) = 0
1743519 close(5</tmp/.tmpXepZFt/records>) = 0
1743519 openat(AT_FDCWD</home/heathledger/Documents/ioi/repos/ioi>, "/tmp/.tmpXepZFt", O_RDONLY|O_CLOEXEC) = 5</tmp/.tmpXepZFt>
1743519 fsync(5</tmp/.tmpXepZFt>)       = 0
1743519 close(5</tmp/.tmpXepZFt>)       = 0
1743519 openat(AT_FDCWD</home/heathledger/Documents/ioi/repos/ioi>, "/tmp", O_RDONLY|O_CLOEXEC) = 5</tmp>
1743519 fsync(5</tmp>)                  = 0
1743519 close(5</tmp>)                  = 0
1743519 openat(AT_FDCWD</home/heathledger/Documents/ioi/repos/ioi>, "/", O_RDONLY|O_CLOEXEC) = 5</>
1743519 fsync(5</>)                     = 0
1743519 close(5</>)                     = 0
1743519 close(4</tmp/.tmpXepZFt/records/.b7152008cde8bb92263053413d6ba78f1b7a36ecde6fd42ddf1e6a0f1667edfd.json.prepared>) = 0
1743519 close(3</tmp/.tmpXepZFt/resource.lock>) = 0
1743519 openat(AT_FDCWD</home/heathledger/Documents/ioi/repos/ioi>, "/tmp/.tmpXepZFt/records/.b7152008cde8bb92263053413d6ba78f1b7a36ecde6fd42ddf1e6a0f1667edfd.json.prepared", O_RDONLY|O_CLOEXEC) = 3</tmp/.tmpXepZFt/records/.b7152008cde8bb92263053413d6ba78f1b7a36ecde6fd42ddf1e6a0f1667edfd.json.prepared>
1743519 write(2</home/heathledger/Documents/ioi/repos/ioi/internal-docs/architecture/protocols/aft/evidence/m17q-r1-receipt-reservation-2026-09-06/final-syscalls/test.log>, "AFT_ENDPOINT_LIVE_BEGIN\n", 24) = 24
1743519 openat(AT_FDCWD</home/heathledger/Documents/ioi/repos/ioi>, "/tmp/.tmpXepZFt/resource.lock", O_RDWR|O_NOFOLLOW|O_CLOEXEC) = 4</tmp/.tmpXepZFt/resource.lock>
1743519 openat(AT_FDCWD</home/heathledger/Documents/ioi/repos/ioi>, "/tmp/.tmpXepZFt/records/b7152008cde8bb92263053413d6ba78f1b7a36ecde6fd42ddf1e6a0f1667edfd.json", O_RDWR|O_NOFOLLOW|O_CLOEXEC) = -1 ENOENT (No such file or directory)
1743519 openat(AT_FDCWD</home/heathledger/Documents/ioi/repos/ioi>, "/tmp/.tmpXepZFt/records/.b7152008cde8bb92263053413d6ba78f1b7a36ecde6fd42ddf1e6a0f1667edfd.json.prepared", O_RDWR|O_NOFOLLOW|O_CLOEXEC) = 5</tmp/.tmpXepZFt/records/.b7152008cde8bb92263053413d6ba78f1b7a36ecde6fd42ddf1e6a0f1667edfd.json.prepared>
1743519 write(5</tmp/.tmpXepZFt/records/.b7152008cde8bb92263053413d6ba78f1b7a36ecde6fd42ddf1e6a0f1667edfd.json.prepared>, "{\"evidence\":[123,34,115,105,103,110,97,116,117,114,101,95,98,97,115,101,54,52,34,58,34,54,114,68,82,107,56,113,81,88,66,122,70,122,43,98,104,110,97,108,97,56,121,56,78,120,112,84,50,115,84,122,43,111,100,89,121,68,54,70,43,70,109,55,99,106,113,82,98,89,119"..., 19179) = 19179
1743519 fsync(5</tmp/.tmpXepZFt/records/.b7152008cde8bb92263053413d6ba78f1b7a36ecde6fd42ddf1e6a0f1667edfd.json.prepared>) = 0
1743519 rename("/tmp/.tmpXepZFt/records/.b7152008cde8bb92263053413d6ba78f1b7a36ecde6fd42ddf1e6a0f1667edfd.json.prepared", "/tmp/.tmpXepZFt/records/b7152008cde8bb92263053413d6ba78f1b7a36ecde6fd42ddf1e6a0f1667edfd.json") = 0
1743519 openat(AT_FDCWD</home/heathledger/Documents/ioi/repos/ioi>, "/tmp/.tmpXepZFt/records", O_RDONLY|O_CLOEXEC) = 6</tmp/.tmpXepZFt/records>
1743519 fsync(6</tmp/.tmpXepZFt/records>) = 0
1743519 close(6</tmp/.tmpXepZFt/records>) = 0
1743519 close(5</tmp/.tmpXepZFt/records/b7152008cde8bb92263053413d6ba78f1b7a36ecde6fd42ddf1e6a0f1667edfd.json>) = 0
1743519 close(4</tmp/.tmpXepZFt/resource.lock>) = 0
1743519 write(2</home/heathledger/Documents/ioi/repos/ioi/internal-docs/architecture/protocols/aft/evidence/m17q-r1-receipt-reservation-2026-09-06/final-syscalls/test.log>, "AFT_ENDPOINT_LIVE_END\n", 22) = 22
1743519 openat(AT_FDCWD</home/heathledger/Documents/ioi/repos/ioi>, "/tmp/.tmpXepZFt/records/b7152008cde8bb92263053413d6ba78f1b7a36ecde6fd42ddf1e6a0f1667edfd.json", O_RDONLY|O_CLOEXEC) = 4</tmp/.tmpXepZFt/records/b7152008cde8bb92263053413d6ba78f1b7a36ecde6fd42ddf1e6a0f1667edfd.json>
1743519 close(4</tmp/.tmpXepZFt/records/b7152008cde8bb92263053413d6ba78f1b7a36ecde6fd42ddf1e6a0f1667edfd.json>) = 0
1743519 openat(AT_FDCWD</home/heathledger/Documents/ioi/repos/ioi>, "/tmp/.tmpXepZFt/resource.lock", O_RDWR|O_NOFOLLOW|O_CLOEXEC) = 4</tmp/.tmpXepZFt/resource.lock>
1743519 openat(AT_FDCWD</home/heathledger/Documents/ioi/repos/ioi>, "/tmp/.tmpXepZFt/records/b7152008cde8bb92263053413d6ba78f1b7a36ecde6fd42ddf1e6a0f1667edfd.json", O_RDWR|O_NOFOLLOW|O_CLOEXEC) = 5</tmp/.tmpXepZFt/records/b7152008cde8bb92263053413d6ba78f1b7a36ecde6fd42ddf1e6a0f1667edfd.json>
1743519 close(5</tmp/.tmpXepZFt/records/b7152008cde8bb92263053413d6ba78f1b7a36ecde6fd42ddf1e6a0f1667edfd.json>) = 0
1743519 close(4</tmp/.tmpXepZFt/resource.lock>) = 0
1743519 openat(AT_FDCWD</home/heathledger/Documents/ioi/repos/ioi>, "/tmp/.tmpXepZFt/records/b7152008cde8bb92263053413d6ba78f1b7a36ecde6fd42ddf1e6a0f1667edfd.json", O_RDONLY|O_CLOEXEC) = 4</tmp/.tmpXepZFt/records/b7152008cde8bb92263053413d6ba78f1b7a36ecde6fd42ddf1e6a0f1667edfd.json>
1743519 close(4</tmp/.tmpXepZFt/records/b7152008cde8bb92263053413d6ba78f1b7a36ecde6fd42ddf1e6a0f1667edfd.json>) = 0
1743519 openat(AT_FDCWD</home/heathledger/Documents/ioi/repos/ioi>, "/tmp/.tmpXepZFt/records/.b7152008cde8bb92263053413d6ba78f1b7a36ecde6fd42ddf1e6a0f1667edfd.json.prepared", O_WRONLY|O_CREAT|O_TRUNC|O_CLOEXEC, 0666) = 4</tmp/.tmpXepZFt/records/.b7152008cde8bb92263053413d6ba78f1b7a36ecde6fd42ddf1e6a0f1667edfd.json.prepared>
1743519 write(4</tmp/.tmpXepZFt/records/.b7152008cde8bb92263053413d6ba78f1b7a36ecde6fd42ddf1e6a0f1667edfd.json.prepared>, "interrupted spare", 17) = 17
1743519 close(4</tmp/.tmpXepZFt/records/.b7152008cde8bb92263053413d6ba78f1b7a36ecde6fd42ddf1e6a0f1667edfd.json.prepared>) = 0
1743519 openat(AT_FDCWD</home/heathledger/Documents/ioi/repos/ioi>, "/tmp/.tmpXepZFt/resource.lock", O_RDWR|O_NOFOLLOW|O_CLOEXEC) = 4</tmp/.tmpXepZFt/resource.lock>
1743519 openat(AT_FDCWD</home/heathledger/Documents/ioi/repos/ioi>, "/tmp/.tmpXepZFt/records/b7152008cde8bb92263053413d6ba78f1b7a36ecde6fd42ddf1e6a0f1667edfd.json", O_RDWR|O_NOFOLLOW|O_CLOEXEC) = 5</tmp/.tmpXepZFt/records/b7152008cde8bb92263053413d6ba78f1b7a36ecde6fd42ddf1e6a0f1667edfd.json>
1743519 close(5</tmp/.tmpXepZFt/records/b7152008cde8bb92263053413d6ba78f1b7a36ecde6fd42ddf1e6a0f1667edfd.json>) = 0
1743519 close(4</tmp/.tmpXepZFt/resource.lock>) = 0
1743519 openat(AT_FDCWD</home/heathledger/Documents/ioi/repos/ioi>, "/tmp/.tmpXepZFt/records/.b7152008cde8bb92263053413d6ba78f1b7a36ecde6fd42ddf1e6a0f1667edfd.json.prepared", O_RDONLY|O_CLOEXEC) = 4</tmp/.tmpXepZFt/records/.b7152008cde8bb92263053413d6ba78f1b7a36ecde6fd42ddf1e6a0f1667edfd.json.prepared>
1743519 close(4</tmp/.tmpXepZFt/records/.b7152008cde8bb92263053413d6ba78f1b7a36ecde6fd42ddf1e6a0f1667edfd.json.prepared>) = 0
1743519 openat(AT_FDCWD</home/heathledger/Documents/ioi/repos/ioi>, "/tmp/.tmpXepZFt/resource.lock", O_RDWR|O_NOFOLLOW|O_CLOEXEC) = 4</tmp/.tmpXepZFt/resource.lock>
1743519 openat(AT_FDCWD</home/heathledger/Documents/ioi/repos/ioi>, "/tmp/.tmpXepZFt/records/b7152008cde8bb92263053413d6ba78f1b7a36ecde6fd42ddf1e6a0f1667edfd.json", O_RDWR|O_NOFOLLOW|O_CLOEXEC) = 5</tmp/.tmpXepZFt/records/b7152008cde8bb92263053413d6ba78f1b7a36ecde6fd42ddf1e6a0f1667edfd.json>
1743519 close(5</tmp/.tmpXepZFt/records/b7152008cde8bb92263053413d6ba78f1b7a36ecde6fd42ddf1e6a0f1667edfd.json>) = 0
1743519 close(4</tmp/.tmpXepZFt/resource.lock>) = 0
1743519 openat(AT_FDCWD</home/heathledger/Documents/ioi/repos/ioi>, "/tmp/.tmpXepZFt/resource.lock", O_RDWR|O_NOFOLLOW|O_CLOEXEC) = 4</tmp/.tmpXepZFt/resource.lock>
1743519 openat(AT_FDCWD</home/heathledger/Documents/ioi/repos/ioi>, "/tmp/.tmpXepZFt/records/b7152008cde8bb92263053413d6ba78f1b7a36ecde6fd42ddf1e6a0f1667edfd.json", O_RDWR|O_NOFOLLOW|O_CLOEXEC) = 5</tmp/.tmpXepZFt/records/b7152008cde8bb92263053413d6ba78f1b7a36ecde6fd42ddf1e6a0f1667edfd.json>
1743519 close(5</tmp/.tmpXepZFt/records/b7152008cde8bb92263053413d6ba78f1b7a36ecde6fd42ddf1e6a0f1667edfd.json>) = 0
1743519 close(4</tmp/.tmpXepZFt/resource.lock>) = 0
1743519 openat(AT_FDCWD</home/heathledger/Documents/ioi/repos/ioi>, "/tmp/.tmpXepZFt/records/b7152008cde8bb92263053413d6ba78f1b7a36ecde6fd42ddf1e6a0f1667edfd.json", O_RDONLY|O_CLOEXEC) = 4</tmp/.tmpXepZFt/records/b7152008cde8bb92263053413d6ba78f1b7a36ecde6fd42ddf1e6a0f1667edfd.json>
1743519 close(4</tmp/.tmpXepZFt/records/b7152008cde8bb92263053413d6ba78f1b7a36ecde6fd42ddf1e6a0f1667edfd.json>) = 0
1743519 openat(AT_FDCWD</home/heathledger/Documents/ioi/repos/ioi>, "/tmp/.tmpXepZFt/resource.lock", O_RDWR|O_CREAT|O_NOFOLLOW|O_CLOEXEC, 0600) = 4</tmp/.tmpXepZFt/resource.lock>
1743519 fsync(4</tmp/.tmpXepZFt/resource.lock>) = 0
1743519 close(4</tmp/.tmpXepZFt/resource.lock>) = 0
1743519 openat(AT_FDCWD</home/heathledger/Documents/ioi/repos/ioi>, "/tmp/.tmpXepZFt/records", O_RDONLY|O_CLOEXEC) = 4</tmp/.tmpXepZFt/records>
1743519 fsync(4</tmp/.tmpXepZFt/records>) = 0
1743519 close(4</tmp/.tmpXepZFt/records>) = 0
1743519 openat(AT_FDCWD</home/heathledger/Documents/ioi/repos/ioi>, "/tmp/.tmpXepZFt", O_RDONLY|O_CLOEXEC) = 4</tmp/.tmpXepZFt>
1743519 fsync(4</tmp/.tmpXepZFt>)       = 0
1743519 close(4</tmp/.tmpXepZFt>)       = 0
1743519 openat(AT_FDCWD</home/heathledger/Documents/ioi/repos/ioi>, "/tmp", O_RDONLY|O_CLOEXEC) = 4</tmp>
1743519 fsync(4</tmp>)                  = 0
1743519 close(4</tmp>)                  = 0
1743519 openat(AT_FDCWD</home/heathledger/Documents/ioi/repos/ioi>, "/", O_RDONLY|O_CLOEXEC) = 4</>
1743519 fsync(4</>)                     = 0
1743519 close(4</>)                     = 0
1743519 openat(AT_FDCWD</home/heathledger/Documents/ioi/repos/ioi>, "/tmp/.tmpXepZFt/resource.lock", O_RDWR|O_NOFOLLOW|O_CLOEXEC) = 4</tmp/.tmpXepZFt/resource.lock>
1743519 openat(AT_FDCWD</home/heathledger/Documents/ioi/repos/ioi>, "/tmp/.tmpXepZFt/records/b7152008cde8bb92263053413d6ba78f1b7a36ecde6fd42ddf1e6a0f1667edfd.json", O_RDWR|O_NOFOLLOW|O_CLOEXEC) = 5</tmp/.tmpXepZFt/records/b7152008cde8bb92263053413d6ba78f1b7a36ecde6fd42ddf1e6a0f1667edfd.json>
1743519 close(5</tmp/.tmpXepZFt/records/b7152008cde8bb92263053413d6ba78f1b7a36ecde6fd42ddf1e6a0f1667edfd.json>) = 0
1743519 openat(AT_FDCWD</home/heathledger/Documents/ioi/repos/ioi>, "/proc/sys/vm/overcommit_memory", O_RDONLY|O_CLOEXEC) = 5</proc/sys/vm/overcommit_memory>
1743519 close(5</proc/sys/vm/overcommit_memory>) = 0
1743519 close(4</tmp/.tmpXepZFt/resource.lock>) = 0
1743519 openat(AT_FDCWD</home/heathledger/Documents/ioi/repos/ioi>, "/tmp/.tmpXepZFt/records/b7152008cde8bb92263053413d6ba78f1b7a36ecde6fd42ddf1e6a0f1667edfd.json", O_WRONLY|O_CREAT|O_TRUNC|O_CLOEXEC, 0666) = 4</tmp/.tmpXepZFt/records/b7152008cde8bb92263053413d6ba78f1b7a36ecde6fd42ddf1e6a0f1667edfd.json>
1743519 write(4</tmp/.tmpXepZFt/records/b7152008cde8bb92263053413d6ba78f1b7a36ecde6fd42ddf1e6a0f1667edfd.json>, "corrupt active", 14) = 14
1743519 close(4</tmp/.tmpXepZFt/records/b7152008cde8bb92263053413d6ba78f1b7a36ecde6fd42ddf1e6a0f1667edfd.json>) = 0
1743519 openat(AT_FDCWD</home/heathledger/Documents/ioi/repos/ioi>, "/tmp/.tmpXepZFt/resource.lock", O_RDWR|O_NOFOLLOW|O_CLOEXEC) = 4</tmp/.tmpXepZFt/resource.lock>
1743519 openat(AT_FDCWD</home/heathledger/Documents/ioi/repos/ioi>, "/tmp/.tmpXepZFt/records/b7152008cde8bb92263053413d6ba78f1b7a36ecde6fd42ddf1e6a0f1667edfd.json", O_RDWR|O_NOFOLLOW|O_CLOEXEC) = 5</tmp/.tmpXepZFt/records/b7152008cde8bb92263053413d6ba78f1b7a36ecde6fd42ddf1e6a0f1667edfd.json>
1743519 close(5</tmp/.tmpXepZFt/records/b7152008cde8bb92263053413d6ba78f1b7a36ecde6fd42ddf1e6a0f1667edfd.json>) = 0
1743519 close(4</tmp/.tmpXepZFt/resource.lock>) = 0
1743519 openat(AT_FDCWD</home/heathledger/Documents/ioi/repos/ioi>, "/tmp/.tmpXepZFt/resource.lock", O_RDWR|O_NOFOLLOW|O_CLOEXEC) = 4</tmp/.tmpXepZFt/resource.lock>
1743519 openat(AT_FDCWD</home/heathledger/Documents/ioi/repos/ioi>, "/tmp/.tmpXepZFt/records/b7152008cde8bb92263053413d6ba78f1b7a36ecde6fd42ddf1e6a0f1667edfd.json", O_RDWR|O_NOFOLLOW|O_CLOEXEC) = 5</tmp/.tmpXepZFt/records/b7152008cde8bb92263053413d6ba78f1b7a36ecde6fd42ddf1e6a0f1667edfd.json>
1743519 close(5</tmp/.tmpXepZFt/records/b7152008cde8bb92263053413d6ba78f1b7a36ecde6fd42ddf1e6a0f1667edfd.json>) = 0
1743519 close(4</tmp/.tmpXepZFt/resource.lock>) = 0
1743519 openat(AT_FDCWD</home/heathledger/Documents/ioi/repos/ioi>, "/tmp/.tmpXepZFt/records/b7152008cde8bb92263053413d6ba78f1b7a36ecde6fd42ddf1e6a0f1667edfd.json", O_RDONLY|O_CLOEXEC) = 4</tmp/.tmpXepZFt/records/b7152008cde8bb92263053413d6ba78f1b7a36ecde6fd42ddf1e6a0f1667edfd.json>
1743519 close(4</tmp/.tmpXepZFt/records/b7152008cde8bb92263053413d6ba78f1b7a36ecde6fd42ddf1e6a0f1667edfd.json>) = 0
1743519 openat(AT_FDCWD</home/heathledger/Documents/ioi/repos/ioi>, "/tmp/.tmpXepZFt/records/.b7152008cde8bb92263053413d6ba78f1b7a36ecde6fd42ddf1e6a0f1667edfd.json.prepared", O_RDONLY|O_CLOEXEC) = 4</tmp/.tmpXepZFt/records/.b7152008cde8bb92263053413d6ba78f1b7a36ecde6fd42ddf1e6a0f1667edfd.json.prepared>
1743519 close(4</tmp/.tmpXepZFt/records/.b7152008cde8bb92263053413d6ba78f1b7a36ecde6fd42ddf1e6a0f1667edfd.json.prepared>) = 0
1743519 close(3</tmp/.tmpXepZFt/records/b7152008cde8bb92263053413d6ba78f1b7a36ecde6fd42ddf1e6a0f1667edfd.json>) = 0
1743519 openat(AT_FDCWD</home/heathledger/Documents/ioi/repos/ioi>, "/tmp/.tmpXepZFt", O_RDONLY|O_NOFOLLOW|O_CLOEXEC|O_DIRECTORY) = 3</tmp/.tmpXepZFt>
1743519 openat(3</tmp/.tmpXepZFt>, "records", O_RDONLY|O_NOFOLLOW|O_CLOEXEC|O_DIRECTORY) = 4</tmp/.tmpXepZFt/records>
1743519 close(4</tmp/.tmpXepZFt/records>) = 0
1743519 close(3</tmp/.tmpXepZFt>)       = 0
1743519 +++ exited with 0 +++
1743518 write(1</home/heathledger/Documents/ioi/repos/ioi/internal-docs/architecture/protocols/aft/evidence/m17q-r1-receipt-reservation-2026-09-06/final-syscalls/test.log>, "test consequence::tests::online_pq_endpoint_consumes_reserved_inode_and_retains_active_authority ... ", 101) = 101
1743518 write(1</home/heathledger/Documents/ioi/repos/ioi/internal-docs/architecture/protocols/aft/evidence/m17q-r1-receipt-reservation-2026-09-06/final-syscalls/test.log>, "ok", 2) = 2
1743518 write(1</home/heathledger/Documents/ioi/repos/ioi/internal-docs/architecture/protocols/aft/evidence/m17q-r1-receipt-reservation-2026-09-06/final-syscalls/test.log>, "\n", 1) = 1
1743518 write(1</home/heathledger/Documents/ioi/repos/ioi/internal-docs/architecture/protocols/aft/evidence/m17q-r1-receipt-reservation-2026-09-06/final-syscalls/test.log>, "\n", 1) = 1
1743518 write(1</home/heathledger/Documents/ioi/repos/ioi/internal-docs/architecture/protocols/aft/evidence/m17q-r1-receipt-reservation-2026-09-06/final-syscalls/test.log>, "test result: ", 13) = 13
1743518 write(1</home/heathledger/Documents/ioi/repos/ioi/internal-docs/architecture/protocols/aft/evidence/m17q-r1-receipt-reservation-2026-09-06/final-syscalls/test.log>, "ok", 2) = 2
1743518 write(1</home/heathledger/Documents/ioi/repos/ioi/internal-docs/architecture/protocols/aft/evidence/m17q-r1-receipt-reservation-2026-09-06/final-syscalls/test.log>, ". 1 passed; 0 failed; 0 ignored; 0 measured; 116 filtered out", 61) = 61
1743518 write(1</home/heathledger/Documents/ioi/repos/ioi/internal-docs/architecture/protocols/aft/evidence/m17q-r1-receipt-reservation-2026-09-06/final-syscalls/test.log>, "; finished in 3.54s", 19) = 19
1743518 write(1</home/heathledger/Documents/ioi/repos/ioi/internal-docs/architecture/protocols/aft/evidence/m17q-r1-receipt-reservation-2026-09-06/final-syscalls/test.log>, "\n\n", 2) = 2
1743518 +++ exited with 0 +++
