TLC2 Version 2026.08.11.125311 (rev: 0894c34)
Warning: Please run the Java VM, which executes TLC with a throughput optimized garbage collector, by passing the "-XX:+UseParallelGC" property.
(Use the -nowarning option to disable this warning.)
Running breadth-first search Model-Checking with fp 10 and seed 3164365801885038507 with 1 worker on 24 cores with 24000MB heap and 64MB offheap memory [pid: 2953143] (Linux 6.17.9-76061709-generic amd64, Ubuntu 21.0.10 64bit, MSBDiskFPSet, DiskStateQueue).
Parsing file /home/heathledger/Documents/ioi/repos/ioi/internal-docs/architecture/protocols/aft/formal/maximal_visibility/QuvReadinessComposition.tla
***Parse Error***

  Precedence conflict between ops = in block line 22, col 23 to line 22, col 23 of module QuvReadinessComposition and >.

Residual stack trace follows:
ExtendableExpr starting at line 22, column 25.
ExtendableExpr starting at line 22, column 14.
Expression starting at line 22, column 14.
Junction Item starting at line 22, column 11.
AND-OR Junction starting at line 20, column 11.


Fatal errors while parsing TLA+ spec in file QuvReadinessComposition

In module QuvReadinessComposition

Could not parse module QuvReadinessComposition from file QuvReadinessComposition.tla
*** Errors: 1

In module QuvReadinessComposition

Could not parse module QuvReadinessComposition from file QuvReadinessComposition.tla



Starting... (2026-09-05 06:30:43)
Error: Parsing or semantic analysis failed.
Finished in 00s at (2026-09-05 06:30:43)
