START core 2026-09-06T01:50:05.701895+00:00
DONE core 0
START runtime 2026-09-06T01:51:59.894240+00:00
DONE runtime 0
START cli 2026-09-06T01:52:19.727430+00:00
DONE cli 0
START format 2026-09-06T01:52:26.431524+00:00
DONE format 0
START syntax 2026-09-06T01:52:34.664614+00:00
DONE syntax 0
START formal 2026-09-06T01:52:34.669240+00:00
DONE formal 0
START anchor 2026-09-06T01:52:36.011668+00:00
DONE anchor 0
START continuation 2026-09-06T01:52:37.468114+00:00
DONE continuation 0
START lifetime 2026-09-06T01:52:38.871388+00:00
DONE lifetime 0
START trace 2026-09-06T01:52:40.397199+00:00
DONE trace 0
