4026859 openat(AT_FDCWD</home/heathledger/Documents/ioi/repos/ioi>, "/etc/ld.so.cache", O_RDONLY|O_CLOEXEC) = 3</etc/ld.so.cache>
4026859 close(3</etc/ld.so.cache>)      = 0
4026859 openat(AT_FDCWD</home/heathledger/Documents/ioi/repos/ioi>, "/lib/x86_64-linux-gnu/libgcc_s.so.1", O_RDONLY|O_CLOEXEC) = 3</usr/lib/x86_64-linux-gnu/libgcc_s.so.1>
4026859 close(3</usr/lib/x86_64-linux-gnu/libgcc_s.so.1>) = 0
4026859 openat(AT_FDCWD</home/heathledger/Documents/ioi/repos/ioi>, "/lib/x86_64-linux-gnu/libc.so.6", O_RDONLY|O_CLOEXEC) = 3</usr/lib/x86_64-linux-gnu/libc.so.6>
4026859 close(3</usr/lib/x86_64-linux-gnu/libc.so.6>) = 0
4026859 openat(AT_FDCWD</home/heathledger/Documents/ioi/repos/ioi>, "/proc/self/maps", O_RDONLY|O_CLOEXEC) = 3</proc/4026859/maps>
4026859 close(3</proc/4026859/maps>)    = 0
4026859 openat(AT_FDCWD</home/heathledger/Documents/ioi/repos/ioi>, "/usr/share/terminfo/l/linux", O_RDONLY|O_CLOEXEC) = 3</usr/share/terminfo/l/linux>
4026859 close(3</usr/share/terminfo/l/linux>) = 0
4026859 openat(AT_FDCWD</home/heathledger/Documents/ioi/repos/ioi>, "/proc/self/cgroup", O_RDONLY|O_CLOEXEC) = 3</proc/4026859/cgroup>
4026859 close(3</proc/4026859/cgroup>)  = 0
4026859 openat(AT_FDCWD</home/heathledger/Documents/ioi/repos/ioi>, "/sys/fs/cgroup/user.slice/user-1000.slice/user@1000.service/app.slice/app-org.chromium.Chromium-101080.scope/cpu.max", O_RDONLY|O_CLOEXEC) = -1 ENOENT (No such file or directory)
4026859 openat(AT_FDCWD</home/heathledger/Documents/ioi/repos/ioi>, "/sys/fs/cgroup/user.slice/user-1000.slice/user@1000.service/app.slice/cpu.max", O_RDONLY|O_CLOEXEC) = 3</sys/fs/cgroup/user.slice/user-1000.slice/user@1000.service/app.slice/cpu.max>
4026859 close(3</sys/fs/cgroup/user.slice/user-1000.slice/user@1000.service/app.slice/cpu.max>) = 0
4026859 openat(AT_FDCWD</home/heathledger/Documents/ioi/repos/ioi>, "/sys/fs/cgroup/user.slice/user-1000.slice/user@1000.service/cpu.max", O_RDONLY|O_CLOEXEC) = 3</sys/fs/cgroup/user.slice/user-1000.slice/user@1000.service/cpu.max>
4026859 close(3</sys/fs/cgroup/user.slice/user-1000.slice/user@1000.service/cpu.max>) = 0
4026859 openat(AT_FDCWD</home/heathledger/Documents/ioi/repos/ioi>, "/sys/fs/cgroup/user.slice/user-1000.slice/cpu.max", O_RDONLY|O_CLOEXEC) = 3</sys/fs/cgroup/user.slice/user-1000.slice/cpu.max>
4026859 close(3</sys/fs/cgroup/user.slice/user-1000.slice/cpu.max>) = 0
4026859 openat(AT_FDCWD</home/heathledger/Documents/ioi/repos/ioi>, "/sys/fs/cgroup/user.slice/cpu.max", O_RDONLY|O_CLOEXEC) = 3</sys/fs/cgroup/user.slice/cpu.max>
4026859 close(3</sys/fs/cgroup/user.slice/cpu.max>) = 0
4026859 openat(AT_FDCWD</home/heathledger/Documents/ioi/repos/ioi>, "/sys/fs/cgroup/cpu.max", O_RDONLY|O_CLOEXEC) = -1 ENOENT (No such file or directory)
4026859 write(1</home/heathledger/Documents/ioi/repos/ioi/internal-docs/architecture/protocols/aft/evidence/m17q-r1-receipt-reuse-2026-09-06/syscalls/reuse-test.log>, "\nrunning 1 test\n", 16) = 16
4026859 openat(AT_FDCWD</home/heathledger/Documents/ioi/repos/ioi>, "/proc/self/cgroup", O_RDONLY|O_CLOEXEC) = 3</proc/4026859/cgroup>
4026859 close(3</proc/4026859/cgroup>)  = 0
4026859 openat(AT_FDCWD</home/heathledger/Documents/ioi/repos/ioi>, "/sys/fs/cgroup/user.slice/user-1000.slice/user@1000.service/app.slice/app-org.chromium.Chromium-101080.scope/cpu.max", O_RDONLY|O_CLOEXEC) = -1 ENOENT (No such file or directory)
4026859 openat(AT_FDCWD</home/heathledger/Documents/ioi/repos/ioi>, "/sys/fs/cgroup/user.slice/user-1000.slice/user@1000.service/app.slice/cpu.max", O_RDONLY|O_CLOEXEC) = 3</sys/fs/cgroup/user.slice/user-1000.slice/user@1000.service/app.slice/cpu.max>
4026859 close(3</sys/fs/cgroup/user.slice/user-1000.slice/user@1000.service/app.slice/cpu.max>) = 0
4026859 openat(AT_FDCWD</home/heathledger/Documents/ioi/repos/ioi>, "/sys/fs/cgroup/user.slice/user-1000.slice/user@1000.service/cpu.max", O_RDONLY|O_CLOEXEC) = 3</sys/fs/cgroup/user.slice/user-1000.slice/user@1000.service/cpu.max>
4026859 close(3</sys/fs/cgroup/user.slice/user-1000.slice/user@1000.service/cpu.max>) = 0
4026859 openat(AT_FDCWD</home/heathledger/Documents/ioi/repos/ioi>, "/sys/fs/cgroup/user.slice/user-1000.slice/cpu.max", O_RDONLY|O_CLOEXEC) = 3</sys/fs/cgroup/user.slice/user-1000.slice/cpu.max>
4026859 close(3</sys/fs/cgroup/user.slice/user-1000.slice/cpu.max>) = 0
4026859 openat(AT_FDCWD</home/heathledger/Documents/ioi/repos/ioi>, "/sys/fs/cgroup/user.slice/cpu.max", O_RDONLY|O_CLOEXEC) = 3</sys/fs/cgroup/user.slice/cpu.max>
4026859 close(3</sys/fs/cgroup/user.slice/cpu.max>) = 0
4026859 openat(AT_FDCWD</home/heathledger/Documents/ioi/repos/ioi>, "/sys/fs/cgroup/cpu.max", O_RDONLY|O_CLOEXEC) = -1 ENOENT (No such file or directory)
4026860 openat(AT_FDCWD</home/heathledger/Documents/ioi/repos/ioi>, "/tmp/.tmpvv5TD5/receipt.json", O_WRONLY|O_CREAT|O_TRUNC|O_CLOEXEC, 0666) = 3</tmp/.tmpvv5TD5/receipt.json>
4026860 write(3</tmp/.tmpvv5TD5/receipt.json>, "original receipt", 16) = 16
4026860 close(3</tmp/.tmpvv5TD5/receipt.json>) = 0
4026860 openat(AT_FDCWD</home/heathledger/Documents/ioi/repos/ioi>, "/tmp/.tmpvv5TD5/receipt.json", O_RDWR|O_NOFOLLOW|O_CLOEXEC) = 3</tmp/.tmpvv5TD5/receipt.json>
4026860 close(3</tmp/.tmpvv5TD5/receipt.json>) = 0
4026860 openat(AT_FDCWD</home/heathledger/Documents/ioi/repos/ioi>, "/tmp/.tmpvv5TD5/.receipt.json.prepared", O_RDWR|O_CREAT|O_NOFOLLOW|O_CLOEXEC, 0600) = 3</tmp/.tmpvv5TD5/.receipt.json.prepared>
4026860 ftruncate(3</tmp/.tmpvv5TD5/.receipt.json.prepared>, 0) = 0
4026860 fallocate(3</tmp/.tmpvv5TD5/.receipt.json.prepared>, FALLOC_FL_KEEP_SIZE, 0, 20480) = 0
4026860 write(3</tmp/.tmpvv5TD5/.receipt.json.prepared>, "\0\0\0\0\0\0\0\0\0\0\0\0\0\0\0\0\0\0\0\0\0\0\0\0\0\0\0\0\0\0\0\0\0\0\0\0\0\0\0\0\0\0\0\0\0\0\0\0\0\0\0\0\0\0\0\0\0\0\0\0\0\0\0\0\0\0\0\0\0\0\0\0\0\0\0\0\0\0\0\0\0\0\0\0\0\0\0\0\0\0\0\0\0\0\0\0\0\0\0\0\0\0\0\0\0\0\0\0\0\0\0\0\0\0\0\0\0\0\0\0\0\0\0\0\0\0\0\0"..., 16384) = 16384
4026860 write(3</tmp/.tmpvv5TD5/.receipt.json.prepared>, "\0\0\0\0\0\0\0\0\0\0\0\0\0\0\0\0\0\0\0\0\0\0\0\0\0\0\0\0\0\0\0\0\0\0\0\0\0\0\0\0\0\0\0\0\0\0\0\0\0\0\0\0\0\0\0\0\0\0\0\0\0\0\0\0\0\0\0\0\0\0\0\0\0\0\0\0\0\0\0\0\0\0\0\0\0\0\0\0\0\0\0\0\0\0\0\0\0\0\0\0\0\0\0\0\0\0\0\0\0\0\0\0\0\0\0\0\0\0\0\0\0\0\0\0\0\0\0\0"..., 4096) = 4096
4026860 fsync(3</tmp/.tmpvv5TD5/.receipt.json.prepared>) = 0
4026860 write(3</tmp/.tmpvv5TD5/.receipt.json.prepared>, "AFTCR001\20\0\0\0\0\0\0\0\0P\0\0\0\0\0\0\0P\0\0\0\0\0\0", 32) = 32
4026860 write(3</tmp/.tmpvv5TD5/.receipt.json.prepared>, "original receipt", 16) = 16
4026860 fsync(3</tmp/.tmpvv5TD5/.receipt.json.prepared>) = 0
4026860 close(3</tmp/.tmpvv5TD5/.receipt.json.prepared>) = 0
4026860 renameat2(AT_FDCWD</home/heathledger/Documents/ioi/repos/ioi>, "/tmp/.tmpvv5TD5/receipt.json", AT_FDCWD</home/heathledger/Documents/ioi/repos/ioi>, "/tmp/.tmpvv5TD5/.receipt.json.prepared", RENAME_EXCHANGE) = 0
4026860 openat(AT_FDCWD</home/heathledger/Documents/ioi/repos/ioi>, "/tmp/.tmpvv5TD5", O_RDONLY|O_CLOEXEC) = 3</tmp/.tmpvv5TD5>
4026860 fsync(3</tmp/.tmpvv5TD5>)       = 0
4026860 close(3</tmp/.tmpvv5TD5>)       = 0
4026860 openat(AT_FDCWD</home/heathledger/Documents/ioi/repos/ioi>, "/tmp/.tmpvv5TD5/.receipt.json.prepared", O_RDWR|O_CREAT|O_NOFOLLOW|O_CLOEXEC, 0600) = 3</tmp/.tmpvv5TD5/.receipt.json.prepared>
4026860 ftruncate(3</tmp/.tmpvv5TD5/.receipt.json.prepared>, 0) = 0
4026860 fallocate(3</tmp/.tmpvv5TD5/.receipt.json.prepared>, FALLOC_FL_KEEP_SIZE, 0, 20480) = 0
4026860 write(3</tmp/.tmpvv5TD5/.receipt.json.prepared>, "\0\0\0\0\0\0\0\0\0\0\0\0\0\0\0\0\0\0\0\0\0\0\0\0\0\0\0\0\0\0\0\0\0\0\0\0\0\0\0\0\0\0\0\0\0\0\0\0\0\0\0\0\0\0\0\0\0\0\0\0\0\0\0\0\0\0\0\0\0\0\0\0\0\0\0\0\0\0\0\0\0\0\0\0\0\0\0\0\0\0\0\0\0\0\0\0\0\0\0\0\0\0\0\0\0\0\0\0\0\0\0\0\0\0\0\0\0\0\0\0\0\0\0\0\0\0\0\0"..., 16384) = 16384
4026860 write(3</tmp/.tmpvv5TD5/.receipt.json.prepared>, "\0\0\0\0\0\0\0\0\0\0\0\0\0\0\0\0\0\0\0\0\0\0\0\0\0\0\0\0\0\0\0\0\0\0\0\0\0\0\0\0\0\0\0\0\0\0\0\0\0\0\0\0\0\0\0\0\0\0\0\0\0\0\0\0\0\0\0\0\0\0\0\0\0\0\0\0\0\0\0\0\0\0\0\0\0\0\0\0\0\0\0\0\0\0\0\0\0\0\0\0\0\0\0\0\0\0\0\0\0\0\0\0\0\0\0\0\0\0\0\0\0\0\0\0\0\0\0\0"..., 4096) = 4096
4026860 fsync(3</tmp/.tmpvv5TD5/.receipt.json.prepared>) = 0
4026860 write(3</tmp/.tmpvv5TD5/.receipt.json.prepared>, "AFTCR001\20\0\0\0\0\0\0\0\0P\0\0\0\0\0\0\0P\0\0\0\0\0\0", 32) = 32
4026860 write(3</tmp/.tmpvv5TD5/.receipt.json.prepared>, "original receipt", 16) = 16
4026860 fsync(3</tmp/.tmpvv5TD5/.receipt.json.prepared>) = 0
4026860 close(3</tmp/.tmpvv5TD5/.receipt.json.prepared>) = 0
4026860 openat(AT_FDCWD</home/heathledger/Documents/ioi/repos/ioi>, "/tmp/.tmpvv5TD5", O_RDONLY|O_CLOEXEC) = 3</tmp/.tmpvv5TD5>
4026860 fsync(3</tmp/.tmpvv5TD5>)       = 0
4026860 close(3</tmp/.tmpvv5TD5>)       = 0
4026860 openat(AT_FDCWD</home/heathledger/Documents/ioi/repos/ioi>, "/tmp", O_RDONLY|O_CLOEXEC) = 3</tmp>
4026860 fsync(3</tmp>)                  = 0
4026860 close(3</tmp>)                  = 0
4026860 openat(AT_FDCWD</home/heathledger/Documents/ioi/repos/ioi>, "/", O_RDONLY|O_CLOEXEC) = 3</>
4026860 fsync(3</>)                     = 0
4026860 close(3</>)                     = 0
4026860 openat(AT_FDCWD</home/heathledger/Documents/ioi/repos/ioi>, "/tmp/.tmpvv5TD5/receipt.json", O_RDWR|O_NOFOLLOW|O_CLOEXEC) = 3</tmp/.tmpvv5TD5/receipt.json>
4026860 openat(AT_FDCWD</home/heathledger/Documents/ioi/repos/ioi>, "/tmp/.tmpvv5TD5/.receipt.json.prepared", O_RDWR|O_NOFOLLOW|O_CLOEXEC) = 4</tmp/.tmpvv5TD5/.receipt.json.prepared>
4026860 write(4</tmp/.tmpvv5TD5/.receipt.json.prepared>, "AFTCR001\17\0\0\0\0\0\0\0\0P\0\0\0\0\0\0\0P\0\0\0\0\0\0", 32) = 32
4026860 write(4</tmp/.tmpvv5TD5/.receipt.json.prepared>, "current receipt", 15) = 15
4026860 fsync(4</tmp/.tmpvv5TD5/.receipt.json.prepared>) = 0
4026860 renameat2(AT_FDCWD</home/heathledger/Documents/ioi/repos/ioi>, "/tmp/.tmpvv5TD5/receipt.json", AT_FDCWD</home/heathledger/Documents/ioi/repos/ioi>, "/tmp/.tmpvv5TD5/.receipt.json.prepared", RENAME_EXCHANGE) = 0
4026860 openat(AT_FDCWD</home/heathledger/Documents/ioi/repos/ioi>, "/tmp/.tmpvv5TD5", O_RDONLY|O_CLOEXEC) = 5</tmp/.tmpvv5TD5>
4026860 fsync(5</tmp/.tmpvv5TD5>)       = 0
4026860 close(5</tmp/.tmpvv5TD5>)       = 0
4026860 close(4</tmp/.tmpvv5TD5/receipt.json>) = 0
4026860 close(3</tmp/.tmpvv5TD5/.receipt.json.prepared>) = 0
4026860 openat(AT_FDCWD</home/heathledger/Documents/ioi/repos/ioi>, "/tmp/.tmpvv5TD5/receipt.json", O_RDONLY|O_CLOEXEC) = 3</tmp/.tmpvv5TD5/receipt.json>
4026860 close(3</tmp/.tmpvv5TD5/receipt.json>) = 0
4026860 openat(AT_FDCWD</home/heathledger/Documents/ioi/repos/ioi>, "/tmp/.tmpvv5TD5/.receipt.json.prepared", O_RDONLY|O_CLOEXEC) = 3</tmp/.tmpvv5TD5/.receipt.json.prepared>
4026860 close(3</tmp/.tmpvv5TD5/.receipt.json.prepared>) = 0
4026860 write(2</home/heathledger/Documents/ioi/repos/ioi/internal-docs/architecture/protocols/aft/evidence/m17q-r1-receipt-reuse-2026-09-06/syscalls/reuse-test.log>, "AFT_RECEIPT_REUSE_BEGIN\n", 24) = 24
4026860 openat(AT_FDCWD</home/heathledger/Documents/ioi/repos/ioi>, "/tmp/.tmpvv5TD5/receipt.json", O_RDWR|O_NOFOLLOW|O_CLOEXEC) = 3</tmp/.tmpvv5TD5/receipt.json>
4026860 close(3</tmp/.tmpvv5TD5/receipt.json>) = 0
4026860 openat(AT_FDCWD</home/heathledger/Documents/ioi/repos/ioi>, "/tmp/.tmpvv5TD5/.receipt.json.prepared", O_RDWR|O_NOFOLLOW|O_CLOEXEC) = 3</tmp/.tmpvv5TD5/.receipt.json.prepared>
4026860 openat(AT_FDCWD</home/heathledger/Documents/ioi/repos/ioi>, "/tmp/.tmpvv5TD5/receipt.json", O_RDWR|O_NOFOLLOW|O_CLOEXEC) = 4</tmp/.tmpvv5TD5/receipt.json>
4026860 fsync(4</tmp/.tmpvv5TD5/receipt.json>) = 0
4026860 close(4</tmp/.tmpvv5TD5/receipt.json>) = 0
4026860 fsync(3</tmp/.tmpvv5TD5/.receipt.json.prepared>) = 0
4026860 openat(AT_FDCWD</home/heathledger/Documents/ioi/repos/ioi>, "/tmp/.tmpvv5TD5", O_RDONLY|O_CLOEXEC) = 4</tmp/.tmpvv5TD5>
4026860 fsync(4</tmp/.tmpvv5TD5>)       = 0
4026860 close(4</tmp/.tmpvv5TD5>)       = 0
4026860 openat(AT_FDCWD</home/heathledger/Documents/ioi/repos/ioi>, "/tmp", O_RDONLY|O_CLOEXEC) = 4</tmp>
4026860 fsync(4</tmp>)                  = 0
4026860 close(4</tmp>)                  = 0
4026860 openat(AT_FDCWD</home/heathledger/Documents/ioi/repos/ioi>, "/", O_RDONLY|O_CLOEXEC) = 4</>
4026860 fsync(4</>)                     = 0
4026860 close(4</>)                     = 0
4026860 close(3</tmp/.tmpvv5TD5/.receipt.json.prepared>) = 0
4026860 openat(AT_FDCWD</home/heathledger/Documents/ioi/repos/ioi>, "/tmp/.tmpvv5TD5/receipt.json", O_RDWR|O_NOFOLLOW|O_CLOEXEC) = 3</tmp/.tmpvv5TD5/receipt.json>
4026860 close(3</tmp/.tmpvv5TD5/receipt.json>) = 0
4026860 openat(AT_FDCWD</home/heathledger/Documents/ioi/repos/ioi>, "/tmp/.tmpvv5TD5/.receipt.json.prepared", O_RDWR|O_NOFOLLOW|O_CLOEXEC) = 3</tmp/.tmpvv5TD5/.receipt.json.prepared>
4026860 openat(AT_FDCWD</home/heathledger/Documents/ioi/repos/ioi>, "/tmp/.tmpvv5TD5/receipt.json", O_RDWR|O_NOFOLLOW|O_CLOEXEC) = 4</tmp/.tmpvv5TD5/receipt.json>
4026860 fsync(4</tmp/.tmpvv5TD5/receipt.json>) = 0
4026860 close(4</tmp/.tmpvv5TD5/receipt.json>) = 0
4026860 fsync(3</tmp/.tmpvv5TD5/.receipt.json.prepared>) = 0
4026860 openat(AT_FDCWD</home/heathledger/Documents/ioi/repos/ioi>, "/tmp/.tmpvv5TD5", O_RDONLY|O_CLOEXEC) = 4</tmp/.tmpvv5TD5>
4026860 fsync(4</tmp/.tmpvv5TD5>)       = 0
4026860 close(4</tmp/.tmpvv5TD5>)       = 0
4026860 openat(AT_FDCWD</home/heathledger/Documents/ioi/repos/ioi>, "/tmp", O_RDONLY|O_CLOEXEC) = 4</tmp>
4026860 fsync(4</tmp>)                  = 0
4026860 close(4</tmp>)                  = 0
4026860 openat(AT_FDCWD</home/heathledger/Documents/ioi/repos/ioi>, "/", O_RDONLY|O_CLOEXEC) = 4</>
4026860 fsync(4</>)                     = 0
4026860 close(4</>)                     = 0
4026860 close(3</tmp/.tmpvv5TD5/.receipt.json.prepared>) = 0
4026860 write(2</home/heathledger/Documents/ioi/repos/ioi/internal-docs/architecture/protocols/aft/evidence/m17q-r1-receipt-reuse-2026-09-06/syscalls/reuse-test.log>, "AFT_RECEIPT_REUSE_END\n", 22) = 22
4026860 openat(AT_FDCWD</home/heathledger/Documents/ioi/repos/ioi>, "/tmp/.tmpvv5TD5/receipt.json", O_RDONLY|O_CLOEXEC) = 3</tmp/.tmpvv5TD5/receipt.json>
4026860 close(3</tmp/.tmpvv5TD5/receipt.json>) = 0
4026860 openat(AT_FDCWD</home/heathledger/Documents/ioi/repos/ioi>, "/tmp/.tmpvv5TD5/.receipt.json.prepared", O_RDONLY|O_CLOEXEC) = 3</tmp/.tmpvv5TD5/.receipt.json.prepared>
4026860 close(3</tmp/.tmpvv5TD5/.receipt.json.prepared>) = 0
4026860 openat(AT_FDCWD</home/heathledger/Documents/ioi/repos/ioi>, "/tmp/.tmpvv5TD5/receipt.json", O_RDWR|O_NOFOLLOW|O_CLOEXEC) = 3</tmp/.tmpvv5TD5/receipt.json>
4026860 close(3</tmp/.tmpvv5TD5/receipt.json>) = 0
4026860 openat(AT_FDCWD</home/heathledger/Documents/ioi/repos/ioi>, "/tmp/.tmpvv5TD5/.receipt.json.prepared", O_WRONLY|O_CREAT|O_TRUNC|O_CLOEXEC, 0666) = 3</tmp/.tmpvv5TD5/.receipt.json.prepared>
4026860 write(3</tmp/.tmpvv5TD5/.receipt.json.prepared>, "partial", 7) = 7
4026860 close(3</tmp/.tmpvv5TD5/.receipt.json.prepared>) = 0
4026860 openat(AT_FDCWD</home/heathledger/Documents/ioi/repos/ioi>, "/tmp/.tmpvv5TD5/receipt.json", O_RDWR|O_NOFOLLOW|O_CLOEXEC) = 3</tmp/.tmpvv5TD5/receipt.json>
4026860 close(3</tmp/.tmpvv5TD5/receipt.json>) = 0
4026860 openat(AT_FDCWD</home/heathledger/Documents/ioi/repos/ioi>, "/tmp/.tmpvv5TD5/.receipt.json.prepared", O_RDWR|O_NOFOLLOW|O_CLOEXEC) = 3</tmp/.tmpvv5TD5/.receipt.json.prepared>
4026860 close(3</tmp/.tmpvv5TD5/.receipt.json.prepared>) = 0
4026860 openat(AT_FDCWD</home/heathledger/Documents/ioi/repos/ioi>, "/tmp/.tmpvv5TD5/.receipt.json.prepared", O_RDWR|O_CREAT|O_NOFOLLOW|O_CLOEXEC, 0600) = 3</tmp/.tmpvv5TD5/.receipt.json.prepared>
4026860 ftruncate(3</tmp/.tmpvv5TD5/.receipt.json.prepared>, 0) = 0
4026860 fallocate(3</tmp/.tmpvv5TD5/.receipt.json.prepared>, FALLOC_FL_KEEP_SIZE, 0, 20480) = 0
4026860 write(3</tmp/.tmpvv5TD5/.receipt.json.prepared>, "\0\0\0\0\0\0\0\0\0\0\0\0\0\0\0\0\0\0\0\0\0\0\0\0\0\0\0\0\0\0\0\0\0\0\0\0\0\0\0\0\0\0\0\0\0\0\0\0\0\0\0\0\0\0\0\0\0\0\0\0\0\0\0\0\0\0\0\0\0\0\0\0\0\0\0\0\0\0\0\0\0\0\0\0\0\0\0\0\0\0\0\0\0\0\0\0\0\0\0\0\0\0\0\0\0\0\0\0\0\0\0\0\0\0\0\0\0\0\0\0\0\0\0\0\0\0\0\0"..., 16384) = 16384
4026860 write(3</tmp/.tmpvv5TD5/.receipt.json.prepared>, "\0\0\0\0\0\0\0\0\0\0\0\0\0\0\0\0\0\0\0\0\0\0\0\0\0\0\0\0\0\0\0\0\0\0\0\0\0\0\0\0\0\0\0\0\0\0\0\0\0\0\0\0\0\0\0\0\0\0\0\0\0\0\0\0\0\0\0\0\0\0\0\0\0\0\0\0\0\0\0\0\0\0\0\0\0\0\0\0\0\0\0\0\0\0\0\0\0\0\0\0\0\0\0\0\0\0\0\0\0\0\0\0\0\0\0\0\0\0\0\0\0\0\0\0\0\0\0\0"..., 4096) = 4096
4026860 fsync(3</tmp/.tmpvv5TD5/.receipt.json.prepared>) = 0
4026860 write(3</tmp/.tmpvv5TD5/.receipt.json.prepared>, "AFTCR001\17\0\0\0\0\0\0\0\0P\0\0\0\0\0\0\0P\0\0\0\0\0\0", 32) = 32
4026860 write(3</tmp/.tmpvv5TD5/.receipt.json.prepared>, "current receipt", 15) = 15
4026860 fsync(3</tmp/.tmpvv5TD5/.receipt.json.prepared>) = 0
4026860 close(3</tmp/.tmpvv5TD5/.receipt.json.prepared>) = 0
4026860 renameat2(AT_FDCWD</home/heathledger/Documents/ioi/repos/ioi>, "/tmp/.tmpvv5TD5/receipt.json", AT_FDCWD</home/heathledger/Documents/ioi/repos/ioi>, "/tmp/.tmpvv5TD5/.receipt.json.prepared", RENAME_EXCHANGE) = 0
4026860 openat(AT_FDCWD</home/heathledger/Documents/ioi/repos/ioi>, "/tmp/.tmpvv5TD5", O_RDONLY|O_CLOEXEC) = 3</tmp/.tmpvv5TD5>
4026860 fsync(3</tmp/.tmpvv5TD5>)       = 0
4026860 close(3</tmp/.tmpvv5TD5>)       = 0
4026860 openat(AT_FDCWD</home/heathledger/Documents/ioi/repos/ioi>, "/tmp/.tmpvv5TD5/.receipt.json.prepared", O_RDWR|O_CREAT|O_NOFOLLOW|O_CLOEXEC, 0600) = 3</tmp/.tmpvv5TD5/.receipt.json.prepared>
4026860 ftruncate(3</tmp/.tmpvv5TD5/.receipt.json.prepared>, 0) = 0
4026860 fallocate(3</tmp/.tmpvv5TD5/.receipt.json.prepared>, FALLOC_FL_KEEP_SIZE, 0, 20480) = 0
4026860 write(3</tmp/.tmpvv5TD5/.receipt.json.prepared>, "\0\0\0\0\0\0\0\0\0\0\0\0\0\0\0\0\0\0\0\0\0\0\0\0\0\0\0\0\0\0\0\0\0\0\0\0\0\0\0\0\0\0\0\0\0\0\0\0\0\0\0\0\0\0\0\0\0\0\0\0\0\0\0\0\0\0\0\0\0\0\0\0\0\0\0\0\0\0\0\0\0\0\0\0\0\0\0\0\0\0\0\0\0\0\0\0\0\0\0\0\0\0\0\0\0\0\0\0\0\0\0\0\0\0\0\0\0\0\0\0\0\0\0\0\0\0\0\0"..., 16384) = 16384
4026860 write(3</tmp/.tmpvv5TD5/.receipt.json.prepared>, "\0\0\0\0\0\0\0\0\0\0\0\0\0\0\0\0\0\0\0\0\0\0\0\0\0\0\0\0\0\0\0\0\0\0\0\0\0\0\0\0\0\0\0\0\0\0\0\0\0\0\0\0\0\0\0\0\0\0\0\0\0\0\0\0\0\0\0\0\0\0\0\0\0\0\0\0\0\0\0\0\0\0\0\0\0\0\0\0\0\0\0\0\0\0\0\0\0\0\0\0\0\0\0\0\0\0\0\0\0\0\0\0\0\0\0\0\0\0\0\0\0\0\0\0\0\0\0\0"..., 4096) = 4096
4026860 fsync(3</tmp/.tmpvv5TD5/.receipt.json.prepared>) = 0
4026860 write(3</tmp/.tmpvv5TD5/.receipt.json.prepared>, "AFTCR001\17\0\0\0\0\0\0\0\0P\0\0\0\0\0\0\0P\0\0\0\0\0\0", 32) = 32
4026860 write(3</tmp/.tmpvv5TD5/.receipt.json.prepared>, "current receipt", 15) = 15
4026860 fsync(3</tmp/.tmpvv5TD5/.receipt.json.prepared>) = 0
4026860 close(3</tmp/.tmpvv5TD5/.receipt.json.prepared>) = 0
4026860 openat(AT_FDCWD</home/heathledger/Documents/ioi/repos/ioi>, "/tmp/.tmpvv5TD5", O_RDONLY|O_CLOEXEC) = 3</tmp/.tmpvv5TD5>
4026860 fsync(3</tmp/.tmpvv5TD5>)       = 0
4026860 close(3</tmp/.tmpvv5TD5>)       = 0
4026860 openat(AT_FDCWD</home/heathledger/Documents/ioi/repos/ioi>, "/tmp", O_RDONLY|O_CLOEXEC) = 3</tmp>
4026860 fsync(3</tmp>)                  = 0
4026860 close(3</tmp>)                  = 0
4026860 openat(AT_FDCWD</home/heathledger/Documents/ioi/repos/ioi>, "/", O_RDONLY|O_CLOEXEC) = 3</>
4026860 fsync(3</>)                     = 0
4026860 close(3</>)                     = 0
4026860 openat(AT_FDCWD</home/heathledger/Documents/ioi/repos/ioi>, "/tmp/.tmpvv5TD5/receipt.json", O_RDWR|O_NOFOLLOW|O_CLOEXEC) = 3</tmp/.tmpvv5TD5/receipt.json>
4026860 close(3</tmp/.tmpvv5TD5/receipt.json>) = 0
4026860 openat(AT_FDCWD</home/heathledger/Documents/ioi/repos/ioi>, "/tmp/.tmpvv5TD5/receipt.json", O_RDWR|O_NOFOLLOW|O_CLOEXEC) = 3</tmp/.tmpvv5TD5/receipt.json>
4026860 openat(AT_FDCWD</home/heathledger/Documents/ioi/repos/ioi>, "/tmp/.tmpvv5TD5/.receipt.json.prepared", O_RDWR|O_NOFOLLOW|O_CLOEXEC) = 4</tmp/.tmpvv5TD5/.receipt.json.prepared>
4026860 write(4</tmp/.tmpvv5TD5/.receipt.json.prepared>, "AFTCR001\f\0\0\0\0\0\0\0\0P\0\0\0\0\0\0\0P\0\0\0\0\0\0", 32) = 32
4026860 write(4</tmp/.tmpvv5TD5/.receipt.json.prepared>, "next receipt", 12) = 12
4026860 fsync(4</tmp/.tmpvv5TD5/.receipt.json.prepared>) = 0
4026860 renameat2(AT_FDCWD</home/heathledger/Documents/ioi/repos/ioi>, "/tmp/.tmpvv5TD5/receipt.json", AT_FDCWD</home/heathledger/Documents/ioi/repos/ioi>, "/tmp/.tmpvv5TD5/.receipt.json.prepared", RENAME_EXCHANGE) = 0
4026860 openat(AT_FDCWD</home/heathledger/Documents/ioi/repos/ioi>, "/tmp/.tmpvv5TD5", O_RDONLY|O_CLOEXEC) = 5</tmp/.tmpvv5TD5>
4026860 fsync(5</tmp/.tmpvv5TD5>)       = 0
4026860 close(5</tmp/.tmpvv5TD5>)       = 0
4026860 close(4</tmp/.tmpvv5TD5/receipt.json>) = 0
4026860 close(3</tmp/.tmpvv5TD5/.receipt.json.prepared>) = 0
4026860 openat(AT_FDCWD</home/heathledger/Documents/ioi/repos/ioi>, "/tmp/.tmpvv5TD5/receipt.json", O_RDWR|O_NOFOLLOW|O_CLOEXEC) = 3</tmp/.tmpvv5TD5/receipt.json>
4026860 close(3</tmp/.tmpvv5TD5/receipt.json>) = 0
4026860 openat(AT_FDCWD</home/heathledger/Documents/ioi/repos/ioi>, "/tmp/.tmpvv5TD5/receipt.json", O_RDONLY|O_CLOEXEC) = 3</tmp/.tmpvv5TD5/receipt.json>
4026860 close(3</tmp/.tmpvv5TD5/receipt.json>) = 0
4026860 openat(AT_FDCWD</home/heathledger/Documents/ioi/repos/ioi>, "/tmp/.tmpvv5TD5/receipt.json", O_WRONLY|O_CREAT|O_TRUNC|O_CLOEXEC, 0666) = 3</tmp/.tmpvv5TD5/receipt.json>
4026860 write(3</tmp/.tmpvv5TD5/receipt.json>, "AFTCR001\377\377\377\377\377\377\377\377\0P\0\0\0\0\0\0\0P\0\0\0\0\0\0next receiptipt\0\0\0\0\0\0\0\0\0\0\0\0\0\0\0\0\0\0\0\0\0\0\0\0\0\0\0\0\0\0\0\0\0\0\0\0\0\0\0\0\0\0\0\0\0\0\0\0\0\0\0\0\0\0\0\0\0\0\0\0\0\0\0\0\0\0\0\0\0\0\0\0\0\0\0\0\0\0\0\0\0"..., 20480) = 20480
4026860 close(3</tmp/.tmpvv5TD5/receipt.json>) = 0
4026860 openat(AT_FDCWD</home/heathledger/Documents/ioi/repos/ioi>, "/tmp/.tmpvv5TD5/.receipt.json.prepared", O_RDONLY|O_CLOEXEC) = 3</tmp/.tmpvv5TD5/.receipt.json.prepared>
4026860 close(3</tmp/.tmpvv5TD5/.receipt.json.prepared>) = 0
4026860 openat(AT_FDCWD</home/heathledger/Documents/ioi/repos/ioi>, "/tmp/.tmpvv5TD5/receipt.json", O_RDWR|O_NOFOLLOW|O_CLOEXEC) = 3</tmp/.tmpvv5TD5/receipt.json>
4026860 close(3</tmp/.tmpvv5TD5/receipt.json>) = 0
4026860 openat(AT_FDCWD</home/heathledger/Documents/ioi/repos/ioi>, "/tmp/.tmpvv5TD5/receipt.json", O_RDONLY|O_CLOEXEC) = 3</tmp/.tmpvv5TD5/receipt.json>
4026860 close(3</tmp/.tmpvv5TD5/receipt.json>) = 0
4026860 openat(AT_FDCWD</home/heathledger/Documents/ioi/repos/ioi>, "/tmp/.tmpvv5TD5/.receipt.json.prepared", O_RDONLY|O_CLOEXEC) = 3</tmp/.tmpvv5TD5/.receipt.json.prepared>
4026860 close(3</tmp/.tmpvv5TD5/.receipt.json.prepared>) = 0
4026860 openat(AT_FDCWD</home/heathledger/Documents/ioi/repos/ioi>, "/proc/sys/vm/overcommit_memory", O_RDONLY|O_CLOEXEC) = 3</proc/sys/vm/overcommit_memory>
4026860 close(3</proc/sys/vm/overcommit_memory>) = 0
4026860 openat(AT_FDCWD</home/heathledger/Documents/ioi/repos/ioi>, "/tmp/.tmpvv5TD5", O_RDONLY|O_NOFOLLOW|O_CLOEXEC|O_DIRECTORY) = 3</tmp/.tmpvv5TD5>
4026860 unlinkat(3</tmp/.tmpvv5TD5>, "receipt.json", 0) = 0
4026860 unlinkat(3</tmp/.tmpvv5TD5>, ".receipt.json.prepared", 0) = 0
4026860 close(3</tmp/.tmpvv5TD5>)       = 0
4026860 unlinkat(AT_FDCWD</home/heathledger/Documents/ioi/repos/ioi>, "/tmp/.tmpvv5TD5", AT_REMOVEDIR) = 0
4026860 +++ exited with 0 +++
4026859 write(1</home/heathledger/Documents/ioi/repos/ioi/internal-docs/architecture/protocols/aft/evidence/m17q-r1-receipt-reuse-2026-09-06/syscalls/reuse-test.log>, "test consequence::tests::receipt_preparation_reuses_valid_pair_and_repairs_only_incomplete_spare ... ", 101) = 101
4026859 write(1</home/heathledger/Documents/ioi/repos/ioi/internal-docs/architecture/protocols/aft/evidence/m17q-r1-receipt-reuse-2026-09-06/syscalls/reuse-test.log>, "ok", 2) = 2
4026859 write(1</home/heathledger/Documents/ioi/repos/ioi/internal-docs/architecture/protocols/aft/evidence/m17q-r1-receipt-reuse-2026-09-06/syscalls/reuse-test.log>, "\n", 1) = 1
4026859 write(1</home/heathledger/Documents/ioi/repos/ioi/internal-docs/architecture/protocols/aft/evidence/m17q-r1-receipt-reuse-2026-09-06/syscalls/reuse-test.log>, "\n", 1) = 1
4026859 write(1</home/heathledger/Documents/ioi/repos/ioi/internal-docs/architecture/protocols/aft/evidence/m17q-r1-receipt-reuse-2026-09-06/syscalls/reuse-test.log>, "test result: ", 13) = 13
4026859 write(1</home/heathledger/Documents/ioi/repos/ioi/internal-docs/architecture/protocols/aft/evidence/m17q-r1-receipt-reuse-2026-09-06/syscalls/reuse-test.log>, "ok", 2) = 2
4026859 write(1</home/heathledger/Documents/ioi/repos/ioi/internal-docs/architecture/protocols/aft/evidence/m17q-r1-receipt-reuse-2026-09-06/syscalls/reuse-test.log>, ". 1 passed; 0 failed; 0 ignored; 0 measured; 120 filtered out", 61) = 61
4026859 write(1</home/heathledger/Documents/ioi/repos/ioi/internal-docs/architecture/protocols/aft/evidence/m17q-r1-receipt-reuse-2026-09-06/syscalls/reuse-test.log>, "; finished in 0.26s", 19) = 19
4026859 write(1</home/heathledger/Documents/ioi/repos/ioi/internal-docs/architecture/protocols/aft/evidence/m17q-r1-receipt-reuse-2026-09-06/syscalls/reuse-test.log>, "\n\n", 2) = 2
4026859 +++ exited with 0 +++
